<?xml version="1.0" encoding="ISO-8859-1" ?>
<link_info>
   <banner>TMS320C2000 Linker PC v21.6.0.LTS</banner>
   <copyright>Copyright (c) 1996-2018 Texas Instruments Incorporated</copyright>
   <link_time>0x62bd7535</link_time>
   <link_errors>0x0</link_errors>
   <output_file>cpu1_control_unit_test.out</output_file>
   <entry_point>
      <name>_c_int00</name>
      <address>0x9cec7</address>
   </entry_point>
   <input_file_list>
      <input_file id="fl-2">
         <path>.\</path>
         <kind>object</kind>
         <file>F2837xD_Adc.obj</file>
         <name>F2837xD_Adc.obj</name>
      </input_file>
      <input_file id="fl-3">
         <path>.\</path>
         <kind>object</kind>
         <file>F2837xD_CodeStartBranch.obj</file>
         <name>F2837xD_CodeStartBranch.obj</name>
      </input_file>
      <input_file id="fl-4">
         <path>.\</path>
         <kind>object</kind>
         <file>F2837xD_CpuTimers.obj</file>
         <name>F2837xD_CpuTimers.obj</name>
      </input_file>
      <input_file id="fl-5">
         <path>.\</path>
         <kind>object</kind>
         <file>F2837xD_DefaultISR.obj</file>
         <name>F2837xD_DefaultISR.obj</name>
      </input_file>
      <input_file id="fl-6">
         <path>.\</path>
         <kind>object</kind>
         <file>F2837xD_EPwm.obj</file>
         <name>F2837xD_EPwm.obj</name>
      </input_file>
      <input_file id="fl-7">
         <path>.\</path>
         <kind>object</kind>
         <file>F2837xD_GlobalVariableDefs.obj</file>
         <name>F2837xD_GlobalVariableDefs.obj</name>
      </input_file>
      <input_file id="fl-8">
         <path>.\</path>
         <kind>object</kind>
         <file>F2837xD_Gpio.obj</file>
         <name>F2837xD_Gpio.obj</name>
      </input_file>
      <input_file id="fl-9">
         <path>.\</path>
         <kind>object</kind>
         <file>F2837xD_Ipc.obj</file>
         <name>F2837xD_Ipc.obj</name>
      </input_file>
      <input_file id="fl-a">
         <path>.\</path>
         <kind>object</kind>
         <file>F2837xD_Ipc_Driver_Util.obj</file>
         <name>F2837xD_Ipc_Driver_Util.obj</name>
      </input_file>
      <input_file id="fl-b">
         <path>.\</path>
         <kind>object</kind>
         <file>F2837xD_PieCtrl.obj</file>
         <name>F2837xD_PieCtrl.obj</name>
      </input_file>
      <input_file id="fl-c">
         <path>.\</path>
         <kind>object</kind>
         <file>F2837xD_PieVect.obj</file>
         <name>F2837xD_PieVect.obj</name>
      </input_file>
      <input_file id="fl-d">
         <path>.\</path>
         <kind>object</kind>
         <file>F2837xD_SysCtrl.obj</file>
         <name>F2837xD_SysCtrl.obj</name>
      </input_file>
      <input_file id="fl-e">
         <path>.\</path>
         <kind>object</kind>
         <file>F2837xD_usDelay.obj</file>
         <name>F2837xD_usDelay.obj</name>
      </input_file>
      <input_file id="fl-f">
         <path>.\</path>
         <kind>object</kind>
         <file>GPIO_management.obj</file>
         <name>GPIO_management.obj</name>
      </input_file>
      <input_file id="fl-10">
         <path>.\</path>
         <kind>object</kind>
         <file>LoRa.obj</file>
         <name>LoRa.obj</name>
      </input_file>
      <input_file id="fl-11">
         <path>.\</path>
         <kind>object</kind>
         <file>SPI_LoRa.obj</file>
         <name>SPI_LoRa.obj</name>
      </input_file>
      <input_file id="fl-12">
         <path>.\</path>
         <kind>object</kind>
         <file>Telemetry.obj</file>
         <name>Telemetry.obj</name>
      </input_file>
      <input_file id="fl-13">
         <path>.\</path>
         <kind>object</kind>
         <file>can.obj</file>
         <name>can.obj</name>
      </input_file>
      <input_file id="fl-14">
         <path>.\</path>
         <kind>object</kind>
         <file>cmdline.obj</file>
         <name>cmdline.obj</name>
      </input_file>
      <input_file id="fl-15">
         <path>.\</path>
         <kind>object</kind>
         <file>display.obj</file>
         <name>display.obj</name>
      </input_file>
      <input_file id="fl-16">
         <path>.\</path>
         <kind>object</kind>
         <file>ff.obj</file>
         <name>ff.obj</name>
      </input_file>
      <input_file id="fl-17">
         <path>.\</path>
         <kind>object</kind>
         <file>interrupt.obj</file>
         <name>interrupt.obj</name>
      </input_file>
      <input_file id="fl-18">
         <path>.\</path>
         <kind>object</kind>
         <file>main.obj</file>
         <name>main.obj</name>
      </input_file>
      <input_file id="fl-19">
         <path>.\</path>
         <kind>object</kind>
         <file>mmc_F2837x.obj</file>
         <name>mmc_F2837x.obj</name>
      </input_file>
      <input_file id="fl-1a">
         <path>.\</path>
         <kind>object</kind>
         <file>sd_card.obj</file>
         <name>sd_card.obj</name>
      </input_file>
      <input_file id="fl-1b">
         <path>.\</path>
         <kind>object</kind>
         <file>sysctl.obj</file>
         <name>sysctl.obj</name>
      </input_file>
      <input_file id="fl-1c">
         <path>.\</path>
         <kind>object</kind>
         <file>systick.obj</file>
         <name>systick.obj</name>
      </input_file>
      <input_file id="fl-1d">
         <path>.\</path>
         <kind>object</kind>
         <file>uart.obj</file>
         <name>uart.obj</name>
      </input_file>
      <input_file id="fl-1e">
         <path>.\</path>
         <kind>object</kind>
         <file>ustdlib.obj</file>
         <name>ustdlib.obj</name>
      </input_file>
      <input_file id="fl-24">
         <kind>object</kind>
         <file>&lt;internal&gt;</file>
         <name>&lt;internal&gt;</name>
      </input_file>
      <input_file id="fl-25">
         <path>C:\ti\ccs1120\ccs\tools\compiler\ti-cgt-c2000_21.6.0.LTS\lib\</path>
         <kind>archive</kind>
         <file>rts2800_fpu32.lib</file>
         <name>sprintf.c.obj</name>
      </input_file>
      <input_file id="fl-26">
         <path>C:\ti\ccs1120\ccs\tools\compiler\ti-cgt-c2000_21.6.0.LTS\lib\</path>
         <kind>archive</kind>
         <file>rts2800_fpu32.lib</file>
         <name>boot28.asm.obj</name>
      </input_file>
      <input_file id="fl-27">
         <path>C:\ti\ccs1120\ccs\tools\compiler\ti-cgt-c2000_21.6.0.LTS\lib\</path>
         <kind>archive</kind>
         <file>rts2800_fpu32.lib</file>
         <name>fs_div28.asm.obj</name>
      </input_file>
      <input_file id="fl-28">
         <path>C:\ti\ccs1120\ccs\tools\compiler\ti-cgt-c2000_21.6.0.LTS\lib\</path>
         <kind>archive</kind>
         <file>rts2800_fpu32.lib</file>
         <name>ll_aox28.asm.obj</name>
      </input_file>
      <input_file id="fl-29">
         <path>C:\ti\ccs1120\ccs\tools\compiler\ti-cgt-c2000_21.6.0.LTS\lib\</path>
         <kind>archive</kind>
         <file>rts2800_fpu32.lib</file>
         <name>ll_div28.asm.obj</name>
      </input_file>
      <input_file id="fl-2a">
         <path>C:\ti\ccs1120\ccs\tools\compiler\ti-cgt-c2000_21.6.0.LTS\lib\</path>
         <kind>archive</kind>
         <file>rts2800_fpu32.lib</file>
         <name>l_div28.asm.obj</name>
      </input_file>
      <input_file id="fl-2b">
         <path>C:\ti\ccs1120\ccs\tools\compiler\ti-cgt-c2000_21.6.0.LTS\lib\</path>
         <kind>archive</kind>
         <file>rts2800_fpu32.lib</file>
         <name>cpy_tbl.c.obj</name>
      </input_file>
      <input_file id="fl-2c">
         <path>C:\ti\ccs1120\ccs\tools\compiler\ti-cgt-c2000_21.6.0.LTS\lib\</path>
         <kind>archive</kind>
         <file>rts2800_fpu32.lib</file>
         <name>memcpy.c.obj</name>
      </input_file>
      <input_file id="fl-2d">
         <path>C:\ti\ccs1120\ccs\tools\compiler\ti-cgt-c2000_21.6.0.LTS\lib\</path>
         <kind>archive</kind>
         <file>rts2800_fpu32.lib</file>
         <name>pre_init.c.obj</name>
      </input_file>
      <input_file id="fl-2e">
         <path>C:\ti\ccs1120\ccs\tools\compiler\ti-cgt-c2000_21.6.0.LTS\lib\</path>
         <kind>archive</kind>
         <file>rts2800_fpu32.lib</file>
         <name>startup.c.obj</name>
      </input_file>
      <input_file id="fl-2f">
         <path>C:\ti\ccs1120\ccs\tools\compiler\ti-cgt-c2000_21.6.0.LTS\lib\</path>
         <kind>archive</kind>
         <file>rts2800_fpu32.lib</file>
         <name>exit.c.obj</name>
      </input_file>
      <input_file id="fl-30">
         <path>C:\ti\ccs1120\ccs\tools\compiler\ti-cgt-c2000_21.6.0.LTS\lib\</path>
         <kind>archive</kind>
         <file>rts2800_fpu32.lib</file>
         <name>_lock.c.obj</name>
      </input_file>
      <input_file id="fl-31">
         <path>C:\ti\ccs1120\ccs\tools\compiler\ti-cgt-c2000_21.6.0.LTS\lib\</path>
         <kind>archive</kind>
         <file>rts2800_fpu32.lib</file>
         <name>args_main.c.obj</name>
      </input_file>
      <input_file id="fl-32">
         <path>C:\ti\ccs1120\ccs\tools\compiler\ti-cgt-c2000_21.6.0.LTS\lib\</path>
         <kind>archive</kind>
         <file>rts2800_fpu32.lib</file>
         <name>memcmp.c.obj</name>
      </input_file>
      <input_file id="fl-33">
         <path>C:\ti\ccs1120\ccs\tools\compiler\ti-cgt-c2000_21.6.0.LTS\lib\</path>
         <kind>archive</kind>
         <file>rts2800_fpu32.lib</file>
         <name>memset.c.obj</name>
      </input_file>
      <input_file id="fl-34">
         <path>C:\ti\ccs1120\ccs\tools\compiler\ti-cgt-c2000_21.6.0.LTS\lib\</path>
         <kind>archive</kind>
         <file>rts2800_fpu32.lib</file>
         <name>strcat.c.obj</name>
      </input_file>
      <input_file id="fl-35">
         <path>C:\ti\ccs1120\ccs\tools\compiler\ti-cgt-c2000_21.6.0.LTS\lib\</path>
         <kind>archive</kind>
         <file>rts2800_fpu32.lib</file>
         <name>strchr.c.obj</name>
      </input_file>
      <input_file id="fl-36">
         <path>C:\ti\ccs1120\ccs\tools\compiler\ti-cgt-c2000_21.6.0.LTS\lib\</path>
         <kind>archive</kind>
         <file>rts2800_fpu32.lib</file>
         <name>strcmp.c.obj</name>
      </input_file>
      <input_file id="fl-37">
         <path>C:\ti\ccs1120\ccs\tools\compiler\ti-cgt-c2000_21.6.0.LTS\lib\</path>
         <kind>archive</kind>
         <file>rts2800_fpu32.lib</file>
         <name>strcpy.c.obj</name>
      </input_file>
      <input_file id="fl-38">
         <path>C:\ti\ccs1120\ccs\tools\compiler\ti-cgt-c2000_21.6.0.LTS\lib\</path>
         <kind>archive</kind>
         <file>rts2800_fpu32.lib</file>
         <name>strlen.c.obj</name>
      </input_file>
      <input_file id="fl-39">
         <path>C:\ti\ccs1120\ccs\tools\compiler\ti-cgt-c2000_21.6.0.LTS\lib\</path>
         <kind>archive</kind>
         <file>rts2800_fpu32.lib</file>
         <name>strncpy.c.obj</name>
      </input_file>
      <input_file id="fl-3a">
         <path>C:\ti\ccs1120\ccs\tools\compiler\ti-cgt-c2000_21.6.0.LTS\lib\</path>
         <kind>archive</kind>
         <file>rts2800_fpu32.lib</file>
         <name>_printfi.c.obj</name>
      </input_file>
      <input_file id="fl-3b">
         <path>C:\ti\ccs1120\ccs\tools\compiler\ti-cgt-c2000_21.6.0.LTS\lib\</path>
         <kind>archive</kind>
         <file>rts2800_fpu32.lib</file>
         <name>s_frexp.c.obj</name>
      </input_file>
      <input_file id="fl-3c">
         <path>C:\ti\ccs1120\ccs\tools\compiler\ti-cgt-c2000_21.6.0.LTS\lib\</path>
         <kind>archive</kind>
         <file>rts2800_fpu32.lib</file>
         <name>s_scalbn.c.obj</name>
      </input_file>
      <input_file id="fl-3d">
         <path>C:\ti\ccs1120\ccs\tools\compiler\ti-cgt-c2000_21.6.0.LTS\lib\</path>
         <kind>archive</kind>
         <file>rts2800_fpu32.lib</file>
         <name>fd_add28.asm.obj</name>
      </input_file>
      <input_file id="fl-3e">
         <path>C:\ti\ccs1120\ccs\tools\compiler\ti-cgt-c2000_21.6.0.LTS\lib\</path>
         <kind>archive</kind>
         <file>rts2800_fpu32.lib</file>
         <name>fd_cmp28.asm.obj</name>
      </input_file>
      <input_file id="fl-3f">
         <path>C:\ti\ccs1120\ccs\tools\compiler\ti-cgt-c2000_21.6.0.LTS\lib\</path>
         <kind>archive</kind>
         <file>rts2800_fpu32.lib</file>
         <name>fd_mpy28.asm.obj</name>
      </input_file>
      <input_file id="fl-40">
         <path>C:\ti\ccs1120\ccs\tools\compiler\ti-cgt-c2000_21.6.0.LTS\lib\</path>
         <kind>archive</kind>
         <file>rts2800_fpu32.lib</file>
         <name>fd_neg28.asm.obj</name>
      </input_file>
      <input_file id="fl-41">
         <path>C:\ti\ccs1120\ccs\tools\compiler\ti-cgt-c2000_21.6.0.LTS\lib\</path>
         <kind>archive</kind>
         <file>rts2800_fpu32.lib</file>
         <name>fd_sub28.asm.obj</name>
      </input_file>
      <input_file id="fl-42">
         <path>C:\ti\ccs1120\ccs\tools\compiler\ti-cgt-c2000_21.6.0.LTS\lib\</path>
         <kind>archive</kind>
         <file>rts2800_fpu32.lib</file>
         <name>fd_toi28.asm.obj</name>
      </input_file>
      <input_file id="fl-43">
         <path>C:\ti\ccs1120\ccs\tools\compiler\ti-cgt-c2000_21.6.0.LTS\lib\</path>
         <kind>archive</kind>
         <file>rts2800_fpu32.lib</file>
         <name>fd_tol28.asm.obj</name>
      </input_file>
      <input_file id="fl-44">
         <path>C:\ti\ccs1120\ccs\tools\compiler\ti-cgt-c2000_21.6.0.LTS\lib\</path>
         <kind>archive</kind>
         <file>rts2800_fpu32.lib</file>
         <name>ll_cmp28.asm.obj</name>
      </input_file>
      <input_file id="fl-45">
         <path>C:\ti\ccs1120\ccs\tools\compiler\ti-cgt-c2000_21.6.0.LTS\lib\</path>
         <kind>archive</kind>
         <file>rts2800_fpu32.lib</file>
         <name>i_tofd28.asm.obj</name>
      </input_file>
      <input_file id="fl-46">
         <path>C:\ti\ccs1120\ccs\tools\compiler\ti-cgt-c2000_21.6.0.LTS\lib\</path>
         <kind>archive</kind>
         <file>rts2800_fpu32.lib</file>
         <name>l_tofd28.asm.obj</name>
      </input_file>
      <input_file id="fl-47">
         <path>C:\ti\ccs1120\ccs\tools\compiler\ti-cgt-c2000_21.6.0.LTS\lib\</path>
         <kind>archive</kind>
         <file>rts2800_fpu32.lib</file>
         <name>fs_tofdfpu32.asm.obj</name>
      </input_file>
      <input_file id="fl-48">
         <path>C:\ti\ccs1120\ccs\tools\compiler\ti-cgt-c2000_21.6.0.LTS\lib\</path>
         <kind>archive</kind>
         <file>rts2800_fpu32.lib</file>
         <name>fd_div28.asm.obj</name>
      </input_file>
      <input_file id="fl-49">
         <path>C:\ti\ccs1120\ccs\tools\compiler\ti-cgt-c2000_21.6.0.LTS\lib\</path>
         <kind>archive</kind>
         <file>rts2800_fpu32.lib</file>
         <name>_ltoa.c.obj</name>
      </input_file>
      <input_file id="fl-4a">
         <path>C:\ti\ccs1120\ccs\tools\compiler\ti-cgt-c2000_21.6.0.LTS\lib\</path>
         <kind>archive</kind>
         <file>rts2800_fpu32.lib</file>
         <name>atoi.c.obj</name>
      </input_file>
      <input_file id="fl-4b">
         <path>C:\ti\ccs1120\ccs\tools\compiler\ti-cgt-c2000_21.6.0.LTS\lib\</path>
         <kind>archive</kind>
         <file>rts2800_fpu32.lib</file>
         <name>ctype.c.obj</name>
      </input_file>
      <input_file id="fl-4c">
         <path>C:\ti\ccs1120\ccs\tools\compiler\ti-cgt-c2000_21.6.0.LTS\lib\</path>
         <kind>archive</kind>
         <file>rts2800_fpu32.lib</file>
         <name>memccpy.c.obj</name>
      </input_file>
      <input_file id="fl-4d">
         <path>C:\ti\ccs1120\ccs\tools\compiler\ti-cgt-c2000_21.6.0.LTS\lib\</path>
         <kind>archive</kind>
         <file>rts2800_fpu32.lib</file>
         <name>errno.c.obj</name>
      </input_file>
      <input_file id="fl-4e">
         <path>C:\ti\ccs1120\ccs\tools\compiler\ti-cgt-c2000_21.6.0.LTS\lib\</path>
         <kind>archive</kind>
         <file>rts2800_fpu32.lib</file>
         <name>wcslen.c.obj</name>
      </input_file>
      <input_file id="fl-4f">
         <path>C:\ti\ccs1120\ccs\tools\compiler\ti-cgt-c2000_21.6.0.LTS\lib\</path>
         <kind>archive</kind>
         <file>rts2800_fpu32.lib</file>
         <name>s_copysign.c.obj</name>
      </input_file>
   </input_file_list>
   <object_component_list>
      <object_component id="oc-18f">
         <name>.cinit:_g_psCmdTable</name>
         <load_address>0x82000</load_address>
         <run_address>0x82000</run_address>
         <size>0x4b</size>
         <input_file_ref idref="fl-1a"/>
      </object_component>
      <object_component id="oc-190">
         <name>.cinit:_g_sFresultStrings</name>
         <load_address>0x8204b</load_address>
         <run_address>0x8204b</run_address>
         <size>0x37</size>
         <input_file_ref idref="fl-1a"/>
      </object_component>
      <object_component id="oc-178">
         <name>.cinit</name>
         <load_address>0x82082</load_address>
         <run_address>0x82082</run_address>
         <size>0x24</size>
         <input_file_ref idref="fl-18"/>
      </object_component>
      <object_component id="oc-1e2">
         <name>.cinit</name>
         <load_address>0x820a6</load_address>
         <run_address>0x820a6</run_address>
         <size>0xe</size>
         <input_file_ref idref="fl-2f"/>
      </object_component>
      <object_component id="oc-2ba">
         <name>.cinit:_gpioInput</name>
         <load_address>0x820b4</load_address>
         <run_address>0x820b4</run_address>
         <size>0xd</size>
         <input_file_ref idref="fl-f"/>
      </object_component>
      <object_component id="oc-2b8">
         <name>.cinit:_gpioOutput</name>
         <load_address>0x820c1</load_address>
         <run_address>0x820c1</run_address>
         <size>0xb</size>
         <input_file_ref idref="fl-f"/>
      </object_component>
      <object_component id="oc-18b">
         <name>.cinit</name>
         <load_address>0x820cc</load_address>
         <run_address>0x820cc</run_address>
         <size>0x9</size>
         <input_file_ref idref="fl-1a"/>
      </object_component>
      <object_component id="oc-184">
         <name>.cinit</name>
         <load_address>0x820d5</load_address>
         <run_address>0x820d5</run_address>
         <size>0x8</size>
         <input_file_ref idref="fl-19"/>
      </object_component>
      <object_component id="oc-297">
         <name>.cinit:__lock</name>
         <load_address>0x820dd</load_address>
         <run_address>0x820dd</run_address>
         <size>0x5</size>
         <input_file_ref idref="fl-30"/>
      </object_component>
      <object_component id="oc-2b4">
         <name>.cinit:__unlock</name>
         <load_address>0x820e2</load_address>
         <run_address>0x820e2</run_address>
         <size>0x5</size>
         <input_file_ref idref="fl-30"/>
      </object_component>
      <object_component id="oc-2a4">
         <name>.cinit:_g_cCwdBuf</name>
         <load_address>0x820e7</load_address>
         <run_address>0x820e7</run_address>
         <size>0x5</size>
         <input_file_ref idref="fl-1a"/>
      </object_component>
      <object_component id="oc-149">
         <name>.cinit</name>
         <load_address>0x820ec</load_address>
         <run_address>0x820ec</run_address>
         <size>0x4</size>
         <input_file_ref idref="fl-10"/>
      </object_component>
      <object_component id="oc-27b">
         <name>.cinit</name>
         <load_address>0x820f0</load_address>
         <run_address>0x820f0</run_address>
         <size>0x4</size>
         <input_file_ref idref="fl-4d"/>
      </object_component>
      <object_component id="oc-1a6">
         <name>.cinit</name>
         <load_address>0x820f4</load_address>
         <run_address>0x820f4</run_address>
         <size>0x4</size>
         <input_file_ref idref="fl-1e"/>
      </object_component>
      <object_component id="oc-2a5">
         <name>.text</name>
         <load_address>0x98000</load_address>
         <run_address>0x98000</run_address>
         <size>0x1501</size>
         <input_file_ref idref="fl-16"/>
      </object_component>
      <object_component id="oc-28a">
         <name>.text</name>
         <load_address>0x99501</load_address>
         <run_address>0x99501</run_address>
         <size>0x1</size>
         <input_file_ref idref="fl-2e"/>
      </object_component>
      <object_component id="oc-2be">
         <name>.text</name>
         <load_address>0x99502</load_address>
         <run_address>0x99502</run_address>
         <size>0x6da</size>
         <input_file_ref idref="fl-3a"/>
      </object_component>
      <object_component id="oc-2a2">
         <name>.text:__TI_printfi</name>
         <load_address>0x99bdc</load_address>
         <run_address>0x99bdc</run_address>
         <size>0x60a</size>
         <input_file_ref idref="fl-3a"/>
      </object_component>
      <object_component id="oc-a9">
         <name>.text:retain</name>
         <load_address>0x9a1e6</load_address>
         <run_address>0x9a1e6</run_address>
         <size>0x585</size>
         <input_file_ref idref="fl-5"/>
      </object_component>
      <object_component id="oc-291">
         <name>.text</name>
         <load_address>0x9a76b</load_address>
         <run_address>0x9a76b</run_address>
         <size>0x547</size>
         <input_file_ref idref="fl-15"/>
      </object_component>
      <object_component id="oc-2a1">
         <name>.text</name>
         <load_address>0x9acb2</load_address>
         <run_address>0x9acb2</run_address>
         <size>0x522</size>
         <input_file_ref idref="fl-13"/>
      </object_component>
      <object_component id="oc-298">
         <name>.text</name>
         <load_address>0x9b1d4</load_address>
         <run_address>0x9b1d4</run_address>
         <size>0x4b4</size>
         <input_file_ref idref="fl-d"/>
      </object_component>
      <object_component id="oc-292">
         <name>.text</name>
         <load_address>0x9b688</load_address>
         <run_address>0x9b688</run_address>
         <size>0x42c</size>
         <input_file_ref idref="fl-19"/>
      </object_component>
      <object_component id="oc-28f">
         <name>.text</name>
         <load_address>0x9bab4</load_address>
         <run_address>0x9bab4</run_address>
         <size>0x2b9</size>
         <input_file_ref idref="fl-1a"/>
      </object_component>
      <object_component id="oc-2ae">
         <name>.text</name>
         <load_address>0x9bd6d</load_address>
         <run_address>0x9bd6d</run_address>
         <size>0x24b</size>
         <input_file_ref idref="fl-1b"/>
      </object_component>
      <object_component id="oc-29a">
         <name>.text</name>
         <load_address>0x9bfb8</load_address>
         <run_address>0x9bfb8</run_address>
         <size>0x244</size>
         <input_file_ref idref="fl-8"/>
      </object_component>
      <object_component id="oc-28d">
         <name>.text</name>
         <load_address>0x9c1fc</load_address>
         <run_address>0x9c1fc</run_address>
         <size>0x1cf</size>
         <input_file_ref idref="fl-18"/>
      </object_component>
      <object_component id="oc-2bc">
         <name>.text</name>
         <load_address>0x9c3cb</load_address>
         <run_address>0x9c3cb</run_address>
         <size>0x1ca</size>
         <input_file_ref idref="fl-17"/>
      </object_component>
      <object_component id="oc-299">
         <name>.text</name>
         <load_address>0x9c595</load_address>
         <run_address>0x9c595</run_address>
         <size>0x16e</size>
         <input_file_ref idref="fl-a"/>
      </object_component>
      <object_component id="oc-17d">
         <name>.text:retain</name>
         <load_address>0x9c703</load_address>
         <run_address>0x9c703</run_address>
         <size>0x165</size>
         <input_file_ref idref="fl-18"/>
      </object_component>
      <object_component id="oc-1c3">
         <name>.text</name>
         <load_address>0x9c868</load_address>
         <run_address>0x9c868</run_address>
         <size>0x107</size>
         <input_file_ref idref="fl-29"/>
      </object_component>
      <object_component id="oc-29f">
         <name>.text</name>
         <load_address>0x9c96f</load_address>
         <run_address>0x9c96f</run_address>
         <size>0xf0</size>
         <input_file_ref idref="fl-6"/>
      </object_component>
      <object_component id="oc-29d">
         <name>.text</name>
         <load_address>0x9ca5f</load_address>
         <run_address>0x9ca5f</run_address>
         <size>0xb2</size>
         <input_file_ref idref="fl-f"/>
      </object_component>
      <object_component id="oc-2ca">
         <name>.text</name>
         <load_address>0x9cb11</load_address>
         <run_address>0x9cb11</run_address>
         <size>0xae</size>
         <input_file_ref idref="fl-3c"/>
      </object_component>
      <object_component id="oc-22d">
         <name>.text</name>
         <load_address>0x9cbbf</load_address>
         <run_address>0x9cbbf</run_address>
         <size>0x9c</size>
         <input_file_ref idref="fl-3d"/>
      </object_component>
      <object_component id="oc-264">
         <name>.text</name>
         <load_address>0x9cc5b</load_address>
         <run_address>0x9cc5b</run_address>
         <size>0x8b</size>
         <input_file_ref idref="fl-48"/>
      </object_component>
      <object_component id="oc-1b9">
         <name>.text</name>
         <load_address>0x9cce6</load_address>
         <run_address>0x9cce6</run_address>
         <size>0x88</size>
         <input_file_ref idref="fl-27"/>
      </object_component>
      <object_component id="oc-237">
         <name>.text</name>
         <load_address>0x9cd6e</load_address>
         <run_address>0x9cd6e</run_address>
         <size>0x83</size>
         <input_file_ref idref="fl-3f"/>
      </object_component>
      <object_component id="oc-2a0">
         <name>.text</name>
         <load_address>0x9cdf1</load_address>
         <run_address>0x9cdf1</run_address>
         <size>0x7c</size>
         <input_file_ref idref="fl-4"/>
      </object_component>
      <object_component id="oc-2c9">
         <name>.text</name>
         <load_address>0x9ce6d</load_address>
         <run_address>0x9ce6d</run_address>
         <size>0x5a</size>
         <input_file_ref idref="fl-3b"/>
      </object_component>
      <object_component id="oc-96">
         <name>.text</name>
         <load_address>0x9cec7</load_address>
         <run_address>0x9cec7</run_address>
         <size>0x56</size>
         <input_file_ref idref="fl-26"/>
      </object_component>
      <object_component id="oc-2ad">
         <name>.text</name>
         <load_address>0x9cf1d</load_address>
         <run_address>0x9cf1d</run_address>
         <size>0x55</size>
         <input_file_ref idref="fl-1c"/>
      </object_component>
      <object_component id="oc-29e">
         <name>.text</name>
         <load_address>0x9cf72</load_address>
         <run_address>0x9cf72</run_address>
         <size>0x54</size>
         <input_file_ref idref="fl-1d"/>
      </object_component>
      <object_component id="oc-2af">
         <name>.text</name>
         <load_address>0x9cfc6</load_address>
         <run_address>0x9cfc6</run_address>
         <size>0x49</size>
         <input_file_ref idref="fl-14"/>
      </object_component>
      <object_component id="oc-28e">
         <name>.text</name>
         <load_address>0x9d00f</load_address>
         <run_address>0x9d00f</run_address>
         <size>0x32</size>
         <input_file_ref idref="fl-25"/>
      </object_component>
      <object_component id="oc-18d">
         <name>.text:retain</name>
         <load_address>0x9d041</load_address>
         <run_address>0x9d041</run_address>
         <size>0x31</size>
         <input_file_ref idref="fl-1a"/>
      </object_component>
      <object_component id="oc-2bd">
         <name>.text</name>
         <load_address>0x9d072</load_address>
         <run_address>0x9d072</run_address>
         <size>0x31</size>
         <input_file_ref idref="fl-4a"/>
      </object_component>
      <object_component id="oc-2c8">
         <name>.text</name>
         <load_address>0x9d0a3</load_address>
         <run_address>0x9d0a3</run_address>
         <size>0x30</size>
         <input_file_ref idref="fl-49"/>
      </object_component>
      <object_component id="oc-232">
         <name>.text</name>
         <load_address>0x9d0d3</load_address>
         <run_address>0x9d0d3</run_address>
         <size>0x2a</size>
         <input_file_ref idref="fl-3e"/>
      </object_component>
      <object_component id="oc-1c8">
         <name>.text</name>
         <load_address>0x9d0fd</load_address>
         <run_address>0x9d0fd</run_address>
         <size>0x2a</size>
         <input_file_ref idref="fl-2a"/>
      </object_component>
      <object_component id="oc-28c">
         <name>.text</name>
         <load_address>0x9d127</load_address>
         <run_address>0x9d127</run_address>
         <size>0x29</size>
         <input_file_ref idref="fl-2f"/>
      </object_component>
      <object_component id="oc-29b">
         <name>.text</name>
         <load_address>0x9d150</load_address>
         <run_address>0x9d150</run_address>
         <size>0x28</size>
         <input_file_ref idref="fl-b"/>
      </object_component>
      <object_component id="oc-29c">
         <name>.text</name>
         <load_address>0x9d178</load_address>
         <run_address>0x9d178</run_address>
         <size>0x26</size>
         <input_file_ref idref="fl-c"/>
      </object_component>
      <object_component id="oc-2cb">
         <name>.text</name>
         <load_address>0x9d19e</load_address>
         <run_address>0x9d19e</run_address>
         <size>0x25</size>
         <input_file_ref idref="fl-4f"/>
      </object_component>
      <object_component id="oc-289">
         <name>.text</name>
         <load_address>0x9d1c3</load_address>
         <run_address>0x9d1c3</run_address>
         <size>0x24</size>
         <input_file_ref idref="fl-2b"/>
      </object_component>
      <object_component id="oc-246">
         <name>.text</name>
         <load_address>0x9d1e7</load_address>
         <run_address>0x9d1e7</run_address>
         <size>0x21</size>
         <input_file_ref idref="fl-42"/>
      </object_component>
      <object_component id="oc-24b">
         <name>.text</name>
         <load_address>0x9d208</load_address>
         <run_address>0x9d208</run_address>
         <size>0x1f</size>
         <input_file_ref idref="fl-43"/>
      </object_component>
      <object_component id="oc-250">
         <name>.text</name>
         <load_address>0x9d227</load_address>
         <run_address>0x9d227</run_address>
         <size>0x1e</size>
         <input_file_ref idref="fl-44"/>
      </object_component>
      <object_component id="oc-255">
         <name>.text</name>
         <load_address>0x9d245</load_address>
         <run_address>0x9d245</run_address>
         <size>0x1d</size>
         <input_file_ref idref="fl-45"/>
      </object_component>
      <object_component id="oc-295">
         <name>.text</name>
         <load_address>0x9d262</load_address>
         <run_address>0x9d262</run_address>
         <size>0x1d</size>
         <input_file_ref idref="fl-2c"/>
      </object_component>
      <object_component id="oc-25f">
         <name>.text</name>
         <load_address>0x9d27f</load_address>
         <run_address>0x9d27f</run_address>
         <size>0x1c</size>
         <input_file_ref idref="fl-47"/>
      </object_component>
      <object_component id="oc-25a">
         <name>.text</name>
         <load_address>0x9d29b</load_address>
         <run_address>0x9d29b</run_address>
         <size>0x1c</size>
         <input_file_ref idref="fl-46"/>
      </object_component>
      <object_component id="oc-1be">
         <name>.text</name>
         <load_address>0x9d2b7</load_address>
         <run_address>0x9d2b7</run_address>
         <size>0x18</size>
         <input_file_ref idref="fl-28"/>
      </object_component>
      <object_component id="oc-2a9">
         <name>.text</name>
         <load_address>0x9d2cf</load_address>
         <run_address>0x9d2cf</run_address>
         <size>0x15</size>
         <input_file_ref idref="fl-39"/>
      </object_component>
      <object_component id="oc-2c2">
         <name>.text</name>
         <load_address>0x9d2e4</load_address>
         <run_address>0x9d2e4</run_address>
         <size>0x13</size>
         <input_file_ref idref="fl-32"/>
      </object_component>
      <object_component id="oc-28b">
         <name>.text</name>
         <load_address>0x9d2f7</load_address>
         <run_address>0x9d2f7</run_address>
         <size>0x12</size>
         <input_file_ref idref="fl-31"/>
      </object_component>
      <object_component id="oc-2bf">
         <name>.text</name>
         <load_address>0x9d309</load_address>
         <run_address>0x9d309</run_address>
         <size>0x10</size>
         <input_file_ref idref="fl-4c"/>
      </object_component>
      <object_component id="oc-172">
         <name>.text:retain</name>
         <load_address>0x9d319</load_address>
         <run_address>0x9d319</run_address>
         <size>0xf</size>
         <input_file_ref idref="fl-17"/>
      </object_component>
      <object_component id="oc-241">
         <name>.text</name>
         <load_address>0x9d328</load_address>
         <run_address>0x9d328</run_address>
         <size>0xe</size>
         <input_file_ref idref="fl-41"/>
      </object_component>
      <object_component id="oc-2c3">
         <name>.text</name>
         <load_address>0x9d336</load_address>
         <run_address>0x9d336</run_address>
         <size>0xc</size>
         <input_file_ref idref="fl-35"/>
      </object_component>
      <object_component id="oc-2aa">
         <name>.text</name>
         <load_address>0x9d342</load_address>
         <run_address>0x9d342</run_address>
         <size>0xa</size>
         <input_file_ref idref="fl-36"/>
      </object_component>
      <object_component id="oc-2b3">
         <name>.text</name>
         <load_address>0x9d34c</load_address>
         <run_address>0x9d34c</run_address>
         <size>0x9</size>
         <input_file_ref idref="fl-30"/>
      </object_component>
      <object_component id="oc-23c">
         <name>.text</name>
         <load_address>0x9d355</load_address>
         <run_address>0x9d355</run_address>
         <size>0x9</size>
         <input_file_ref idref="fl-40"/>
      </object_component>
      <object_component id="oc-2ab">
         <name>.text</name>
         <load_address>0x9d35e</load_address>
         <run_address>0x9d35e</run_address>
         <size>0x9</size>
         <input_file_ref idref="fl-34"/>
      </object_component>
      <object_component id="oc-2c0">
         <name>.text</name>
         <load_address>0x9d367</load_address>
         <run_address>0x9d367</run_address>
         <size>0x9</size>
         <input_file_ref idref="fl-4e"/>
      </object_component>
      <object_component id="oc-9c">
         <name>.text</name>
         <load_address>0x9d370</load_address>
         <run_address>0x9d370</run_address>
         <size>0x8</size>
         <input_file_ref idref="fl-3"/>
      </object_component>
      <object_component id="oc-2a8">
         <name>.text</name>
         <load_address>0x9d378</load_address>
         <run_address>0x9d378</run_address>
         <size>0x8</size>
         <input_file_ref idref="fl-38"/>
      </object_component>
      <object_component id="oc-2ac">
         <name>.text</name>
         <load_address>0x9d380</load_address>
         <run_address>0x9d380</run_address>
         <size>0x7</size>
         <input_file_ref idref="fl-33"/>
      </object_component>
      <object_component id="oc-2a7">
         <name>.text</name>
         <load_address>0x9d387</load_address>
         <run_address>0x9d387</run_address>
         <size>0x5</size>
         <input_file_ref idref="fl-37"/>
      </object_component>
      <object_component id="oc-288">
         <name>.text</name>
         <load_address>0x9d38c</load_address>
         <run_address>0x9d38c</run_address>
         <size>0x2</size>
         <input_file_ref idref="fl-2d"/>
      </object_component>
      <object_component id="oc-9d">
         <name>codestart</name>
         <load_address>0x80000</load_address>
         <run_address>0x80000</run_address>
         <size>0x2</size>
         <input_file_ref idref="fl-3"/>
      </object_component>
      <object_component id="oc-1b3">
         <name>.stack</name>
         <uninitialized>true</uninitialized>
         <run_address>0xb800</run_address>
         <size>0x0</size>
         <input_file_ref idref="fl-26"/>
      </object_component>
      <object_component id="oc-367">
         <name>.stack</name>
         <uninitialized>true</uninitialized>
         <run_address>0xb800</run_address>
         <size>0x0</size>
      </object_component>
      <object_component id="oc-1b4">
         <name>.reset</name>
         <load_address>0x3fffc0</load_address>
         <run_address>0x3fffc0</run_address>
         <size>0x2</size>
         <input_file_ref idref="fl-26"/>
      </object_component>
      <object_component id="oc-18c">
         <name>.ebss</name>
         <uninitialized>true</uninitialized>
         <run_address>0xa800</run_address>
         <size>0x49a</size>
         <input_file_ref idref="fl-1a"/>
      </object_component>
      <object_component id="oc-a3">
         <name>.ebss</name>
         <uninitialized>true</uninitialized>
         <run_address>0xac9a</run_address>
         <size>0x18</size>
         <input_file_ref idref="fl-4"/>
      </object_component>
      <object_component id="oc-2b9">
         <name>.ebss:_gpioInput</name>
         <uninitialized>true</uninitialized>
         <run_address>0xacb2</run_address>
         <size>0xa</size>
         <input_file_ref idref="fl-f"/>
      </object_component>
      <object_component id="oc-290">
         <name>.ebss:_AmkStatus</name>
         <uninitialized>true</uninitialized>
         <run_address>0xacbc</run_address>
         <size>0x4</size>
         <input_file_ref idref="fl-18"/>
      </object_component>
      <object_component id="oc-179">
         <name>.ebss</name>
         <uninitialized>true</uninitialized>
         <run_address>0xacc0</run_address>
         <size>0x156</size>
         <input_file_ref idref="fl-18"/>
      </object_component>
      <object_component id="oc-2b0">
         <name>.ebss:_filename</name>
         <uninitialized>true</uninitialized>
         <run_address>0xae16</run_address>
         <size>0x14</size>
         <input_file_ref idref="fl-18"/>
      </object_component>
      <object_component id="oc-2b7">
         <name>.ebss:_gpioOutput</name>
         <uninitialized>true</uninitialized>
         <run_address>0xae2a</run_address>
         <size>0x8</size>
         <input_file_ref idref="fl-f"/>
      </object_component>
      <object_component id="oc-1e3">
         <name>.ebss</name>
         <uninitialized>true</uninitialized>
         <run_address>0xae32</run_address>
         <size>0x6</size>
         <input_file_ref idref="fl-2f"/>
      </object_component>
      <object_component id="oc-185">
         <name>.ebss</name>
         <uninitialized>true</uninitialized>
         <run_address>0xae38</run_address>
         <size>0x5</size>
         <input_file_ref idref="fl-19"/>
      </object_component>
      <object_component id="oc-14a">
         <name>.ebss</name>
         <uninitialized>true</uninitialized>
         <run_address>0xae3d</run_address>
         <size>0x3</size>
         <input_file_ref idref="fl-10"/>
      </object_component>
      <object_component id="oc-2c5">
         <name>.ebss:_g_ppcArgv</name>
         <uninitialized>true</uninitialized>
         <run_address>0xae40</run_address>
         <size>0x102</size>
         <input_file_ref idref="fl-14"/>
      </object_component>
      <object_component id="oc-294">
         <name>.ebss:_g_sFresultStrings</name>
         <uninitialized>true</uninitialized>
         <run_address>0xaf42</run_address>
         <size>0x34</size>
         <input_file_ref idref="fl-1a"/>
      </object_component>
      <object_component id="oc-2c4">
         <name>.ebss:_FatFs</name>
         <uninitialized>true</uninitialized>
         <run_address>0xaf76</run_address>
         <size>0x2</size>
         <input_file_ref idref="fl-16"/>
      </object_component>
      <object_component id="oc-296">
         <name>.ebss:__lock</name>
         <uninitialized>true</uninitialized>
         <run_address>0xaf78</run_address>
         <size>0x2</size>
         <input_file_ref idref="fl-30"/>
      </object_component>
      <object_component id="oc-2c6">
         <name>.ebss:__unlock</name>
         <uninitialized>true</uninitialized>
         <run_address>0xaf7a</run_address>
         <size>0x2</size>
         <input_file_ref idref="fl-30"/>
      </object_component>
      <object_component id="oc-16b">
         <name>.ebss</name>
         <uninitialized>true</uninitialized>
         <run_address>0xaf7c</run_address>
         <size>0x1</size>
         <input_file_ref idref="fl-16"/>
      </object_component>
      <object_component id="oc-27c">
         <name>.ebss</name>
         <uninitialized>true</uninitialized>
         <run_address>0xaf7d</run_address>
         <size>0x1</size>
         <input_file_ref idref="fl-4d"/>
      </object_component>
      <object_component id="oc-1a7">
         <name>.ebss</name>
         <uninitialized>true</uninitialized>
         <run_address>0xaf7e</run_address>
         <size>0x1</size>
         <input_file_ref idref="fl-1e"/>
      </object_component>
      <object_component id="oc-2a3">
         <name>.ebss:_g_cCwdBuf</name>
         <uninitialized>true</uninitialized>
         <run_address>0xaf80</run_address>
         <size>0x50</size>
         <input_file_ref idref="fl-1a"/>
      </object_component>
      <object_component id="oc-2a6">
         <name>.ebss:_g_cTmpBuf</name>
         <uninitialized>true</uninitialized>
         <run_address>0xc000</run_address>
         <size>0x50</size>
         <input_file_ref idref="fl-1a"/>
      </object_component>
      <object_component id="oc-293">
         <name>.ebss:_g_psCmdTable</name>
         <uninitialized>true</uninitialized>
         <run_address>0xc080</run_address>
         <size>0x48</size>
         <input_file_ref idref="fl-1a"/>
      </object_component>
      <object_component id="oc-2b2">
         <name>.ebss:_tmp</name>
         <uninitialized>true</uninitialized>
         <run_address>0xc0c8</run_address>
         <size>0x32</size>
         <input_file_ref idref="fl-18"/>
      </object_component>
      <object_component id="oc-165">
         <name>.econst:.string</name>
         <load_address>0x90000</load_address>
         <run_address>0x90000</run_address>
         <size>0x8f7</size>
         <input_file_ref idref="fl-15"/>
      </object_component>
      <object_component id="oc-17e">
         <name>.econst:.string</name>
         <load_address>0x908f8</load_address>
         <run_address>0x908f8</run_address>
         <size>0x559</size>
         <input_file_ref idref="fl-18"/>
      </object_component>
      <object_component id="oc-18e">
         <name>.econst:.string</name>
         <load_address>0x90e52</load_address>
         <run_address>0x90e52</run_address>
         <size>0x236</size>
         <input_file_ref idref="fl-1a"/>
      </object_component>
      <object_component id="oc-2b6">
         <name>.econst:_PieVectTableInit</name>
         <load_address>0x91088</load_address>
         <run_address>0x91088</run_address>
         <size>0x1c0</size>
         <input_file_ref idref="fl-c"/>
      </object_component>
      <object_component id="oc-2b1">
         <name>.econst:.string:_$P$T0$1</name>
         <load_address>0x91248</load_address>
         <run_address>0x91248</run_address>
         <size>0x122</size>
         <input_file_ref idref="fl-1a"/>
      </object_component>
      <object_component id="oc-2c7">
         <name>.econst:.string:__ctypes_</name>
         <load_address>0x9136a</load_address>
         <run_address>0x9136a</run_address>
         <size>0x101</size>
         <input_file_ref idref="fl-4b"/>
      </object_component>
      <object_component id="oc-155">
         <name>.econst:.string</name>
         <load_address>0x9146c</load_address>
         <run_address>0x9146c</run_address>
         <size>0x67</size>
         <input_file_ref idref="fl-12"/>
      </object_component>
      <object_component id="oc-21c">
         <name>.econst:.string</name>
         <load_address>0x914d4</load_address>
         <run_address>0x914d4</run_address>
         <size>0x26</size>
         <input_file_ref idref="fl-3a"/>
      </object_component>
      <object_component id="oc-21b">
         <name>.econst</name>
         <load_address>0x914fa</load_address>
         <run_address>0x914fa</run_address>
         <size>0x1c</size>
         <input_file_ref idref="fl-3a"/>
      </object_component>
      <object_component id="oc-228">
         <name>.econst</name>
         <load_address>0x91516</load_address>
         <run_address>0x91516</run_address>
         <size>0x1c</size>
         <input_file_ref idref="fl-3c"/>
      </object_component>
      <object_component id="oc-16c">
         <name>.econst:.string</name>
         <load_address>0x91532</load_address>
         <run_address>0x91532</run_address>
         <size>0x19</size>
         <input_file_ref idref="fl-16"/>
      </object_component>
      <object_component id="oc-1a9">
         <name>.econst:.string</name>
         <load_address>0x9154c</load_address>
         <run_address>0x9154c</run_address>
         <size>0x18</size>
         <input_file_ref idref="fl-1e"/>
      </object_component>
      <object_component id="oc-2c1">
         <name>.econst:.string:_DbcTbl</name>
         <load_address>0x91564</load_address>
         <run_address>0x91564</run_address>
         <size>0xa</size>
         <input_file_ref idref="fl-16"/>
      </object_component>
      <object_component id="oc-2bb">
         <name>.econst:_g_ui16CANBitValues</name>
         <load_address>0x9156e</load_address>
         <run_address>0x9156e</run_address>
         <size>0x9</size>
         <input_file_ref idref="fl-13"/>
      </object_component>
      <object_component id="oc-222">
         <name>.econst</name>
         <load_address>0x91578</load_address>
         <run_address>0x91578</run_address>
         <size>0x8</size>
         <input_file_ref idref="fl-3b"/>
      </object_component>
      <object_component id="oc-1a8">
         <name>.econst</name>
         <load_address>0x91580</load_address>
         <run_address>0x91580</run_address>
         <size>0x2</size>
         <input_file_ref idref="fl-1e"/>
      </object_component>
      <object_component id="oc-17c">
         <name>SHARERAMGS1</name>
         <uninitialized>true</uninitialized>
         <run_address>0xd000</run_address>
         <size>0xd6</size>
         <input_file_ref idref="fl-18"/>
      </object_component>
      <object_component id="oc-17a">
         <name>SHARERAMGS2</name>
         <uninitialized>true</uninitialized>
         <run_address>0xe000</run_address>
         <size>0x2</size>
         <input_file_ref idref="fl-18"/>
      </object_component>
      <object_component id="oc-17b">
         <name>SHARERAMGS3</name>
         <uninitialized>true</uninitialized>
         <run_address>0xf000</run_address>
         <size>0x5</size>
         <input_file_ref idref="fl-18"/>
      </object_component>
      <object_component id="oc-2b5">
         <name>.TI.ramfunc</name>
         <load_address>0x86000</load_address>
         <run_address>0x8000</run_address>
         <size>0x37</size>
         <input_file_ref idref="fl-d"/>
      </object_component>
      <object_component id="oc-13e">
         <name>.TI.ramfunc</name>
         <load_address>0x86037</load_address>
         <run_address>0x8037</run_address>
         <size>0x4</size>
         <input_file_ref idref="fl-e"/>
      </object_component>
      <object_component id="oc-196">
         <name>.TI.ramfunc</name>
         <load_address>0x8603b</load_address>
         <run_address>0x803b</run_address>
         <size>0x4</size>
         <input_file_ref idref="fl-1b"/>
      </object_component>
      <object_component id="oc-11e">
         <name>PieVectTableFile</name>
         <uninitialized>true</uninitialized>
         <run_address>0xd00</run_address>
         <size>0x1c0</size>
         <input_file_ref idref="fl-7"/>
      </object_component>
      <object_component id="oc-ee">
         <name>AccessProtectionRegsFile</name>
         <uninitialized>true</uninitialized>
         <run_address>0x5f4c0</run_address>
         <size>0x2e</size>
         <input_file_ref idref="fl-7"/>
      </object_component>
      <object_component id="oc-103">
         <name>AdcaRegsFile</name>
         <uninitialized>true</uninitialized>
         <run_address>0x7400</run_address>
         <size>0x7c</size>
         <input_file_ref idref="fl-7"/>
      </object_component>
      <object_component id="oc-104">
         <name>AdcbRegsFile</name>
         <uninitialized>true</uninitialized>
         <run_address>0x7480</run_address>
         <size>0x7c</size>
         <input_file_ref idref="fl-7"/>
      </object_component>
      <object_component id="oc-105">
         <name>AdccRegsFile</name>
         <uninitialized>true</uninitialized>
         <run_address>0x7500</run_address>
         <size>0x7c</size>
         <input_file_ref idref="fl-7"/>
      </object_component>
      <object_component id="oc-106">
         <name>AdcdRegsFile</name>
         <uninitialized>true</uninitialized>
         <run_address>0x7580</run_address>
         <size>0x7c</size>
         <input_file_ref idref="fl-7"/>
      </object_component>
      <object_component id="oc-cb">
         <name>AdcaResultRegsFile</name>
         <uninitialized>true</uninitialized>
         <run_address>0xb00</run_address>
         <size>0x18</size>
         <input_file_ref idref="fl-7"/>
      </object_component>
      <object_component id="oc-cc">
         <name>AdcbResultRegsFile</name>
         <uninitialized>true</uninitialized>
         <run_address>0xb20</run_address>
         <size>0x18</size>
         <input_file_ref idref="fl-7"/>
      </object_component>
      <object_component id="oc-cd">
         <name>AdccResultRegsFile</name>
         <uninitialized>true</uninitialized>
         <run_address>0xb40</run_address>
         <size>0x18</size>
         <input_file_ref idref="fl-7"/>
      </object_component>
      <object_component id="oc-ce">
         <name>AdcdResultRegsFile</name>
         <uninitialized>true</uninitialized>
         <run_address>0xb60</run_address>
         <size>0x18</size>
         <input_file_ref idref="fl-7"/>
      </object_component>
      <object_component id="oc-f2">
         <name>AnalogSubsysRegsFile</name>
         <uninitialized>true</uninitialized>
         <run_address>0x5d180</run_address>
         <size>0x3e</size>
         <input_file_ref idref="fl-7"/>
      </object_component>
      <object_component id="oc-11a">
         <name>CanaRegsFile</name>
         <uninitialized>true</uninitialized>
         <run_address>0x48000</run_address>
         <size>0x164</size>
         <input_file_ref idref="fl-7"/>
      </object_component>
      <object_component id="oc-11b">
         <name>CanbRegsFile</name>
         <uninitialized>true</uninitialized>
         <run_address>0x4a000</run_address>
         <size>0x164</size>
         <input_file_ref idref="fl-7"/>
      </object_component>
      <object_component id="oc-f3">
         <name>Cla1RegsFile</name>
         <uninitialized>true</uninitialized>
         <run_address>0x1400</run_address>
         <size>0x3e</size>
         <input_file_ref idref="fl-7"/>
      </object_component>
      <object_component id="oc-115">
         <name>Clb1DataExchRegsFile</name>
         <uninitialized>true</uninitialized>
         <run_address>0x3200</run_address>
         <size>0x108</size>
         <input_file_ref idref="fl-7"/>
      </object_component>
      <object_component id="oc-116">
         <name>Clb2DataExchRegsFile</name>
         <uninitialized>true</uninitialized>
         <run_address>0x3600</run_address>
         <size>0x108</size>
         <input_file_ref idref="fl-7"/>
      </object_component>
      <object_component id="oc-117">
         <name>Clb3DataExchRegsFile</name>
         <uninitialized>true</uninitialized>
         <run_address>0x3a00</run_address>
         <size>0x108</size>
         <input_file_ref idref="fl-7"/>
      </object_component>
      <object_component id="oc-118">
         <name>Clb4DataExchRegsFile</name>
         <uninitialized>true</uninitialized>
         <run_address>0x3e00</run_address>
         <size>0x108</size>
         <input_file_ref idref="fl-7"/>
      </object_component>
      <object_component id="oc-f4">
         <name>Clb1LogicCfgRegsFile</name>
         <uninitialized>true</uninitialized>
         <run_address>0x3000</run_address>
         <size>0x3e</size>
         <input_file_ref idref="fl-7"/>
      </object_component>
      <object_component id="oc-f5">
         <name>Clb2LogicCfgRegsFile</name>
         <uninitialized>true</uninitialized>
         <run_address>0x3400</run_address>
         <size>0x3e</size>
         <input_file_ref idref="fl-7"/>
      </object_component>
      <object_component id="oc-f6">
         <name>Clb3LogicCfgRegsFile</name>
         <uninitialized>true</uninitialized>
         <run_address>0x3800</run_address>
         <size>0x3e</size>
         <input_file_ref idref="fl-7"/>
      </object_component>
      <object_component id="oc-f7">
         <name>Clb4LogicCfgRegsFile</name>
         <uninitialized>true</uninitialized>
         <run_address>0x3c00</run_address>
         <size>0x3e</size>
         <input_file_ref idref="fl-7"/>
      </object_component>
      <object_component id="oc-f8">
         <name>Clb1LogicCtrlRegsFile</name>
         <uninitialized>true</uninitialized>
         <run_address>0x3100</run_address>
         <size>0x40</size>
         <input_file_ref idref="fl-7"/>
      </object_component>
      <object_component id="oc-f9">
         <name>Clb2LogicCtrlRegsFile</name>
         <uninitialized>true</uninitialized>
         <run_address>0x3500</run_address>
         <size>0x40</size>
         <input_file_ref idref="fl-7"/>
      </object_component>
      <object_component id="oc-fa">
         <name>Clb3LogicCtrlRegsFile</name>
         <uninitialized>true</uninitialized>
         <run_address>0x3900</run_address>
         <size>0x40</size>
         <input_file_ref idref="fl-7"/>
      </object_component>
      <object_component id="oc-fb">
         <name>Clb4LogicCtrlRegsFile</name>
         <uninitialized>true</uninitialized>
         <run_address>0x3d00</run_address>
         <size>0x40</size>
         <input_file_ref idref="fl-7"/>
      </object_component>
      <object_component id="oc-fc">
         <name>ClbXbarRegsFile</name>
         <uninitialized>true</uninitialized>
         <run_address>0x7a40</run_address>
         <size>0x40</size>
         <input_file_ref idref="fl-7"/>
      </object_component>
      <object_component id="oc-f0">
         <name>ClkCfgRegsFile</name>
         <uninitialized>true</uninitialized>
         <run_address>0x5d200</run_address>
         <size>0x32</size>
         <input_file_ref idref="fl-7"/>
      </object_component>
      <object_component id="oc-d7">
         <name>Cmpss1RegsFile</name>
         <uninitialized>true</uninitialized>
         <run_address>0x5c80</run_address>
         <size>0x1b</size>
         <input_file_ref idref="fl-7"/>
      </object_component>
      <object_component id="oc-d8">
         <name>Cmpss2RegsFile</name>
         <uninitialized>true</uninitialized>
         <run_address>0x5ca0</run_address>
         <size>0x1b</size>
         <input_file_ref idref="fl-7"/>
      </object_component>
      <object_component id="oc-d9">
         <name>Cmpss3RegsFile</name>
         <uninitialized>true</uninitialized>
         <run_address>0x5cc0</run_address>
         <size>0x1b</size>
         <input_file_ref idref="fl-7"/>
      </object_component>
      <object_component id="oc-da">
         <name>Cmpss4RegsFile</name>
         <uninitialized>true</uninitialized>
         <run_address>0x5ce0</run_address>
         <size>0x1b</size>
         <input_file_ref idref="fl-7"/>
      </object_component>
      <object_component id="oc-db">
         <name>Cmpss5RegsFile</name>
         <uninitialized>true</uninitialized>
         <run_address>0x5d00</run_address>
         <size>0x1b</size>
         <input_file_ref idref="fl-7"/>
      </object_component>
      <object_component id="oc-dc">
         <name>Cmpss6RegsFile</name>
         <uninitialized>true</uninitialized>
         <run_address>0x5d20</run_address>
         <size>0x1b</size>
         <input_file_ref idref="fl-7"/>
      </object_component>
      <object_component id="oc-dd">
         <name>Cmpss7RegsFile</name>
         <uninitialized>true</uninitialized>
         <run_address>0x5d40</run_address>
         <size>0x1b</size>
         <input_file_ref idref="fl-7"/>
      </object_component>
      <object_component id="oc-de">
         <name>Cmpss8RegsFile</name>
         <uninitialized>true</uninitialized>
         <run_address>0x5d60</run_address>
         <size>0x1b</size>
         <input_file_ref idref="fl-7"/>
      </object_component>
      <object_component id="oc-bd">
         <name>CpuTimer0RegsFile</name>
         <uninitialized>true</uninitialized>
         <run_address>0xc00</run_address>
         <size>0x8</size>
         <input_file_ref idref="fl-7"/>
      </object_component>
      <object_component id="oc-be">
         <name>CpuTimer1RegsFile</name>
         <uninitialized>true</uninitialized>
         <run_address>0xc08</run_address>
         <size>0x8</size>
         <input_file_ref idref="fl-7"/>
      </object_component>
      <object_component id="oc-bf">
         <name>CpuTimer2RegsFile</name>
         <uninitialized>true</uninitialized>
         <run_address>0xc10</run_address>
         <size>0x8</size>
         <input_file_ref idref="fl-7"/>
      </object_component>
      <object_component id="oc-107">
         <name>CpuSysRegsFile</name>
         <uninitialized>true</uninitialized>
         <run_address>0x5d300</run_address>
         <size>0x82</size>
         <input_file_ref idref="fl-7"/>
      </object_component>
      <object_component id="oc-b9">
         <name>DacaRegsFile</name>
         <uninitialized>true</uninitialized>
         <run_address>0x5c00</run_address>
         <size>0x7</size>
         <input_file_ref idref="fl-7"/>
      </object_component>
      <object_component id="oc-ba">
         <name>DacbRegsFile</name>
         <uninitialized>true</uninitialized>
         <run_address>0x5c10</run_address>
         <size>0x7</size>
         <input_file_ref idref="fl-7"/>
      </object_component>
      <object_component id="oc-bb">
         <name>DaccRegsFile</name>
         <uninitialized>true</uninitialized>
         <run_address>0x5c20</run_address>
         <size>0x7</size>
         <input_file_ref idref="fl-7"/>
      </object_component>
      <object_component id="oc-b7">
         <name>DcsmCommonRegsFile</name>
         <uninitialized>true</uninitialized>
         <run_address>0x5f070</run_address>
         <size>0x6</size>
         <input_file_ref idref="fl-7"/>
      </object_component>
      <object_component id="oc-e0">
         <name>DcsmZ1RegsFile</name>
         <uninitialized>true</uninitialized>
         <run_address>0x5f000</run_address>
         <size>0x22</size>
         <input_file_ref idref="fl-7"/>
      </object_component>
      <object_component id="oc-e1">
         <name>DcsmZ2RegsFile</name>
         <uninitialized>true</uninitialized>
         <run_address>0x5f040</run_address>
         <size>0x22</size>
         <input_file_ref idref="fl-7"/>
      </object_component>
      <object_component id="oc-119">
         <name>DevCfgRegsFile</name>
         <uninitialized>true</uninitialized>
         <run_address>0x5d000</run_address>
         <size>0x12e</size>
         <input_file_ref idref="fl-7"/>
      </object_component>
      <object_component id="oc-cf">
         <name>DmaClaSrcSelRegsFile</name>
         <uninitialized>true</uninitialized>
         <run_address>0x7980</run_address>
         <size>0x1a</size>
         <input_file_ref idref="fl-7"/>
      </object_component>
      <object_component id="oc-108">
         <name>DmaRegsFile</name>
         <uninitialized>true</uninitialized>
         <run_address>0x1000</run_address>
         <size>0xe0</size>
         <input_file_ref idref="fl-7"/>
      </object_component>
      <object_component id="oc-d0">
         <name>ECap1RegsFile</name>
         <uninitialized>true</uninitialized>
         <run_address>0x5000</run_address>
         <size>0x1a</size>
         <input_file_ref idref="fl-7"/>
      </object_component>
      <object_component id="oc-d1">
         <name>ECap2RegsFile</name>
         <uninitialized>true</uninitialized>
         <run_address>0x5020</run_address>
         <size>0x1a</size>
         <input_file_ref idref="fl-7"/>
      </object_component>
      <object_component id="oc-d2">
         <name>ECap3RegsFile</name>
         <uninitialized>true</uninitialized>
         <run_address>0x5040</run_address>
         <size>0x1a</size>
         <input_file_ref idref="fl-7"/>
      </object_component>
      <object_component id="oc-d3">
         <name>ECap4RegsFile</name>
         <uninitialized>true</uninitialized>
         <run_address>0x5060</run_address>
         <size>0x1a</size>
         <input_file_ref idref="fl-7"/>
      </object_component>
      <object_component id="oc-d4">
         <name>ECap5RegsFile</name>
         <uninitialized>true</uninitialized>
         <run_address>0x5080</run_address>
         <size>0x1a</size>
         <input_file_ref idref="fl-7"/>
      </object_component>
      <object_component id="oc-d5">
         <name>ECap6RegsFile</name>
         <uninitialized>true</uninitialized>
         <run_address>0x50a0</run_address>
         <size>0x1a</size>
         <input_file_ref idref="fl-7"/>
      </object_component>
      <object_component id="oc-c0">
         <name>Emif1ConfigRegsFile</name>
         <uninitialized>true</uninitialized>
         <run_address>0x5f480</run_address>
         <size>0xa</size>
         <input_file_ref idref="fl-7"/>
      </object_component>
      <object_component id="oc-c1">
         <name>Emif2ConfigRegsFile</name>
         <uninitialized>true</uninitialized>
         <run_address>0x5f4a0</run_address>
         <size>0xa</size>
         <input_file_ref idref="fl-7"/>
      </object_component>
      <object_component id="oc-ea">
         <name>Emif1RegsFile</name>
         <uninitialized>true</uninitialized>
         <run_address>0x47000</run_address>
         <size>0x28</size>
         <input_file_ref idref="fl-7"/>
      </object_component>
      <object_component id="oc-eb">
         <name>Emif2RegsFile</name>
         <uninitialized>true</uninitialized>
         <run_address>0x47800</run_address>
         <size>0x28</size>
         <input_file_ref idref="fl-7"/>
      </object_component>
      <object_component id="oc-109">
         <name>EPwm1RegsFile</name>
         <uninitialized>true</uninitialized>
         <run_address>0x4000</run_address>
         <size>0x100</size>
         <input_file_ref idref="fl-7"/>
      </object_component>
      <object_component id="oc-10a">
         <name>EPwm2RegsFile</name>
         <uninitialized>true</uninitialized>
         <run_address>0x4100</run_address>
         <size>0x100</size>
         <input_file_ref idref="fl-7"/>
      </object_component>
      <object_component id="oc-10b">
         <name>EPwm3RegsFile</name>
         <uninitialized>true</uninitialized>
         <run_address>0x4200</run_address>
         <size>0x100</size>
         <input_file_ref idref="fl-7"/>
      </object_component>
      <object_component id="oc-10c">
         <name>EPwm4RegsFile</name>
         <uninitialized>true</uninitialized>
         <run_address>0x4300</run_address>
         <size>0x100</size>
         <input_file_ref idref="fl-7"/>
      </object_component>
      <object_component id="oc-10d">
         <name>EPwm5RegsFile</name>
         <uninitialized>true</uninitialized>
         <run_address>0x4400</run_address>
         <size>0x100</size>
         <input_file_ref idref="fl-7"/>
      </object_component>
      <object_component id="oc-10e">
         <name>EPwm6RegsFile</name>
         <uninitialized>true</uninitialized>
         <run_address>0x4500</run_address>
         <size>0x100</size>
         <input_file_ref idref="fl-7"/>
      </object_component>
      <object_component id="oc-10f">
         <name>EPwm7RegsFile</name>
         <uninitialized>true</uninitialized>
         <run_address>0x4600</run_address>
         <size>0x100</size>
         <input_file_ref idref="fl-7"/>
      </object_component>
      <object_component id="oc-110">
         <name>EPwm8RegsFile</name>
         <uninitialized>true</uninitialized>
         <run_address>0x4700</run_address>
         <size>0x100</size>
         <input_file_ref idref="fl-7"/>
      </object_component>
      <object_component id="oc-111">
         <name>EPwm9RegsFile</name>
         <uninitialized>true</uninitialized>
         <run_address>0x4800</run_address>
         <size>0x100</size>
         <input_file_ref idref="fl-7"/>
      </object_component>
      <object_component id="oc-112">
         <name>EPwm10RegsFile</name>
         <uninitialized>true</uninitialized>
         <run_address>0x4900</run_address>
         <size>0x100</size>
         <input_file_ref idref="fl-7"/>
      </object_component>
      <object_component id="oc-113">
         <name>EPwm11RegsFile</name>
         <uninitialized>true</uninitialized>
         <run_address>0x4a00</run_address>
         <size>0x100</size>
         <input_file_ref idref="fl-7"/>
      </object_component>
      <object_component id="oc-114">
         <name>EPwm12RegsFile</name>
         <uninitialized>true</uninitialized>
         <run_address>0x4b00</run_address>
         <size>0x100</size>
         <input_file_ref idref="fl-7"/>
      </object_component>
      <object_component id="oc-fd">
         <name>EPwmXbarRegsFile</name>
         <uninitialized>true</uninitialized>
         <run_address>0x7a00</run_address>
         <size>0x40</size>
         <input_file_ref idref="fl-7"/>
      </object_component>
      <object_component id="oc-e2">
         <name>EQep1RegsFile</name>
         <uninitialized>true</uninitialized>
         <run_address>0x5100</run_address>
         <size>0x22</size>
         <input_file_ref idref="fl-7"/>
      </object_component>
      <object_component id="oc-e3">
         <name>EQep2RegsFile</name>
         <uninitialized>true</uninitialized>
         <run_address>0x5140</run_address>
         <size>0x22</size>
         <input_file_ref idref="fl-7"/>
      </object_component>
      <object_component id="oc-e4">
         <name>EQep3RegsFile</name>
         <uninitialized>true</uninitialized>
         <run_address>0x5180</run_address>
         <size>0x22</size>
         <input_file_ref idref="fl-7"/>
      </object_component>
      <object_component id="oc-11d">
         <name>Flash0CtrlRegsFile</name>
         <uninitialized>true</uninitialized>
         <run_address>0x5f800</run_address>
         <size>0x182</size>
         <input_file_ref idref="fl-7"/>
      </object_component>
      <object_component id="oc-ec">
         <name>Flash0EccRegsFile</name>
         <uninitialized>true</uninitialized>
         <run_address>0x5fb00</run_address>
         <size>0x28</size>
         <input_file_ref idref="fl-7"/>
      </object_component>
      <object_component id="oc-b4">
         <name>FlashPumpSemaphoreRegsFile</name>
         <uninitialized>true</uninitialized>
         <run_address>0x50024</run_address>
         <size>0x2</size>
         <input_file_ref idref="fl-7"/>
      </object_component>
      <object_component id="oc-11c">
         <name>GpioCtrlRegsFile</name>
         <uninitialized>true</uninitialized>
         <run_address>0x7c00</run_address>
         <size>0x180</size>
         <input_file_ref idref="fl-7"/>
      </object_component>
      <object_component id="oc-ef">
         <name>GpioDataRegsFile</name>
         <uninitialized>true</uninitialized>
         <run_address>0x7f00</run_address>
         <size>0x30</size>
         <input_file_ref idref="fl-7"/>
      </object_component>
      <object_component id="oc-e5">
         <name>I2caRegsFile</name>
         <uninitialized>true</uninitialized>
         <run_address>0x7300</run_address>
         <size>0x22</size>
         <input_file_ref idref="fl-7"/>
      </object_component>
      <object_component id="oc-e6">
         <name>I2cbRegsFile</name>
         <uninitialized>true</uninitialized>
         <run_address>0x7340</run_address>
         <size>0x22</size>
         <input_file_ref idref="fl-7"/>
      </object_component>
      <object_component id="oc-df">
         <name>InputXbarRegsFile</name>
         <uninitialized>true</uninitialized>
         <run_address>0x7900</run_address>
         <size>0x20</size>
         <input_file_ref idref="fl-7"/>
      </object_component>
      <object_component id="oc-e7">
         <name>IpcRegsFile</name>
         <uninitialized>true</uninitialized>
         <run_address>0x50000</run_address>
         <size>0x24</size>
         <input_file_ref idref="fl-7"/>
      </object_component>
      <object_component id="oc-f1">
         <name>MemoryErrorRegsFile</name>
         <uninitialized>true</uninitialized>
         <run_address>0x5f500</run_address>
         <size>0x3a</size>
         <input_file_ref idref="fl-7"/>
      </object_component>
      <object_component id="oc-102">
         <name>MemCfgRegsFile</name>
         <uninitialized>true</uninitialized>
         <run_address>0x5f400</run_address>
         <size>0x76</size>
         <input_file_ref idref="fl-7"/>
      </object_component>
      <object_component id="oc-e8">
         <name>McbspaRegsFile</name>
         <uninitialized>true</uninitialized>
         <run_address>0x6000</run_address>
         <size>0x24</size>
         <input_file_ref idref="fl-7"/>
      </object_component>
      <object_component id="oc-e9">
         <name>McbspbRegsFile</name>
         <uninitialized>true</uninitialized>
         <run_address>0x6040</run_address>
         <size>0x24</size>
         <input_file_ref idref="fl-7"/>
      </object_component>
      <object_component id="oc-bc">
         <name>NmiIntruptRegsFile</name>
         <uninitialized>true</uninitialized>
         <run_address>0x7060</run_address>
         <size>0x7</size>
         <input_file_ref idref="fl-7"/>
      </object_component>
      <object_component id="oc-fe">
         <name>OutputXbarRegsFile</name>
         <uninitialized>true</uninitialized>
         <run_address>0x7a80</run_address>
         <size>0x40</size>
         <input_file_ref idref="fl-7"/>
      </object_component>
      <object_component id="oc-d6">
         <name>PieCtrlRegsFile</name>
         <uninitialized>true</uninitialized>
         <run_address>0xce0</run_address>
         <size>0x1a</size>
         <input_file_ref idref="fl-7"/>
      </object_component>
      <object_component id="oc-b5">
         <name>RomPrefetchRegsFile</name>
         <uninitialized>true</uninitialized>
         <run_address>0x5e608</run_address>
         <size>0x2</size>
         <input_file_ref idref="fl-7"/>
      </object_component>
      <object_component id="oc-b6">
         <name>RomWaitStateRegsFile</name>
         <uninitialized>true</uninitialized>
         <run_address>0x5f540</run_address>
         <size>0x2</size>
         <input_file_ref idref="fl-7"/>
      </object_component>
      <object_component id="oc-c4">
         <name>SciaRegsFile</name>
         <uninitialized>true</uninitialized>
         <run_address>0x7200</run_address>
         <size>0x10</size>
         <input_file_ref idref="fl-7"/>
      </object_component>
      <object_component id="oc-c5">
         <name>ScibRegsFile</name>
         <uninitialized>true</uninitialized>
         <run_address>0x7210</run_address>
         <size>0x10</size>
         <input_file_ref idref="fl-7"/>
      </object_component>
      <object_component id="oc-c6">
         <name>ScicRegsFile</name>
         <uninitialized>true</uninitialized>
         <run_address>0x7220</run_address>
         <size>0x10</size>
         <input_file_ref idref="fl-7"/>
      </object_component>
      <object_component id="oc-c7">
         <name>ScidRegsFile</name>
         <uninitialized>true</uninitialized>
         <run_address>0x7230</run_address>
         <size>0x10</size>
         <input_file_ref idref="fl-7"/>
      </object_component>
      <object_component id="oc-ff">
         <name>Sdfm1RegsFile</name>
         <uninitialized>true</uninitialized>
         <run_address>0x5e00</run_address>
         <size>0x48</size>
         <input_file_ref idref="fl-7"/>
      </object_component>
      <object_component id="oc-100">
         <name>Sdfm2RegsFile</name>
         <uninitialized>true</uninitialized>
         <run_address>0x5e80</run_address>
         <size>0x48</size>
         <input_file_ref idref="fl-7"/>
      </object_component>
      <object_component id="oc-c8">
         <name>SpiaRegsFile</name>
         <uninitialized>true</uninitialized>
         <run_address>0x6100</run_address>
         <size>0x10</size>
         <input_file_ref idref="fl-7"/>
      </object_component>
      <object_component id="oc-c9">
         <name>SpibRegsFile</name>
         <uninitialized>true</uninitialized>
         <run_address>0x6110</run_address>
         <size>0x10</size>
         <input_file_ref idref="fl-7"/>
      </object_component>
      <object_component id="oc-ca">
         <name>SpicRegsFile</name>
         <uninitialized>true</uninitialized>
         <run_address>0x6120</run_address>
         <size>0x10</size>
         <input_file_ref idref="fl-7"/>
      </object_component>
      <object_component id="oc-b8">
         <name>SyncSocRegsFile</name>
         <uninitialized>true</uninitialized>
         <run_address>0x7940</run_address>
         <size>0x6</size>
         <input_file_ref idref="fl-7"/>
      </object_component>
      <object_component id="oc-101">
         <name>UppRegsFile</name>
         <uninitialized>true</uninitialized>
         <run_address>0x6200</run_address>
         <size>0x48</size>
         <input_file_ref idref="fl-7"/>
      </object_component>
      <object_component id="oc-ed">
         <name>WdRegsFile</name>
         <uninitialized>true</uninitialized>
         <run_address>0x7000</run_address>
         <size>0x2b</size>
         <input_file_ref idref="fl-7"/>
      </object_component>
      <object_component id="oc-c3">
         <name>XbarRegsFile</name>
         <uninitialized>true</uninitialized>
         <run_address>0x7920</run_address>
         <size>0xe</size>
         <input_file_ref idref="fl-7"/>
      </object_component>
      <object_component id="oc-c2">
         <name>XintRegsFile</name>
         <uninitialized>true</uninitialized>
         <run_address>0x7070</run_address>
         <size>0xb</size>
         <input_file_ref idref="fl-7"/>
      </object_component>
      <object_component id="oc-97">
         <name>.debug_info</name>
         <load_address>0x0</load_address>
         <run_address>0x0</run_address>
         <size>0x46ec</size>
         <input_file_ref idref="fl-2"/>
      </object_component>
      <object_component id="oc-9f">
         <name>.debug_info</name>
         <load_address>0x46ec</load_address>
         <run_address>0x46ec</run_address>
         <size>0x1fd</size>
         <input_file_ref idref="fl-3"/>
      </object_component>
      <object_component id="oc-a2">
         <name>.debug_info</name>
         <load_address>0x48e9</load_address>
         <run_address>0x48e9</run_address>
         <size>0xad8</size>
         <input_file_ref idref="fl-4"/>
      </object_component>
      <object_component id="oc-a8">
         <name>.debug_info</name>
         <load_address>0x53c1</load_address>
         <run_address>0x53c1</run_address>
         <size>0x7ef7</size>
         <input_file_ref idref="fl-5"/>
      </object_component>
      <object_component id="oc-ae">
         <name>.debug_info</name>
         <load_address>0xd2b8</load_address>
         <run_address>0xd2b8</run_address>
         <size>0xf98b</size>
         <input_file_ref idref="fl-6"/>
      </object_component>
      <object_component id="oc-b3">
         <name>.debug_info</name>
         <load_address>0x1cc43</load_address>
         <run_address>0x1cc43</run_address>
         <size>0x57338</size>
         <input_file_ref idref="fl-7"/>
      </object_component>
      <object_component id="oc-120">
         <name>.debug_info</name>
         <load_address>0x73f7b</load_address>
         <run_address>0x73f7b</run_address>
         <size>0x1a704</size>
         <input_file_ref idref="fl-8"/>
      </object_component>
      <object_component id="oc-125">
         <name>.debug_info</name>
         <load_address>0x8e67f</load_address>
         <run_address>0x8e67f</run_address>
         <size>0x167b</size>
         <input_file_ref idref="fl-9"/>
      </object_component>
      <object_component id="oc-12a">
         <name>.debug_info</name>
         <load_address>0x8fcfa</load_address>
         <run_address>0x8fcfa</run_address>
         <size>0x18912</size>
         <input_file_ref idref="fl-a"/>
      </object_component>
      <object_component id="oc-12f">
         <name>.debug_info</name>
         <load_address>0xa860c</load_address>
         <run_address>0xa860c</run_address>
         <size>0x36a6</size>
         <input_file_ref idref="fl-b"/>
      </object_component>
      <object_component id="oc-134">
         <name>.debug_info</name>
         <load_address>0xabcb2</load_address>
         <run_address>0xabcb2</run_address>
         <size>0x67e6</size>
         <input_file_ref idref="fl-c"/>
      </object_component>
      <object_component id="oc-139">
         <name>.debug_info</name>
         <load_address>0xb2498</load_address>
         <run_address>0xb2498</run_address>
         <size>0xd928</size>
         <input_file_ref idref="fl-d"/>
      </object_component>
      <object_component id="oc-140">
         <name>.debug_info</name>
         <load_address>0xbfdc0</load_address>
         <run_address>0xbfdc0</run_address>
         <size>0x184</size>
         <input_file_ref idref="fl-e"/>
      </object_component>
      <object_component id="oc-143">
         <name>.debug_info</name>
         <load_address>0xbff44</load_address>
         <run_address>0xbff44</run_address>
         <size>0x760</size>
         <input_file_ref idref="fl-f"/>
      </object_component>
      <object_component id="oc-148">
         <name>.debug_info</name>
         <load_address>0xc06a4</load_address>
         <run_address>0xc06a4</run_address>
         <size>0x574</size>
         <input_file_ref idref="fl-10"/>
      </object_component>
      <object_component id="oc-14f">
         <name>.debug_info</name>
         <load_address>0xc0c18</load_address>
         <run_address>0xc0c18</run_address>
         <size>0xc43</size>
         <input_file_ref idref="fl-11"/>
      </object_component>
      <object_component id="oc-154">
         <name>.debug_info</name>
         <load_address>0xc185b</load_address>
[...]
      <symbol id="sm-9e3">
         <name>_LoRa_Packet_Counter</name>
         <value>0xaccf</value>
         <object_component_ref idref="oc-179"/>
      </symbol>
      <symbol id="sm-9e4">
         <name>_local_time_elapsed</name>
         <value>0xacd0</value>
         <object_component_ref idref="oc-179"/>
      </symbol>
      <symbol id="sm-9e5">
         <name>_old_setup_power</name>
         <value>0xacc7</value>
         <object_component_ref idref="oc-179"/>
      </symbol>
      <symbol id="sm-9e6">
         <name>_tmp</name>
         <value>0xc0c8</value>
         <object_component_ref idref="oc-2b2"/>
      </symbol>
      <symbol id="sm-9e7">
         <name>_filename</name>
         <value>0xae16</value>
         <object_component_ref idref="oc-2b0"/>
      </symbol>
      <symbol id="sm-9e8">
         <name>_n_setup</name>
         <value>0xacc6</value>
         <object_component_ref idref="oc-179"/>
      </symbol>
      <symbol id="sm-9e9">
         <name>_old_ack_power</name>
         <value>0xacca</value>
         <object_component_ref idref="oc-179"/>
      </symbol>
      <symbol id="sm-9ea">
         <name>_local_val</name>
         <value>0xacc3</value>
         <object_component_ref idref="oc-179"/>
      </symbol>
      <symbol id="sm-9eb">
         <name>_display</name>
         <value>0xf000</value>
         <object_component_ref idref="oc-17b"/>
      </symbol>
      <symbol id="sm-9ec">
         <name>_gpio_log</name>
         <value>0xace2</value>
         <object_component_ref idref="oc-179"/>
      </symbol>
      <symbol id="sm-9ed">
         <name>_imu_log</name>
         <value>0xad00</value>
         <object_component_ref idref="oc-179"/>
      </symbol>
      <symbol id="sm-9ee">
         <name>_var_v</name>
         <value>0xacc2</value>
         <object_component_ref idref="oc-179"/>
      </symbol>
      <symbol id="sm-a78">
         <name>_disk_status</name>
         <value>0x9b916</value>
         <object_component_ref idref="oc-292"/>
      </symbol>
      <symbol id="sm-a7a">
         <name>_disk_timerproc</name>
         <value>0x9ba9e</value>
         <object_component_ref idref="oc-292"/>
      </symbol>
      <symbol id="sm-a7c">
         <name>_disk_initialize</name>
         <value>0x9b858</value>
         <object_component_ref idref="oc-292"/>
      </symbol>
      <symbol id="sm-a7e">
         <name>_get_fattime</name>
         <value>0x9baaf</value>
         <object_component_ref idref="oc-292"/>
      </symbol>
      <symbol id="sm-a80">
         <name>_disk_ioctl</name>
         <value>0x9b9c9</value>
         <object_component_ref idref="oc-292"/>
      </symbol>
      <symbol id="sm-a82">
         <name>_disk_read</name>
         <value>0x9b921</value>
         <object_component_ref idref="oc-292"/>
      </symbol>
      <symbol id="sm-a84">
         <name>_disk_write</name>
         <value>0x9b96b</value>
         <object_component_ref idref="oc-292"/>
      </symbol>
      <symbol id="sm-b08">
         <name>_g_ulStatusStringIndex</name>
         <value>0xa802</value>
         <object_component_ref idref="oc-18c"/>
      </symbol>
      <symbol id="sm-b09">
         <name>_g_psCmdTable</name>
         <value>0xc080</value>
         <object_component_ref idref="oc-293"/>
      </symbol>
      <symbol id="sm-b0a">
         <name>_writeSD</name>
         <value>0x9bd24</value>
         <object_component_ref idref="oc-28f"/>
      </symbol>
      <symbol id="sm-b0c">
         <name>_Cmd_write</name>
         <value>0x9bbc7</value>
         <object_component_ref idref="oc-28f"/>
      </symbol>
      <symbol id="sm-b0e">
         <name>_SysTickHandler</name>
         <value>0x9d041</value>
         <object_component_ref idref="oc-18d"/>
      </symbol>
      <symbol id="sm-b10">
         <name>_Cmd_cd</name>
         <value>0x9bb5c</value>
         <object_component_ref idref="oc-28f"/>
      </symbol>
      <symbol id="sm-b12">
         <name>_g_sFresultStrings</name>
         <value>0xaf42</value>
         <object_component_ref idref="oc-294"/>
      </symbol>
      <symbol id="sm-b13">
         <name>_var</name>
         <value>0xa800</value>
         <object_component_ref idref="oc-18c"/>
      </symbol>
      <symbol id="sm-b14">
         <name>_setupSD</name>
         <value>0x9bce3</value>
         <object_component_ref idref="oc-28f"/>
      </symbol>
      <symbol id="sm-b16">
         <name>_reverse</name>
         <value>0x9bd4b</value>
         <object_component_ref idref="oc-28f"/>
      </symbol>
      <symbol id="sm-b18">
         <name>_Cmd_ls</name>
         <value>0x9bab4</value>
         <object_component_ref idref="oc-28f"/>
      </symbol>
      <symbol id="sm-b1a">
         <name>_Cmd_rm</name>
         <value>0x9bc98</value>
         <object_component_ref idref="oc-28f"/>
      </symbol>
      <symbol id="sm-b1c">
         <name>_Cmd_pwd</name>
         <value>0x9bb6c</value>
         <object_component_ref idref="oc-28f"/>
      </symbol>
      <symbol id="sm-b1e">
         <name>_diskResult</name>
         <value>0xa801</value>
         <object_component_ref idref="oc-18c"/>
      </symbol>
      <symbol id="sm-b1f">
         <name>_Cmd_mkdir</name>
         <value>0x9bc5d</value>
         <object_component_ref idref="oc-28f"/>
      </symbol>
      <symbol id="sm-b21">
         <name>_Cmd_cat</name>
         <value>0x9bb72</value>
         <object_component_ref idref="oc-28f"/>
      </symbol>
      <symbol id="sm-b23">
         <name>_Cmd_help</name>
         <value>0x9bcd3</value>
         <object_component_ref idref="oc-28f"/>
      </symbol>
      <symbol id="sm-b58">
         <name>_SysCtlLowSpeedClockGet</name>
         <value>0x9be7d</value>
         <object_component_ref idref="oc-2ae"/>
      </symbol>
      <symbol id="sm-b5a">
         <name>_SysCtlUSBPLLEnable</name>
         <value>0x9bfb6</value>
         <object_component_ref idref="oc-2ae"/>
      </symbol>
      <symbol id="sm-b5c">
         <name>_SysCtlPeripheralPresent</name>
         <value>0x9bd6d</value>
         <object_component_ref idref="oc-2ae"/>
      </symbol>
      <symbol id="sm-b5e">
         <name>_SysCtlAuxClockSet</name>
         <value>0x9bf34</value>
         <object_component_ref idref="oc-2ae"/>
      </symbol>
      <symbol id="sm-b60">
         <name>_SysCtlClockSet</name>
         <value>0x9be94</value>
         <object_component_ref idref="oc-2ae"/>
      </symbol>
      <symbol id="sm-b62">
         <name>_SysCtlDelay</name>
         <value>0x803b</value>
         <object_component_ref idref="oc-196"/>
      </symbol>
      <symbol id="sm-b63">
         <name>_SysCtlUSBPLLDisable</name>
         <value>0x9bfb7</value>
         <object_component_ref idref="oc-2ae"/>
      </symbol>
      <symbol id="sm-b65">
         <name>_SysCtlReset</name>
         <value>0x9be27</value>
         <object_component_ref idref="oc-2ae"/>
      </symbol>
      <symbol id="sm-b67">
         <name>_SysCtlPeripheralEnable</name>
         <value>0x9bdf2</value>
         <object_component_ref idref="oc-2ae"/>
      </symbol>
      <symbol id="sm-b69">
         <name>_SysCtlPeripheralReady</name>
         <value>0x9bd8c</value>
         <object_component_ref idref="oc-2ae"/>
      </symbol>
      <symbol id="sm-b6b">
         <name>_SysCtlPeripheralReset</name>
         <value>0x9bdc6</value>
         <object_component_ref idref="oc-2ae"/>
      </symbol>
      <symbol id="sm-b6d">
         <name>_SysCtlPeripheralDisable</name>
         <value>0x9be0c</value>
         <object_component_ref idref="oc-2ae"/>
      </symbol>
      <symbol id="sm-b6f">
         <name>_SysCtlClockGet</name>
         <value>0x9be31</value>
         <object_component_ref idref="oc-2ae"/>
      </symbol>
      <symbol id="sm-b7c">
         <name>_SysTickIntDisable</name>
         <value>0x9cf59</value>
         <object_component_ref idref="oc-2ad"/>
      </symbol>
      <symbol id="sm-b7e">
         <name>_SysTickPeriodGet</name>
         <value>0x9cf6a</value>
         <object_component_ref idref="oc-2ad"/>
      </symbol>
      <symbol id="sm-b80">
         <name>_SysTickInit</name>
         <value>0x9cf1d</value>
         <object_component_ref idref="oc-2ad"/>
      </symbol>
      <symbol id="sm-b82">
         <name>_SysTickIntUnregister</name>
         <value>0x9cf44</value>
         <object_component_ref idref="oc-2ad"/>
      </symbol>
      <symbol id="sm-b84">
         <name>_SysTickIntEnable</name>
         <value>0x9cf4f</value>
         <object_component_ref idref="oc-2ad"/>
      </symbol>
      <symbol id="sm-b86">
         <name>_SysTickEnable</name>
         <value>0x9cf29</value>
         <object_component_ref idref="oc-2ad"/>
      </symbol>
      <symbol id="sm-b88">
         <name>_SysTickValueGet</name>
         <value>0x9cf6e</value>
         <object_component_ref idref="oc-2ad"/>
      </symbol>
      <symbol id="sm-b8a">
         <name>_SysTickDisable</name>
         <value>0x9cf30</value>
         <object_component_ref idref="oc-2ad"/>
      </symbol>
      <symbol id="sm-b8c">
         <name>_SysTickPeriodSet</name>
         <value>0x9cf63</value>
         <object_component_ref idref="oc-2ad"/>
      </symbol>
      <symbol id="sm-b8e">
         <name>_SysTickIntRegister</name>
         <value>0x9cf35</value>
         <object_component_ref idref="oc-2ad"/>
      </symbol>
      <symbol id="sm-b9e">
         <name>_uart_setup</name>
         <value>0x9cf72</value>
         <object_component_ref idref="oc-29e"/>
      </symbol>
      <symbol id="sm-ba0">
         <name>_scic_init</name>
         <value>0x9cf8b</value>
         <object_component_ref idref="oc-29e"/>
      </symbol>
      <symbol id="sm-ba2">
         <name>_scic_xmit</name>
         <value>0x9cf9d</value>
         <object_component_ref idref="oc-29e"/>
      </symbol>
      <symbol id="sm-ba4">
         <name>_scic_fifo_init</name>
         <value>0x9cfbe</value>
         <object_component_ref idref="oc-29e"/>
      </symbol>
      <symbol id="sm-ba6">
         <name>_scic_msg</name>
         <value>0x9cfab</value>
         <object_component_ref idref="oc-29e"/>
      </symbol>
      <symbol id="sm-bca">
         <name>_sprintf</name>
         <value>0x9d00f</value>
         <object_component_ref idref="oc-28e"/>
      </symbol>
      <symbol id="sm-be6">
         <name>_c_int00</name>
         <value>0x9cec7</value>
         <object_component_ref idref="oc-96"/>
      </symbol>
      <symbol id="sm-be7">
         <name>__stack</name>
         <value>0xb800</value>
         <object_component_ref idref="oc-1b3"/>
      </symbol>
      <symbol id="sm-bf8">
         <name>FS$$DIV</name>
         <value>0x9cce6</value>
         <object_component_ref idref="oc-1b9"/>
      </symbol>
      <symbol id="sm-c04">
         <name>LL$$AND</name>
         <value>0x9d2b7</value>
         <object_component_ref idref="oc-1be"/>
      </symbol>
      <symbol id="sm-c05">
         <name>LL$$OR</name>
         <value>0x9d2bf</value>
         <object_component_ref idref="oc-1be"/>
      </symbol>
      <symbol id="sm-c06">
         <name>LL$$XOR</name>
         <value>0x9d2c7</value>
         <object_component_ref idref="oc-1be"/>
      </symbol>
      <symbol id="sm-c32">
         <name>ULL$$MOD</name>
         <value>0x9c90d</value>
         <object_component_ref idref="oc-1c3"/>
      </symbol>
      <symbol id="sm-c33">
         <name>ULL$$DIV</name>
         <value>0x9c8de</value>
         <object_component_ref idref="oc-1c3"/>
      </symbol>
      <symbol id="sm-c34">
         <name>LL$$MOD</name>
         <value>0x9c8a4</value>
         <object_component_ref idref="oc-1c3"/>
      </symbol>
      <symbol id="sm-c35">
         <name>LL$$DIV</name>
         <value>0x9c868</value>
         <object_component_ref idref="oc-1c3"/>
      </symbol>
      <symbol id="sm-c41">
         <name>UL$$MOD</name>
         <value>0x9d121</value>
         <object_component_ref idref="oc-1c8"/>
      </symbol>
      <symbol id="sm-c42">
         <name>L$$MOD</name>
         <value>0x9d10c</value>
         <object_component_ref idref="oc-1c8"/>
      </symbol>
      <symbol id="sm-c43">
         <name>L$$DIV</name>
         <value>0x9d0fd</value>
         <object_component_ref idref="oc-1c8"/>
      </symbol>
      <symbol id="sm-c44">
         <name>UL$$DIV</name>
         <value>0x9d11a</value>
         <object_component_ref idref="oc-1c8"/>
      </symbol>
      <symbol id="sm-c53">
         <name>_copy_in</name>
         <value>0x9d1c3</value>
         <object_component_ref idref="oc-289"/>
      </symbol>
      <symbol id="sm-c65">
         <name>_memcpy</name>
         <value>0x9d262</value>
         <object_component_ref idref="oc-295"/>
      </symbol>
      <symbol id="sm-c72">
         <name>__system_pre_init</name>
         <value>0x9d38c</value>
         <object_component_ref idref="oc-288"/>
      </symbol>
      <symbol id="sm-c80">
         <name>__system_post_cinit</name>
         <value>0x99501</value>
         <object_component_ref idref="oc-28a"/>
      </symbol>
      <symbol id="sm-c95">
         <name>C$$EXIT</name>
         <value>0x9d127</value>
         <object_component_ref idref="oc-28c"/>
      </symbol>
      <symbol id="sm-c96">
         <name>_exit</name>
         <value>0x9d129</value>
         <object_component_ref idref="oc-28c"/>
      </symbol>
      <symbol id="sm-c98">
         <name>___TI_cleanup_ptr</name>
         <value>0xae34</value>
         <object_component_ref idref="oc-1e3"/>
      </symbol>
      <symbol id="sm-c99">
         <name>___TI_enable_exit_profile_output</name>
         <value>0xae32</value>
         <object_component_ref idref="oc-1e3"/>
      </symbol>
      <symbol id="sm-c9a">
         <name>_abort</name>
         <value>0x9d127</value>
         <object_component_ref idref="oc-28c"/>
      </symbol>
      <symbol id="sm-c9c">
         <name>___TI_dtors_ptr</name>
         <value>0xae36</value>
         <object_component_ref idref="oc-1e3"/>
      </symbol>
      <symbol id="sm-cb0">
         <name>__unlock</name>
         <value>0xaf7a</value>
         <object_component_ref idref="oc-2c6"/>
      </symbol>
      <symbol id="sm-cb1">
         <name>__lock</name>
         <value>0xaf78</value>
         <object_component_ref idref="oc-296"/>
      </symbol>
      <symbol id="sm-cb2">
         <name>__register_lock</name>
         <value>0x9d350</value>
         <object_component_ref idref="oc-2b3"/>
      </symbol>
      <symbol id="sm-cb4">
         <name>__nop</name>
         <value>0x9d354</value>
         <object_component_ref idref="oc-2b3"/>
      </symbol>
      <symbol id="sm-cb6">
         <name>__register_unlock</name>
         <value>0x9d34c</value>
         <object_component_ref idref="oc-2b3"/>
      </symbol>
      <symbol id="sm-cc6">
         <name>__args_main</name>
         <value>0x9d2f7</value>
         <object_component_ref idref="oc-28b"/>
      </symbol>
      <symbol id="sm-cd5">
         <name>_memcmp</name>
         <value>0x9d2e4</value>
         <object_component_ref idref="oc-2c2"/>
      </symbol>
      <symbol id="sm-ce4">
         <name>_memset</name>
         <value>0x9d380</value>
         <object_component_ref idref="oc-2ac"/>
      </symbol>
      <symbol id="sm-cf4">
         <name>_strcat</name>
         <value>0x9d35e</value>
         <object_component_ref idref="oc-2ab"/>
      </symbol>
      <symbol id="sm-d04">
         <name>_strchr</name>
         <value>0x9d336</value>
         <object_component_ref idref="oc-2c3"/>
      </symbol>
      <symbol id="sm-d13">
         <name>_strcmp</name>
         <value>0x9d342</value>
         <object_component_ref idref="oc-2aa"/>
      </symbol>
      <symbol id="sm-d21">
         <name>_strcpy</name>
         <value>0x9d387</value>
         <object_component_ref idref="oc-2a7"/>
      </symbol>
      <symbol id="sm-d2f">
         <name>_strlen</name>
         <value>0x9d378</value>
         <object_component_ref idref="oc-2a8"/>
      </symbol>
      <symbol id="sm-d40">
         <name>_strncpy</name>
         <value>0x9d2cf</value>
         <object_component_ref idref="oc-2a9"/>
      </symbol>
      <symbol id="sm-ea4">
         <name>___TI_printfi</name>
         <value>0x9a055</value>
         <object_component_ref idref="oc-2a2"/>
      </symbol>
      <symbol id="sm-eb8">
         <name>_frexpl</name>
         <value>0x9ce6d</value>
         <object_component_ref idref="oc-2c9"/>
      </symbol>
      <symbol id="sm-ed7">
         <name>_scalbnl</name>
         <value>0x9cb11</value>
         <object_component_ref idref="oc-2ca"/>
      </symbol>
      <symbol id="sm-ed9">
         <name>_ldexpl</name>
         <value>0x9cb11</value>
         <object_component_ref idref="oc-2ca"/>
      </symbol>
      <symbol id="sm-ef4">
         <name>FD$$ADD</name>
         <value>0x9cbbf</value>
         <object_component_ref idref="oc-22d"/>
      </symbol>
      <symbol id="sm-f04">
         <name>FD$$CMP</name>
         <value>0x9d0d3</value>
         <object_component_ref idref="oc-232"/>
      </symbol>
      <symbol id="sm-f16">
         <name>FD$$MPY</name>
         <value>0x9cd6e</value>
         <object_component_ref idref="oc-237"/>
      </symbol>
      <symbol id="sm-f23">
         <name>FD$$NEG</name>
         <value>0x9d355</value>
         <object_component_ref idref="oc-23c"/>
      </symbol>
      <symbol id="sm-f2f">
         <name>FD$$SUB</name>
         <value>0x9d328</value>
         <object_component_ref idref="oc-241"/>
      </symbol>
      <symbol id="sm-f3e">
         <name>FD$$TOI</name>
         <value>0x9d1e7</value>
         <object_component_ref idref="oc-246"/>
      </symbol>
      <symbol id="sm-f4d">
         <name>FD$$TOL</name>
         <value>0x9d208</value>
         <object_component_ref idref="oc-24b"/>
      </symbol>
      <symbol id="sm-f5b">
         <name>ULL$$CMP</name>
         <value>0x9d239</value>
         <object_component_ref idref="oc-250"/>
      </symbol>
      <symbol id="sm-f5c">
         <name>LL$$CMP</name>
         <value>0x9d227</value>
         <object_component_ref idref="oc-250"/>
      </symbol>
      <symbol id="sm-f6c">
         <name>I$$TOFD</name>
         <value>0x9d245</value>
         <object_component_ref idref="oc-255"/>
      </symbol>
      <symbol id="sm-f7c">
         <name>L$$TOFD</name>
         <value>0x9d29b</value>
         <object_component_ref idref="oc-25a"/>
      </symbol>
      <symbol id="sm-f8c">
         <name>FS$$TOFD</name>
         <value>0x9d27f</value>
         <object_component_ref idref="oc-25f"/>
      </symbol>
      <symbol id="sm-fa3">
         <name>FD$$DIV</name>
         <value>0x9cc5b</value>
         <object_component_ref idref="oc-264"/>
      </symbol>
      <symbol id="sm-fb1">
         <name>___TI_ltoa</name>
         <value>0x9d0a3</value>
         <object_component_ref idref="oc-2c8"/>
      </symbol>
      <symbol id="sm-fc6">
         <name>_atoi</name>
         <value>0x9d072</value>
         <object_component_ref idref="oc-2bd"/>
      </symbol>
      <symbol id="sm-fcf">
         <name>__ctypes_</name>
         <value>0x9136a</value>
         <object_component_ref idref="oc-2c7"/>
      </symbol>
      <symbol id="sm-fde">
         <name>_memccpy</name>
         <value>0x9d309</value>
         <object_component_ref idref="oc-2bf"/>
      </symbol>
      <symbol id="sm-fe9">
         <name>_errno</name>
         <value>0xaf7d</value>
         <object_component_ref idref="oc-27c"/>
      </symbol>
      <symbol id="sm-ff7">
         <name>_wcslen</name>
         <value>0x9d367</value>
         <object_component_ref idref="oc-2c0"/>
      </symbol>
      <symbol id="sm-1005">
         <name>_copysignl</name>
         <value>0x9d19e</value>
         <object_component_ref idref="oc-2cb"/>
      </symbol>
   </symbol_table>
   <title>Link successful</title>
</link_info>
