******************************************************************************
             TMS320C2000 Linker PC v21.6.0                     
******************************************************************************
>> Linked Tue Jul 12 20:09:34 2022

OUTPUT FILE NAME:   <cpu1_control_unit_test.out>
ENTRY POINT SYMBOL: "_c_int00"  address: 0009d037


MEMORY CONFIGURATION

         name            origin    length      used     unused   attr    fill
----------------------  --------  ---------  --------  --------  ----  --------
PAGE 0:
  RAMM0                 00000123   000002dd  00000000  000002dd  RWIX
  RAMLS0                00008000   00000800  0000003f  000007c1  RWIX
  RAMLS1                00008800   00000800  00000000  00000800  RWIX
  RAMLS2                00009000   00000800  00000000  00000800  RWIX
  RAMLS3                00009800   00000800  00000000  00000800  RWIX
  RAMLS4                0000a000   00000800  00000000  00000800  RWIX
  RAMD0                 0000b000   00000800  00000000  00000800  RWIX
  RAMGS14               0001a000   00001000  00000000  00001000  RWIX
  RAMGS15               0001b000   00000ff8  00000000  00000ff8  RWIX
  BEGIN                 00080000   00000002  00000002  00000000  RWIX
  FLASHA                00080002   00001ffe  00000000  00001ffe  RWIX
  FLASHB                00082000   00002000  000000fe  00001f02  RWIX
  FLASHC                00084000   00002000  00000000  00002000  RWIX
  FLASHD                00086000   00002000  0000003f  00001fc1  RWIX
  FLASHE                00088000   00008000  00000000  00008000  RWIX
  FLASHF                00090000   00008000  000016fe  00006902  RWIX
  FLASHG                00098000   00008000  000054fe  00002b02  RWIX
  FLASHH                000a0000   00008000  00000000  00008000  RWIX
  FLASHI                000a8000   00008000  00000000  00008000  RWIX
  FLASHJ                000b0000   00008000  00000000  00008000  RWIX
  FLASHK                000b8000   00002000  00000000  00002000  RWIX
  FLASHL                000ba000   00002000  00000000  00002000  RWIX
  FLASHM                000bc000   00002000  00000000  00002000  RWIX
  FLASHN                000be000   00001ff0  00000000  00001ff0  RWIX
  RESET                 003fffc0   00000002  00000000  00000002  RWIX

PAGE 1:
  BOOT_RSVD             00000002   00000121  00000000  00000121  RWIX
  RAMM1                 00000400   000003f8  00000000  000003f8  RWIX
  ADCARESULT            00000b00   00000018  00000018  00000000  RWIX
  ADCBRESULT            00000b20   00000018  00000018  00000000  RWIX
  ADCCRESULT            00000b40   00000018  00000018  00000000  RWIX
  ADCDRESULT            00000b60   00000018  00000018  00000000  RWIX
  CPUTIMER0             00000c00   00000008  00000008  00000000  RWIX
  CPUTIMER1             00000c08   00000008  00000008  00000000  RWIX
  CPUTIMER2             00000c10   00000008  00000008  00000000  RWIX
  PIECTRL               00000ce0   0000001a  0000001a  00000000  RWIX
  PIEVECTTABLE          00000d00   00000200  000001c0  00000040  RWIX
  DMA                   00001000   00000200  000000e0  00000120  RWIX
  CLA1                  00001400   00000080  0000003e  00000042  RWIX
  CLB1LOGICCFG          00003000   00000052  0000003e  00000014  RWIX
  CLB1LOGICCTRL         00003100   00000040  00000040  00000000  RWIX
  CLB1DATAEXCH          00003200   00000200  00000108  000000f8  RWIX
  CLB2LOGICCFG          00003400   00000052  0000003e  00000014  RWIX
  CLB2LOGICCTRL         00003500   00000040  00000040  00000000  RWIX
  CLB2DATAEXCH          00003600   00000200  00000108  000000f8  RWIX
  CLB3LOGICCFG          00003800   00000052  0000003e  00000014  RWIX
  CLB3LOGICCTRL         00003900   00000040  00000040  00000000  RWIX
  CLB3DATAEXCH          00003a00   00000200  00000108  000000f8  RWIX
  CLB4LOGICCFG          00003c00   00000052  0000003e  00000014  RWIX
  CLB4LOGICCTRL         00003d00   00000040  00000040  00000000  RWIX
  CLB4DATAEXCH          00003e00   00000200  00000108  000000f8  RWIX
  EPWM1                 00004000   00000100  00000100  00000000  RWIX
  EPWM2                 00004100   00000100  00000100  00000000  RWIX
  EPWM3                 00004200   00000100  00000100  00000000  RWIX
  EPWM4                 00004300   00000100  00000100  00000000  RWIX
  EPWM5                 00004400   00000100  00000100  00000000  RWIX
  EPWM6                 00004500   00000100  00000100  00000000  RWIX
  EPWM7                 00004600   00000100  00000100  00000000  RWIX
  EPWM8                 00004700   00000100  00000100  00000000  RWIX
  EPWM9                 00004800   00000100  00000100  00000000  RWIX
  EPWM10                00004900   00000100  00000100  00000000  RWIX
  EPWM11                00004a00   00000100  00000100  00000000  RWIX
  EPWM12                00004b00   00000100  00000100  00000000  RWIX
  ECAP1                 00005000   00000020  0000001a  00000006  RWIX
  ECAP2                 00005020   00000020  0000001a  00000006  RWIX
  ECAP3                 00005040   00000020  0000001a  00000006  RWIX
  ECAP4                 00005060   00000020  0000001a  00000006  RWIX
  ECAP5                 00005080   00000020  0000001a  00000006  RWIX
  ECAP6                 000050a0   00000020  0000001a  00000006  RWIX
  EQEP1                 00005100   00000022  00000022  00000000  RWIX
  EQEP2                 00005140   00000022  00000022  00000000  RWIX
  EQEP3                 00005180   00000022  00000022  00000000  RWIX
  DACA                  00005c00   00000008  00000007  00000001  RWIX
  DACB                  00005c10   00000008  00000007  00000001  RWIX
  DACC                  00005c20   00000008  00000007  00000001  RWIX
  CMPSS1                00005c80   00000020  0000001b  00000005  RWIX
  CMPSS2                00005ca0   00000020  0000001b  00000005  RWIX
  CMPSS3                00005cc0   00000020  0000001b  00000005  RWIX
  CMPSS4                00005ce0   00000020  0000001b  00000005  RWIX
  CMPSS5                00005d00   00000020  0000001b  00000005  RWIX
  CMPSS6                00005d20   00000020  0000001b  00000005  RWIX
  CMPSS7                00005d40   00000020  0000001b  00000005  RWIX
  CMPSS8                00005d60   00000020  0000001b  00000005  RWIX
  SDFM1                 00005e00   00000080  00000048  00000038  RWIX
  SDFM2                 00005e80   00000080  00000048  00000038  RWIX
  MCBSPA                00006000   00000024  00000024  00000000  RWIX
  MCBSPB                00006040   00000024  00000024  00000000  RWIX
  SPIA                  00006100   00000010  00000010  00000000  RWIX
  SPIB                  00006110   00000010  00000010  00000000  RWIX
  SPIC                  00006120   00000010  00000010  00000000  RWIX
  UPP                   00006200   00000048  00000048  00000000  RWIX
  WD                    00007000   0000002b  0000002b  00000000  RWIX
  NMIINTRUPT            00007060   00000007  00000007  00000000  RWIX
  XINT                  00007070   0000000b  0000000b  00000000  RWIX
  SCIA                  00007200   00000010  00000010  00000000  RWIX
  SCIB                  00007210   00000010  00000010  00000000  RWIX
  SCIC                  00007220   00000010  00000010  00000000  RWIX
  SCID                  00007230   00000010  00000010  00000000  RWIX
  I2CA                  00007300   00000022  00000022  00000000  RWIX
  I2CB                  00007340   00000022  00000022  00000000  RWIX
  ADCA                  00007400   00000080  0000007c  00000004  RWIX
  ADCB                  00007480   00000080  0000007c  00000004  RWIX
  ADCC                  00007500   00000080  0000007c  00000004  RWIX
  ADCD                  00007580   00000080  0000007c  00000004  RWIX
  INPUTXBAR             00007900   00000020  00000020  00000000  RWIX
  XBAR                  00007920   00000020  0000000e  00000012  RWIX
  SYNCSOC               00007940   00000006  00000006  00000000  RWIX
  DMACLASRCSEL          00007980   0000001a  0000001a  00000000  RWIX
  EPWMXBAR              00007a00   00000040  00000040  00000000  RWIX
  CLBXBAR               00007a40   00000040  00000040  00000000  RWIX
  OUTPUTXBAR            00007a80   00000040  00000040  00000000  RWIX
  GPIOCTRL              00007c00   00000180  00000180  00000000  RWIX
  GPIODATA              00007f00   00000030  00000030  00000000  RWIX
  RAMLS5                0000a800   00000800  000007d0  00000030  RWIX
  RAMD1                 0000b800   00000800  000003f8  00000408  RWIX
  RAMGS0                0000c000   00001000  000000ca  00000f36  RWIX
  RAMGS1                0000d000   00001000  000000d6  00000f2a  RWIX
  RAMGS2                0000e000   00001000  00000002  00000ffe  RWIX
  RAMGS3                0000f000   00001000  00000005  00000ffb  RWIX
  RAMGS4                00010000   00001000  00000000  00001000  RWIX
  RAMGS5                00011000   00001000  00000000  00001000  RWIX
  RAMGS6                00012000   00001000  00000000  00001000  RWIX
  RAMGS7                00013000   00001000  00000000  00001000  RWIX
  RAMGS8                00014000   00001000  00000000  00001000  RWIX
  RAMGS9                00015000   00001000  00000000  00001000  RWIX
  RAMGS10               00016000   00001000  00000000  00001000  RWIX
  RAMGS11               00017000   00001000  00000000  00001000  RWIX
  RAMGS12               00018000   00001000  00000000  00001000  RWIX
  RAMGS13               00019000   00001000  00000000  00001000  RWIX
  CPU2TOCPU1RAM         0003f800   00000400  00000000  00000400  RWIX
  CPU1TOCPU2RAM         0003fc00   00000400  00000000  00000400  RWIX
  EMIF1                 00047000   00000070  00000028  00000048  RWIX
  EMIF2                 00047800   00000070  00000028  00000048  RWIX
  CANA                  00048000   00000200  00000164  0000009c  RWIX
  CANB                  0004a000   00000200  00000164  0000009c  RWIX
  IPC                   00050000   00000024  00000024  00000000  RWIX
  FLASHPUMPSEMAPHORE    00050024   00000002  00000002  00000000  RWIX
  DEVCFG                0005d000   0000012e  0000012e  00000000  RWIX
  ANALOGSUBSYS          0005d180   00000048  0000003e  0000000a  RWIX
  CLKCFG                0005d200   00000032  00000032  00000000  RWIX
  CPUSYS                0005d300   00000082  00000082  00000000  RWIX
  ROMPREFETCH           0005e608   00000002  00000002  00000000  RWIX
  DCSMZ1                0005f000   00000023  00000022  00000001  RWIX
  DCSMZ2                0005f040   00000023  00000022  00000001  RWIX
  DCSMCOMMON            0005f070   00000008  00000006  00000002  RWIX
  MEMCFG                0005f400   00000080  00000076  0000000a  RWIX
  EMIF1CONFIG           0005f480   00000020  0000000a  00000016  RWIX
  EMIF2CONFIG           0005f4a0   00000020  0000000a  00000016  RWIX
  ACCESSPROTECTION      0005f4c0   00000040  0000002e  00000012  RWIX
  MEMORYERROR           0005f500   00000040  0000003a  00000006  RWIX
  ROMWAITSTATE          0005f540   00000002  00000002  00000000  RWIX
  FLASH0CTRL            0005f800   00000182  00000182  00000000  RWIX
  FLASH0ECC             0005fb00   00000028  00000028  00000000  RWIX


SECTION ALLOCATION MAP

 output                                  attributes/
section   page    origin      length       input sections
--------  ----  ----------  ----------   ----------------
codestart 
*          0    00080000    00000002     
                  00080000    00000002     F2837xD_CodeStartBranch.obj (codestart)

.cinit     0    00082000    000000fe     
                  00082000    0000004b     sd_card.obj (.cinit:_g_psCmdTable)
                  0008204b    00000037     sd_card.obj (.cinit:_g_sFresultStrings)
                  00082082    00000024     main.obj (.cinit)
                  000820a6    0000000e     rts2800_fpu32.lib : exit.c.obj (.cinit)
                  000820b4    0000000d     GPIO_management.obj (.cinit:_gpioInput)
                  000820c1    0000000b     GPIO_management.obj (.cinit:_gpioOutput)
                  000820cc    00000009     sd_card.obj (.cinit)
                  000820d5    00000008     mmc_F2837x.obj (.cinit)
                  000820dd    00000005     rts2800_fpu32.lib : _lock.c.obj (.cinit:__lock)
                  000820e2    00000005                       : _lock.c.obj (.cinit:__unlock)
                  000820e7    00000005     sd_card.obj (.cinit:_g_cCwdBuf)
                  000820ec    00000004     LoRa.obj (.cinit)
                  000820f0    00000004     display.obj (.cinit)
                  000820f4    00000004     rts2800_fpu32.lib : errno.c.obj (.cinit)
                  000820f8    00000004     ustdlib.obj (.cinit)
                  000820fc    00000002     --HOLE-- [fill = 0]

.text      0    00098000    000054fe     
                  00098000    00001501     ff.obj (.text)
                  00099501    00000001     rts2800_fpu32.lib : startup.c.obj (.text)
                  00099502    000006da                       : _printfi.c.obj (.text)
                  00099bdc    000006b7     display.obj (.text)
                  0009a293    0000060a     rts2800_fpu32.lib : _printfi.c.obj (.text:__TI_printfi)
                  0009a89d    00000585     F2837xD_DefaultISR.obj (.text:retain)
                  0009ae22    00000522     can.obj (.text)
                  0009b344    000004b4     F2837xD_SysCtrl.obj (.text)
                  0009b7f8    0000042c     mmc_F2837x.obj (.text)
                  0009bc24    000002b9     sd_card.obj (.text)
                  0009bedd    0000024b     sysctl.obj (.text)
                  0009c128    00000244     F2837xD_Gpio.obj (.text)
                  0009c36c    000001cf     main.obj (.text)
                  0009c53b    000001ca     interrupt.obj (.text)
                  0009c705    0000016e     F2837xD_Ipc_Driver_Util.obj (.text)
                  0009c873    00000165     main.obj (.text:retain)
                  0009c9d8    00000107     rts2800_fpu32.lib : ll_div28.asm.obj (.text)
                  0009cadf    000000f0     F2837xD_EPwm.obj (.text)
                  0009cbcf    000000b2     GPIO_management.obj (.text)
                  0009cc81    000000ae     rts2800_fpu32.lib : s_scalbn.c.obj (.text)
                  0009cd2f    0000009c                       : fd_add28.asm.obj (.text)
                  0009cdcb    0000008b                       : fd_div28.asm.obj (.text)
                  0009ce56    00000088                       : fs_div28.asm.obj (.text)
                  0009cede    00000083                       : fd_mpy28.asm.obj (.text)
                  0009cf61    0000007c     F2837xD_CpuTimers.obj (.text)
                  0009cfdd    0000005a     rts2800_fpu32.lib : s_frexp.c.obj (.text)
                  0009d037    00000056                       : boot28.asm.obj (.text)
                  0009d08d    00000055     systick.obj (.text)
                  0009d0e2    00000054     uart.obj (.text)
                  0009d136    00000049     cmdline.obj (.text)
                  0009d17f    00000032     rts2800_fpu32.lib : sprintf.c.obj (.text)
                  0009d1b1    00000031     sd_card.obj (.text:retain)
                  0009d1e2    00000031     rts2800_fpu32.lib : atoi.c.obj (.text)
                  0009d213    00000030                       : _ltoa.c.obj (.text)
                  0009d243    0000002a                       : fd_cmp28.asm.obj (.text)
                  0009d26d    0000002a                       : l_div28.asm.obj (.text)
                  0009d297    00000029                       : exit.c.obj (.text)
                  0009d2c0    00000028     F2837xD_PieCtrl.obj (.text)
                  0009d2e8    00000026     F2837xD_PieVect.obj (.text)
                  0009d30e    00000025     rts2800_fpu32.lib : s_copysign.c.obj (.text)
                  0009d333    00000024                       : cpy_tbl.c.obj (.text)
                  0009d357    00000021                       : fd_toi28.asm.obj (.text)
                  0009d378    0000001f                       : fd_tol28.asm.obj (.text)
                  0009d397    0000001e                       : ll_cmp28.asm.obj (.text)
                  0009d3b5    0000001d                       : i_tofd28.asm.obj (.text)
                  0009d3d2    0000001d                       : memcpy.c.obj (.text)
                  0009d3ef    0000001c                       : fs_tofdfpu32.asm.obj (.text)
                  0009d40b    0000001c                       : l_tofd28.asm.obj (.text)
                  0009d427    00000018                       : ll_aox28.asm.obj (.text)
                  0009d43f    00000015                       : strncpy.c.obj (.text)
                  0009d454    00000013                       : memcmp.c.obj (.text)
                  0009d467    00000012                       : args_main.c.obj (.text)
                  0009d479    00000010                       : memccpy.c.obj (.text)
                  0009d489    0000000f     interrupt.obj (.text:retain)
                  0009d498    0000000e     rts2800_fpu32.lib : fd_sub28.asm.obj (.text)
                  0009d4a6    0000000c                       : strchr.c.obj (.text)
                  0009d4b2    0000000a                       : strcmp.c.obj (.text)
                  0009d4bc    00000009                       : _lock.c.obj (.text)
                  0009d4c5    00000009                       : fd_neg28.asm.obj (.text)
                  0009d4ce    00000009                       : strcat.c.obj (.text)
                  0009d4d7    00000009                       : wcslen.c.obj (.text)
                  0009d4e0    00000008     F2837xD_CodeStartBranch.obj (.text)
                  0009d4e8    00000008     rts2800_fpu32.lib : strlen.c.obj (.text)
                  0009d4f0    00000007                       : memset.c.obj (.text)
                  0009d4f7    00000005                       : strcpy.c.obj (.text)
                  0009d4fc    00000002                       : pre_init.c.obj (.text)

.stack     1    0000b800    000003f8     UNINITIALIZED
                  0000b800    000003f8     --HOLE--

.reset     0    003fffc0    00000002     DSECT
                  003fffc0    00000002     rts2800_fpu32.lib : boot28.asm.obj (.reset)

.pinit     0    00082000    00000000     UNINITIALIZED

SHARERAMGS1 
*          1    0000d000    000000d6     UNINITIALIZED
                  0000d000    000000d6     main.obj (SHARERAMGS1)

SHARERAMGS2 
*          1    0000e000    00000002     UNINITIALIZED
                  0000e000    00000002     main.obj (SHARERAMGS2)

SHARERAMGS3 
*          1    0000f000    00000005     UNINITIALIZED
                  0000f000    00000005     main.obj (SHARERAMGS3)

.TI.ramfunc 
*          0    00086000    0000003f     RUN ADDR = 00008000
                  00086000    00000037     F2837xD_SysCtrl.obj (.TI.ramfunc)
                  00086037    00000004     F2837xD_usDelay.obj (.TI.ramfunc)
                  0008603b    00000004     sysctl.obj (.TI.ramfunc)

GETBUFFER 
*          0    0003f800    00000000     DSECT

GETWRITEIDX 
*          0    0003f800    00000000     DSECT

PUTREADIDX 
*          0    0003f800    00000000     DSECT

.econst    0    00090000    000016fe     
                  00090000    00000a71     display.obj (.econst:.string)
                  00090a71    00000001     --HOLE-- [fill = 0]
                  00090a72    0000055c     main.obj (.econst:.string)
                  00090fce    00000236     sd_card.obj (.econst:.string)
                  00091204    000001c0     F2837xD_PieVect.obj (.econst:_PieVectTableInit)
                  000913c4    00000122     sd_card.obj (.econst:.string:_$P$T0$1)
                  000914e6    00000101     rts2800_fpu32.lib : ctype.c.obj (.econst:.string:__ctypes_)
                  000915e7    00000001     --HOLE-- [fill = 0]
                  000915e8    00000067     Telemetry.obj (.econst:.string)
                  0009164f    00000001     --HOLE-- [fill = 0]
                  00091650    00000026     rts2800_fpu32.lib : _printfi.c.obj (.econst:.string)
                  00091676    0000001c                       : _printfi.c.obj (.econst)
                  00091692    0000001c                       : s_scalbn.c.obj (.econst)
                  000916ae    00000019     ff.obj (.econst:.string)
                  000916c7    00000001     --HOLE-- [fill = 0]
                  000916c8    00000018     ustdlib.obj (.econst:.string)
                  000916e0    0000000a     ff.obj (.econst:.string:_DbcTbl)
                  000916ea    00000009     can.obj (.econst:_g_ui16CANBitValues)
                  000916f3    00000001     --HOLE-- [fill = 0]
                  000916f4    00000008     rts2800_fpu32.lib : s_frexp.c.obj (.econst)
                  000916fc    00000002     ustdlib.obj (.econst)

AdcaResultRegsFile 
*          1    00000b00    00000018     UNINITIALIZED
                  00000b00    00000018     F2837xD_GlobalVariableDefs.obj (AdcaResultRegsFile)

AdcbResultRegsFile 
*          1    00000b20    00000018     UNINITIALIZED
                  00000b20    00000018     F2837xD_GlobalVariableDefs.obj (AdcbResultRegsFile)

AdccResultRegsFile 
*          1    00000b40    00000018     UNINITIALIZED
                  00000b40    00000018     F2837xD_GlobalVariableDefs.obj (AdccResultRegsFile)

AdcdResultRegsFile 
*          1    00000b60    00000018     UNINITIALIZED
                  00000b60    00000018     F2837xD_GlobalVariableDefs.obj (AdcdResultRegsFile)

CpuTimer0RegsFile 
*          1    00000c00    00000008     UNINITIALIZED
                  00000c00    00000008     F2837xD_GlobalVariableDefs.obj (CpuTimer0RegsFile)

CpuTimer1RegsFile 
*          1    00000c08    00000008     UNINITIALIZED
                  00000c08    00000008     F2837xD_GlobalVariableDefs.obj (CpuTimer1RegsFile)

CpuTimer2RegsFile 
*          1    00000c10    00000008     UNINITIALIZED
                  00000c10    00000008     F2837xD_GlobalVariableDefs.obj (CpuTimer2RegsFile)

PieCtrlRegsFile 
*          1    00000ce0    0000001a     UNINITIALIZED
                  00000ce0    0000001a     F2837xD_GlobalVariableDefs.obj (PieCtrlRegsFile)

PieVectTableFile 
*          1    00000d00    000001c0     UNINITIALIZED
                  00000d00    000001c0     F2837xD_GlobalVariableDefs.obj (PieVectTableFile)

EmuKeyVar 
*          1    00000d00    00000000     UNINITIALIZED

EmuBModeVar 
*          1    00000d00    00000000     UNINITIALIZED

EmuBootPinsVar 
*          1    00000d00    00000000     UNINITIALIZED

FlashCallbackVar 
*          1    00000d00    00000000     UNINITIALIZED

FlashScalingVar 
*          1    00000d00    00000000     UNINITIALIZED

DmaRegsFile 
*          1    00001000    000000e0     UNINITIALIZED
                  00001000    000000e0     F2837xD_GlobalVariableDefs.obj (DmaRegsFile)

Cla1RegsFile 
*          1    00001400    0000003e     UNINITIALIZED
                  00001400    0000003e     F2837xD_GlobalVariableDefs.obj (Cla1RegsFile)

Clb1LogicCfgRegsFile 
*          1    00003000    0000003e     UNINITIALIZED
                  00003000    0000003e     F2837xD_GlobalVariableDefs.obj (Clb1LogicCfgRegsFile)

Clb1LogicCtrlRegsFile 
*          1    00003100    00000040     UNINITIALIZED
                  00003100    00000040     F2837xD_GlobalVariableDefs.obj (Clb1LogicCtrlRegsFile)

Clb1DataExchRegsFile 
*          1    00003200    00000108     UNINITIALIZED
                  00003200    00000108     F2837xD_GlobalVariableDefs.obj (Clb1DataExchRegsFile)

Clb2LogicCfgRegsFile 
*          1    00003400    0000003e     UNINITIALIZED
                  00003400    0000003e     F2837xD_GlobalVariableDefs.obj (Clb2LogicCfgRegsFile)

Clb2LogicCtrlRegsFile 
*          1    00003500    00000040     UNINITIALIZED
                  00003500    00000040     F2837xD_GlobalVariableDefs.obj (Clb2LogicCtrlRegsFile)

Clb2DataExchRegsFile 
*          1    00003600    00000108     UNINITIALIZED
                  00003600    00000108     F2837xD_GlobalVariableDefs.obj (Clb2DataExchRegsFile)

Clb3LogicCfgRegsFile 
*          1    00003800    0000003e     UNINITIALIZED
                  00003800    0000003e     F2837xD_GlobalVariableDefs.obj (Clb3LogicCfgRegsFile)

Clb3LogicCtrlRegsFile 
*          1    00003900    00000040     UNINITIALIZED
                  00003900    00000040     F2837xD_GlobalVariableDefs.obj (Clb3LogicCtrlRegsFile)

Clb3DataExchRegsFile 
*          1    00003a00    00000108     UNINITIALIZED
                  00003a00    00000108     F2837xD_GlobalVariableDefs.obj (Clb3DataExchRegsFile)

Clb4LogicCfgRegsFile 
*          1    00003c00    0000003e     UNINITIALIZED
                  00003c00    0000003e     F2837xD_GlobalVariableDefs.obj (Clb4LogicCfgRegsFile)

Clb4LogicCtrlRegsFile 
*          1    00003d00    00000040     UNINITIALIZED
                  00003d00    00000040     F2837xD_GlobalVariableDefs.obj (Clb4LogicCtrlRegsFile)

Clb4DataExchRegsFile 
*          1    00003e00    00000108     UNINITIALIZED
                  00003e00    00000108     F2837xD_GlobalVariableDefs.obj (Clb4DataExchRegsFile)

EPwm1RegsFile 
*          1    00004000    00000100     UNINITIALIZED
                  00004000    00000100     F2837xD_GlobalVariableDefs.obj (EPwm1RegsFile)

EPwm2RegsFile 
*          1    00004100    00000100     UNINITIALIZED
                  00004100    00000100     F2837xD_GlobalVariableDefs.obj (EPwm2RegsFile)

EPwm3RegsFile 
*          1    00004200    00000100     UNINITIALIZED
                  00004200    00000100     F2837xD_GlobalVariableDefs.obj (EPwm3RegsFile)

EPwm4RegsFile 
*          1    00004300    00000100     UNINITIALIZED
                  00004300    00000100     F2837xD_GlobalVariableDefs.obj (EPwm4RegsFile)

EPwm5RegsFile 
*          1    00004400    00000100     UNINITIALIZED
                  00004400    00000100     F2837xD_GlobalVariableDefs.obj (EPwm5RegsFile)

EPwm6RegsFile 
*          1    00004500    00000100     UNINITIALIZED
                  00004500    00000100     F2837xD_GlobalVariableDefs.obj (EPwm6RegsFile)

EPwm7RegsFile 
*          1    00004600    00000100     UNINITIALIZED
                  00004600    00000100     F2837xD_GlobalVariableDefs.obj (EPwm7RegsFile)

EPwm8RegsFile 
*          1    00004700    00000100     UNINITIALIZED
                  00004700    00000100     F2837xD_GlobalVariableDefs.obj (EPwm8RegsFile)

EPwm9RegsFile 
*          1    00004800    00000100     UNINITIALIZED
                  00004800    00000100     F2837xD_GlobalVariableDefs.obj (EPwm9RegsFile)

EPwm10RegsFile 
*          1    00004900    00000100     UNINITIALIZED
                  00004900    00000100     F2837xD_GlobalVariableDefs.obj (EPwm10RegsFile)

EPwm11RegsFile 
*          1    00004a00    00000100     UNINITIALIZED
                  00004a00    00000100     F2837xD_GlobalVariableDefs.obj (EPwm11RegsFile)

EPwm12RegsFile 
*          1    00004b00    00000100     UNINITIALIZED
                  00004b00    00000100     F2837xD_GlobalVariableDefs.obj (EPwm12RegsFile)

ECap1RegsFile 
*          1    00005000    0000001a     UNINITIALIZED
                  00005000    0000001a     F2837xD_GlobalVariableDefs.obj (ECap1RegsFile)

ECap2RegsFile 
*          1    00005020    0000001a     UNINITIALIZED
                  00005020    0000001a     F2837xD_GlobalVariableDefs.obj (ECap2RegsFile)

ECap3RegsFile 
*          1    00005040    0000001a     UNINITIALIZED
                  00005040    0000001a     F2837xD_GlobalVariableDefs.obj (ECap3RegsFile)

ECap4RegsFile 
*          1    00005060    0000001a     UNINITIALIZED
                  00005060    0000001a     F2837xD_GlobalVariableDefs.obj (ECap4RegsFile)

ECap5RegsFile 
*          1    00005080    0000001a     UNINITIALIZED
                  00005080    0000001a     F2837xD_GlobalVariableDefs.obj (ECap5RegsFile)

ECap6RegsFile 
*          1    000050a0    0000001a     UNINITIALIZED
                  000050a0    0000001a     F2837xD_GlobalVariableDefs.obj (ECap6RegsFile)

EQep1RegsFile 
*          1    00005100    00000022     UNINITIALIZED
                  00005100    00000022     F2837xD_GlobalVariableDefs.obj (EQep1RegsFile)

EQep2RegsFile 
*          1    00005140    00000022     UNINITIALIZED
                  00005140    00000022     F2837xD_GlobalVariableDefs.obj (EQep2RegsFile)

EQep3RegsFile 
*          1    00005180    00000022     UNINITIALIZED
                  00005180    00000022     F2837xD_GlobalVariableDefs.obj (EQep3RegsFile)

DacaRegsFile 
*          1    00005c00    00000007     UNINITIALIZED
                  00005c00    00000007     F2837xD_GlobalVariableDefs.obj (DacaRegsFile)

DacbRegsFile 
*          1    00005c10    00000007     UNINITIALIZED
                  00005c10    00000007     F2837xD_GlobalVariableDefs.obj (DacbRegsFile)

DaccRegsFile 
*          1    00005c20    00000007     UNINITIALIZED
                  00005c20    00000007     F2837xD_GlobalVariableDefs.obj (DaccRegsFile)

Cmpss1RegsFile 
*          1    00005c80    0000001b     UNINITIALIZED
                  00005c80    0000001b     F2837xD_GlobalVariableDefs.obj (Cmpss1RegsFile)

Cmpss2RegsFile 
*          1    00005ca0    0000001b     UNINITIALIZED
                  00005ca0    0000001b     F2837xD_GlobalVariableDefs.obj (Cmpss2RegsFile)

Cmpss3RegsFile 
*          1    00005cc0    0000001b     UNINITIALIZED
                  00005cc0    0000001b     F2837xD_GlobalVariableDefs.obj (Cmpss3RegsFile)

Cmpss4RegsFile 
*          1    00005ce0    0000001b     UNINITIALIZED
                  00005ce0    0000001b     F2837xD_GlobalVariableDefs.obj (Cmpss4RegsFile)

Cmpss5RegsFile 
*          1    00005d00    0000001b     UNINITIALIZED
                  00005d00    0000001b     F2837xD_GlobalVariableDefs.obj (Cmpss5RegsFile)

Cmpss6RegsFile 
*          1    00005d20    0000001b     UNINITIALIZED
                  00005d20    0000001b     F2837xD_GlobalVariableDefs.obj (Cmpss6RegsFile)

Cmpss7RegsFile 
*          1    00005d40    0000001b     UNINITIALIZED
                  00005d40    0000001b     F2837xD_GlobalVariableDefs.obj (Cmpss7RegsFile)

Cmpss8RegsFile 
*          1    00005d60    0000001b     UNINITIALIZED
                  00005d60    0000001b     F2837xD_GlobalVariableDefs.obj (Cmpss8RegsFile)

Sdfm1RegsFile 
*          1    00005e00    00000048     UNINITIALIZED
                  00005e00    00000048     F2837xD_GlobalVariableDefs.obj (Sdfm1RegsFile)

Sdfm2RegsFile 
*          1    00005e80    00000048     UNINITIALIZED
                  00005e80    00000048     F2837xD_GlobalVariableDefs.obj (Sdfm2RegsFile)

McbspaRegsFile 
*          1    00006000    00000024     UNINITIALIZED
                  00006000    00000024     F2837xD_GlobalVariableDefs.obj (McbspaRegsFile)

McbspbRegsFile 
*          1    00006040    00000024     UNINITIALIZED
                  00006040    00000024     F2837xD_GlobalVariableDefs.obj (McbspbRegsFile)

SpiaRegsFile 
*          1    00006100    00000010     UNINITIALIZED
                  00006100    00000010     F2837xD_GlobalVariableDefs.obj (SpiaRegsFile)

SpibRegsFile 
*          1    00006110    00000010     UNINITIALIZED
                  00006110    00000010     F2837xD_GlobalVariableDefs.obj (SpibRegsFile)

SpicRegsFile 
*          1    00006120    00000010     UNINITIALIZED
                  00006120    00000010     F2837xD_GlobalVariableDefs.obj (SpicRegsFile)

UppRegsFile 
*          1    00006200    00000048     UNINITIALIZED
                  00006200    00000048     F2837xD_GlobalVariableDefs.obj (UppRegsFile)

WdRegsFile 
*          1    00007000    0000002b     UNINITIALIZED
                  00007000    0000002b     F2837xD_GlobalVariableDefs.obj (WdRegsFile)

NmiIntruptRegsFile 
*          1    00007060    00000007     UNINITIALIZED
                  00007060    00000007     F2837xD_GlobalVariableDefs.obj (NmiIntruptRegsFile)

XintRegsFile 
*          1    00007070    0000000b     UNINITIALIZED
                  00007070    0000000b     F2837xD_GlobalVariableDefs.obj (XintRegsFile)

SciaRegsFile 
*          1    00007200    00000010     UNINITIALIZED
                  00007200    00000010     F2837xD_GlobalVariableDefs.obj (SciaRegsFile)

ScibRegsFile 
*          1    00007210    00000010     UNINITIALIZED
                  00007210    00000010     F2837xD_GlobalVariableDefs.obj (ScibRegsFile)

ScicRegsFile 
*          1    00007220    00000010     UNINITIALIZED
                  00007220    00000010     F2837xD_GlobalVariableDefs.obj (ScicRegsFile)

ScidRegsFile 
*          1    00007230    00000010     UNINITIALIZED
                  00007230    00000010     F2837xD_GlobalVariableDefs.obj (ScidRegsFile)

I2caRegsFile 
*          1    00007300    00000022     UNINITIALIZED
                  00007300    00000022     F2837xD_GlobalVariableDefs.obj (I2caRegsFile)

I2cbRegsFile 
*          1    00007340    00000022     UNINITIALIZED
                  00007340    00000022     F2837xD_GlobalVariableDefs.obj (I2cbRegsFile)

AdcaRegsFile 
*          1    00007400    0000007c     UNINITIALIZED
                  00007400    0000007c     F2837xD_GlobalVariableDefs.obj (AdcaRegsFile)

AdcbRegsFile 
*          1    00007480    0000007c     UNINITIALIZED
                  00007480    0000007c     F2837xD_GlobalVariableDefs.obj (AdcbRegsFile)

AdccRegsFile 
*          1    00007500    0000007c     UNINITIALIZED
                  00007500    0000007c     F2837xD_GlobalVariableDefs.obj (AdccRegsFile)

AdcdRegsFile 
*          1    00007580    0000007c     UNINITIALIZED
                  00007580    0000007c     F2837xD_GlobalVariableDefs.obj (AdcdRegsFile)

InputXbarRegsFile 
*          1    00007900    00000020     UNINITIALIZED
                  00007900    00000020     F2837xD_GlobalVariableDefs.obj (InputXbarRegsFile)

XbarRegsFile 
*          1    00007920    0000000e     UNINITIALIZED
                  00007920    0000000e     F2837xD_GlobalVariableDefs.obj (XbarRegsFile)

SyncSocRegsFile 
*          1    00007940    00000006     UNINITIALIZED
                  00007940    00000006     F2837xD_GlobalVariableDefs.obj (SyncSocRegsFile)

DmaClaSrcSelRegsFile 
*          1    00007980    0000001a     UNINITIALIZED
                  00007980    0000001a     F2837xD_GlobalVariableDefs.obj (DmaClaSrcSelRegsFile)

EPwmXbarRegsFile 
*          1    00007a00    00000040     UNINITIALIZED
                  00007a00    00000040     F2837xD_GlobalVariableDefs.obj (EPwmXbarRegsFile)

ClbXbarRegsFile 
*          1    00007a40    00000040     UNINITIALIZED
                  00007a40    00000040     F2837xD_GlobalVariableDefs.obj (ClbXbarRegsFile)

OutputXbarRegsFile 
*          1    00007a80    00000040     UNINITIALIZED
                  00007a80    00000040     F2837xD_GlobalVariableDefs.obj (OutputXbarRegsFile)

GpioCtrlRegsFile 
*          1    00007c00    00000180     UNINITIALIZED
                  00007c00    00000180     F2837xD_GlobalVariableDefs.obj (GpioCtrlRegsFile)

GpioDataRegsFile 
*          1    00007f00    00000030     UNINITIALIZED
                  00007f00    00000030     F2837xD_GlobalVariableDefs.obj (GpioDataRegsFile)

Emif1RegsFile 
*          1    00047000    00000028     UNINITIALIZED
                  00047000    00000028     F2837xD_GlobalVariableDefs.obj (Emif1RegsFile)

Emif2RegsFile 
*          1    00047800    00000028     UNINITIALIZED
                  00047800    00000028     F2837xD_GlobalVariableDefs.obj (Emif2RegsFile)

CanaRegsFile 
*          1    00048000    00000164     UNINITIALIZED
                  00048000    00000164     F2837xD_GlobalVariableDefs.obj (CanaRegsFile)

CanbRegsFile 
*          1    0004a000    00000164     UNINITIALIZED
                  0004a000    00000164     F2837xD_GlobalVariableDefs.obj (CanbRegsFile)

IpcRegsFile 
*          1    00050000    00000024     UNINITIALIZED
                  00050000    00000024     F2837xD_GlobalVariableDefs.obj (IpcRegsFile)

FlashPumpSemaphoreRegsFile 
*          1    00050024    00000002     UNINITIALIZED
                  00050024    00000002     F2837xD_GlobalVariableDefs.obj (FlashPumpSemaphoreRegsFile)

DevCfgRegsFile 
*          1    0005d000    0000012e     UNINITIALIZED
                  0005d000    0000012e     F2837xD_GlobalVariableDefs.obj (DevCfgRegsFile)

AnalogSubsysRegsFile 
*          1    0005d180    0000003e     UNINITIALIZED
                  0005d180    0000003e     F2837xD_GlobalVariableDefs.obj (AnalogSubsysRegsFile)

ClkCfgRegsFile 
*          1    0005d200    00000032     UNINITIALIZED
                  0005d200    00000032     F2837xD_GlobalVariableDefs.obj (ClkCfgRegsFile)

CpuSysRegsFile 
*          1    0005d300    00000082     UNINITIALIZED
                  0005d300    00000082     F2837xD_GlobalVariableDefs.obj (CpuSysRegsFile)

DcsmZ1RegsFile 
*          1    0005f000    00000022     UNINITIALIZED
                  0005f000    00000022     F2837xD_GlobalVariableDefs.obj (DcsmZ1RegsFile)

DcsmZ2RegsFile 
*          1    0005f040    00000022     UNINITIALIZED
                  0005f040    00000022     F2837xD_GlobalVariableDefs.obj (DcsmZ2RegsFile)

DcsmCommonRegsFile 
*          1    0005f070    00000006     UNINITIALIZED
                  0005f070    00000006     F2837xD_GlobalVariableDefs.obj (DcsmCommonRegsFile)

MemCfgRegsFile 
*          1    0005f400    00000076     UNINITIALIZED
                  0005f400    00000076     F2837xD_GlobalVariableDefs.obj (MemCfgRegsFile)

Emif1ConfigRegsFile 
*          1    0005f480    0000000a     UNINITIALIZED
                  0005f480    0000000a     F2837xD_GlobalVariableDefs.obj (Emif1ConfigRegsFile)

Emif2ConfigRegsFile 
*          1    0005f4a0    0000000a     UNINITIALIZED
                  0005f4a0    0000000a     F2837xD_GlobalVariableDefs.obj (Emif2ConfigRegsFile)

AccessProtectionRegsFile 
*          1    0005f4c0    0000002e     UNINITIALIZED
                  0005f4c0    0000002e     F2837xD_GlobalVariableDefs.obj (AccessProtectionRegsFile)

MemoryErrorRegsFile 
*          1    0005f500    0000003a     UNINITIALIZED
                  0005f500    0000003a     F2837xD_GlobalVariableDefs.obj (MemoryErrorRegsFile)

Flash0CtrlRegsFile 
*          1    0005f800    00000182     UNINITIALIZED
                  0005f800    00000182     F2837xD_GlobalVariableDefs.obj (Flash0CtrlRegsFile)

Flash0EccRegsFile 
*          1    0005fb00    00000028     UNINITIALIZED
                  0005fb00    00000028     F2837xD_GlobalVariableDefs.obj (Flash0EccRegsFile)

RomPrefetchRegsFile 
*          1    0005e608    00000002     UNINITIALIZED
                  0005e608    00000002     F2837xD_GlobalVariableDefs.obj (RomPrefetchRegsFile)

RomWaitStateRegsFile 
*          1    0005f540    00000002     UNINITIALIZED
                  0005f540    00000002     F2837xD_GlobalVariableDefs.obj (RomWaitStateRegsFile)

.ebss.1    1    0000a800    000007d0     UNINITIALIZED
                  0000a800    0000049a     sd_card.obj (.ebss)
                  0000ac9a    00000018     F2837xD_CpuTimers.obj (.ebss)
                  0000acb2    0000000a     GPIO_management.obj (.ebss:_gpioInput)
                  0000acbc    00000004     main.obj (.ebss:_AmkStatus)
                  0000acc0    00000156     main.obj (.ebss)
                  0000ae16    00000014     main.obj (.ebss:_filename)
                  0000ae2a    00000008     GPIO_management.obj (.ebss:_gpioOutput)
                  0000ae32    00000006     rts2800_fpu32.lib : exit.c.obj (.ebss)
                  0000ae38    00000005     mmc_F2837x.obj (.ebss)
                  0000ae3d    00000003     LoRa.obj (.ebss)
                  0000ae40    00000102     cmdline.obj (.ebss:_g_ppcArgv)
                  0000af42    00000034     sd_card.obj (.ebss:_g_sFresultStrings)
                  0000af76    00000002     ff.obj (.ebss:_FatFs)
                  0000af78    00000002     rts2800_fpu32.lib : _lock.c.obj (.ebss:__lock)
                  0000af7a    00000002                       : _lock.c.obj (.ebss:__unlock)
                  0000af7c    00000001     display.obj (.ebss)
                  0000af7d    00000001     ff.obj (.ebss)
                  0000af7e    00000001     rts2800_fpu32.lib : errno.c.obj (.ebss)
                  0000af7f    00000001     ustdlib.obj (.ebss)
                  0000af80    00000050     sd_card.obj (.ebss:_g_cCwdBuf)

.ebss.2    1    0000c000    00000050     UNINITIALIZED
                  0000c000    00000050     sd_card.obj (.ebss:_g_cTmpBuf)

.ebss.3    1    0000c080    0000007a     UNINITIALIZED
                  0000c080    00000048     sd_card.obj (.ebss:_g_psCmdTable)
                  0000c0c8    00000032     main.obj (.ebss:_tmp)

MODULE SUMMARY

       Module                           code    initialized data   uninitialized data
       ------                           ----    ----------------   ------------------
    .\
       F2837xD_GlobalVariableDefs.obj   0       0                  9854              
       ff.obj                           5377    35                 3                 
       display.obj                      1719    2677               1                 
       sd_card.obj                      746     1000               1462              
       main.obj                         820     1408               637               
       F2837xD_DefaultISR.obj           1413    0                  0                 
       can.obj                          1314    9                  0                 
       F2837xD_SysCtrl.obj              1314    0                  0                 
       mmc_F2837x.obj                   1068    8                  5                 
       sysctl.obj                       595     0                  0                 
       F2837xD_Gpio.obj                 580     0                  0                 
       F2837xD_PieVect.obj              38      448                0                 
       interrupt.obj                    473     0                  0                 
       F2837xD_Ipc_Driver_Util.obj      366     0                  0                 
       cmdline.obj                      73      0                  258               
       F2837xD_EPwm.obj                 240     0                  0                 
       GPIO_management.obj              178     24                 18                
       F2837xD_CpuTimers.obj            124     0                  24                
       Telemetry.obj                    0       103                0                 
       systick.obj                      85      0                  0                 
       uart.obj                         84      0                  0                 
       F2837xD_PieCtrl.obj              40      0                  0                 
       ustdlib.obj                      0       30                 1                 
       F2837xD_CodeStartBranch.obj      10      0                  0                 
       F2837xD_usDelay.obj              8       0                  0                 
       LoRa.obj                         0       4                  3                 
    +--+--------------------------------+-------+------------------+--------------------+
       Total:                           16665   5746               12266             
                                                                                     
    C:/ti/ccs1100/ccs/tools/compiler/ti-cgt-c2000_21.6.0.LTS/lib/rts2800_fpu32.lib
       _printfi.c.obj                   3300    66                 0                 
       ll_div28.asm.obj                 263     0                  0                 
       ctype.c.obj                      0       257                0                 
       s_scalbn.c.obj                   174     28                 0                 
       fd_add28.asm.obj                 156     0                  0                 
       fd_div28.asm.obj                 139     0                  0                 
       fs_div28.asm.obj                 136     0                  0                 
       fd_mpy28.asm.obj                 131     0                  0                 
       s_frexp.c.obj                    90      8                  0                 
       boot28.asm.obj                   86      0                  0                 
       exit.c.obj                       41      14                 6                 
       sprintf.c.obj                    50      0                  0                 
       atoi.c.obj                       49      0                  0                 
       _ltoa.c.obj                      48      0                  0                 
       fd_cmp28.asm.obj                 42      0                  0                 
       l_div28.asm.obj                  42      0                  0                 
       s_copysign.c.obj                 37      0                  0                 
       cpy_tbl.c.obj                    36      0                  0                 
       fd_toi28.asm.obj                 33      0                  0                 
       fd_tol28.asm.obj                 31      0                  0                 
       ll_cmp28.asm.obj                 30      0                  0                 
       i_tofd28.asm.obj                 29      0                  0                 
       memcpy.c.obj                     29      0                  0                 
       fs_tofdfpu32.asm.obj             28      0                  0                 
       l_tofd28.asm.obj                 28      0                  0                 
       ll_aox28.asm.obj                 24      0                  0                 
       _lock.c.obj                      9       10                 4                 
       strncpy.c.obj                    21      0                  0                 
       memcmp.c.obj                     19      0                  0                 
       args_main.c.obj                  18      0                  0                 
       memccpy.c.obj                    16      0                  0                 
       fd_sub28.asm.obj                 14      0                  0                 
       strchr.c.obj                     12      0                  0                 
       strcmp.c.obj                     10      0                  0                 
       fd_neg28.asm.obj                 9       0                  0                 
       strcat.c.obj                     9       0                  0                 
       wcslen.c.obj                     9       0                  0                 
       strlen.c.obj                     8       0                  0                 
       memset.c.obj                     7       0                  0                 
       errno.c.obj                      0       4                  1                 
       strcpy.c.obj                     5       0                  0                 
       pre_init.c.obj                   2       0                  0                 
       startup.c.obj                    1       0                  0                 
    +--+--------------------------------+-------+------------------+--------------------+
       Total:                           5221    387                11                
                                                                                     
       Stack:                           0       0                  1016              
    +--+--------------------------------+-------+------------------+--------------------+
       Grand Total:                     21886   6133               13293             


GLOBAL DATA SYMBOLS: SORTED BY DATA PAGE

address     data page           name
--------    ----------------    ----
00000b00      2c (00000b00)     _AdcaResultRegs
00000b20      2c (00000b00)     _AdcbResultRegs

00000b40      2d (00000b40)     _AdccResultRegs
00000b60      2d (00000b40)     _AdcdResultRegs

00000c00      30 (00000c00)     _CpuTimer0Regs
00000c08      30 (00000c00)     _CpuTimer1Regs
00000c10      30 (00000c00)     _CpuTimer2Regs

00000ce0      33 (00000cc0)     _PieCtrlRegs

00000d00      34 (00000d00)     _PieVectTable

00001000      40 (00001000)     _DmaRegs

00001400      50 (00001400)     _Cla1Regs

00003000      c0 (00003000)     _Clb1LogicCfgRegs

00003100      c4 (00003100)     _Clb1LogicCtrlRegs

00003200      c8 (00003200)     _Clb1DataExchRegs

00003400      d0 (00003400)     _Clb2LogicCfgRegs

00003500      d4 (00003500)     _Clb2LogicCtrlRegs

00003600      d8 (00003600)     _Clb2DataExchRegs

00003800      e0 (00003800)     _Clb3LogicCfgRegs

00003900      e4 (00003900)     _Clb3LogicCtrlRegs

00003a00      e8 (00003a00)     _Clb3DataExchRegs

00003c00      f0 (00003c00)     _Clb4LogicCfgRegs

00003d00      f4 (00003d00)     _Clb4LogicCtrlRegs

00003e00      f8 (00003e00)     _Clb4DataExchRegs

00004000     100 (00004000)     _EPwm1Regs

00004100     104 (00004100)     _EPwm2Regs

00004200     108 (00004200)     _EPwm3Regs

00004300     10c (00004300)     _EPwm4Regs

00004400     110 (00004400)     _EPwm5Regs

00004500     114 (00004500)     _EPwm6Regs

00004600     118 (00004600)     _EPwm7Regs

00004700     11c (00004700)     _EPwm8Regs

00004800     120 (00004800)     _EPwm9Regs

00004900     124 (00004900)     _EPwm10Regs

00004a00     128 (00004a00)     _EPwm11Regs

00004b00     12c (00004b00)     _EPwm12Regs

00005000     140 (00005000)     _ECap1Regs
00005020     140 (00005000)     _ECap2Regs

00005040     141 (00005040)     _ECap3Regs
00005060     141 (00005040)     _ECap4Regs

00005080     142 (00005080)     _ECap5Regs
000050a0     142 (00005080)     _ECap6Regs

00005100     144 (00005100)     _EQep1Regs

00005140     145 (00005140)     _EQep2Regs

00005180     146 (00005180)     _EQep3Regs

00005c00     170 (00005c00)     _DacaRegs
00005c10     170 (00005c00)     _DacbRegs
00005c20     170 (00005c00)     _DaccRegs

00005c80     172 (00005c80)     _Cmpss1Regs
00005ca0     172 (00005c80)     _Cmpss2Regs

00005cc0     173 (00005cc0)     _Cmpss3Regs
00005ce0     173 (00005cc0)     _Cmpss4Regs

00005d00     174 (00005d00)     _Cmpss5Regs
00005d20     174 (00005d00)     _Cmpss6Regs

00005d40     175 (00005d40)     _Cmpss7Regs
00005d60     175 (00005d40)     _Cmpss8Regs

00005e00     178 (00005e00)     _Sdfm1Regs

00005e80     17a (00005e80)     _Sdfm2Regs

00006000     180 (00006000)     _McbspaRegs

00006040     181 (00006040)     _McbspbRegs

00006100     184 (00006100)     _SpiaRegs
00006110     184 (00006100)     _SpibRegs
00006120     184 (00006100)     _SpicRegs

00006200     188 (00006200)     _UppRegs

00007000     1c0 (00007000)     _WdRegs

00007060     1c1 (00007040)     _NmiIntruptRegs
00007070     1c1 (00007040)     _XintRegs

00007200     1c8 (00007200)     _SciaRegs
00007210     1c8 (00007200)     _ScibRegs
00007220     1c8 (00007200)     _ScicRegs
00007230     1c8 (00007200)     _ScidRegs

00007300     1cc (00007300)     _I2caRegs

00007340     1cd (00007340)     _I2cbRegs

00007400     1d0 (00007400)     _AdcaRegs

00007480     1d2 (00007480)     _AdcbRegs

00007500     1d4 (00007500)     _AdccRegs

00007580     1d6 (00007580)     _AdcdRegs

00007900     1e4 (00007900)     _InputXbarRegs
00007920     1e4 (00007900)     _XbarRegs

00007940     1e5 (00007940)     _SyncSocRegs

00007980     1e6 (00007980)     _DmaClaSrcSelRegs

00007a00     1e8 (00007a00)     _EPwmXbarRegs

00007a40     1e9 (00007a40)     _ClbXbarRegs

00007a80     1ea (00007a80)     _OutputXbarRegs

00007c00     1f0 (00007c00)     _GpioCtrlRegs

00007f00     1fc (00007f00)     _GpioDataRegs

0000a800     2a0 (0000a800)     _var
0000a801     2a0 (0000a800)     _diskResult
0000a802     2a0 (0000a800)     _g_ulStatusStringIndex

0000ac9a     2b2 (0000ac80)     _CpuTimer0
0000aca2     2b2 (0000ac80)     _CpuTimer1
0000acaa     2b2 (0000ac80)     _CpuTimer2
0000acb2     2b2 (0000ac80)     _gpioInput
0000acbc     2b2 (0000ac80)     _AmkStatus

0000acc0     2b3 (0000acc0)     _increment
0000acc1     2b3 (0000acc0)     _deb
0000acc2     2b3 (0000acc0)     _var_v
0000acc3     2b3 (0000acc0)     _local_val
0000acc4     2b3 (0000acc0)     _file_counter
0000acc5     2b3 (0000acc0)     _currentPage
0000acc6     2b3 (0000acc0)     _n_setup
0000acc7     2b3 (0000acc0)     _old_setup_power
0000acc8     2b3 (0000acc0)     _old_setup_regen
0000acc9     2b3 (0000acc0)     _ack
0000acca     2b3 (0000acc0)     _old_ack_power
0000accb     2b3 (0000acc0)     _old_ack_regen
0000accc     2b3 (0000acc0)     _sel
0000accd     2b3 (0000acc0)     _error
0000acce     2b3 (0000acc0)     _multiplier
0000accf     2b3 (0000acc0)     _LoRa_Packet_Counter
0000acd0     2b3 (0000acc0)     _local_time_elapsed
0000acd2     2b3 (0000acc0)     _fanspeed_log
0000acd4     2b3 (0000acc0)     _status_log
0000acda     2b3 (0000acc0)     _power_log
0000ace2     2b3 (0000acc0)     _gpio_log
0000acea     2b3 (0000acc0)     _bms_log

0000ad00     2b4 (0000ad00)     _imu_log

0000ad40     2b5 (0000ad40)     _local_sh

0000ae16     2b8 (0000ae00)     _filename
0000ae2a     2b8 (0000ae00)     _gpioOutput
0000ae32     2b8 (0000ae00)     ___TI_enable_exit_profile_output
0000ae34     2b8 (0000ae00)     ___TI_cleanup_ptr
0000ae36     2b8 (0000ae00)     ___TI_dtors_ptr
0000ae3d     2b8 (0000ae00)     _version
0000ae3e     2b8 (0000ae00)     _implicitHeaderFlag
0000ae3f     2b8 (0000ae00)     _onTxDone

0000af42     2bd (0000af40)     _g_sFresultStrings
0000af78     2bd (0000af40)     __lock
0000af7a     2bd (0000af40)     __unlock
0000af7c     2bd (0000af40)     _counter
0000af7e     2bd (0000af40)     _errno

0000b800     2e0 (0000b800)     __stack

0000c080     302 (0000c080)     _g_psCmdTable

0000c0c8     303 (0000c0c0)     _tmp

0000d000     340 (0000d000)     _sh

0000e000     380 (0000e000)     _time_elapsed

0000f000     3c0 (0000f000)     _display

00047000    11c0 (00047000)     _Emif1Regs

00047800    11e0 (00047800)     _Emif2Regs

00048000    1200 (00048000)     _CanaRegs

0004a000    1280 (0004a000)     _CanbRegs

00050000    1400 (00050000)     _IpcRegs
00050024    1400 (00050000)     _FlashPumpSemaphoreRegs

0005d000    1740 (0005d000)     _DevCfgRegs

0005d180    1746 (0005d180)     _AnalogSubsysRegs

0005d200    1748 (0005d200)     _ClkCfgRegs

0005d300    174c (0005d300)     _CpuSysRegs

0005e608    1798 (0005e600)     _RomPrefetchRegs

0005f000    17c0 (0005f000)     _DcsmZ1Regs

0005f040    17c1 (0005f040)     _DcsmZ2Regs
0005f070    17c1 (0005f040)     _DcsmCommonRegs

0005f400    17d0 (0005f400)     _MemCfgRegs

0005f480    17d2 (0005f480)     _Emif1ConfigRegs
0005f4a0    17d2 (0005f480)     _Emif2ConfigRegs

0005f4c0    17d3 (0005f4c0)     _AccessProtectionRegs

0005f500    17d4 (0005f500)     _MemoryErrorRegs

0005f540    17d5 (0005f540)     _RomWaitStateRegs

0005f800    17e0 (0005f800)     _Flash0CtrlRegs

0005fb00    17ec (0005fb00)     _Flash0EccRegs

00091204    2448 (00091200)     _PieVectTableInit

000914e6    2453 (000914c0)     __ctypes_


GLOBAL SYMBOLS: SORTED ALPHABETICALLY BY Name 

page  address   name                                  
----  -------   ----                                  
0     00098000  .text                                 
0     0009d297  C$$EXIT                               
0     0009cd2f  FD$$ADD                               
0     0009d243  FD$$CMP                               
0     0009cdcb  FD$$DIV                               
0     0009cede  FD$$MPY                               
0     0009d4c5  FD$$NEG                               
0     0009d498  FD$$SUB                               
0     0009d357  FD$$TOI                               
0     0009d378  FD$$TOL                               
0     0009ce56  FS$$DIV                               
0     0009d3ef  FS$$TOFD                              
0     0009d3b5  I$$TOFD                               
0     0009d26d  L$$DIV                                
0     0009d27c  L$$MOD                                
0     0009d40b  L$$TOFD                               
0     0009d427  LL$$AND                               
0     0009d397  LL$$CMP                               
0     0009c9d8  LL$$DIV                               
0     0009ca14  LL$$MOD                               
0     0009d42f  LL$$OR                                
0     0009d437  LL$$XOR                               
0     0009d28a  UL$$DIV                               
0     0009d291  UL$$MOD                               
0     0009d3a9  ULL$$CMP                              
0     0009ca4e  ULL$$DIV                              
0     0009ca7d  ULL$$MOD                              
0     0009a95b  _ADCA1_ISR                            
0     0009abdb  _ADCA2_ISR                            
0     0009abe5  _ADCA3_ISR                            
0     0009abef  _ADCA4_ISR                            
0     0009abd1  _ADCA_EVT_ISR                         
0     0009a965  _ADCB1_ISR                            
0     0009ac03  _ADCB2_ISR                            
0     0009ac0d  _ADCB3_ISR                            
0     0009ac17  _ADCB4_ISR                            
0     0009abf9  _ADCB_EVT_ISR                         
0     0009a96f  _ADCC1_ISR                            
0     0009ad6b  _ADCC2_ISR                            
0     0009ad75  _ADCC3_ISR                            
0     0009ad7f  _ADCC4_ISR                            
0     0009ad61  _ADCC_EVT_ISR                         
0     0009a98d  _ADCD1_ISR                            
0     0009ad93  _ADCD2_ISR                            
0     0009ad9d  _ADCD3_ISR                            
0     0009ada7  _ADCD4_ISR                            
0     0009ad89  _ADCD_EVT_ISR                         
0     0009ade3  _AUX_PLL_SLIP_ISR                     
1     0005f4c0  _AccessProtectionRegs                 
1     00007400  _AdcaRegs                             
1     00000b00  _AdcaResultRegs                       
1     00007480  _AdcbRegs                             
1     00000b20  _AdcbResultRegs                       
1     00007500  _AdccRegs                             
1     00000b40  _AdccResultRegs                       
1     00007580  _AdcdRegs                             
1     00000b60  _AdcdResultRegs                       
1     0000acbc  _AmkStatus                            
1     0005d180  _AnalogSubsysRegs                     
0     0009b787  _AuxAuxClkSel                         
0     0009b771  _AuxIntOsc2Sel                        
0     0009b77b  _AuxXtalOscSel                        
0     0009aba9  _CANA0_ISR                            
0     0009abb3  _CANA1_ISR                            
0     0009abbd  _CANB0_ISR                            
0     0009abc7  _CANB1_ISR                            
0     0009afa3  _CANBitRateSet                        
0     0009af78  _CANBitTimingGet                      
0     0009b010  _CANBitTimingSet                      
0     0009af51  _CANClkSourceSelect                   
0     0009af49  _CANDisable                           
0     0009af40  _CANEnable                            
0     0009b11a  _CANErrCntrGet                        
0     0009b32e  _CANGlobalIntClear                    
0     0009b324  _CANGlobalIntDisable                  
0     0009b31b  _CANGlobalIntEnable                   
0     0009b337  _CANGlobalIntstatusGet                
0     0009ae93  _CANInit                              
0     0009b0ae  _CANIntClear                          
0     0009b084  _CANIntDisable                        
0     0009b076  _CANIntEnable                         
0     0009b059  _CANIntRegister                       
0     0009b094  _CANIntStatus                         
0     0009b069  _CANIntUnregister                     
0     0009b2f5  _CANMessageClear                      
0     0009b221  _CANMessageGet                        
0     0009b135  _CANMessageSet                        
0     0009b0e8  _CANRetryGet                          
0     0009b0d7  _CANRetrySet                          
0     0009b0f2  _CANStatusGet                         
0     0009ac21  _CLA1_1_ISR                           
0     0009ac2b  _CLA1_2_ISR                           
0     0009ac35  _CLA1_3_ISR                           
0     0009ac3f  _CLA1_4_ISR                           
0     0009ac49  _CLA1_5_ISR                           
0     0009ac53  _CLA1_6_ISR                           
0     0009ac5d  _CLA1_7_ISR                           
0     0009ac67  _CLA1_8_ISR                           
0     0009aded  _CLA_OVERFLOW_ISR                     
0     0009adf7  _CLA_UNDERFLOW_ISR                    
1     00048000  _CanaRegs                             
1     0004a000  _CanbRegs                             
1     00001400  _Cla1Regs                             
1     00003200  _Clb1DataExchRegs                     
1     00003000  _Clb1LogicCfgRegs                     
1     00003100  _Clb1LogicCtrlRegs                    
1     00003600  _Clb2DataExchRegs                     
1     00003400  _Clb2LogicCfgRegs                     
1     00003500  _Clb2LogicCtrlRegs                    
1     00003a00  _Clb3DataExchRegs                     
1     00003800  _Clb3LogicCfgRegs                     
1     00003900  _Clb3LogicCtrlRegs                    
1     00003e00  _Clb4DataExchRegs                     
1     00003c00  _Clb4LogicCfgRegs                     
1     00003d00  _Clb4LogicCtrlRegs                    
1     00007a40  _ClbXbarRegs                          
1     0005d200  _ClkCfgRegs                           
0     0009d136  _CmdLineProcess                       
0     0009bce2  _Cmd_cat                              
0     0009bccc  _Cmd_cd                               
0     0009be43  _Cmd_help                             
0     0009bc24  _Cmd_ls                               
0     0009bdcd  _Cmd_mkdir                            
0     0009bcdc  _Cmd_pwd                              
0     0009be08  _Cmd_rm                               
0     0009bd37  _Cmd_write                            
1     00005c80  _Cmpss1Regs                           
1     00005ca0  _Cmpss2Regs                           
1     00005cc0  _Cmpss3Regs                           
1     00005ce0  _Cmpss4Regs                           
1     00005d00  _Cmpss5Regs                           
1     00005d20  _Cmpss6Regs                           
1     00005d40  _Cmpss7Regs                           
1     00005d60  _Cmpss8Regs                           
0     0009cfa2  _ConfigCpuTimer                       
0     0009b7db  _ConfigureTMXAnalogTrim               
1     0005d300  _CpuSysRegs                           
1     0000ac9a  _CpuTimer0                            
1     00000c00  _CpuTimer0Regs                        
1     0000aca2  _CpuTimer1                            
1     00000c08  _CpuTimer1Regs                        
1     0000acaa  _CpuTimer2                            
1     00000c10  _CpuTimer2Regs                        
0     0009b71c  _CsmUnlock                            
0     0009a8b1  _DATALOG_ISR                          
0     0009aaf5  _DMA_CH1_ISR                          
0     0009aaff  _DMA_CH2_ISR                          
0     0009ab09  _DMA_CH3_ISR                          
0     0009ab13  _DMA_CH4_ISR                          
0     0009ab1d  _DMA_CH5_ISR                          
0     0009ab27  _DMA_CH6_ISR                          
1     00005c00  _DacaRegs                             
1     00005c10  _DacbRegs                             
1     00005c20  _DaccRegs                             
1     0005f070  _DcsmCommonRegs                       
1     0005f000  _DcsmZ1Regs                           
1     0005f040  _DcsmZ2Regs                           
1     0005d000  _DevCfgRegs                           
0     0009b430  _DisableDog                           
0     0009b3f1  _DisablePeripheralClocks              
1     00007980  _DmaClaSrcSelRegs                     
1     00001000  _DmaRegs                              
0     0009aa4b  _ECAP1_ISR                            
0     0009aa55  _ECAP2_ISR                            
0     0009aa5f  _ECAP3_ISR                            
0     0009aa69  _ECAP4_ISR                            
0     0009aa73  _ECAP5_ISR                            
0     0009aa7d  _ECAP6_ISR                            
1     00005000  _ECap1Regs                            
1     00005020  _ECap2Regs                            
1     00005040  _ECap3Regs                            
1     00005060  _ECap4Regs                            
1     00005080  _ECap5Regs                            
1     000050a0  _ECap6Regs                            
0     0009adb1  _EMIF_ERROR_ISR                       
0     0009ae0b  _EMPTY_ISR                            
0     0009a8c5  _EMU_ISR                              
0     0009ad07  _EPWM10_ISR                           
0     0009acdf  _EPWM10_TZ_ISR                        
0     0009ad11  _EPWM11_ISR                           
0     0009ace9  _EPWM11_TZ_ISR                        
0     0009ad1b  _EPWM12_ISR                           
0     0009acf3  _EPWM12_TZ_ISR                        
0     0009a9fb  _EPWM1_ISR                            
0     0009a9ab  _EPWM1_TZ_ISR                         
0     0009aa05  _EPWM2_ISR                            
0     0009a9b5  _EPWM2_TZ_ISR                         
0     0009aa0f  _EPWM3_ISR                            
0     0009a9bf  _EPWM3_TZ_ISR                         
0     0009aa19  _EPWM4_ISR                            
0     0009a9c9  _EPWM4_TZ_ISR                         
0     0009aa23  _EPWM5_ISR                            
0     0009a9d3  _EPWM5_TZ_ISR                         
0     0009aa2d  _EPWM6_ISR                            
0     0009a9dd  _EPWM6_TZ_ISR                         
0     0009aa37  _EPWM7_ISR                            
0     0009a9e7  _EPWM7_TZ_ISR                         
0     0009aa41  _EPWM8_ISR                            
0     0009a9f1  _EPWM8_TZ_ISR                         
0     0009acfd  _EPWM9_ISR                            
0     0009acd5  _EPWM9_TZ_ISR                         
1     00004900  _EPwm10Regs                           
1     00004a00  _EPwm11Regs                           
1     00004b00  _EPwm12Regs                           
1     00004000  _EPwm1Regs                            
1     00004100  _EPwm2Regs                            
1     00004200  _EPwm3Regs                            
1     00004300  _EPwm4Regs                            
1     00004400  _EPwm5Regs                            
1     00004500  _EPwm6Regs                            
1     00004600  _EPwm7Regs                            
1     00004700  _EPwm8Regs                            
1     00004800  _EPwm9Regs                            
1     00007a00  _EPwmXbarRegs                         
0     0009aa87  _EQEP1_ISR                            
0     0009aa91  _EQEP2_ISR                            
0     0009aa9b  _EQEP3_ISR                            
1     00005100  _EQep1Regs                            
1     00005140  _EQep2Regs                            
1     00005180  _EQep3Regs                            
1     0005f480  _Emif1ConfigRegs                      
1     00047000  _Emif1Regs                            
1     0005f4a0  _Emif2ConfigRegs                      
1     00047800  _Emif2Regs                            
0     0009d2df  _EnableInterrupts                     
0     00008037  _F28x_usDelay                         
0     0009adc5  _FLASH_CORRECTABLE_ERROR_ISR          
0     0009ac99  _FPU_OVERFLOW_ISR                     
0     0009aca3  _FPU_UNDERFLOW_ISR                    
1     0005f800  _Flash0CtrlRegs                       
1     0005fb00  _Flash0EccRegs                        
0     00008029  _FlashOff                             
1     00050024  _FlashPumpSemaphoreRegs               
0     0009cbcf  _GPIOSetup                            
0     0009c321  _GPIO_EnableUnbondedIOPullups         
0     0009c2fc  _GPIO_EnableUnbondedIOPullupsFor100Pin
0     0009c2e3  _GPIO_EnableUnbondedIOPullupsFor176Pin
0     0009c337  _GPIO_ReadPin                         
0     0009c288  _GPIO_SetupLock                       
0     0009c168  _GPIO_SetupPinMux                     
0     0009c1f4  _GPIO_SetupPinOptions                 
0     0009c2b1  _GPIO_SetupXINT1Gpio                  
0     0009c2bb  _GPIO_SetupXINT2Gpio                  
0     0009c2c5  _GPIO_SetupXINT3Gpio                  
0     0009c2cf  _GPIO_SetupXINT4Gpio                  
0     0009c2d9  _GPIO_SetupXINT5Gpio                  
0     0009c34e  _GPIO_WritePin                        
1     00007c00  _GpioCtrlRegs                         
1     00007f00  _GpioDataRegs                         
0     0009b7a5  _HALT                                 
0     0009b7be  _HIB                                  
0     0009ab3b  _I2CA_FIFO_ISR                        
0     0009ab31  _I2CA_ISR                             
0     0009ab4f  _I2CB_FIFO_ISR                        
0     0009ab45  _I2CB_ISR                             
1     00007300  _I2caRegs                             
1     00007340  _I2cbRegs                             
0     0009b791  _IDLE                                 
0     0009a8d9  _ILLEGAL_ISR                          
0     0009acad  _IPC0_ISR                             
0     0009acb7  _IPC1_ISR                             
0     0009acc1  _IPC2_ISR                             
0     0009accb  _IPC3_ISR                             
0     0009c73c  _IPCBootCPU2                          
0     0009c738  _IPCGetBootStatus                     
0     0009c71b  _IPCLtoRFlagBusy                      
0     0009c731  _IPCLtoRFlagClear                     
0     0009c72a  _IPCLtoRFlagSet                       
0     0009c705  _IPCRtoLFlagAcknowledge               
0     0009c70c  _IPCRtoLFlagBusy                      
0     0009b62d  _InitAuxPll                           
0     0009cf61  _InitCpuTimers                        
0     0009cb95  _InitEPwm10Gpio                       
0     0009cba8  _InitEPwm11Gpio                       
0     0009cbbc  _InitEPwm12Gpio                       
0     0009caf8  _InitEPwm1Gpio                        
0     0009cb0a  _InitEPwm2Gpio                        
0     0009cb1c  _InitEPwm3Gpio                        
0     0009cb30  _InitEPwm4Gpio                        
0     0009cb3d  _InitEPwm5Gpio                        
0     0009cb4f  _InitEPwm6Gpio                        
0     0009cb5b  _InitEPwm7Gpio                        
0     0009cb6f  _InitEPwm8Gpio                        
0     0009cb83  _InitEPwm9Gpio                        
0     0009cadf  _InitEPwmGpio                         
0     00008000  _InitFlash                            
0     0009c128  _InitGpio                             
0     0009b36d  _InitPeripheralClocks                 
0     0009d2c0  _InitPieCtrl                          
0     0009d2e8  _InitPieVectTable                     
0     0009b344  _InitSysCtrl                          
0     0009b43e  _InitSysPll                           
1     00007900  _InputXbarRegs                        
0     0009d489  _IntDefaultHandler                    
0     0009c606  _IntDisable                           
0     0009c573  _IntEnable                            
0     0009c686  _IntIFRClear                          
0     0009c543  _IntMasterDisable                     
0     0009c53b  _IntMasterEnable                      
0     0009c54b  _IntRegister                          
0     0009c55e  _IntUnregister                        
1     00050000  _IpcRegs                              
1     0000accf  _LoRa_Packet_Counter                  
0     0009aacd  _MCBSPA_RX_ISR                        
0     0009aad7  _MCBSPA_TX_ISR                        
0     0009aae1  _MCBSPB_RX_ISR                        
0     0009aaeb  _MCBSPB_TX_ISR                        
1     00006000  _McbspaRegs                           
1     00006040  _McbspbRegs                           
1     0005f400  _MemCfgRegs                           
1     0005f500  _MemoryErrorRegs                      
0     0009a8cf  _NMI_ISR                              
0     0009ae18  _NOTUSED_ISR                          
1     00007060  _NmiIntruptRegs                       
1     00007a80  _OutputXbarRegs                       
0     0009ae01  _PIE_RESERVED_ISR                     
1     00000ce0  _PieCtrlRegs                          
1     00000d00  _PieVectTable                         
0     00091204  _PieVectTableInit                     
0     0009adcf  _RAM_ACCESS_VIOLATION_ISR             
0     0009adbb  _RAM_CORRECTABLE_ERROR_ISR            
0     0009a8bb  _RTOS_ISR                             
0     0008603f  _RamfuncsLoadEnd                      
abs   0000003f  _RamfuncsLoadSize                     
0     00086000  _RamfuncsLoadStart                    
0     0000803f  _RamfuncsRunEnd                       
abs   0000003f  _RamfuncsRunSize                      
0     00008000  _RamfuncsRunStart                     
0     0009b418  _ReleaseFlashPump                     
1     0005e608  _RomPrefetchRegs                      
1     0005f540  _RomWaitStateRegs                     
0     0009ab81  _SCIA_RX_ISR                          
0     0009ab8b  _SCIA_TX_ISR                          
0     0009ab95  _SCIB_RX_ISR                          
0     0009ab9f  _SCIB_TX_ISR                          
0     0009ab59  _SCIC_RX_ISR                          
0     0009ab63  _SCIC_TX_ISR                          
0     0009ab6d  _SCID_RX_ISR                          
0     0009ab77  _SCID_TX_ISR                          
0     0009ad25  _SD1_ISR                              
0     0009ad2f  _SD2_ISR                              
0     0009aaa5  _SPIA_RX_ISR                          
0     0009aaaf  _SPIA_TX_ISR                          
0     0009aab9  _SPIB_RX_ISR                          
0     0009aac3  _SPIB_TX_ISR                          
0     0009ad39  _SPIC_RX_ISR                          
0     0009ad43  _SPIC_TX_ISR                          
0     0009b79a  _STANDBY                              
0     0009add9  _SYS_PLL_SLIP_ISR                     
1     00007200  _SciaRegs                             
1     00007210  _ScibRegs                             
1     00007220  _ScicRegs                             
1     00007230  _ScidRegs                             
1     00005e00  _Sdfm1Regs                            
1     00005e80  _Sdfm2Regs                            
0     0009b409  _SeizeFlashPump                       
0     0009b422  _ServiceDog                           
0     0009c4ac  _Shared_Ram_dataRead_c1               
1     00006100  _SpiaRegs                             
1     00006110  _SpibRegs                             
1     00006120  _SpicRegs                             
1     00007940  _SyncSocRegs                          
0     0009c0a4  _SysCtlAuxClockSet                    
0     0009bfa1  _SysCtlClockGet                       
0     0009c004  _SysCtlClockSet                       
0     0000803b  _SysCtlDelay                          
0     0009bfed  _SysCtlLowSpeedClockGet               
0     0009bf7c  _SysCtlPeripheralDisable              
0     0009bf62  _SysCtlPeripheralEnable               
0     0009bedd  _SysCtlPeripheralPresent              
0     0009befc  _SysCtlPeripheralReady                
0     0009bf36  _SysCtlPeripheralReset                
0     0009bf97  _SysCtlReset                          
0     0009c127  _SysCtlUSBPLLDisable                  
0     0009c126  _SysCtlUSBPLLEnable                   
0     0009b73d  _SysIntOsc1Sel                        
0     0009b74d  _SysIntOsc2Sel                        
0     0009d0a0  _SysTickDisable                       
0     0009d099  _SysTickEnable                        
0     0009d1b1  _SysTickHandler                       
0     0009d08d  _SysTickInit                          
0     0009d0c9  _SysTickIntDisable                    
0     0009d0bf  _SysTickIntEnable                     
0     0009d0a5  _SysTickIntRegister                   
0     0009d0b4  _SysTickIntUnregister                 
0     0009d0da  _SysTickPeriodGet                     
0     0009d0d3  _SysTickPeriodSet                     
0     0009d0de  _SysTickValueGet                      
0     0009b761  _SysXtalOscSel                        
0     0009a997  _TIMER0_ISR                           
0     0009a89d  _TIMER1_ISR                           
0     0009a8a7  _TIMER2_ISR                           
0     0009ad4d  _UPPA_ISR                             
0     0009ad57  _USBA_ISR                             
0     0009a93d  _USER10_ISR                           
0     0009a947  _USER11_ISR                           
0     0009a951  _USER12_ISR                           
0     0009a8e3  _USER1_ISR                            
0     0009a8ed  _USER2_ISR                            
0     0009a8f7  _USER3_ISR                            
0     0009a901  _USER4_ISR                            
0     0009a90b  _USER5_ISR                            
0     0009a915  _USER6_ISR                            
0     0009a91f  _USER7_ISR                            
0     0009a929  _USER8_ISR                            
0     0009a933  _USER9_ISR                            
1     00006200  _UppRegs                              
0     0009ac8f  _VCU_ISR                              
0     0009a9a1  _WAKE_ISR                             
1     00007000  _WdRegs                               
0     0009a979  _XINT1_ISR                            
0     0009a983  _XINT2_ISR                            
0     0009ac71  _XINT3_ISR                            
0     0009ac7b  _XINT4_ISR                            
0     0009ac85  _XINT5_ISR                            
1     00007920  _XbarRegs                             
1     00007070  _XintRegs                             
1     0000bbf8  __STACK_END                           
abs   000003f8  __STACK_SIZE                          
1     0000ae34  ___TI_cleanup_ptr                     
1     0000ae36  ___TI_dtors_ptr                       
1     0000ae32  ___TI_enable_exit_profile_output      
0     0009d213  ___TI_ltoa                            
abs   ffffffff  ___TI_pprof_out_hndl                  
0     0009a70c  ___TI_printfi                         
abs   ffffffff  ___TI_prof_data_size                  
abs   ffffffff  ___TI_prof_data_start                 
abs   ffffffff  ___binit__                            
abs   ffffffff  ___c_args__                           
0     00082000  ___cinit__                            
0     0009d4fe  ___etext__                            
abs   ffffffff  ___pinit__                            
0     00098000  ___text__                             
0     0009d467  __args_main                           
0     000914e6  __ctypes_                             
1     0000af78  __lock                                
0     0009d4c4  __nop                                 
0     0009d4c0  __register_lock                       
0     0009d4bc  __register_unlock                     
1     0000b800  __stack                               
0     00099501  __system_post_cinit                   
0     0009d4fc  __system_pre_init                     
1     0000af7a  __unlock                              
0     0009d297  _abort                                
1     0000acc9  _ack                                  
0     0009d1e2  _atoi                                 
1     0000acea  _bms_log                              
0     0009d037  _c_int00                              
0     0009c4b9  _compute_AMKStatus                    
[...]
0     0009b076  _CANIntEnable                         
0     0009b084  _CANIntDisable                        
0     0009b094  _CANIntStatus                         
0     0009b0ae  _CANIntClear                          
0     0009b0d7  _CANRetrySet                          
0     0009b0e8  _CANRetryGet                          
0     0009b0f2  _CANStatusGet                         
0     0009b11a  _CANErrCntrGet                        
0     0009b135  _CANMessageSet                        
0     0009b221  _CANMessageGet                        
0     0009b2f5  _CANMessageClear                      
0     0009b31b  _CANGlobalIntEnable                   
0     0009b324  _CANGlobalIntDisable                  
0     0009b32e  _CANGlobalIntClear                    
0     0009b337  _CANGlobalIntstatusGet                
0     0009b344  _InitSysCtrl                          
0     0009b36d  _InitPeripheralClocks                 
0     0009b3f1  _DisablePeripheralClocks              
0     0009b409  _SeizeFlashPump                       
0     0009b418  _ReleaseFlashPump                     
0     0009b422  _ServiceDog                           
0     0009b430  _DisableDog                           
0     0009b43e  _InitSysPll                           
0     0009b62d  _InitAuxPll                           
0     0009b71c  _CsmUnlock                            
0     0009b73d  _SysIntOsc1Sel                        
0     0009b74d  _SysIntOsc2Sel                        
0     0009b761  _SysXtalOscSel                        
0     0009b771  _AuxIntOsc2Sel                        
0     0009b77b  _AuxXtalOscSel                        
0     0009b787  _AuxAuxClkSel                         
0     0009b791  _IDLE                                 
0     0009b79a  _STANDBY                              
0     0009b7a5  _HALT                                 
0     0009b7be  _HIB                                  
0     0009b7db  _ConfigureTMXAnalogTrim               
0     0009b9c8  _disk_initialize                      
0     0009ba86  _disk_status                          
0     0009ba91  _disk_read                            
0     0009badb  _disk_write                           
0     0009bb39  _disk_ioctl                           
0     0009bc0e  _disk_timerproc                       
0     0009bc1f  _get_fattime                          
0     0009bc24  _Cmd_ls                               
0     0009bccc  _Cmd_cd                               
0     0009bcdc  _Cmd_pwd                              
0     0009bce2  _Cmd_cat                              
0     0009bd37  _Cmd_write                            
0     0009bdcd  _Cmd_mkdir                            
0     0009be08  _Cmd_rm                               
0     0009be43  _Cmd_help                             
0     0009be53  _setupSD                              
0     0009be94  _writeSD                              
0     0009bebb  _reverse                              
0     0009bedd  _SysCtlPeripheralPresent              
0     0009befc  _SysCtlPeripheralReady                
0     0009bf36  _SysCtlPeripheralReset                
0     0009bf62  _SysCtlPeripheralEnable               
0     0009bf7c  _SysCtlPeripheralDisable              
0     0009bf97  _SysCtlReset                          
0     0009bfa1  _SysCtlClockGet                       
0     0009bfed  _SysCtlLowSpeedClockGet               
0     0009c004  _SysCtlClockSet                       
0     0009c0a4  _SysCtlAuxClockSet                    
0     0009c126  _SysCtlUSBPLLEnable                   
0     0009c127  _SysCtlUSBPLLDisable                  
0     0009c128  _InitGpio                             
0     0009c168  _GPIO_SetupPinMux                     
0     0009c1f4  _GPIO_SetupPinOptions                 
0     0009c288  _GPIO_SetupLock                       
0     0009c2b1  _GPIO_SetupXINT1Gpio                  
0     0009c2bb  _GPIO_SetupXINT2Gpio                  
0     0009c2c5  _GPIO_SetupXINT3Gpio                  
0     0009c2cf  _GPIO_SetupXINT4Gpio                  
0     0009c2d9  _GPIO_SetupXINT5Gpio                  
0     0009c2e3  _GPIO_EnableUnbondedIOPullupsFor176Pin
0     0009c2fc  _GPIO_EnableUnbondedIOPullupsFor100Pin
0     0009c321  _GPIO_EnableUnbondedIOPullups         
0     0009c337  _GPIO_ReadPin                         
0     0009c34e  _GPIO_WritePin                        
0     0009c36c  _main                                 
0     0009c45e  _cpu1_timer_setup                     
0     0009c490  _send_can_to_cpu2                     
0     0009c4ac  _Shared_Ram_dataRead_c1               
0     0009c4b9  _compute_AMKStatus                    
0     0009c53b  _IntMasterEnable                      
0     0009c543  _IntMasterDisable                     
0     0009c54b  _IntRegister                          
0     0009c55e  _IntUnregister                        
0     0009c573  _IntEnable                            
0     0009c606  _IntDisable                           
0     0009c686  _IntIFRClear                          
0     0009c705  _IPCRtoLFlagAcknowledge               
0     0009c70c  _IPCRtoLFlagBusy                      
0     0009c71b  _IPCLtoRFlagBusy                      
0     0009c72a  _IPCLtoRFlagSet                       
0     0009c731  _IPCLtoRFlagClear                     
0     0009c738  _IPCGetBootStatus                     
0     0009c73c  _IPCBootCPU2                          
0     0009c873  _cpu_timer1_isr                       
0     0009c9cb  _cpu_timer2_isr                       
0     0009c9d8  LL$$DIV                               
0     0009ca14  LL$$MOD                               
0     0009ca4e  ULL$$DIV                              
0     0009ca7d  ULL$$MOD                              
0     0009cadf  _InitEPwmGpio                         
0     0009caf8  _InitEPwm1Gpio                        
0     0009cb0a  _InitEPwm2Gpio                        
0     0009cb1c  _InitEPwm3Gpio                        
0     0009cb30  _InitEPwm4Gpio                        
0     0009cb3d  _InitEPwm5Gpio                        
0     0009cb4f  _InitEPwm6Gpio                        
0     0009cb5b  _InitEPwm7Gpio                        
0     0009cb6f  _InitEPwm8Gpio                        
0     0009cb83  _InitEPwm9Gpio                        
0     0009cb95  _InitEPwm10Gpio                       
0     0009cba8  _InitEPwm11Gpio                       
0     0009cbbc  _InitEPwm12Gpio                       
0     0009cbcf  _GPIOSetup                            
0     0009cc81  _ldexpl                               
0     0009cc81  _scalbnl                              
0     0009cd2f  FD$$ADD                               
0     0009cdcb  FD$$DIV                               
0     0009ce56  FS$$DIV                               
0     0009cede  FD$$MPY                               
0     0009cf61  _InitCpuTimers                        
0     0009cfa2  _ConfigCpuTimer                       
0     0009cfdd  _frexpl                               
0     0009d037  _c_int00                              
0     0009d08d  _SysTickInit                          
0     0009d099  _SysTickEnable                        
0     0009d0a0  _SysTickDisable                       
0     0009d0a5  _SysTickIntRegister                   
0     0009d0b4  _SysTickIntUnregister                 
0     0009d0bf  _SysTickIntEnable                     
0     0009d0c9  _SysTickIntDisable                    
0     0009d0d3  _SysTickPeriodSet                     
0     0009d0da  _SysTickPeriodGet                     
0     0009d0de  _SysTickValueGet                      
0     0009d0e2  _uart_setup                           
0     0009d0fb  _scic_init                            
0     0009d10d  _scic_xmit                            
0     0009d11b  _scic_msg                             
0     0009d12e  _scic_fifo_init                       
0     0009d136  _CmdLineProcess                       
0     0009d17f  _sprintf                              
0     0009d1b1  _SysTickHandler                       
0     0009d1e2  _atoi                                 
0     0009d213  ___TI_ltoa                            
0     0009d243  FD$$CMP                               
0     0009d26d  L$$DIV                                
0     0009d27c  L$$MOD                                
0     0009d28a  UL$$DIV                               
0     0009d291  UL$$MOD                               
0     0009d297  C$$EXIT                               
0     0009d297  _abort                                
0     0009d299  _exit                                 
0     0009d2c0  _InitPieCtrl                          
0     0009d2df  _EnableInterrupts                     
0     0009d2e8  _InitPieVectTable                     
0     0009d30e  _copysignl                            
0     0009d333  _copy_in                              
0     0009d357  FD$$TOI                               
0     0009d378  FD$$TOL                               
0     0009d397  LL$$CMP                               
0     0009d3a9  ULL$$CMP                              
0     0009d3b5  I$$TOFD                               
0     0009d3d2  _memcpy                               
0     0009d3ef  FS$$TOFD                              
0     0009d40b  L$$TOFD                               
0     0009d427  LL$$AND                               
0     0009d42f  LL$$OR                                
0     0009d437  LL$$XOR                               
0     0009d43f  _strncpy                              
0     0009d454  _memcmp                               
0     0009d467  __args_main                           
0     0009d479  _memccpy                              
0     0009d489  _IntDefaultHandler                    
0     0009d498  FD$$SUB                               
0     0009d4a6  _strchr                               
0     0009d4b2  _strcmp                               
0     0009d4bc  __register_unlock                     
0     0009d4c0  __register_lock                       
0     0009d4c4  __nop                                 
0     0009d4c5  FD$$NEG                               
0     0009d4ce  _strcat                               
0     0009d4d7  _wcslen                               
0     0009d4e8  _strlen                               
0     0009d4f0  _memset                               
0     0009d4f7  _strcpy                               
0     0009d4fc  __system_pre_init                     
0     0009d4fe  ___etext__                            
0     0009d4fe  etext                                 
1     00000b00  _AdcaResultRegs                       
1     00000b20  _AdcbResultRegs                       
1     00000b40  _AdccResultRegs                       
1     00000b60  _AdcdResultRegs                       
1     00000c00  _CpuTimer0Regs                        
1     00000c08  _CpuTimer1Regs                        
1     00000c10  _CpuTimer2Regs                        
1     00000ce0  _PieCtrlRegs                          
1     00000d00  _PieVectTable                         
1     00001000  _DmaRegs                              
1     00001400  _Cla1Regs                             
1     00003000  _Clb1LogicCfgRegs                     
1     00003100  _Clb1LogicCtrlRegs                    
1     00003200  _Clb1DataExchRegs                     
1     00003400  _Clb2LogicCfgRegs                     
1     00003500  _Clb2LogicCtrlRegs                    
1     00003600  _Clb2DataExchRegs                     
1     00003800  _Clb3LogicCfgRegs                     
1     00003900  _Clb3LogicCtrlRegs                    
1     00003a00  _Clb3DataExchRegs                     
1     00003c00  _Clb4LogicCfgRegs                     
1     00003d00  _Clb4LogicCtrlRegs                    
1     00003e00  _Clb4DataExchRegs                     
1     00004000  _EPwm1Regs                            
1     00004100  _EPwm2Regs                            
1     00004200  _EPwm3Regs                            
1     00004300  _EPwm4Regs                            
1     00004400  _EPwm5Regs                            
1     00004500  _EPwm6Regs                            
1     00004600  _EPwm7Regs                            
1     00004700  _EPwm8Regs                            
1     00004800  _EPwm9Regs                            
1     00004900  _EPwm10Regs                           
1     00004a00  _EPwm11Regs                           
1     00004b00  _EPwm12Regs                           
1     00005000  _ECap1Regs                            
1     00005020  _ECap2Regs                            
1     00005040  _ECap3Regs                            
1     00005060  _ECap4Regs                            
1     00005080  _ECap5Regs                            
1     000050a0  _ECap6Regs                            
1     00005100  _EQep1Regs                            
1     00005140  _EQep2Regs                            
1     00005180  _EQep3Regs                            
1     00005c00  _DacaRegs                             
1     00005c10  _DacbRegs                             
1     00005c20  _DaccRegs                             
1     00005c80  _Cmpss1Regs                           
1     00005ca0  _Cmpss2Regs                           
1     00005cc0  _Cmpss3Regs                           
1     00005ce0  _Cmpss4Regs                           
1     00005d00  _Cmpss5Regs                           
1     00005d20  _Cmpss6Regs                           
1     00005d40  _Cmpss7Regs                           
1     00005d60  _Cmpss8Regs                           
1     00005e00  _Sdfm1Regs                            
1     00005e80  _Sdfm2Regs                            
1     00006000  _McbspaRegs                           
1     00006040  _McbspbRegs                           
1     00006100  _SpiaRegs                             
1     00006110  _SpibRegs                             
1     00006120  _SpicRegs                             
1     00006200  _UppRegs                              
1     00007000  _WdRegs                               
1     00007060  _NmiIntruptRegs                       
1     00007070  _XintRegs                             
1     00007200  _SciaRegs                             
1     00007210  _ScibRegs                             
1     00007220  _ScicRegs                             
1     00007230  _ScidRegs                             
1     00007300  _I2caRegs                             
1     00007340  _I2cbRegs                             
1     00007400  _AdcaRegs                             
1     00007480  _AdcbRegs                             
1     00007500  _AdccRegs                             
1     00007580  _AdcdRegs                             
1     00007900  _InputXbarRegs                        
1     00007920  _XbarRegs                             
1     00007940  _SyncSocRegs                          
1     00007980  _DmaClaSrcSelRegs                     
1     00007a00  _EPwmXbarRegs                         
1     00007a40  _ClbXbarRegs                          
1     00007a80  _OutputXbarRegs                       
1     00007c00  _GpioCtrlRegs                         
1     00007f00  _GpioDataRegs                         
1     0000a800  _var                                  
1     0000a801  _diskResult                           
1     0000a802  _g_ulStatusStringIndex                
1     0000ac9a  _CpuTimer0                            
1     0000aca2  _CpuTimer1                            
1     0000acaa  _CpuTimer2                            
1     0000acb2  _gpioInput                            
1     0000acbc  _AmkStatus                            
1     0000acc0  _increment                            
1     0000acc1  _deb                                  
1     0000acc2  _var_v                                
1     0000acc3  _local_val                            
1     0000acc4  _file_counter                         
1     0000acc5  _currentPage                          
1     0000acc6  _n_setup                              
1     0000acc7  _old_setup_power                      
1     0000acc8  _old_setup_regen                      
1     0000acc9  _ack                                  
1     0000acca  _old_ack_power                        
1     0000accb  _old_ack_regen                        
1     0000accc  _sel                                  
1     0000accd  _error                                
1     0000acce  _multiplier                           
1     0000accf  _LoRa_Packet_Counter                  
1     0000acd0  _local_time_elapsed                   
1     0000acd2  _fanspeed_log                         
1     0000acd4  _status_log                           
1     0000acda  _power_log                            
1     0000ace2  _gpio_log                             
1     0000acea  _bms_log                              
1     0000ad00  _imu_log                              
1     0000ad40  _local_sh                             
1     0000ae16  _filename                             
1     0000ae2a  _gpioOutput                           
1     0000ae32  ___TI_enable_exit_profile_output      
1     0000ae34  ___TI_cleanup_ptr                     
1     0000ae36  ___TI_dtors_ptr                       
1     0000ae3d  _version                              
1     0000ae3e  _implicitHeaderFlag                   
1     0000ae3f  _onTxDone                             
1     0000af42  _g_sFresultStrings                    
1     0000af78  __lock                                
1     0000af7a  __unlock                              
1     0000af7c  _counter                              
1     0000af7e  _errno                                
1     0000b800  __stack                               
1     0000bbf8  __STACK_END                           
1     0000c080  _g_psCmdTable                         
1     0000c0c8  _tmp                                  
1     0000d000  _sh                                   
1     0000e000  _time_elapsed                         
1     0000f000  _display                              
1     00047000  _Emif1Regs                            
1     00047800  _Emif2Regs                            
1     00048000  _CanaRegs                             
1     0004a000  _CanbRegs                             
1     00050000  _IpcRegs                              
1     00050024  _FlashPumpSemaphoreRegs               
1     0005d000  _DevCfgRegs                           
1     0005d180  _AnalogSubsysRegs                     
1     0005d200  _ClkCfgRegs                           
1     0005d300  _CpuSysRegs                           
1     0005e608  _RomPrefetchRegs                      
1     0005f000  _DcsmZ1Regs                           
1     0005f040  _DcsmZ2Regs                           
1     0005f070  _DcsmCommonRegs                       
1     0005f400  _MemCfgRegs                           
1     0005f480  _Emif1ConfigRegs                      
1     0005f4a0  _Emif2ConfigRegs                      
1     0005f4c0  _AccessProtectionRegs                 
1     0005f500  _MemoryErrorRegs                      
1     0005f540  _RomWaitStateRegs                     
1     0005f800  _Flash0CtrlRegs                       
1     0005fb00  _Flash0EccRegs                        
abs   0000003f  _RamfuncsLoadSize                     
abs   0000003f  _RamfuncsRunSize                      
abs   000003f8  __STACK_SIZE                          
abs   ffffffff  ___TI_pprof_out_hndl                  
abs   ffffffff  ___TI_prof_data_size                  
abs   ffffffff  ___TI_prof_data_start                 
abs   ffffffff  ___binit__                            
abs   ffffffff  ___c_args__                           
abs   ffffffff  ___pinit__                            
abs   ffffffff  binit                                 
abs   ffffffff  pinit                                 

[572 symbols]
