<?xml version="1.0" encoding="ISO-8859-1" ?>
<link_info>
   <banner>TMS320C2000 Linker PC v20.2.1.LTS</banner>
   <copyright>Copyright (c) 1996-2018 Texas Instruments Incorporated</copyright>
   <link_time>0x62adde70</link_time>
   <link_errors>0x0</link_errors>
   <output_file>cpu1_control_unit_test.out</output_file>
   <entry_point>
      <name>_c_int00</name>
      <address>0x9c28d</address>
   </entry_point>
   <input_file_list>
      <input_file id="fl-2">
         <path>.\</path>
         <kind>object</kind>
         <file>F2837xD_Adc.obj</file>
         <name>F2837xD_Adc.obj</name>
      </input_file>
      <input_file id="fl-3">
         <path>.\</path>
         <kind>object</kind>
         <file>F2837xD_CodeStartBranch.obj</file>
         <name>F2837xD_CodeStartBranch.obj</name>
      </input_file>
      <input_file id="fl-4">
         <path>.\</path>
         <kind>object</kind>
         <file>F2837xD_CpuTimers.obj</file>
         <name>F2837xD_CpuTimers.obj</name>
      </input_file>
      <input_file id="fl-5">
         <path>.\</path>
         <kind>object</kind>
         <file>F2837xD_DefaultISR.obj</file>
         <name>F2837xD_DefaultISR.obj</name>
      </input_file>
      <input_file id="fl-6">
         <path>.\</path>
         <kind>object</kind>
         <file>F2837xD_EPwm.obj</file>
         <name>F2837xD_EPwm.obj</name>
      </input_file>
      <input_file id="fl-7">
         <path>.\</path>
         <kind>object</kind>
         <file>F2837xD_GlobalVariableDefs.obj</file>
         <name>F2837xD_GlobalVariableDefs.obj</name>
      </input_file>
      <input_file id="fl-8">
         <path>.\</path>
         <kind>object</kind>
         <file>F2837xD_Gpio.obj</file>
         <name>F2837xD_Gpio.obj</name>
      </input_file>
      <input_file id="fl-9">
         <path>.\</path>
         <kind>object</kind>
         <file>F2837xD_Ipc.obj</file>
         <name>F2837xD_Ipc.obj</name>
      </input_file>
      <input_file id="fl-a">
         <path>.\</path>
         <kind>object</kind>
         <file>F2837xD_Ipc_Driver_Util.obj</file>
         <name>F2837xD_Ipc_Driver_Util.obj</name>
      </input_file>
      <input_file id="fl-b">
         <path>.\</path>
         <kind>object</kind>
         <file>F2837xD_PieCtrl.obj</file>
         <name>F2837xD_PieCtrl.obj</name>
      </input_file>
      <input_file id="fl-c">
         <path>.\</path>
         <kind>object</kind>
         <file>F2837xD_PieVect.obj</file>
         <name>F2837xD_PieVect.obj</name>
      </input_file>
      <input_file id="fl-d">
         <path>.\</path>
         <kind>object</kind>
         <file>F2837xD_SysCtrl.obj</file>
         <name>F2837xD_SysCtrl.obj</name>
      </input_file>
      <input_file id="fl-e">
         <path>.\</path>
         <kind>object</kind>
         <file>F2837xD_usDelay.obj</file>
         <name>F2837xD_usDelay.obj</name>
      </input_file>
      <input_file id="fl-f">
         <path>.\</path>
         <kind>object</kind>
         <file>GPIO_management.obj</file>
         <name>GPIO_management.obj</name>
      </input_file>
      <input_file id="fl-10">
         <path>.\</path>
         <kind>object</kind>
         <file>LoRa.obj</file>
         <name>LoRa.obj</name>
      </input_file>
      <input_file id="fl-11">
         <path>.\</path>
         <kind>object</kind>
         <file>SPI_LoRa.obj</file>
         <name>SPI_LoRa.obj</name>
      </input_file>
      <input_file id="fl-12">
         <path>.\</path>
         <kind>object</kind>
         <file>Telemetry.obj</file>
         <name>Telemetry.obj</name>
      </input_file>
      <input_file id="fl-13">
         <path>.\</path>
         <kind>object</kind>
         <file>can.obj</file>
         <name>can.obj</name>
      </input_file>
      <input_file id="fl-14">
         <path>.\</path>
         <kind>object</kind>
         <file>cmdline.obj</file>
         <name>cmdline.obj</name>
      </input_file>
      <input_file id="fl-15">
         <path>.\</path>
         <kind>object</kind>
         <file>display.obj</file>
         <name>display.obj</name>
      </input_file>
      <input_file id="fl-16">
         <path>.\</path>
         <kind>object</kind>
         <file>ff.obj</file>
         <name>ff.obj</name>
      </input_file>
      <input_file id="fl-17">
         <path>.\</path>
         <kind>object</kind>
         <file>interrupt.obj</file>
         <name>interrupt.obj</name>
      </input_file>
      <input_file id="fl-18">
         <path>.\</path>
         <kind>object</kind>
         <file>main.obj</file>
         <name>main.obj</name>
      </input_file>
      <input_file id="fl-19">
         <path>.\</path>
         <kind>object</kind>
         <file>mmc_F2837x.obj</file>
         <name>mmc_F2837x.obj</name>
      </input_file>
      <input_file id="fl-1a">
         <path>.\</path>
         <kind>object</kind>
         <file>sd_card.obj</file>
         <name>sd_card.obj</name>
      </input_file>
      <input_file id="fl-1b">
         <path>.\</path>
         <kind>object</kind>
         <file>sysctl.obj</file>
         <name>sysctl.obj</name>
      </input_file>
      <input_file id="fl-1c">
         <path>.\</path>
         <kind>object</kind>
         <file>systick.obj</file>
         <name>systick.obj</name>
      </input_file>
      <input_file id="fl-1d">
         <path>.\</path>
         <kind>object</kind>
         <file>uart.obj</file>
         <name>uart.obj</name>
      </input_file>
      <input_file id="fl-1e">
         <path>.\</path>
         <kind>object</kind>
         <file>ustdlib.obj</file>
         <name>ustdlib.obj</name>
      </input_file>
      <input_file id="fl-24">
         <kind>object</kind>
         <file>&lt;internal&gt;</file>
         <name>&lt;internal&gt;</name>
      </input_file>
      <input_file id="fl-25">
         <path>C:\ti\ccs1011\ccs\tools\compiler\ti-cgt-c2000_20.2.1.LTS\lib\</path>
         <kind>archive</kind>
         <file>rts2800_fpu32.lib</file>
         <name>boot28.asm.obj</name>
      </input_file>
      <input_file id="fl-26">
         <path>C:\ti\ccs1011\ccs\tools\compiler\ti-cgt-c2000_20.2.1.LTS\lib\</path>
         <kind>archive</kind>
         <file>rts2800_fpu32.lib</file>
         <name>fs_div28.asm.obj</name>
      </input_file>
      <input_file id="fl-27">
         <path>C:\ti\ccs1011\ccs\tools\compiler\ti-cgt-c2000_20.2.1.LTS\lib\</path>
         <kind>archive</kind>
         <file>rts2800_fpu32.lib</file>
         <name>ll_aox28.asm.obj</name>
      </input_file>
      <input_file id="fl-28">
         <path>C:\ti\ccs1011\ccs\tools\compiler\ti-cgt-c2000_20.2.1.LTS\lib\</path>
         <kind>archive</kind>
         <file>rts2800_fpu32.lib</file>
         <name>ll_div28.asm.obj</name>
      </input_file>
      <input_file id="fl-29">
         <path>C:\ti\ccs1011\ccs\tools\compiler\ti-cgt-c2000_20.2.1.LTS\lib\</path>
         <kind>archive</kind>
         <file>rts2800_fpu32.lib</file>
         <name>l_div28.asm.obj</name>
      </input_file>
      <input_file id="fl-2a">
         <path>C:\ti\ccs1011\ccs\tools\compiler\ti-cgt-c2000_20.2.1.LTS\lib\</path>
         <kind>archive</kind>
         <file>rts2800_fpu32.lib</file>
         <name>cpy_tbl.c.obj</name>
      </input_file>
      <input_file id="fl-2b">
         <path>C:\ti\ccs1011\ccs\tools\compiler\ti-cgt-c2000_20.2.1.LTS\lib\</path>
         <kind>archive</kind>
         <file>rts2800_fpu32.lib</file>
         <name>memcpy.c.obj</name>
      </input_file>
      <input_file id="fl-2c">
         <path>C:\ti\ccs1011\ccs\tools\compiler\ti-cgt-c2000_20.2.1.LTS\lib\</path>
         <kind>archive</kind>
         <file>rts2800_fpu32.lib</file>
         <name>pre_init.c.obj</name>
      </input_file>
      <input_file id="fl-2d">
         <path>C:\ti\ccs1011\ccs\tools\compiler\ti-cgt-c2000_20.2.1.LTS\lib\</path>
         <kind>archive</kind>
         <file>rts2800_fpu32.lib</file>
         <name>startup.c.obj</name>
      </input_file>
      <input_file id="fl-2e">
         <path>C:\ti\ccs1011\ccs\tools\compiler\ti-cgt-c2000_20.2.1.LTS\lib\</path>
         <kind>archive</kind>
         <file>rts2800_fpu32.lib</file>
         <name>exit.c.obj</name>
      </input_file>
      <input_file id="fl-2f">
         <path>C:\ti\ccs1011\ccs\tools\compiler\ti-cgt-c2000_20.2.1.LTS\lib\</path>
         <kind>archive</kind>
         <file>rts2800_fpu32.lib</file>
         <name>_lock.c.obj</name>
      </input_file>
      <input_file id="fl-30">
         <path>C:\ti\ccs1011\ccs\tools\compiler\ti-cgt-c2000_20.2.1.LTS\lib\</path>
         <kind>archive</kind>
         <file>rts2800_fpu32.lib</file>
         <name>args_main.c.obj</name>
      </input_file>
      <input_file id="fl-31">
         <path>C:\ti\ccs1011\ccs\tools\compiler\ti-cgt-c2000_20.2.1.LTS\lib\</path>
         <kind>archive</kind>
         <file>rts2800_fpu32.lib</file>
         <name>memcmp.c.obj</name>
      </input_file>
      <input_file id="fl-32">
         <path>C:\ti\ccs1011\ccs\tools\compiler\ti-cgt-c2000_20.2.1.LTS\lib\</path>
         <kind>archive</kind>
         <file>rts2800_fpu32.lib</file>
         <name>memset.c.obj</name>
      </input_file>
      <input_file id="fl-33">
         <path>C:\ti\ccs1011\ccs\tools\compiler\ti-cgt-c2000_20.2.1.LTS\lib\</path>
         <kind>archive</kind>
         <file>rts2800_fpu32.lib</file>
         <name>strcat.c.obj</name>
      </input_file>
      <input_file id="fl-34">
         <path>C:\ti\ccs1011\ccs\tools\compiler\ti-cgt-c2000_20.2.1.LTS\lib\</path>
         <kind>archive</kind>
         <file>rts2800_fpu32.lib</file>
         <name>strchr.c.obj</name>
      </input_file>
      <input_file id="fl-35">
         <path>C:\ti\ccs1011\ccs\tools\compiler\ti-cgt-c2000_20.2.1.LTS\lib\</path>
         <kind>archive</kind>
         <file>rts2800_fpu32.lib</file>
         <name>strcmp.c.obj</name>
      </input_file>
      <input_file id="fl-36">
         <path>C:\ti\ccs1011\ccs\tools\compiler\ti-cgt-c2000_20.2.1.LTS\lib\</path>
         <kind>archive</kind>
         <file>rts2800_fpu32.lib</file>
         <name>strcpy.c.obj</name>
      </input_file>
      <input_file id="fl-37">
         <path>C:\ti\ccs1011\ccs\tools\compiler\ti-cgt-c2000_20.2.1.LTS\lib\</path>
         <kind>archive</kind>
         <file>rts2800_fpu32.lib</file>
         <name>strlen.c.obj</name>
      </input_file>
      <input_file id="fl-38">
         <path>C:\ti\ccs1011\ccs\tools\compiler\ti-cgt-c2000_20.2.1.LTS\lib\</path>
         <kind>archive</kind>
         <file>rts2800_fpu32.lib</file>
         <name>strncpy.c.obj</name>
      </input_file>
   </input_file_list>
   <object_component_list>
      <object_component id="oc-190">
         <name>.cinit:_g_psCmdTable</name>
         <load_address>0x82000</load_address>
         <run_address>0x82000</run_address>
         <size>0x4b</size>
         <input_file_ref idref="fl-1a"/>
      </object_component>
      <object_component id="oc-18f">
         <name>.cinit:_g_sFresultStrings</name>
         <load_address>0x8204b</load_address>
         <run_address>0x8204b</run_address>
         <size>0x37</size>
         <input_file_ref idref="fl-1a"/>
      </object_component>
      <object_component id="oc-178">
         <name>.cinit</name>
         <load_address>0x82082</load_address>
         <run_address>0x82082</run_address>
         <size>0x14</size>
         <input_file_ref idref="fl-18"/>
      </object_component>
      <object_component id="oc-1dd">
         <name>.cinit</name>
         <load_address>0x82096</load_address>
         <run_address>0x82096</run_address>
         <size>0xe</size>
         <input_file_ref idref="fl-2e"/>
      </object_component>
      <object_component id="oc-248">
         <name>.cinit:_gpioInput</name>
         <load_address>0x820a4</load_address>
         <run_address>0x820a4</run_address>
         <size>0xd</size>
         <input_file_ref idref="fl-f"/>
      </object_component>
      <object_component id="oc-246">
         <name>.cinit:_gpioOutput</name>
         <load_address>0x820b1</load_address>
         <run_address>0x820b1</run_address>
         <size>0xb</size>
         <input_file_ref idref="fl-f"/>
      </object_component>
      <object_component id="oc-18b">
         <name>.cinit</name>
         <load_address>0x820bc</load_address>
         <run_address>0x820bc</run_address>
         <size>0x9</size>
         <input_file_ref idref="fl-1a"/>
      </object_component>
      <object_component id="oc-184">
         <name>.cinit</name>
         <load_address>0x820c5</load_address>
         <run_address>0x820c5</run_address>
         <size>0x8</size>
         <input_file_ref idref="fl-19"/>
      </object_component>
      <object_component id="oc-224">
         <name>.cinit:__lock</name>
         <load_address>0x820cd</load_address>
         <run_address>0x820cd</run_address>
         <size>0x5</size>
         <input_file_ref idref="fl-2f"/>
      </object_component>
      <object_component id="oc-242">
         <name>.cinit:__unlock</name>
         <load_address>0x820d2</load_address>
         <run_address>0x820d2</run_address>
         <size>0x5</size>
         <input_file_ref idref="fl-2f"/>
      </object_component>
      <object_component id="oc-231">
         <name>.cinit:_g_cCwdBuf</name>
         <load_address>0x820d7</load_address>
         <run_address>0x820d7</run_address>
         <size>0x5</size>
         <input_file_ref idref="fl-1a"/>
      </object_component>
      <object_component id="oc-149">
         <name>.cinit</name>
         <load_address>0x820dc</load_address>
         <run_address>0x820dc</run_address>
         <size>0x4</size>
         <input_file_ref idref="fl-10"/>
      </object_component>
      <object_component id="oc-1a6">
         <name>.cinit</name>
         <load_address>0x820e0</load_address>
         <run_address>0x820e0</run_address>
         <size>0x4</size>
         <input_file_ref idref="fl-1e"/>
      </object_component>
      <object_component id="oc-232">
         <name>.text</name>
         <load_address>0x98000</load_address>
         <run_address>0x98000</run_address>
         <size>0x1501</size>
         <input_file_ref idref="fl-16"/>
      </object_component>
      <object_component id="oc-21b">
         <name>.text</name>
         <load_address>0x99501</load_address>
         <run_address>0x99501</run_address>
         <size>0x5d4</size>
         <input_file_ref idref="fl-1e"/>
      </object_component>
      <object_component id="oc-a9">
         <name>.text:retain</name>
         <load_address>0x99ad5</load_address>
         <run_address>0x99ad5</run_address>
         <size>0x585</size>
         <input_file_ref idref="fl-5"/>
      </object_component>
      <object_component id="oc-22d">
         <name>.text</name>
         <load_address>0x9a05a</load_address>
         <run_address>0x9a05a</run_address>
         <size>0x522</size>
         <input_file_ref idref="fl-13"/>
      </object_component>
      <object_component id="oc-225">
         <name>.text</name>
         <load_address>0x9a57c</load_address>
         <run_address>0x9a57c</run_address>
         <size>0x4b4</size>
         <input_file_ref idref="fl-d"/>
      </object_component>
      <object_component id="oc-21e">
         <name>.text</name>
         <load_address>0x9aa30</load_address>
         <run_address>0x9aa30</run_address>
         <size>0x492</size>
         <input_file_ref idref="fl-15"/>
      </object_component>
      <object_component id="oc-21f">
         <name>.text</name>
         <load_address>0x9aec2</load_address>
         <run_address>0x9aec2</run_address>
         <size>0x42c</size>
         <input_file_ref idref="fl-19"/>
      </object_component>
      <object_component id="oc-21c">
         <name>.text</name>
         <load_address>0x9b2ee</load_address>
         <run_address>0x9b2ee</run_address>
         <size>0x2c5</size>
         <input_file_ref idref="fl-1a"/>
      </object_component>
      <object_component id="oc-23b">
         <name>.text</name>
         <load_address>0x9b5b3</load_address>
         <run_address>0x9b5b3</run_address>
         <size>0x24b</size>
         <input_file_ref idref="fl-1b"/>
      </object_component>
      <object_component id="oc-226">
         <name>.text</name>
         <load_address>0x9b7fe</load_address>
         <run_address>0x9b7fe</run_address>
         <size>0x244</size>
         <input_file_ref idref="fl-8"/>
      </object_component>
      <object_component id="oc-24a">
         <name>.text</name>
         <load_address>0x9ba42</load_address>
         <run_address>0x9ba42</run_address>
         <size>0x1ca</size>
         <input_file_ref idref="fl-17"/>
      </object_component>
      <object_component id="oc-17d">
         <name>.text:retain</name>
         <load_address>0x9bc0c</load_address>
         <run_address>0x9bc0c</run_address>
         <size>0x183</size>
         <input_file_ref idref="fl-18"/>
      </object_component>
      <object_component id="oc-21a">
         <name>.text</name>
         <load_address>0x9bd8f</load_address>
         <run_address>0x9bd8f</run_address>
         <size>0x151</size>
         <input_file_ref idref="fl-18"/>
      </object_component>
      <object_component id="oc-1be">
         <name>.text</name>
         <load_address>0x9bee0</load_address>
         <run_address>0x9bee0</run_address>
         <size>0x107</size>
         <input_file_ref idref="fl-28"/>
      </object_component>
      <object_component id="oc-22b">
         <name>.text</name>
         <load_address>0x9bfe7</load_address>
         <run_address>0x9bfe7</run_address>
         <size>0xf0</size>
         <input_file_ref idref="fl-6"/>
      </object_component>
      <object_component id="oc-229">
         <name>.text</name>
         <load_address>0x9c0d7</load_address>
         <run_address>0x9c0d7</run_address>
         <size>0xb2</size>
         <input_file_ref idref="fl-f"/>
      </object_component>
      <object_component id="oc-1b4">
         <name>.text</name>
         <load_address>0x9c189</load_address>
         <run_address>0x9c189</run_address>
         <size>0x88</size>
         <input_file_ref idref="fl-26"/>
      </object_component>
      <object_component id="oc-22c">
         <name>.text</name>
         <load_address>0x9c211</load_address>
         <run_address>0x9c211</run_address>
         <size>0x7c</size>
         <input_file_ref idref="fl-4"/>
      </object_component>
      <object_component id="oc-96">
         <name>.text</name>
         <load_address>0x9c28d</load_address>
         <run_address>0x9c28d</run_address>
         <size>0x56</size>
         <input_file_ref idref="fl-25"/>
      </object_component>
      <object_component id="oc-23a">
         <name>.text</name>
         <load_address>0x9c2e3</load_address>
         <run_address>0x9c2e3</run_address>
         <size>0x55</size>
         <input_file_ref idref="fl-1c"/>
      </object_component>
      <object_component id="oc-22a">
         <name>.text</name>
         <load_address>0x9c338</load_address>
         <run_address>0x9c338</run_address>
         <size>0x55</size>
         <input_file_ref idref="fl-1d"/>
      </object_component>
      <object_component id="oc-23c">
         <name>.text</name>
         <load_address>0x9c38d</load_address>
         <run_address>0x9c38d</run_address>
         <size>0x49</size>
         <input_file_ref idref="fl-14"/>
      </object_component>
      <object_component id="oc-18d">
         <name>.text:retain</name>
         <load_address>0x9c3d6</load_address>
         <run_address>0x9c3d6</run_address>
         <size>0x31</size>
         <input_file_ref idref="fl-1a"/>
      </object_component>
      <object_component id="oc-1c3">
         <name>.text</name>
         <load_address>0x9c407</load_address>
         <run_address>0x9c407</run_address>
         <size>0x2a</size>
         <input_file_ref idref="fl-29"/>
      </object_component>
      <object_component id="oc-219">
         <name>.text</name>
         <load_address>0x9c431</load_address>
         <run_address>0x9c431</run_address>
         <size>0x29</size>
         <input_file_ref idref="fl-2e"/>
      </object_component>
      <object_component id="oc-227">
         <name>.text</name>
         <load_address>0x9c45a</load_address>
         <run_address>0x9c45a</run_address>
         <size>0x28</size>
         <input_file_ref idref="fl-b"/>
      </object_component>
      <object_component id="oc-228">
         <name>.text</name>
         <load_address>0x9c482</load_address>
         <run_address>0x9c482</run_address>
         <size>0x26</size>
         <input_file_ref idref="fl-c"/>
      </object_component>
      <object_component id="oc-216">
         <name>.text</name>
         <load_address>0x9c4a8</load_address>
         <run_address>0x9c4a8</run_address>
         <size>0x24</size>
         <input_file_ref idref="fl-2a"/>
      </object_component>
      <object_component id="oc-222">
         <name>.text</name>
         <load_address>0x9c4cc</load_address>
         <run_address>0x9c4cc</run_address>
         <size>0x1d</size>
         <input_file_ref idref="fl-2b"/>
      </object_component>
      <object_component id="oc-1b9">
         <name>.text</name>
         <load_address>0x9c4e9</load_address>
         <run_address>0x9c4e9</run_address>
         <size>0x18</size>
         <input_file_ref idref="fl-27"/>
      </object_component>
      <object_component id="oc-236">
         <name>.text</name>
         <load_address>0x9c501</load_address>
         <run_address>0x9c501</run_address>
         <size>0x15</size>
         <input_file_ref idref="fl-38"/>
      </object_component>
      <object_component id="oc-24c">
         <name>.text</name>
         <load_address>0x9c516</load_address>
         <run_address>0x9c516</run_address>
         <size>0x13</size>
         <input_file_ref idref="fl-31"/>
      </object_component>
      <object_component id="oc-218">
         <name>.text</name>
         <load_address>0x9c529</load_address>
         <run_address>0x9c529</run_address>
         <size>0x12</size>
         <input_file_ref idref="fl-30"/>
      </object_component>
      <object_component id="oc-172">
         <name>.text:retain</name>
         <load_address>0x9c53b</load_address>
         <run_address>0x9c53b</run_address>
         <size>0xf</size>
         <input_file_ref idref="fl-17"/>
      </object_component>
      <object_component id="oc-24d">
         <name>.text</name>
         <load_address>0x9c54a</load_address>
         <run_address>0x9c54a</run_address>
         <size>0xc</size>
         <input_file_ref idref="fl-34"/>
      </object_component>
      <object_component id="oc-237">
         <name>.text</name>
         <load_address>0x9c556</load_address>
         <run_address>0x9c556</run_address>
         <size>0xa</size>
         <input_file_ref idref="fl-35"/>
      </object_component>
      <object_component id="oc-241">
         <name>.text</name>
         <load_address>0x9c560</load_address>
         <run_address>0x9c560</run_address>
         <size>0x9</size>
         <input_file_ref idref="fl-2f"/>
      </object_component>
      <object_component id="oc-238">
         <name>.text</name>
         <load_address>0x9c569</load_address>
         <run_address>0x9c569</run_address>
         <size>0x9</size>
         <input_file_ref idref="fl-33"/>
      </object_component>
      <object_component id="oc-9c">
         <name>.text</name>
         <load_address>0x9c572</load_address>
         <run_address>0x9c572</run_address>
         <size>0x8</size>
         <input_file_ref idref="fl-3"/>
      </object_component>
      <object_component id="oc-235">
         <name>.text</name>
         <load_address>0x9c57a</load_address>
         <run_address>0x9c57a</run_address>
         <size>0x8</size>
         <input_file_ref idref="fl-37"/>
      </object_component>
      <object_component id="oc-239">
         <name>.text</name>
         <load_address>0x9c582</load_address>
         <run_address>0x9c582</run_address>
         <size>0x7</size>
         <input_file_ref idref="fl-32"/>
      </object_component>
      <object_component id="oc-234">
         <name>.text</name>
         <load_address>0x9c589</load_address>
         <run_address>0x9c589</run_address>
         <size>0x5</size>
         <input_file_ref idref="fl-36"/>
      </object_component>
      <object_component id="oc-215">
         <name>.text</name>
         <load_address>0x9c58e</load_address>
         <run_address>0x9c58e</run_address>
         <size>0x2</size>
         <input_file_ref idref="fl-2c"/>
      </object_component>
      <object_component id="oc-217">
         <name>.text</name>
         <load_address>0x9c590</load_address>
         <run_address>0x9c590</run_address>
         <size>0x1</size>
         <input_file_ref idref="fl-2d"/>
      </object_component>
      <object_component id="oc-9d">
         <name>codestart</name>
         <load_address>0x80000</load_address>
         <run_address>0x80000</run_address>
         <size>0x2</size>
         <input_file_ref idref="fl-3"/>
      </object_component>
      <object_component id="oc-1ae">
         <name>.stack</name>
         <uninitialized>true</uninitialized>
         <run_address>0x8800</run_address>
         <size>0x0</size>
         <input_file_ref idref="fl-25"/>
      </object_component>
      <object_component id="oc-2ec">
         <name>.stack</name>
         <uninitialized>true</uninitialized>
         <run_address>0x8800</run_address>
         <size>0x0</size>
      </object_component>
      <object_component id="oc-1af">
         <name>.reset</name>
         <load_address>0x3fffc0</load_address>
         <run_address>0x3fffc0</run_address>
         <size>0x2</size>
         <input_file_ref idref="fl-25"/>
      </object_component>
      <object_component id="oc-18c">
         <name>.ebss</name>
         <uninitialized>true</uninitialized>
         <run_address>0xa800</run_address>
         <size>0x49a</size>
         <input_file_ref idref="fl-1a"/>
      </object_component>
      <object_component id="oc-a3">
         <name>.ebss</name>
         <uninitialized>true</uninitialized>
         <run_address>0xac9a</run_address>
         <size>0x18</size>
         <input_file_ref idref="fl-4"/>
      </object_component>
      <object_component id="oc-247">
         <name>.ebss:_gpioInput</name>
         <uninitialized>true</uninitialized>
         <run_address>0xacb2</run_address>
         <size>0xa</size>
         <input_file_ref idref="fl-f"/>
      </object_component>
      <object_component id="oc-21d">
         <name>.ebss:_AmkStatus</name>
         <uninitialized>true</uninitialized>
         <run_address>0xacbc</run_address>
         <size>0x4</size>
         <input_file_ref idref="fl-18"/>
      </object_component>
      <object_component id="oc-179">
         <name>.ebss</name>
         <uninitialized>true</uninitialized>
         <run_address>0xacc0</run_address>
         <size>0x156</size>
         <input_file_ref idref="fl-18"/>
      </object_component>
      <object_component id="oc-23d">
         <name>.ebss:_filename</name>
         <uninitialized>true</uninitialized>
         <run_address>0xae16</run_address>
         <size>0x14</size>
         <input_file_ref idref="fl-18"/>
      </object_component>
      <object_component id="oc-245">
         <name>.ebss:_gpioOutput</name>
         <uninitialized>true</uninitialized>
         <run_address>0xae2a</run_address>
         <size>0x8</size>
         <input_file_ref idref="fl-f"/>
      </object_component>
      <object_component id="oc-1de">
         <name>.ebss</name>
         <uninitialized>true</uninitialized>
         <run_address>0xae32</run_address>
         <size>0x6</size>
         <input_file_ref idref="fl-2e"/>
      </object_component>
      <object_component id="oc-185">
         <name>.ebss</name>
         <uninitialized>true</uninitialized>
         <run_address>0xae38</run_address>
         <size>0x5</size>
         <input_file_ref idref="fl-19"/>
      </object_component>
      <object_component id="oc-14a">
         <name>.ebss</name>
         <uninitialized>true</uninitialized>
         <run_address>0xae3d</run_address>
         <size>0x3</size>
         <input_file_ref idref="fl-10"/>
      </object_component>
      <object_component id="oc-24f">
         <name>.ebss:_g_ppcArgv</name>
         <uninitialized>true</uninitialized>
         <run_address>0xae40</run_address>
         <size>0x102</size>
         <input_file_ref idref="fl-14"/>
      </object_component>
      <object_component id="oc-220">
         <name>.ebss:_g_sFresultStrings</name>
         <uninitialized>true</uninitialized>
         <run_address>0xaf42</run_address>
         <size>0x34</size>
         <input_file_ref idref="fl-1a"/>
      </object_component>
      <object_component id="oc-24e">
         <name>.ebss:_FatFs</name>
         <uninitialized>true</uninitialized>
         <run_address>0xaf76</run_address>
         <size>0x2</size>
         <input_file_ref idref="fl-16"/>
      </object_component>
      <object_component id="oc-223">
         <name>.ebss:__lock</name>
         <uninitialized>true</uninitialized>
         <run_address>0xaf78</run_address>
         <size>0x2</size>
         <input_file_ref idref="fl-2f"/>
      </object_component>
      <object_component id="oc-250">
         <name>.ebss:__unlock</name>
         <uninitialized>true</uninitialized>
         <run_address>0xaf7a</run_address>
         <size>0x2</size>
         <input_file_ref idref="fl-2f"/>
      </object_component>
      <object_component id="oc-16b">
         <name>.ebss</name>
         <uninitialized>true</uninitialized>
         <run_address>0xaf7c</run_address>
         <size>0x1</size>
         <input_file_ref idref="fl-16"/>
      </object_component>
      <object_component id="oc-1a7">
         <name>.ebss</name>
         <uninitialized>true</uninitialized>
         <run_address>0xaf7d</run_address>
         <size>0x1</size>
         <input_file_ref idref="fl-1e"/>
      </object_component>
      <object_component id="oc-230">
         <name>.ebss:_g_cCwdBuf</name>
         <uninitialized>true</uninitialized>
         <run_address>0xaf80</run_address>
         <size>0x50</size>
         <input_file_ref idref="fl-1a"/>
      </object_component>
      <object_component id="oc-233">
         <name>.ebss:_g_cTmpBuf</name>
         <uninitialized>true</uninitialized>
         <run_address>0xc000</run_address>
         <size>0x50</size>
         <input_file_ref idref="fl-1a"/>
      </object_component>
      <object_component id="oc-221">
         <name>.ebss:_g_psCmdTable</name>
         <uninitialized>true</uninitialized>
         <run_address>0xc080</run_address>
         <size>0x48</size>
         <input_file_ref idref="fl-1a"/>
      </object_component>
      <object_component id="oc-240">
         <name>.ebss:_tmp</name>
         <uninitialized>true</uninitialized>
         <run_address>0xc0c8</run_address>
         <size>0x32</size>
         <input_file_ref idref="fl-18"/>
      </object_component>
      <object_component id="oc-165">
         <name>.econst:.string</name>
         <load_address>0x90000</load_address>
         <run_address>0x90000</run_address>
         <size>0x8fd</size>
         <input_file_ref idref="fl-15"/>
      </object_component>
      <object_component id="oc-18e">
         <name>.econst:.string</name>
         <load_address>0x908fe</load_address>
         <run_address>0x908fe</run_address>
         <size>0x236</size>
         <input_file_ref idref="fl-1a"/>
      </object_component>
      <object_component id="oc-244">
         <name>.econst:_PieVectTableInit</name>
         <load_address>0x90b34</load_address>
         <run_address>0x90b34</run_address>
         <size>0x1c0</size>
         <input_file_ref idref="fl-c"/>
      </object_component>
      <object_component id="oc-17e">
         <name>.econst:.string</name>
         <load_address>0x90cf4</load_address>
         <run_address>0x90cf4</run_address>
         <size>0x1a3</size>
         <input_file_ref idref="fl-18"/>
      </object_component>
      <object_component id="oc-23f">
         <name>.econst:.string:_$P$T1$2</name>
         <load_address>0x90e97</load_address>
         <run_address>0x90e97</run_address>
         <size>0x122</size>
         <input_file_ref idref="fl-1a"/>
      </object_component>
      <object_component id="oc-155">
         <name>.econst:.string</name>
         <load_address>0x90fba</load_address>
         <run_address>0x90fba</run_address>
         <size>0x67</size>
         <input_file_ref idref="fl-12"/>
      </object_component>
      <object_component id="oc-23e">
         <name>.econst:.string:_$P$T0$1</name>
         <load_address>0x91021</load_address>
         <run_address>0x91021</run_address>
         <size>0x28</size>
         <input_file_ref idref="fl-1a"/>
      </object_component>
      <object_component id="oc-16c">
         <name>.econst:.string</name>
         <load_address>0x9104a</load_address>
         <run_address>0x9104a</run_address>
         <size>0x19</size>
         <input_file_ref idref="fl-16"/>
      </object_component>
      <object_component id="oc-1a9">
         <name>.econst:.string</name>
         <load_address>0x91064</load_address>
         <run_address>0x91064</run_address>
         <size>0x18</size>
         <input_file_ref idref="fl-1e"/>
      </object_component>
      <object_component id="oc-22e">
         <name>.econst:_g_psDaysToMonth</name>
         <load_address>0x9107c</load_address>
         <run_address>0x9107c</run_address>
         <size>0x18</size>
         <input_file_ref idref="fl-1e"/>
      </object_component>
      <object_component id="oc-22f">
         <name>.econst:_g_pfExponents</name>
         <load_address>0x91094</load_address>
         <run_address>0x91094</run_address>
         <size>0xc</size>
         <input_file_ref idref="fl-1e"/>
      </object_component>
      <object_component id="oc-24b">
         <name>.econst:.string:_DbcTbl</name>
         <load_address>0x910a0</load_address>
         <run_address>0x910a0</run_address>
         <size>0xa</size>
         <input_file_ref idref="fl-16"/>
      </object_component>
      <object_component id="oc-249">
         <name>.econst:_g_ui16CANBitValues</name>
         <load_address>0x910aa</load_address>
         <run_address>0x910aa</run_address>
         <size>0x9</size>
         <input_file_ref idref="fl-13"/>
      </object_component>
      <object_component id="oc-1a8">
         <name>.econst</name>
         <load_address>0x910b4</load_address>
         <run_address>0x910b4</run_address>
         <size>0x2</size>
         <input_file_ref idref="fl-1e"/>
      </object_component>
      <object_component id="oc-17c">
         <name>SHARERAMGS1</name>
         <uninitialized>true</uninitialized>
         <run_address>0xd000</run_address>
         <size>0xd6</size>
         <input_file_ref idref="fl-18"/>
      </object_component>
      <object_component id="oc-17a">
         <name>SHARERAMGS2</name>
         <uninitialized>true</uninitialized>
         <run_address>0xe000</run_address>
         <size>0x2</size>
         <input_file_ref idref="fl-18"/>
      </object_component>
      <object_component id="oc-17b">
         <name>SHARERAMGS14</name>
         <uninitialized>true</uninitialized>
         <run_address>0x1a000</run_address>
         <size>0x3</size>
         <input_file_ref idref="fl-18"/>
      </object_component>
      <object_component id="oc-243">
         <name>.TI.ramfunc</name>
         <load_address>0x86000</load_address>
         <run_address>0x8000</run_address>
         <size>0x37</size>
         <input_file_ref idref="fl-d"/>
      </object_component>
      <object_component id="oc-13e">
         <name>.TI.ramfunc</name>
         <load_address>0x86037</load_address>
         <run_address>0x8037</run_address>
         <size>0x4</size>
         <input_file_ref idref="fl-e"/>
      </object_component>
      <object_component id="oc-196">
         <name>.TI.ramfunc</name>
         <load_address>0x8603b</load_address>
         <run_address>0x803b</run_address>
         <size>0x4</size>
         <input_file_ref idref="fl-1b"/>
      </object_component>
      <object_component id="oc-11e">
         <name>PieVectTableFile</name>
         <uninitialized>true</uninitialized>
         <run_address>0xd00</run_address>
         <size>0x1c0</size>
         <input_file_ref idref="fl-7"/>
      </object_component>
      <object_component id="oc-ee">
         <name>AccessProtectionRegsFile</name>
         <uninitialized>true</uninitialized>
         <run_address>0x5f4c0</run_address>
         <size>0x2e</size>
         <input_file_ref idref="fl-7"/>
      </object_component>
      <object_component id="oc-103">
         <name>AdcaRegsFile</name>
         <uninitialized>true</uninitialized>
         <run_address>0x7400</run_address>
         <size>0x7c</size>
         <input_file_ref idref="fl-7"/>
      </object_component>
      <object_component id="oc-104">
         <name>AdcbRegsFile</name>
         <uninitialized>true</uninitialized>
         <run_address>0x7480</run_address>
         <size>0x7c</size>
         <input_file_ref idref="fl-7"/>
      </object_component>
      <object_component id="oc-105">
         <name>AdccRegsFile</name>
         <uninitialized>true</uninitialized>
         <run_address>0x7500</run_address>
         <size>0x7c</size>
         <input_file_ref idref="fl-7"/>
      </object_component>
      <object_component id="oc-106">
         <name>AdcdRegsFile</name>
         <uninitialized>true</uninitialized>
         <run_address>0x7580</run_address>
         <size>0x7c</size>
         <input_file_ref idref="fl-7"/>
      </object_component>
      <object_component id="oc-cb">
         <name>AdcaResultRegsFile</name>
         <uninitialized>true</uninitialized>
         <run_address>0xb00</run_address>
         <size>0x18</size>
         <input_file_ref idref="fl-7"/>
      </object_component>
      <object_component id="oc-cc">
         <name>AdcbResultRegsFile</name>
         <uninitialized>true</uninitialized>
         <run_address>0xb20</run_address>
         <size>0x18</size>
         <input_file_ref idref="fl-7"/>
      </object_component>
      <object_component id="oc-cd">
         <name>AdccResultRegsFile</name>
         <uninitialized>true</uninitialized>
         <run_address>0xb40</run_address>
         <size>0x18</size>
         <input_file_ref idref="fl-7"/>
      </object_component>
      <object_component id="oc-ce">
         <name>AdcdResultRegsFile</name>
         <uninitialized>true</uninitialized>
         <run_address>0xb60</run_address>
         <size>0x18</size>
         <input_file_ref idref="fl-7"/>
      </object_component>
      <object_component id="oc-f2">
         <name>AnalogSubsysRegsFile</name>
         <uninitialized>true</uninitialized>
         <run_address>0x5d180</run_address>
         <size>0x3e</size>
         <input_file_ref idref="fl-7"/>
      </object_component>
      <object_component id="oc-11a">
         <name>CanaRegsFile</name>
         <uninitialized>true</uninitialized>
         <run_address>0x48000</run_address>
         <size>0x164</size>
         <input_file_ref idref="fl-7"/>
      </object_component>
      <object_component id="oc-11b">
         <name>CanbRegsFile</name>
         <uninitialized>true</uninitialized>
         <run_address>0x4a000</run_address>
         <size>0x164</size>
         <input_file_ref idref="fl-7"/>
      </object_component>
      <object_component id="oc-f3">
         <name>Cla1RegsFile</name>
         <uninitialized>true</uninitialized>
         <run_address>0x1400</run_address>
         <size>0x3e</size>
         <input_file_ref idref="fl-7"/>
      </object_component>
      <object_component id="oc-115">
         <name>Clb1DataExchRegsFile</name>
         <uninitialized>true</uninitialized>
         <run_address>0x3200</run_address>
         <size>0x108</size>
         <input_file_ref idref="fl-7"/>
      </object_component>
      <object_component id="oc-116">
         <name>Clb2DataExchRegsFile</name>
         <uninitialized>true</uninitialized>
         <run_address>0x3600</run_address>
         <size>0x108</size>
         <input_file_ref idref="fl-7"/>
      </object_component>
      <object_component id="oc-117">
         <name>Clb3DataExchRegsFile</name>
         <uninitialized>true</uninitialized>
         <run_address>0x3a00</run_address>
         <size>0x108</size>
         <input_file_ref idref="fl-7"/>
      </object_component>
      <object_component id="oc-118">
         <name>Clb4DataExchRegsFile</name>
         <uninitialized>true</uninitialized>
         <run_address>0x3e00</run_address>
         <size>0x108</size>
         <input_file_ref idref="fl-7"/>
      </object_component>
      <object_component id="oc-f4">
         <name>Clb1LogicCfgRegsFile</name>
         <uninitialized>true</uninitialized>
         <run_address>0x3000</run_address>
         <size>0x3e</size>
         <input_file_ref idref="fl-7"/>
      </object_component>
      <object_component id="oc-f5">
         <name>Clb2LogicCfgRegsFile</name>
         <uninitialized>true</uninitialized>
         <run_address>0x3400</run_address>
         <size>0x3e</size>
         <input_file_ref idref="fl-7"/>
      </object_component>
      <object_component id="oc-f6">
         <name>Clb3LogicCfgRegsFile</name>
         <uninitialized>true</uninitialized>
         <run_address>0x3800</run_address>
         <size>0x3e</size>
         <input_file_ref idref="fl-7"/>
      </object_component>
      <object_component id="oc-f7">
         <name>Clb4LogicCfgRegsFile</name>
         <uninitialized>true</uninitialized>
         <run_address>0x3c00</run_address>
         <size>0x3e</size>
         <input_file_ref idref="fl-7"/>
      </object_component>
      <object_component id="oc-f8">
         <name>Clb1LogicCtrlRegsFile</name>
         <uninitialized>true</uninitialized>
         <run_address>0x3100</run_address>
         <size>0x40</size>
         <input_file_ref idref="fl-7"/>
      </object_component>
      <object_component id="oc-f9">
         <name>Clb2LogicCtrlRegsFile</name>
         <uninitialized>true</uninitialized>
         <run_address>0x3500</run_address>
         <size>0x40</size>
         <input_file_ref idref="fl-7"/>
      </object_component>
      <object_component id="oc-fa">
         <name>Clb3LogicCtrlRegsFile</name>
         <uninitialized>true</uninitialized>
         <run_address>0x3900</run_address>
         <size>0x40</size>
         <input_file_ref idref="fl-7"/>
      </object_component>
      <object_component id="oc-fb">
         <name>Clb4LogicCtrlRegsFile</name>
         <uninitialized>true</uninitialized>
         <run_address>0x3d00</run_address>
         <size>0x40</size>
         <input_file_ref idref="fl-7"/>
      </object_component>
      <object_component id="oc-fc">
         <name>ClbXbarRegsFile</name>
         <uninitialized>true</uninitialized>
         <run_address>0x7a40</run_address>
         <size>0x40</size>
         <input_file_ref idref="fl-7"/>
      </object_component>
      <object_component id="oc-f0">
         <name>ClkCfgRegsFile</name>
         <uninitialized>true</uninitialized>
         <run_address>0x5d200</run_address>
         <size>0x32</size>
         <input_file_ref idref="fl-7"/>
      </object_component>
      <object_component id="oc-d7">
         <name>Cmpss1RegsFile</name>
         <uninitialized>true</uninitialized>
         <run_address>0x5c80</run_address>
         <size>0x1b</size>
         <input_file_ref idref="fl-7"/>
      </object_component>
      <object_component id="oc-d8">
         <name>Cmpss2RegsFile</name>
         <uninitialized>true</uninitialized>
         <run_address>0x5ca0</run_address>
         <size>0x1b</size>
         <input_file_ref idref="fl-7"/>
      </object_component>
      <object_component id="oc-d9">
         <name>Cmpss3RegsFile</name>
         <uninitialized>true</uninitialized>
         <run_address>0x5cc0</run_address>
         <size>0x1b</size>
         <input_file_ref idref="fl-7"/>
      </object_component>
      <object_component id="oc-da">
         <name>Cmpss4RegsFile</name>
         <uninitialized>true</uninitialized>
         <run_address>0x5ce0</run_address>
         <size>0x1b</size>
         <input_file_ref idref="fl-7"/>
      </object_component>
      <object_component id="oc-db">
         <name>Cmpss5RegsFile</name>
         <uninitialized>true</uninitialized>
         <run_address>0x5d00</run_address>
         <size>0x1b</size>
         <input_file_ref idref="fl-7"/>
      </object_component>
      <object_component id="oc-dc">
         <name>Cmpss6RegsFile</name>
         <uninitialized>true</uninitialized>
         <run_address>0x5d20</run_address>
         <size>0x1b</size>
         <input_file_ref idref="fl-7"/>
      </object_component>
      <object_component id="oc-dd">
         <name>Cmpss7RegsFile</name>
         <uninitialized>true</uninitialized>
         <run_address>0x5d40</run_address>
         <size>0x1b</size>
         <input_file_ref idref="fl-7"/>
      </object_component>
      <object_component id="oc-de">
         <name>Cmpss8RegsFile</name>
         <uninitialized>true</uninitialized>
         <run_address>0x5d60</run_address>
         <size>0x1b</size>
         <input_file_ref idref="fl-7"/>
      </object_component>
      <object_component id="oc-bd">
         <name>CpuTimer0RegsFile</name>
         <uninitialized>true</uninitialized>
         <run_address>0xc00</run_address>
         <size>0x8</size>
         <input_file_ref idref="fl-7"/>
      </object_component>
      <object_component id="oc-be">
         <name>CpuTimer1RegsFile</name>
         <uninitialized>true</uninitialized>
         <run_address>0xc08</run_address>
         <size>0x8</size>
         <input_file_ref idref="fl-7"/>
      </object_component>
      <object_component id="oc-bf">
         <name>CpuTimer2RegsFile</name>
         <uninitialized>true</uninitialized>
         <run_address>0xc10</run_address>
         <size>0x8</size>
         <input_file_ref idref="fl-7"/>
      </object_component>
      <object_component id="oc-107">
         <name>CpuSysRegsFile</name>
         <uninitialized>true</uninitialized>
         <run_address>0x5d300</run_address>
         <size>0x82</size>
         <input_file_ref idref="fl-7"/>
      </object_component>
      <object_component id="oc-b9">
         <name>DacaRegsFile</name>
         <uninitialized>true</uninitialized>
         <run_address>0x5c00</run_address>
         <size>0x7</size>
         <input_file_ref idref="fl-7"/>
      </object_component>
      <object_component id="oc-ba">
         <name>DacbRegsFile</name>
         <uninitialized>true</uninitialized>
         <run_address>0x5c10</run_address>
         <size>0x7</size>
         <input_file_ref idref="fl-7"/>
      </object_component>
      <object_component id="oc-bb">
         <name>DaccRegsFile</name>
         <uninitialized>true</uninitialized>
         <run_address>0x5c20</run_address>
         <size>0x7</size>
         <input_file_ref idref="fl-7"/>
      </object_component>
      <object_component id="oc-b7">
         <name>DcsmCommonRegsFile</name>
         <uninitialized>true</uninitialized>
         <run_address>0x5f070</run_address>
         <size>0x6</size>
         <input_file_ref idref="fl-7"/>
      </object_component>
      <object_component id="oc-e0">
         <name>DcsmZ1RegsFile</name>
         <uninitialized>true</uninitialized>
         <run_address>0x5f000</run_address>
         <size>0x22</size>
         <input_file_ref idref="fl-7"/>
      </object_component>
      <object_component id="oc-e1">
         <name>DcsmZ2RegsFile</name>
         <uninitialized>true</uninitialized>
         <run_address>0x5f040</run_address>
         <size>0x22</size>
         <input_file_ref idref="fl-7"/>
      </object_component>
      <object_component id="oc-119">
         <name>DevCfgRegsFile</name>
         <uninitialized>true</uninitialized>
         <run_address>0x5d000</run_address>
         <size>0x12e</size>
         <input_file_ref idref="fl-7"/>
      </object_component>
      <object_component id="oc-cf">
         <name>DmaClaSrcSelRegsFile</name>
         <uninitialized>true</uninitialized>
         <run_address>0x7980</run_address>
         <size>0x1a</size>
         <input_file_ref idref="fl-7"/>
      </object_component>
      <object_component id="oc-108">
         <name>DmaRegsFile</name>
         <uninitialized>true</uninitialized>
         <run_address>0x1000</run_address>
         <size>0xe0</size>
         <input_file_ref idref="fl-7"/>
      </object_component>
      <object_component id="oc-d0">
         <name>ECap1RegsFile</name>
         <uninitialized>true</uninitialized>
         <run_address>0x5000</run_address>
         <size>0x1a</size>
         <input_file_ref idref="fl-7"/>
      </object_component>
      <object_component id="oc-d1">
         <name>ECap2RegsFile</name>
         <uninitialized>true</uninitialized>
         <run_address>0x5020</run_address>
         <size>0x1a</size>
         <input_file_ref idref="fl-7"/>
      </object_component>
      <object_component id="oc-d2">
         <name>ECap3RegsFile</name>
         <uninitialized>true</uninitialized>
         <run_address>0x5040</run_address>
         <size>0x1a</size>
         <input_file_ref idref="fl-7"/>
      </object_component>
      <object_component id="oc-d3">
         <name>ECap4RegsFile</name>
         <uninitialized>true</uninitialized>
         <run_address>0x5060</run_address>
         <size>0x1a</size>
         <input_file_ref idref="fl-7"/>
      </object_component>
      <object_component id="oc-d4">
         <name>ECap5RegsFile</name>
         <uninitialized>true</uninitialized>
         <run_address>0x5080</run_address>
         <size>0x1a</size>
         <input_file_ref idref="fl-7"/>
      </object_component>
      <object_component id="oc-d5">
         <name>ECap6RegsFile</name>
         <uninitialized>true</uninitialized>
         <run_address>0x50a0</run_address>
         <size>0x1a</size>
         <input_file_ref idref="fl-7"/>
      </object_component>
      <object_component id="oc-c0">
         <name>Emif1ConfigRegsFile</name>
         <uninitialized>true</uninitialized>
         <run_address>0x5f480</run_address>
         <size>0xa</size>
         <input_file_ref idref="fl-7"/>
      </object_component>
      <object_component id="oc-c1">
         <name>Emif2ConfigRegsFile</name>
         <uninitialized>true</uninitialized>
         <run_address>0x5f4a0</run_address>
         <size>0xa</size>
         <input_file_ref idref="fl-7"/>
      </object_component>
      <object_component id="oc-ea">
         <name>Emif1RegsFile</name>
         <uninitialized>true</uninitialized>
         <run_address>0x47000</run_address>
         <size>0x28</size>
         <input_file_ref idref="fl-7"/>
      </object_component>
      <object_component id="oc-eb">
         <name>Emif2RegsFile</name>
         <uninitialized>true</uninitialized>
         <run_address>0x47800</run_address>
         <size>0x28</size>
         <input_file_ref idref="fl-7"/>
      </object_component>
      <object_component id="oc-109">
         <name>EPwm1RegsFile</name>
         <uninitialized>true</uninitialized>
         <run_address>0x4000</run_address>
         <size>0x100</size>
         <input_file_ref idref="fl-7"/>
      </object_component>
      <object_component id="oc-10a">
         <name>EPwm2RegsFile</name>
         <uninitialized>true</uninitialized>
         <run_address>0x4100</run_address>
         <size>0x100</size>
         <input_file_ref idref="fl-7"/>
      </object_component>
      <object_component id="oc-10b">
         <name>EPwm3RegsFile</name>
         <uninitialized>true</uninitialized>
         <run_address>0x4200</run_address>
         <size>0x100</size>
         <input_file_ref idref="fl-7"/>
      </object_component>
      <object_component id="oc-10c">
         <name>EPwm4RegsFile</name>
         <uninitialized>true</uninitialized>
         <run_address>0x4300</run_address>
         <size>0x100</size>
         <input_file_ref idref="fl-7"/>
      </object_component>
      <object_component id="oc-10d">
         <name>EPwm5RegsFile</name>
         <uninitialized>true</uninitialized>
         <run_address>0x4400</run_address>
         <size>0x100</size>
         <input_file_ref idref="fl-7"/>
      </object_component>
      <object_component id="oc-10e">
         <name>EPwm6RegsFile</name>
         <uninitialized>true</uninitialized>
         <run_address>0x4500</run_address>
         <size>0x100</size>
         <input_file_ref idref="fl-7"/>
      </object_component>
      <object_component id="oc-10f">
         <name>EPwm7RegsFile</name>
         <uninitialized>true</uninitialized>
         <run_address>0x4600</run_address>
         <size>0x100</size>
         <input_file_ref idref="fl-7"/>
      </object_component>
      <object_component id="oc-110">
         <name>EPwm8RegsFile</name>
         <uninitialized>true</uninitialized>
         <run_address>0x4700</run_address>
         <size>0x100</size>
         <input_file_ref idref="fl-7"/>
      </object_component>
      <object_component id="oc-111">
         <name>EPwm9RegsFile</name>
         <uninitialized>true</uninitialized>
         <run_address>0x4800</run_address>
         <size>0x100</size>
         <input_file_ref idref="fl-7"/>
      </object_component>
      <object_component id="oc-112">
         <name>EPwm10RegsFile</name>
         <uninitialized>true</uninitialized>
         <run_address>0x4900</run_address>
         <size>0x100</size>
         <input_file_ref idref="fl-7"/>
      </object_component>
      <object_component id="oc-113">
         <name>EPwm11RegsFile</name>
         <uninitialized>true</uninitialized>
         <run_address>0x4a00</run_address>
         <size>0x100</size>
         <input_file_ref idref="fl-7"/>
      </object_component>
      <object_component id="oc-114">
         <name>EPwm12RegsFile</name>
         <uninitialized>true</uninitialized>
         <run_address>0x4b00</run_address>
         <size>0x100</size>
         <input_file_ref idref="fl-7"/>
      </object_component>
      <object_component id="oc-fd">
         <name>EPwmXbarRegsFile</name>
         <uninitialized>true</uninitialized>
         <run_address>0x7a00</run_address>
         <size>0x40</size>
         <input_file_ref idref="fl-7"/>
      </object_component>
      <object_component id="oc-e2">
         <name>EQep1RegsFile</name>
         <uninitialized>true</uninitialized>
         <run_address>0x5100</run_address>
         <size>0x22</size>
         <input_file_ref idref="fl-7"/>
      </object_component>
      <object_component id="oc-e3">
         <name>EQep2RegsFile</name>
         <uninitialized>true</uninitialized>
         <run_address>0x5140</run_address>
         <size>0x22</size>
         <input_file_ref idref="fl-7"/>
      </object_component>
      <object_component id="oc-e4">
         <name>EQep3RegsFile</name>
         <uninitialized>true</uninitialized>
         <run_address>0x5180</run_address>
         <size>0x22</size>
         <input_file_ref idref="fl-7"/>
      </object_component>
      <object_component id="oc-11d">
         <name>Flash0CtrlRegsFile</name>
         <uninitialized>true</uninitialized>
         <run_address>0x5f800</run_address>
         <size>0x182</size>
         <input_file_ref idref="fl-7"/>
      </object_component>
      <object_component id="oc-ec">
         <name>Flash0EccRegsFile</name>
         <uninitialized>true</uninitialized>
         <run_address>0x5fb00</run_address>
         <size>0x28</size>
         <input_file_ref idref="fl-7"/>
      </object_component>
      <object_component id="oc-b4">
         <name>FlashPumpSemaphoreRegsFile</name>
         <uninitialized>true</uninitialized>
         <run_address>0x50024</run_address>
         <size>0x2</size>
         <input_file_ref idref="fl-7"/>
      </object_component>
      <object_component id="oc-11c">
         <name>GpioCtrlRegsFile</name>
         <uninitialized>true</uninitialized>
         <run_address>0x7c00</run_address>
         <size>0x180</size>
         <input_file_ref idref="fl-7"/>
      </object_component>
      <object_component id="oc-ef">
         <name>GpioDataRegsFile</name>
         <uninitialized>true</uninitialized>
         <run_address>0x7f00</run_address>
         <size>0x30</size>
         <input_file_ref idref="fl-7"/>
      </object_component>
      <object_component id="oc-e5">
         <name>I2caRegsFile</name>
         <uninitialized>true</uninitialized>
         <run_address>0x7300</run_address>
         <size>0x22</size>
         <input_file_ref idref="fl-7"/>
      </object_component>
      <object_component id="oc-e6">
         <name>I2cbRegsFile</name>
         <uninitialized>true</uninitialized>
         <run_address>0x7340</run_address>
         <size>0x22</size>
         <input_file_ref idref="fl-7"/>
      </object_component>
      <object_component id="oc-df">
         <name>InputXbarRegsFile</name>
         <uninitialized>true</uninitialized>
         <run_address>0x7900</run_address>
         <size>0x20</size>
         <input_file_ref idref="fl-7"/>
      </object_component>
      <object_component id="oc-e7">
         <name>IpcRegsFile</name>
         <uninitialized>true</uninitialized>
         <run_address>0x50000</run_address>
         <size>0x24</size>
         <input_file_ref idref="fl-7"/>
      </object_component>
      <object_component id="oc-f1">
         <name>MemoryErrorRegsFile</name>
         <uninitialized>true</uninitialized>
         <run_address>0x5f500</run_address>
         <size>0x3a</size>
         <input_file_ref idref="fl-7"/>
      </object_component>
      <object_component id="oc-102">
         <name>MemCfgRegsFile</name>
         <uninitialized>true</uninitialized>
         <run_address>0x5f400</run_address>
         <size>0x76</size>
         <input_file_ref idref="fl-7"/>
      </object_component>
      <object_component id="oc-e8">
         <name>McbspaRegsFile</name>
         <uninitialized>true</uninitialized>
         <run_address>0x6000</run_address>
         <size>0x24</size>
         <input_file_ref idref="fl-7"/>
      </object_component>
      <object_component id="oc-e9">
         <name>McbspbRegsFile</name>
         <uninitialized>true</uninitialized>
         <run_address>0x6040</run_address>
         <size>0x24</size>
         <input_file_ref idref="fl-7"/>
      </object_component>
      <object_component id="oc-bc">
         <name>NmiIntruptRegsFile</name>
         <uninitialized>true</uninitialized>
         <run_address>0x7060</run_address>
         <size>0x7</size>
         <input_file_ref idref="fl-7"/>
      </object_component>
      <object_component id="oc-fe">
         <name>OutputXbarRegsFile</name>
         <uninitialized>true</uninitialized>
         <run_address>0x7a80</run_address>
         <size>0x40</size>
         <input_file_ref idref="fl-7"/>
      </object_component>
      <object_component id="oc-d6">
         <name>PieCtrlRegsFile</name>
         <uninitialized>true</uninitialized>
         <run_address>0xce0</run_address>
         <size>0x1a</size>
         <input_file_ref idref="fl-7"/>
      </object_component>
      <object_component id="oc-b5">
         <name>RomPrefetchRegsFile</name>
         <uninitialized>true</uninitialized>
         <run_address>0x5e608</run_address>
         <size>0x2</size>
         <input_file_ref idref="fl-7"/>
      </object_component>
      <object_component id="oc-b6">
         <name>RomWaitStateRegsFile</name>
         <uninitialized>true</uninitialized>
         <run_address>0x5f540</run_address>
         <size>0x2</size>
         <input_file_ref idref="fl-7"/>
      </object_component>
      <object_component id="oc-c4">
         <name>SciaRegsFile</name>
         <uninitialized>true</uninitialized>
         <run_address>0x7200</run_address>
         <size>0x10</size>
         <input_file_ref idref="fl-7"/>
      </object_component>
      <object_component id="oc-c5">
         <name>ScibRegsFile</name>
         <uninitialized>true</uninitialized>
         <run_address>0x7210</run_address>
         <size>0x10</size>
         <input_file_ref idref="fl-7"/>
      </object_component>
      <object_component id="oc-c6">
         <name>ScicRegsFile</name>
         <uninitialized>true</uninitialized>
         <run_address>0x7220</run_address>
         <size>0x10</size>
         <input_file_ref idref="fl-7"/>
      </object_component>
      <object_component id="oc-c7">
         <name>ScidRegsFile</name>
         <uninitialized>true</uninitialized>
         <run_address>0x7230</run_address>
         <size>0x10</size>
         <input_file_ref idref="fl-7"/>
      </object_component>
      <object_component id="oc-ff">
         <name>Sdfm1RegsFile</name>
         <uninitialized>true</uninitialized>
         <run_address>0x5e00</run_address>
         <size>0x48</size>
         <input_file_ref idref="fl-7"/>
      </object_component>
      <object_component id="oc-100">
         <name>Sdfm2RegsFile</name>
         <uninitialized>true</uninitialized>
         <run_address>0x5e80</run_address>
         <size>0x48</size>
         <input_file_ref idref="fl-7"/>
      </object_component>
      <object_component id="oc-c8">
         <name>SpiaRegsFile</name>
         <uninitialized>true</uninitialized>
         <run_address>0x6100</run_address>
         <size>0x10</size>
         <input_file_ref idref="fl-7"/>
      </object_component>
      <object_component id="oc-c9">
         <name>SpibRegsFile</name>
         <uninitialized>true</uninitialized>
         <run_address>0x6110</run_address>
         <size>0x10</size>
         <input_file_ref idref="fl-7"/>
      </object_component>
      <object_component id="oc-ca">
         <name>SpicRegsFile</name>
         <uninitialized>true</uninitialized>
         <run_address>0x6120</run_address>
         <size>0x10</size>
         <input_file_ref idref="fl-7"/>
      </object_component>
      <object_component id="oc-b8">
         <name>SyncSocRegsFile</name>
         <uninitialized>true</uninitialized>
         <run_address>0x7940</run_address>
         <size>0x6</size>
         <input_file_ref idref="fl-7"/>
      </object_component>
      <object_component id="oc-101">
         <name>UppRegsFile</name>
         <uninitialized>true</uninitialized>
         <run_address>0x6200</run_address>
         <size>0x48</size>
         <input_file_ref idref="fl-7"/>
      </object_component>
      <object_component id="oc-ed">
         <name>WdRegsFile</name>
         <uninitialized>true</uninitialized>
         <run_address>0x7000</run_address>
         <size>0x2b</size>
         <input_file_ref idref="fl-7"/>
      </object_component>
      <object_component id="oc-c3">
         <name>XbarRegsFile</name>
         <uninitialized>true</uninitialized>
         <run_address>0x7920</run_address>
         <size>0xe</size>
         <input_file_ref idref="fl-7"/>
      </object_component>
      <object_component id="oc-c2">
         <name>XintRegsFile</name>
         <uninitialized>true</uninitialized>
         <run_address>0x7070</run_address>
         <size>0xb</size>
         <input_file_ref idref="fl-7"/>
      </object_component>
      <object_component id="oc-97">
         <name>.debug_info</name>
         <load_address>0x0</load_address>
         <run_address>0x0</run_address>
         <size>0x471b</size>
         <input_file_ref idref="fl-2"/>
      </object_component>
      <object_component id="oc-9f">
         <name>.debug_info</name>
         <load_address>0x471b</load_address>
         <run_address>0x471b</run_address>
         <size>0x22c</size>
         <input_file_ref idref="fl-3"/>
      </object_component>
      <object_component id="oc-a2">
         <name>.debug_info</name>
         <load_address>0x4947</load_address>
         <run_address>0x4947</run_address>
         <size>0xb07</size>
         <input_file_ref idref="fl-4"/>
      </object_component>
      <object_component id="oc-a8">
         <name>.debug_info</name>
         <load_address>0x544e</load_address>
         <run_address>0x544e</run_address>
         <size>0x7f26</size>
         <input_file_ref idref="fl-5"/>
      </object_component>
      <object_component id="oc-ae">
         <name>.debug_info</name>
         <load_address>0xd374</load_address>
         <run_address>0xd374</run_address>
         <size>0xf9ba</size>
         <input_file_ref idref="fl-6"/>
      </object_component>
      <object_component id="oc-b3">
         <name>.debug_info</name>
         <load_address>0x1cd2e</load_address>
         <run_address>0x1cd2e</run_address>
         <size>0x57367</size>
         <input_file_ref idref="fl-7"/>
      </object_component>
      <object_component id="oc-120">
         <name>.debug_info</name>
         <load_address>0x74095</load_address>
         <run_address>0x74095</run_address>
         <size>0x1a733</size>
         <input_file_ref idref="fl-8"/>
      </object_component>
      <object_component id="oc-125">
         <name>.debug_info</name>
         <load_address>0x8e7c8</load_address>
         <run_address>0x8e7c8</run_address>
         <size>0x16aa</size>
         <input_file_ref idref="fl-9"/>
      </object_component>
      <object_component id="oc-12a">
         <name>.debug_info</name>
         <load_address>0x8fe72</load_address>
         <run_address>0x8fe72</run_address>
         <size>0x17dce</size>
         <input_file_ref idref="fl-a"/>
      </object_component>
      <object_component id="oc-12f">
         <name>.debug_info</name>
         <load_address>0xa7c40</load_address>
         <run_address>0xa7c40</run_address>
         <size>0x36d5</size>
         <input_file_ref idref="fl-b"/>
      </object_component>
      <object_component id="oc-134">
         <name>.debug_info</name>
         <load_address>0xab315</load_address>
         <run_address>0xab315</run_address>
         <size>0x6815</size>
         <input_file_ref idref="fl-c"/>
      </object_component>
      <object_component id="oc-139">
         <name>.debug_info</name>
         <load_address>0xb1b2a</load_address>
         <run_address>0xb1b2a</run_address>
         <size>0xd957</size>
         <input_file_ref idref="fl-d"/>
      </object_component>
      <object_component id="oc-140">
         <name>.debug_info</name>
         <load_address>0xbf481</load_address>
         <run_address>0xbf481</run_address>
         <size>0x1b3</size>
         <input_file_ref idref="fl-e"/>
      </object_component>
      <object_component id="oc-143">
         <name>.debug_info</name>
         <load_address>0xbf634</load_address>
         <run_address>0xbf634</run_address>
         <size>0x78f</size>
         <input_file_ref idref="fl-f"/>
      </object_component>
      <object_component id="oc-148">
         <name>.debug_info</name>
         <load_address>0xbfdc3</load_address>
         <run_address>0xbfdc3</run_address>
         <size>0x5a3</size>
         <input_file_ref idref="fl-10"/>
      </object_component>
      <object_component id="oc-14f">
         <name>.debug_info</name>
         <load_address>0xc0366</load_address>
         <run_address>0xc0366</run_address>
         <size>0xc72</size>
         <input_file_ref idref="fl-11"/>
      </object_component>
      <object_component id="oc-154">
         <name>.debug_info</name>
         <load_address>0xc0fd8</load_address>
         <run_address>0xc0fd8</run_address>
         <size>0x104c</size>
         <input_file_ref idref="fl-12"/>
      </object_component>
      <object_component id="oc-15a">
         <name>.debug_info</name>
         <load_address>0xc2024</load_address>
         <run_address>0xc2024</run_address>
         <size>0x43c8</size>
         <input_file_ref idref="fl-13"/>
      </object_component>
      <object_component id="oc-15f">
         <name>.debug_info</name>
         <load_address>0xc63ec</load_address>
         <run_address>0xc63ec</run_address>
         <size>0x5f8</size>
         <input_file_ref idref="fl-14"/>
      </object_component>
      <object_component id="oc-164">
         <name>.debug_info</name>
         <load_address>0xc69e4</load_address>
         <run_address>0xc69e4</run_address>
         <size>0x2221</size>
         <input_file_ref idref="fl-15"/>
      </object_component>
      <object_component id="oc-16a">
         <name>.debug_info</name>
         <load_address>0xc8c05</load_address>
         <run_address>0xc8c05</run_address>
         <size>0x3d15</size>
         <input_file_ref idref="fl-16"/>
      </object_component>
      <object_component id="oc-171">
         <name>.debug_info</name>
         <load_address>0xcc91a</load_address>
         <run_address>0xcc91a</run_address>
         <size>0x62c6</size>
         <input_file_ref idref="fl-17"/>
      </object_component>
      <object_component id="oc-177">
         <name>.debug_info</name>
         <load_address>0xd2be0</load_address>
         <run_address>0xd2be0</run_address>
         <size>0x162f0</size>
         <input_file_ref idref="fl-18"/>
      </object_component>
      <object_component id="oc-183">
         <name>.debug_info</name>
         <load_address>0xe8ed0</load_address>
         <run_address>0xe8ed0</run_address>
         <size>0x18d30</size>
         <input_file_ref idref="fl-19"/>
      </object_component>
      <object_component id="oc-18a">
         <name>.debug_info</name>
         <load_address>0x101c00</load_address>
         <run_address>0x101c00</run_address>
         <size>0x50c1</size>
         <input_file_ref idref="fl-1a"/>
      </object_component>
      <object_component id="oc-195">
         <name>.debug_info</name>
         <load_address>0x106cc1</load_address>
         <run_address>0x106cc1</run_address>
         <size>0x8f1e</size>
         <input_file_ref idref="fl-1b"/>
      </object_component>
      <object_component id="oc-19b">
         <name>.debug_info</name>
         <load_address>0x10fbdf</load_address>
         <run_address>0x10fbdf</run_address>
         <size>0x12b5</size>
         <input_file_ref idref="fl-1c"/>
      </object_component>
      <object_component id="oc-1a0">
         <name>.debug_info</name>
         <load_address>0x110e94</load_address>
         <run_address>0x110e94</run_address>
         <size>0x12c3</size>
         <input_file_ref idref="fl-1d"/>
      </object_component>
      <object_component id="oc-1a5">
         <name>.debug_info</name>
         <load_address>0x112157</load_address>
         <run_address>0x112157</run_address>
         <size>0x1e33</size>
         <input_file_ref idref="fl-1e"/>
      </object_component>
      <object_component id="oc-1b0">
         <name>.debug_info</name>
         <load_address>0x113f8a</load_address>
         <run_address>0x113f8a</run_address>
         <size>0x173</size>
         <input_file_ref idref="fl-25"/>
      </object_component>
      <object_component id="oc-1b5">
         <name>.debug_info</name>
         <load_address>0x1140fd</load_address>
         <run_address>0x1140fd</run_address>
         <size>0x114</size>
         <input_file_ref idref="fl-26"/>
      </object_component>
      <object_component id="oc-1ba">
         <name>.debug_info</name>
         <load_address>0x114211</load_address>
         <run_address>0x114211</run_address>
         <size>0x176</size>
         <input_file_ref idref="fl-27"/>
      </object_component>
      <object_component id="oc-1bf">
         <name>.debug_info</name>
         <load_address>0x114387</load_address>
         <run_address>0x114387</run_address>
         <size>0x231</size>
         <input_file_ref idref="fl-28"/>
      </object_component>
      <object_component id="oc-1c4">
         <name>.debug_info</name>
         <load_address>0x1145b8</load_address>
         <run_address>0x1145b8</run_address>
         <size>0x1a5</size>
         <input_file_ref idref="fl-29"/>
      </object_component>
      <object_component id="oc-1c8">
         <name>.debug_info</name>
         <load_address>0x11475d</load_address>
         <run_address>0x11475d</run_address>
         <size>0x561</size>
         <input_file_ref idref="fl-2a"/>
      </object_component>
      <object_component id="oc-1cd">
         <name>.debug_info</name>
         <load_address>0x114cbe</load_address>
         <run_address>0x114cbe</run_address>
         <size>0x43a</size>
         <input_file_ref idref="fl-2b"/>
      </object_component>
      <object_component id="oc-1d2">
         <name>.debug_info</name>
         <load_address>0x1150f8</load_address>
         <run_address>0x1150f8</run_address>
         <size>0x3ad</size>
         <input_file_ref idref="fl-2c"/>
      </object_component>
      <object_component id="oc-1d7">
         <name>.debug_info</name>
         <load_address>0x1154a5</load_address>
         <run_address>0x1154a5</run_address>
         <size>0x3aa</size>
         <input_file_ref idref="fl-2d"/>
      </object_component>
      <object_component id="oc-1dc">
         <name>.debug_info</name>
         <load_address>0x11584f</load_address>
         <run_address>0x11584f</run_address>
         <size>0x544</size>
         <input_file_ref idref="fl-2e"/>
      </object_component>
      <object_component id="oc-1e3">
         <name>.debug_info</name>
         <load_address>0x115d93</load_address>
         <run_address>0x115d93</run_address>
         <size>0x4cc</size>
         <input_file_ref idref="fl-2f"/>
      </object_component>
      <object_component id="oc-1e8">
         <name>.debug_info</name>
         <load_address>0x11625f</load_address>
         <run_address>0x11625f</run_address>
         <size>0x467</size>
         <input_file_ref idref="fl-30"/>
      </object_component>
      <object_component id="oc-1ed">
         <name>.debug_info</name>
         <load_address>0x1166c6</load_address>
         <run_address>0x1166c6</run_address>
         <size>0x50c</size>
         <input_file_ref idref="fl-31"/>
      </object_component>
      <object_component id="oc-1f2">
         <name>.debug_info</name>
         <load_address>0x116bd2</load_address>
         <run_address>0x116bd2</run_address>
         <size>0x502</size>
         <input_file_ref idref="fl-32"/>
      </object_component>
      <object_component id="oc-1f7">
         <name>.debug_info</name>
         <load_address>0x1170d4</load_address>
         <run_address>0x1170d4</run_address>
         <size>0x4fe</size>
         <input_file_ref idref="fl-33"/>
      </object_component>
      <object_component id="oc-1fc">
         <name>.debug_info</name>
         <load_address>0x1175d2</load_address>
         <run_address>0x1175d2</run_address>
         <size>0x4f1</size>
         <input_file_ref idref="fl-34"/>
      </object_component>
      <object_component id="oc-201">
         <name>.debug_info</name>
         <load_address>0x117ac3</load_address>
         <run_address>0x117ac3</run_address>
         <size>0x4e1</size>
         <input_file_ref idref="fl-35"/>
      </object_component>
      <object_component id="oc-206">
         <name>.debug_info</name>
         <load_address>0x117fa4</load_address>
         <run_address>0x117fa4</run_address>
         <size>0x4e5</size>
         <input_file_ref idref="fl-36"/>
      </object_component>
      <object_component id="oc-20b">
         <name>.debug_info</name>
         <load_address>0x118489</load_address>
         <run_address>0x118489</run_address>
         <size>0x4aa</size>
         <input_file_ref idref="fl-37"/>
      </object_component>
      <object_component id="oc-210">
         <name>.debug_info</name>
         <load_address>0x118933</load_address>
         <run_address>0x118933</run_address>
         <size>0x50e</size>
         <input_file_ref idref="fl-38"/>
      </object_component>
      <object_component id="oc-2f2">
         <name>.debug_info</name>
         <load_address>0x118e41</load_address>
         <run_address>0x118e41</run_address>
         <size>0xe7</size>
      </object_component>
      <object_component id="oc-98">
         <name>.debug_frame</name>
         <load_address>0x0</load_address>
         <run_address>0x0</run_address>
         <size>0x28</size>
         <input_file_ref idref="fl-2"/>
      </object_component>
      <object_component id="oc-a4">
         <name>.debug_frame</name>
         <load_address>0x28</load_address>
         <run_address>0x28</run_address>
         <size>0x5c</size>
         <input_file_ref idref="fl-4"/>
      </object_component>
      <object_component id="oc-aa">
         <name>.debug_frame</name>
         <load_address>0x84</load_address>
         <run_address>0x84</run_address>
         <size>0x11d0</size>
         <input_file_ref idref="fl-5"/>
      </object_component>
      <object_component id="oc-af">
         <name>.debug_frame</name>
         <load_address>0x1254</load_address>
         <run_address>0x1254</run_address>
         <size>0x160</size>
         <input_file_ref idref="fl-6"/>
      </object_component>
      <object_component id="oc-121">
         <name>.debug_frame</name>
         <load_address>0x13b4</load_address>
         <run_address>0x13b4</run_address>
         <size>0x1a8</size>
         <input_file_ref idref="fl-8"/>
      </object_component>
      <object_component id="oc-126">
         <name>.debug_frame</name>
         <load_address>0x155c</load_address>
         <run_address>0x155c</run_address>
         <size>0x28</size>
         <input_file_ref idref="fl-9"/>
      </object_component>
      <object_component id="oc-12b">
         <name>.debug_frame</name>
         <load_address>0x1584</load_address>
         <run_address>0x1584</run_address>
         <size>0x28</size>
         <input_file_ref idref="fl-a"/>
      </object_component>
      <object_component id="oc-130">
         <name>.debug_frame</name>
         <load_address>0x15ac</load_address>
         <run_address>0x15ac</run_address>
         <size>0x58</size>
         <input_file_ref idref="fl-b"/>
      </object_component>
      <object_component id="oc-135">
         <name>.debug_frame</name>
         <load_address>0x1604</load_address>
         <run_address>0x1604</run_address>
         <size>0x44</size>
         <input_file_ref idref="fl-c"/>
      </object_component>
      <object_component id="oc-13a">
         <name>.debug_frame</name>
         <load_address>0x1648</load_address>
         <run_address>0x1648</run_address>
         <size>0x268</size>
         <input_file_ref idref="fl-d"/>
      </object_component>
      <object_component id="oc-144">
         <name>.debug_frame</name>
         <load_address>0x18b0</load_address>
         <run_address>0x18b0</run_address>
         <size>0x44</size>
         <input_file_ref idref="fl-f"/>
      </object_component>
      <object_component id="oc-14b">
         <name>.debug_frame</name>
         <load_address>0x18f4</load_address>
         <run_address>0x18f4</run_address>
         <size>0x28</size>
         <input_file_ref idref="fl-10"/>
      </object_component>
      <object_component id="oc-150">
         <name>.debug_frame</name>
         <load_address>0x191c</load_address>
         <run_address>0x191c</run_address>
         <size>0x28</size>
         <input_file_ref idref="fl-11"/>
      </object_component>
      <object_component id="oc-156">
         <name>.debug_frame</name>
         <load_address>0x1944</load_address>
[...]
         <name>_sh</name>
         <value>0xd000</value>
         <object_component_ref idref="oc-17c"/>
      </symbol>
      <symbol id="sm-89c">
         <name>_sendyne_log</name>
         <value>0xacd8</value>
         <object_component_ref idref="oc-179"/>
      </symbol>
      <symbol id="sm-89d">
         <name>_old_ack</name>
         <value>0xacc9</value>
         <object_component_ref idref="oc-179"/>
      </symbol>
      <symbol id="sm-89e">
         <name>_cpu1_timer_setup</name>
         <value>0x9be03</value>
         <object_component_ref idref="oc-21a"/>
      </symbol>
      <symbol id="sm-89f">
         <name>_error</name>
         <value>0xaccb</value>
         <object_component_ref idref="oc-179"/>
      </symbol>
      <symbol id="sm-8a0">
         <name>_multiplier</name>
         <value>0xaccc</value>
         <object_component_ref idref="oc-179"/>
      </symbol>
      <symbol id="sm-8a1">
         <name>_compute_AMKStatus</name>
         <value>0x9be5e</value>
         <object_component_ref idref="oc-21a"/>
      </symbol>
      <symbol id="sm-8a2">
         <name>_time_elapsed</name>
         <value>0xe000</value>
         <object_component_ref idref="oc-17a"/>
      </symbol>
      <symbol id="sm-8a3">
         <name>_bms_log</name>
         <value>0xace8</value>
         <object_component_ref idref="oc-179"/>
      </symbol>
      <symbol id="sm-8a4">
         <name>_local_sh</name>
         <value>0xad40</value>
         <object_component_ref idref="oc-179"/>
      </symbol>
      <symbol id="sm-8a5">
         <name>_LoRa_Packet_Counter</name>
         <value>0xaccd</value>
         <object_component_ref idref="oc-179"/>
      </symbol>
      <symbol id="sm-8a6">
         <name>_local_time_elapsed</name>
         <value>0xacce</value>
         <object_component_ref idref="oc-179"/>
      </symbol>
      <symbol id="sm-8a7">
         <name>_tmp</name>
         <value>0xc0c8</value>
         <object_component_ref idref="oc-240"/>
      </symbol>
      <symbol id="sm-8a8">
         <name>_filename</name>
         <value>0xae16</value>
         <object_component_ref idref="oc-23d"/>
      </symbol>
      <symbol id="sm-8a9">
         <name>_n_setup</name>
         <value>0xacc6</value>
         <object_component_ref idref="oc-179"/>
      </symbol>
      <symbol id="sm-8aa">
         <name>_old_setup</name>
         <value>0xacc7</value>
         <object_component_ref idref="oc-179"/>
      </symbol>
      <symbol id="sm-8ab">
         <name>_local_val</name>
         <value>0xacc3</value>
         <object_component_ref idref="oc-179"/>
      </symbol>
      <symbol id="sm-8ac">
         <name>_display</name>
         <value>0x1a000</value>
         <object_component_ref idref="oc-17b"/>
      </symbol>
      <symbol id="sm-8ad">
         <name>_gpio_log</name>
         <value>0xace0</value>
         <object_component_ref idref="oc-179"/>
      </symbol>
      <symbol id="sm-8ae">
         <name>_imu_log</name>
         <value>0xad00</value>
         <object_component_ref idref="oc-179"/>
      </symbol>
      <symbol id="sm-8af">
         <name>_var_v</name>
         <value>0xacc2</value>
         <object_component_ref idref="oc-179"/>
      </symbol>
      <symbol id="sm-939">
         <name>_disk_status</name>
         <value>0x9b150</value>
         <object_component_ref idref="oc-21f"/>
      </symbol>
      <symbol id="sm-93a">
         <name>_disk_timerproc</name>
         <value>0x9b2d8</value>
         <object_component_ref idref="oc-21f"/>
      </symbol>
      <symbol id="sm-93b">
         <name>_disk_initialize</name>
         <value>0x9b092</value>
         <object_component_ref idref="oc-21f"/>
      </symbol>
      <symbol id="sm-93c">
         <name>_get_fattime</name>
         <value>0x9b2e9</value>
         <object_component_ref idref="oc-21f"/>
      </symbol>
      <symbol id="sm-93d">
         <name>_disk_ioctl</name>
         <value>0x9b203</value>
         <object_component_ref idref="oc-21f"/>
      </symbol>
      <symbol id="sm-93e">
         <name>_disk_read</name>
         <value>0x9b15b</value>
         <object_component_ref idref="oc-21f"/>
      </symbol>
      <symbol id="sm-93f">
         <name>_disk_write</name>
         <value>0x9b1a5</value>
         <object_component_ref idref="oc-21f"/>
      </symbol>
      <symbol id="sm-9c5">
         <name>_g_ulStatusStringIndex</name>
         <value>0xa802</value>
         <object_component_ref idref="oc-18c"/>
      </symbol>
      <symbol id="sm-9c6">
         <name>_g_psCmdTable</name>
         <value>0xc080</value>
         <object_component_ref idref="oc-221"/>
      </symbol>
      <symbol id="sm-9c7">
         <name>_writeSD</name>
         <value>0x9b56a</value>
         <object_component_ref idref="oc-21c"/>
      </symbol>
      <symbol id="sm-9c8">
         <name>_Cmd_write</name>
         <value>0x9b401</value>
         <object_component_ref idref="oc-21c"/>
      </symbol>
      <symbol id="sm-9c9">
         <name>_SysTickHandler</name>
         <value>0x9c3d6</value>
         <object_component_ref idref="oc-18d"/>
      </symbol>
      <symbol id="sm-9ca">
         <name>_Cmd_cd</name>
         <value>0x9b396</value>
         <object_component_ref idref="oc-21c"/>
      </symbol>
      <symbol id="sm-9cb">
         <name>_g_sFresultStrings</name>
         <value>0xaf42</value>
         <object_component_ref idref="oc-220"/>
      </symbol>
      <symbol id="sm-9cc">
         <name>_var</name>
         <value>0xa800</value>
         <object_component_ref idref="oc-18c"/>
      </symbol>
      <symbol id="sm-9cd">
         <name>_setupSD</name>
         <value>0x9b51d</value>
         <object_component_ref idref="oc-21c"/>
      </symbol>
      <symbol id="sm-9ce">
         <name>_reverse</name>
         <value>0x9b591</value>
         <object_component_ref idref="oc-21c"/>
      </symbol>
      <symbol id="sm-9cf">
         <name>_Cmd_ls</name>
         <value>0x9b2ee</value>
         <object_component_ref idref="oc-21c"/>
      </symbol>
      <symbol id="sm-9d0">
         <name>_Cmd_rm</name>
         <value>0x9b4d2</value>
         <object_component_ref idref="oc-21c"/>
      </symbol>
      <symbol id="sm-9d1">
         <name>_Cmd_pwd</name>
         <value>0x9b3a6</value>
         <object_component_ref idref="oc-21c"/>
      </symbol>
      <symbol id="sm-9d2">
         <name>_diskResult</name>
         <value>0xa801</value>
         <object_component_ref idref="oc-18c"/>
      </symbol>
      <symbol id="sm-9d3">
         <name>_Cmd_mkdir</name>
         <value>0x9b497</value>
         <object_component_ref idref="oc-21c"/>
      </symbol>
      <symbol id="sm-9d4">
         <name>_Cmd_cat</name>
         <value>0x9b3ac</value>
         <object_component_ref idref="oc-21c"/>
      </symbol>
      <symbol id="sm-9d5">
         <name>_Cmd_help</name>
         <value>0x9b50d</value>
         <object_component_ref idref="oc-21c"/>
      </symbol>
      <symbol id="sm-a09">
         <name>_SysCtlLowSpeedClockGet</name>
         <value>0x9b6c3</value>
         <object_component_ref idref="oc-23b"/>
      </symbol>
      <symbol id="sm-a0a">
         <name>_SysCtlUSBPLLEnable</name>
         <value>0x9b7fc</value>
         <object_component_ref idref="oc-23b"/>
      </symbol>
      <symbol id="sm-a0b">
         <name>_SysCtlPeripheralPresent</name>
         <value>0x9b5b3</value>
         <object_component_ref idref="oc-23b"/>
      </symbol>
      <symbol id="sm-a0c">
         <name>_SysCtlAuxClockSet</name>
         <value>0x9b77a</value>
         <object_component_ref idref="oc-23b"/>
      </symbol>
      <symbol id="sm-a0d">
         <name>_SysCtlClockSet</name>
         <value>0x9b6da</value>
         <object_component_ref idref="oc-23b"/>
      </symbol>
      <symbol id="sm-a0e">
         <name>_SysCtlDelay</name>
         <value>0x803b</value>
         <object_component_ref idref="oc-196"/>
      </symbol>
      <symbol id="sm-a0f">
         <name>_SysCtlUSBPLLDisable</name>
         <value>0x9b7fd</value>
         <object_component_ref idref="oc-23b"/>
      </symbol>
      <symbol id="sm-a10">
         <name>_SysCtlReset</name>
         <value>0x9b66d</value>
         <object_component_ref idref="oc-23b"/>
      </symbol>
      <symbol id="sm-a11">
         <name>_SysCtlPeripheralEnable</name>
         <value>0x9b638</value>
         <object_component_ref idref="oc-23b"/>
      </symbol>
      <symbol id="sm-a12">
         <name>_SysCtlPeripheralReady</name>
         <value>0x9b5d2</value>
         <object_component_ref idref="oc-23b"/>
      </symbol>
      <symbol id="sm-a13">
         <name>_SysCtlPeripheralReset</name>
         <value>0x9b60c</value>
         <object_component_ref idref="oc-23b"/>
      </symbol>
      <symbol id="sm-a14">
         <name>_SysCtlPeripheralDisable</name>
         <value>0x9b652</value>
         <object_component_ref idref="oc-23b"/>
      </symbol>
      <symbol id="sm-a15">
         <name>_SysCtlClockGet</name>
         <value>0x9b677</value>
         <object_component_ref idref="oc-23b"/>
      </symbol>
      <symbol id="sm-a21">
         <name>_SysTickIntDisable</name>
         <value>0x9c31f</value>
         <object_component_ref idref="oc-23a"/>
      </symbol>
      <symbol id="sm-a22">
         <name>_SysTickPeriodGet</name>
         <value>0x9c330</value>
         <object_component_ref idref="oc-23a"/>
      </symbol>
      <symbol id="sm-a23">
         <name>_SysTickInit</name>
         <value>0x9c2e3</value>
         <object_component_ref idref="oc-23a"/>
      </symbol>
      <symbol id="sm-a24">
         <name>_SysTickIntUnregister</name>
         <value>0x9c30a</value>
         <object_component_ref idref="oc-23a"/>
      </symbol>
      <symbol id="sm-a25">
         <name>_SysTickIntEnable</name>
         <value>0x9c315</value>
         <object_component_ref idref="oc-23a"/>
      </symbol>
      <symbol id="sm-a26">
         <name>_SysTickEnable</name>
         <value>0x9c2ef</value>
         <object_component_ref idref="oc-23a"/>
      </symbol>
      <symbol id="sm-a27">
         <name>_SysTickValueGet</name>
         <value>0x9c334</value>
         <object_component_ref idref="oc-23a"/>
      </symbol>
      <symbol id="sm-a28">
         <name>_SysTickDisable</name>
         <value>0x9c2f6</value>
         <object_component_ref idref="oc-23a"/>
      </symbol>
      <symbol id="sm-a29">
         <name>_SysTickPeriodSet</name>
         <value>0x9c329</value>
         <object_component_ref idref="oc-23a"/>
      </symbol>
      <symbol id="sm-a2a">
         <name>_SysTickIntRegister</name>
         <value>0x9c2fb</value>
         <object_component_ref idref="oc-23a"/>
      </symbol>
      <symbol id="sm-a39">
         <name>_uart_setup</name>
         <value>0x9c338</value>
         <object_component_ref idref="oc-22a"/>
      </symbol>
      <symbol id="sm-a3a">
         <name>_scic_init</name>
         <value>0x9c351</value>
         <object_component_ref idref="oc-22a"/>
      </symbol>
      <symbol id="sm-a3b">
         <name>_scic_xmit</name>
         <value>0x9c364</value>
         <object_component_ref idref="oc-22a"/>
      </symbol>
      <symbol id="sm-a3c">
         <name>_scic_fifo_init</name>
         <value>0x9c385</value>
         <object_component_ref idref="oc-22a"/>
      </symbol>
      <symbol id="sm-a3d">
         <name>_scic_msg</name>
         <value>0x9c372</value>
         <object_component_ref idref="oc-22a"/>
      </symbol>
      <symbol id="sm-af9">
         <name>_ustrcmp</name>
         <value>0x99abb</value>
         <object_component_ref idref="oc-21b"/>
      </symbol>
      <symbol id="sm-afa">
         <name>_urand</name>
         <value>0x99acb</value>
         <object_component_ref idref="oc-21b"/>
      </symbol>
      <symbol id="sm-afb">
         <name>_ustrncmp</name>
         <value>0x99a90</value>
         <object_component_ref idref="oc-21b"/>
      </symbol>
      <symbol id="sm-afc">
         <name>_ustrncpy</name>
         <value>0x99501</value>
         <object_component_ref idref="oc-21b"/>
      </symbol>
      <symbol id="sm-afd">
         <name>_usnprintf</name>
         <value>0x99751</value>
         <object_component_ref idref="oc-21b"/>
      </symbol>
      <symbol id="sm-afe">
         <name>_usrand</name>
         <value>0x99ac4</value>
         <object_component_ref idref="oc-21b"/>
      </symbol>
      <symbol id="sm-aff">
         <name>_ustrlen</name>
         <value>0x99a1e</value>
         <object_component_ref idref="oc-21b"/>
      </symbol>
      <symbol id="sm-b00">
         <name>_umktime</name>
         <value>0x99841</value>
         <object_component_ref idref="oc-21b"/>
      </symbol>
      <symbol id="sm-b01">
         <name>_usprintf</name>
         <value>0x99740</value>
         <object_component_ref idref="oc-21b"/>
      </symbol>
      <symbol id="sm-b02">
         <name>_ustrncasecmp</name>
         <value>0x99a48</value>
         <object_component_ref idref="oc-21b"/>
      </symbol>
      <symbol id="sm-b03">
         <name>_ulocaltime</name>
         <value>0x99761</value>
         <object_component_ref idref="oc-21b"/>
      </symbol>
      <symbol id="sm-b04">
         <name>_ustrtoul</name>
         <value>0x9987e</value>
         <object_component_ref idref="oc-21b"/>
      </symbol>
      <symbol id="sm-b05">
         <name>_ustrtof</name>
         <value>0x9990a</value>
         <object_component_ref idref="oc-21b"/>
      </symbol>
      <symbol id="sm-b06">
         <name>_ustrcasecmp</name>
         <value>0x99a87</value>
         <object_component_ref idref="oc-21b"/>
      </symbol>
      <symbol id="sm-b07">
         <name>_ustrstr</name>
         <value>0x99a2e</value>
         <object_component_ref idref="oc-21b"/>
      </symbol>
      <symbol id="sm-b08">
         <name>_uvsnprintf</name>
         <value>0x9952e</value>
         <object_component_ref idref="oc-21b"/>
      </symbol>
      <symbol id="sm-b23">
         <name>_c_int00</name>
         <value>0x9c28d</value>
         <object_component_ref idref="oc-96"/>
      </symbol>
      <symbol id="sm-b24">
         <name>__stack</name>
         <value>0x8800</value>
         <object_component_ref idref="oc-1ae"/>
      </symbol>
      <symbol id="sm-b35">
         <name>FS$$DIV</name>
         <value>0x9c189</value>
         <object_component_ref idref="oc-1b4"/>
      </symbol>
      <symbol id="sm-b41">
         <name>LL$$AND</name>
         <value>0x9c4e9</value>
         <object_component_ref idref="oc-1b9"/>
      </symbol>
      <symbol id="sm-b42">
         <name>LL$$OR</name>
         <value>0x9c4f1</value>
         <object_component_ref idref="oc-1b9"/>
      </symbol>
      <symbol id="sm-b43">
         <name>LL$$XOR</name>
         <value>0x9c4f9</value>
         <object_component_ref idref="oc-1b9"/>
      </symbol>
      <symbol id="sm-b6f">
         <name>ULL$$MOD</name>
         <value>0x9bf85</value>
         <object_component_ref idref="oc-1be"/>
      </symbol>
      <symbol id="sm-b70">
         <name>ULL$$DIV</name>
         <value>0x9bf56</value>
         <object_component_ref idref="oc-1be"/>
      </symbol>
      <symbol id="sm-b71">
         <name>LL$$MOD</name>
         <value>0x9bf1c</value>
         <object_component_ref idref="oc-1be"/>
      </symbol>
      <symbol id="sm-b72">
         <name>LL$$DIV</name>
         <value>0x9bee0</value>
         <object_component_ref idref="oc-1be"/>
      </symbol>
      <symbol id="sm-b7e">
         <name>UL$$MOD</name>
         <value>0x9c42b</value>
         <object_component_ref idref="oc-1c3"/>
      </symbol>
      <symbol id="sm-b7f">
         <name>L$$MOD</name>
         <value>0x9c416</value>
         <object_component_ref idref="oc-1c3"/>
      </symbol>
      <symbol id="sm-b80">
         <name>L$$DIV</name>
         <value>0x9c407</value>
         <object_component_ref idref="oc-1c3"/>
      </symbol>
      <symbol id="sm-b81">
         <name>UL$$DIV</name>
         <value>0x9c424</value>
         <object_component_ref idref="oc-1c3"/>
      </symbol>
      <symbol id="sm-b90">
         <name>_copy_in</name>
         <value>0x9c4a8</value>
         <object_component_ref idref="oc-216"/>
      </symbol>
      <symbol id="sm-ba1">
         <name>_memcpy</name>
         <value>0x9c4cc</value>
         <object_component_ref idref="oc-222"/>
      </symbol>
      <symbol id="sm-bad">
         <name>__system_pre_init</name>
         <value>0x9c58e</value>
         <object_component_ref idref="oc-215"/>
      </symbol>
      <symbol id="sm-bba">
         <name>__system_post_cinit</name>
         <value>0x9c590</value>
         <object_component_ref idref="oc-217"/>
      </symbol>
      <symbol id="sm-bce">
         <name>C$$EXIT</name>
         <value>0x9c431</value>
         <object_component_ref idref="oc-219"/>
      </symbol>
      <symbol id="sm-bcf">
         <name>_exit</name>
         <value>0x9c433</value>
         <object_component_ref idref="oc-219"/>
      </symbol>
      <symbol id="sm-bd0">
         <name>___TI_cleanup_ptr</name>
         <value>0xae34</value>
         <object_component_ref idref="oc-1de"/>
      </symbol>
      <symbol id="sm-bd1">
         <name>___TI_enable_exit_profile_output</name>
         <value>0xae32</value>
         <object_component_ref idref="oc-1de"/>
      </symbol>
      <symbol id="sm-bd2">
         <name>_abort</name>
         <value>0x9c431</value>
         <object_component_ref idref="oc-219"/>
      </symbol>
      <symbol id="sm-bd3">
         <name>___TI_dtors_ptr</name>
         <value>0xae36</value>
         <object_component_ref idref="oc-1de"/>
      </symbol>
      <symbol id="sm-be7">
         <name>__unlock</name>
         <value>0xaf7a</value>
         <object_component_ref idref="oc-250"/>
      </symbol>
      <symbol id="sm-be8">
         <name>__lock</name>
         <value>0xaf78</value>
         <object_component_ref idref="oc-223"/>
      </symbol>
      <symbol id="sm-be9">
         <name>__register_lock</name>
         <value>0x9c564</value>
         <object_component_ref idref="oc-241"/>
      </symbol>
      <symbol id="sm-bea">
         <name>__nop</name>
         <value>0x9c568</value>
         <object_component_ref idref="oc-241"/>
      </symbol>
      <symbol id="sm-beb">
         <name>__register_unlock</name>
         <value>0x9c560</value>
         <object_component_ref idref="oc-241"/>
      </symbol>
      <symbol id="sm-bfa">
         <name>__args_main</name>
         <value>0x9c529</value>
         <object_component_ref idref="oc-218"/>
      </symbol>
      <symbol id="sm-c08">
         <name>_memcmp</name>
         <value>0x9c516</value>
         <object_component_ref idref="oc-24c"/>
      </symbol>
      <symbol id="sm-c16">
         <name>_memset</name>
         <value>0x9c582</value>
         <object_component_ref idref="oc-239"/>
      </symbol>
      <symbol id="sm-c25">
         <name>_strcat</name>
         <value>0x9c569</value>
         <object_component_ref idref="oc-238"/>
      </symbol>
      <symbol id="sm-c34">
         <name>_strchr</name>
         <value>0x9c54a</value>
         <object_component_ref idref="oc-24d"/>
      </symbol>
      <symbol id="sm-c42">
         <name>_strcmp</name>
         <value>0x9c556</value>
         <object_component_ref idref="oc-237"/>
      </symbol>
      <symbol id="sm-c4f">
         <name>_strcpy</name>
         <value>0x9c589</value>
         <object_component_ref idref="oc-234"/>
      </symbol>
      <symbol id="sm-c5c">
         <name>_strlen</name>
         <value>0x9c57a</value>
         <object_component_ref idref="oc-235"/>
      </symbol>
      <symbol id="sm-c6c">
         <name>_strncpy</name>
         <value>0x9c501</value>
         <object_component_ref idref="oc-236"/>
      </symbol>
   </symbol_table>
   <title>Link successful</title>
</link_info>
