******************************************************************************
             TMS320C2000 Linker PC v20.2.1                     
******************************************************************************
>> Linked Sat Jun 18 16:17:20 2022

OUTPUT FILE NAME:   <cpu1_control_unit_test.out>
ENTRY POINT SYMBOL: "_c_int00"  address: 0009c28d


MEMORY CONFIGURATION

         name            origin    length      used     unused   attr    fill
----------------------  --------  ---------  --------  --------  ----  --------
PAGE 0:
  RAMM0                 00000123   000002dd  00000000  000002dd  RWIX
  RAMLS0                00008000   00000800  0000003f  000007c1  RWIX
  RAMLS1                00008800   00000800  00000800  00000000  RWIX
  RAMLS2                00009000   00000800  00000000  00000800  RWIX
  RAMLS3                00009800   00000800  00000000  00000800  RWIX
  RAMLS4                0000a000   00000800  00000000  00000800  RWIX
  RAMD0                 0000b000   00000800  00000000  00000800  RWIX
  RAMGS14               0001a000   00001000  00000003  00000ffd  RWIX
  RAMGS15               0001b000   00000ff8  00000000  00000ff8  RWIX
  BEGIN                 00080000   00000002  00000002  00000000  RWIX
  FLASHA                00080002   00001ffe  00000000  00001ffe  RWIX
  FLASHB                00082000   00002000  000000e6  00001f1a  RWIX
  FLASHC                00084000   00002000  00000000  00002000  RWIX
  FLASHD                00086000   00002000  0000003f  00001fc1  RWIX
  FLASHE                00088000   00008000  00000000  00008000  RWIX
  FLASHF                00090000   00008000  000010b6  00006f4a  RWIX
  FLASHG                00098000   00008000  00004591  00003a6f  RWIX
  FLASHH                000a0000   00008000  00000000  00008000  RWIX
  FLASHI                000a8000   00008000  00000000  00008000  RWIX
  FLASHJ                000b0000   00008000  00000000  00008000  RWIX
  FLASHK                000b8000   00002000  00000000  00002000  RWIX
  FLASHL                000ba000   00002000  00000000  00002000  RWIX
  FLASHM                000bc000   00002000  00000000  00002000  RWIX
  FLASHN                000be000   00001ff0  00000000  00001ff0  RWIX
  RESET                 003fffc0   00000002  00000000  00000002  RWIX

PAGE 1:
  BOOT_RSVD             00000002   00000121  00000000  00000121  RWIX
  RAMM1                 00000400   000003f8  00000000  000003f8  RWIX
  ADCARESULT            00000b00   00000018  00000018  00000000  RWIX
  ADCBRESULT            00000b20   00000018  00000018  00000000  RWIX
  ADCCRESULT            00000b40   00000018  00000018  00000000  RWIX
  ADCDRESULT            00000b60   00000018  00000018  00000000  RWIX
  CPUTIMER0             00000c00   00000008  00000008  00000000  RWIX
  CPUTIMER1             00000c08   00000008  00000008  00000000  RWIX
  CPUTIMER2             00000c10   00000008  00000008  00000000  RWIX
  PIECTRL               00000ce0   0000001a  0000001a  00000000  RWIX
  PIEVECTTABLE          00000d00   00000200  00000000  00000200  RWIX
  DMA                   00001000   00000200  000000e0  00000120  RWIX
  CLA1                  00001400   00000080  0000003e  00000042  RWIX
  CLB1LOGICCFG          00003000   00000052  0000003e  00000014  RWIX
  CLB1LOGICCTRL         00003100   00000040  00000040  00000000  RWIX
  CLB1DATAEXCH          00003200   00000200  00000108  000000f8  RWIX
  CLB2LOGICCFG          00003400   00000052  0000003e  00000014  RWIX
  CLB2LOGICCTRL         00003500   00000040  00000040  00000000  RWIX
  CLB2DATAEXCH          00003600   00000200  00000108  000000f8  RWIX
  CLB3LOGICCFG          00003800   00000052  0000003e  00000014  RWIX
  CLB3LOGICCTRL         00003900   00000040  00000040  00000000  RWIX
  CLB3DATAEXCH          00003a00   00000200  00000108  000000f8  RWIX
  CLB4LOGICCFG          00003c00   00000052  0000003e  00000014  RWIX
  CLB4LOGICCTRL         00003d00   00000040  00000040  00000000  RWIX
  CLB4DATAEXCH          00003e00   00000200  00000108  000000f8  RWIX
  EPWM1                 00004000   00000100  00000100  00000000  RWIX
  EPWM2                 00004100   00000100  00000100  00000000  RWIX
  EPWM3                 00004200   00000100  00000100  00000000  RWIX
  EPWM4                 00004300   00000100  00000100  00000000  RWIX
  EPWM5                 00004400   00000100  00000100  00000000  RWIX
  EPWM6                 00004500   00000100  00000100  00000000  RWIX
  EPWM7                 00004600   00000100  00000100  00000000  RWIX
  EPWM8                 00004700   00000100  00000100  00000000  RWIX
  EPWM9                 00004800   00000100  00000100  00000000  RWIX
  EPWM10                00004900   00000100  00000100  00000000  RWIX
  EPWM11                00004a00   00000100  00000100  00000000  RWIX
  EPWM12                00004b00   00000100  00000100  00000000  RWIX
  ECAP1                 00005000   00000020  0000001a  00000006  RWIX
  ECAP2                 00005020   00000020  0000001a  00000006  RWIX
  ECAP3                 00005040   00000020  0000001a  00000006  RWIX
  ECAP4                 00005060   00000020  0000001a  00000006  RWIX
  ECAP5                 00005080   00000020  0000001a  00000006  RWIX
  ECAP6                 000050a0   00000020  0000001a  00000006  RWIX
  EQEP1                 00005100   00000022  00000022  00000000  RWIX
  EQEP2                 00005140   00000022  00000022  00000000  RWIX
  EQEP3                 00005180   00000022  00000022  00000000  RWIX
  DACA                  00005c00   00000008  00000007  00000001  RWIX
  DACB                  00005c10   00000008  00000007  00000001  RWIX
  DACC                  00005c20   00000008  00000007  00000001  RWIX
  CMPSS1                00005c80   00000020  0000001b  00000005  RWIX
  CMPSS2                00005ca0   00000020  0000001b  00000005  RWIX
  CMPSS3                00005cc0   00000020  0000001b  00000005  RWIX
  CMPSS4                00005ce0   00000020  0000001b  00000005  RWIX
  CMPSS5                00005d00   00000020  0000001b  00000005  RWIX
  CMPSS6                00005d20   00000020  0000001b  00000005  RWIX
  CMPSS7                00005d40   00000020  0000001b  00000005  RWIX
  CMPSS8                00005d60   00000020  0000001b  00000005  RWIX
  SDFM1                 00005e00   00000080  00000048  00000038  RWIX
  SDFM2                 00005e80   00000080  00000048  00000038  RWIX
  MCBSPA                00006000   00000024  00000024  00000000  RWIX
  MCBSPB                00006040   00000024  00000024  00000000  RWIX
  SPIA                  00006100   00000010  00000010  00000000  RWIX
  SPIB                  00006110   00000010  00000010  00000000  RWIX
  SPIC                  00006120   00000010  00000010  00000000  RWIX
  UPP                   00006200   00000048  00000048  00000000  RWIX
  WD                    00007000   0000002b  0000002b  00000000  RWIX
  NMIINTRUPT            00007060   00000007  00000007  00000000  RWIX
  XINT                  00007070   0000000b  0000000b  00000000  RWIX
  SCIA                  00007200   00000010  00000010  00000000  RWIX
  SCIB                  00007210   00000010  00000010  00000000  RWIX
  SCIC                  00007220   00000010  00000010  00000000  RWIX
  SCID                  00007230   00000010  00000010  00000000  RWIX
  I2CA                  00007300   00000022  00000022  00000000  RWIX
  I2CB                  00007340   00000022  00000022  00000000  RWIX
  ADCA                  00007400   00000080  0000007c  00000004  RWIX
  ADCB                  00007480   00000080  0000007c  00000004  RWIX
  ADCC                  00007500   00000080  0000007c  00000004  RWIX
  ADCD                  00007580   00000080  0000007c  00000004  RWIX
  INPUTXBAR             00007900   00000020  00000020  00000000  RWIX
  XBAR                  00007920   00000020  0000000e  00000012  RWIX
  SYNCSOC               00007940   00000006  00000006  00000000  RWIX
  DMACLASRCSEL          00007980   0000001a  0000001a  00000000  RWIX
  EPWMXBAR              00007a00   00000040  00000040  00000000  RWIX
  CLBXBAR               00007a40   00000040  00000040  00000000  RWIX
  OUTPUTXBAR            00007a80   00000040  00000040  00000000  RWIX
  GPIOCTRL              00007c00   00000180  00000180  00000000  RWIX
  GPIODATA              00007f00   00000030  00000030  00000000  RWIX
  RAMLS5                0000a800   00000800  000007ce  00000032  RWIX
  RAMD1                 0000b800   00000800  00000000  00000800  RWIX
  RAMGS0                0000c000   00001000  000000ca  00000f36  RWIX
  RAMGS1                0000d000   00001000  000000d6  00000f2a  RWIX
  RAMGS2                0000e000   00001000  00000002  00000ffe  RWIX
  RAMGS3                0000f000   00001000  00000000  00001000  RWIX
  RAMGS4                00010000   00001000  00000000  00001000  RWIX
  RAMGS5                00011000   00001000  00000000  00001000  RWIX
  RAMGS6                00012000   00001000  00000000  00001000  RWIX
  RAMGS7                00013000   00001000  00000000  00001000  RWIX
  RAMGS8                00014000   00001000  00000000  00001000  RWIX
  RAMGS9                00015000   00001000  00000000  00001000  RWIX
  RAMGS10               00016000   00001000  00000000  00001000  RWIX
  RAMGS11               00017000   00001000  00000000  00001000  RWIX
  RAMGS12               00018000   00001000  00000000  00001000  RWIX
  RAMGS13               00019000   00001000  00000000  00001000  RWIX
  CPU2TOCPU1RAM         0003f800   00000400  00000000  00000400  RWIX
  CPU1TOCPU2RAM         0003fc00   00000400  00000000  00000400  RWIX
  EMIF1                 00047000   00000070  00000028  00000048  RWIX
  EMIF2                 00047800   00000070  00000028  00000048  RWIX
  CANA                  00048000   00000200  00000164  0000009c  RWIX
  CANB                  0004a000   00000200  00000164  0000009c  RWIX
  IPC                   00050000   00000024  00000024  00000000  RWIX
  FLASHPUMPSEMAPHORE    00050024   00000002  00000002  00000000  RWIX
  DEVCFG                0005d000   0000012e  0000012e  00000000  RWIX
  ANALOGSUBSYS          0005d180   00000048  0000003e  0000000a  RWIX
  CLKCFG                0005d200   00000032  00000032  00000000  RWIX
  CPUSYS                0005d300   00000082  00000082  00000000  RWIX
  ROMPREFETCH           0005e608   00000002  00000002  00000000  RWIX
  DCSMZ1                0005f000   00000023  00000022  00000001  RWIX
  DCSMZ2                0005f040   00000023  00000022  00000001  RWIX
  DCSMCOMMON            0005f070   00000008  00000006  00000002  RWIX
  MEMCFG                0005f400   00000080  00000076  0000000a  RWIX
  EMIF1CONFIG           0005f480   00000020  0000000a  00000016  RWIX
  EMIF2CONFIG           0005f4a0   00000020  0000000a  00000016  RWIX
  ACCESSPROTECTION      0005f4c0   00000040  0000002e  00000012  RWIX
  MEMORYERROR           0005f500   00000040  0000003a  00000006  RWIX
  ROMWAITSTATE          0005f540   00000002  00000002  00000000  RWIX
  FLASH0CTRL            0005f800   00000182  00000182  00000000  RWIX
  FLASH0ECC             0005fb00   00000028  00000028  00000000  RWIX


SECTION ALLOCATION MAP

 output                                  attributes/
section   page    origin      length       input sections
--------  ----  ----------  ----------   ----------------
.stack     0    00008800    00000800     UNINITIALIZED
                  00008800    00000800     --HOLE--

codestart 
*          0    00080000    00000002     
                  00080000    00000002     F2837xD_CodeStartBranch.obj (codestart)

.cinit     0    00082000    000000e6     
                  00082000    0000004b     sd_card.obj (.cinit:_g_psCmdTable)
                  0008204b    00000037     sd_card.obj (.cinit:_g_sFresultStrings)
                  00082082    00000014     main.obj (.cinit)
                  00082096    0000000e     rts2800_fpu32.lib : exit.c.obj (.cinit)
                  000820a4    0000000d     GPIO_management.obj (.cinit:_gpioInput)
                  000820b1    0000000b     GPIO_management.obj (.cinit:_gpioOutput)
                  000820bc    00000009     sd_card.obj (.cinit)
                  000820c5    00000008     mmc_F2837x.obj (.cinit)
                  000820cd    00000005     rts2800_fpu32.lib : _lock.c.obj (.cinit:__lock)
                  000820d2    00000005                       : _lock.c.obj (.cinit:__unlock)
                  000820d7    00000005     sd_card.obj (.cinit:_g_cCwdBuf)
                  000820dc    00000004     LoRa.obj (.cinit)
                  000820e0    00000004     ustdlib.obj (.cinit)
                  000820e4    00000002     --HOLE-- [fill = 0]

.text      0    00098000    00004591     
                  00098000    00001501     ff.obj (.text)
                  00099501    000005d4     ustdlib.obj (.text)
                  00099ad5    00000585     F2837xD_DefaultISR.obj (.text:retain)
                  0009a05a    00000522     can.obj (.text)
                  0009a57c    000004b4     F2837xD_SysCtrl.obj (.text)
                  0009aa30    00000492     display.obj (.text)
                  0009aec2    0000042c     mmc_F2837x.obj (.text)
                  0009b2ee    000002c5     sd_card.obj (.text)
                  0009b5b3    0000024b     sysctl.obj (.text)
                  0009b7fe    00000244     F2837xD_Gpio.obj (.text)
                  0009ba42    000001ca     interrupt.obj (.text)
                  0009bc0c    00000183     main.obj (.text:retain)
                  0009bd8f    00000151     main.obj (.text)
                  0009bee0    00000107     rts2800_fpu32.lib : ll_div28.asm.obj (.text)
                  0009bfe7    000000f0     F2837xD_EPwm.obj (.text)
                  0009c0d7    000000b2     GPIO_management.obj (.text)
                  0009c189    00000088     rts2800_fpu32.lib : fs_div28.asm.obj (.text)
                  0009c211    0000007c     F2837xD_CpuTimers.obj (.text)
                  0009c28d    00000056     rts2800_fpu32.lib : boot28.asm.obj (.text)
                  0009c2e3    00000055     systick.obj (.text)
                  0009c338    00000055     uart.obj (.text)
                  0009c38d    00000049     cmdline.obj (.text)
                  0009c3d6    00000031     sd_card.obj (.text:retain)
                  0009c407    0000002a     rts2800_fpu32.lib : l_div28.asm.obj (.text)
                  0009c431    00000029                       : exit.c.obj (.text)
                  0009c45a    00000028     F2837xD_PieCtrl.obj (.text)
                  0009c482    00000026     F2837xD_PieVect.obj (.text)
                  0009c4a8    00000024     rts2800_fpu32.lib : cpy_tbl.c.obj (.text)
                  0009c4cc    0000001d                       : memcpy.c.obj (.text)
                  0009c4e9    00000018                       : ll_aox28.asm.obj (.text)
                  0009c501    00000015                       : strncpy.c.obj (.text)
                  0009c516    00000013                       : memcmp.c.obj (.text)
                  0009c529    00000012                       : args_main.c.obj (.text)
                  0009c53b    0000000f     interrupt.obj (.text:retain)
                  0009c54a    0000000c     rts2800_fpu32.lib : strchr.c.obj (.text)
                  0009c556    0000000a                       : strcmp.c.obj (.text)
                  0009c560    00000009                       : _lock.c.obj (.text)
                  0009c569    00000009                       : strcat.c.obj (.text)
                  0009c572    00000008     F2837xD_CodeStartBranch.obj (.text)
                  0009c57a    00000008     rts2800_fpu32.lib : strlen.c.obj (.text)
                  0009c582    00000007                       : memset.c.obj (.text)
                  0009c589    00000005                       : strcpy.c.obj (.text)
                  0009c58e    00000002                       : pre_init.c.obj (.text)
                  0009c590    00000001                       : startup.c.obj (.text)

.reset     0    003fffc0    00000002     DSECT
                  003fffc0    00000002     rts2800_fpu32.lib : boot28.asm.obj (.reset)

.pinit     0    00082000    00000000     UNINITIALIZED

SHARERAMGS14 
*          0    0001a000    00000003     UNINITIALIZED
                  0001a000    00000003     main.obj (SHARERAMGS14)

SHARERAMGS1 
*          1    0000d000    000000d6     UNINITIALIZED
                  0000d000    000000d6     main.obj (SHARERAMGS1)

SHARERAMGS2 
*          1    0000e000    00000002     UNINITIALIZED
                  0000e000    00000002     main.obj (SHARERAMGS2)

.TI.ramfunc 
*          0    00086000    0000003f     RUN ADDR = 00008000
                  00086000    00000037     F2837xD_SysCtrl.obj (.TI.ramfunc)
                  00086037    00000004     F2837xD_usDelay.obj (.TI.ramfunc)
                  0008603b    00000004     sysctl.obj (.TI.ramfunc)

GETBUFFER 
*          0    0003f800    00000000     DSECT

GETWRITEIDX 
*          0    0003f800    00000000     DSECT

PUTREADIDX 
*          0    0003f800    00000000     DSECT

PieVectTableFile 
*          0    00000d00    000001c0     DSECT
                  00000d00    000001c0     F2837xD_GlobalVariableDefs.obj (PieVectTableFile)

EmuKeyVar 
*          0    00000d00    00000000     DSECT

EmuBModeVar 
*          0    00000d00    00000000     DSECT

EmuBootPinsVar 
*          0    00000d00    00000000     DSECT

FlashCallbackVar 
*          0    00000d00    00000000     DSECT

FlashScalingVar 
*          0    00000d00    00000000     DSECT

.econst    0    00090000    000010b6     
                  00090000    000008fd     display.obj (.econst:.string)
                  000908fd    00000001     --HOLE-- [fill = 0]
                  000908fe    00000236     sd_card.obj (.econst:.string)
                  00090b34    000001c0     F2837xD_PieVect.obj (.econst:_PieVectTableInit)
                  00090cf4    000001a3     main.obj (.econst:.string)
                  00090e97    00000122     sd_card.obj (.econst:.string:_$P$T1$2)
                  00090fb9    00000001     --HOLE-- [fill = 0]
                  00090fba    00000067     Telemetry.obj (.econst:.string)
                  00091021    00000028     sd_card.obj (.econst:.string:_$P$T0$1)
                  00091049    00000001     --HOLE-- [fill = 0]
                  0009104a    00000019     ff.obj (.econst:.string)
                  00091063    00000001     --HOLE-- [fill = 0]
                  00091064    00000018     ustdlib.obj (.econst:.string)
                  0009107c    00000018     ustdlib.obj (.econst:_g_psDaysToMonth)
                  00091094    0000000c     ustdlib.obj (.econst:_g_pfExponents)
                  000910a0    0000000a     ff.obj (.econst:.string:_DbcTbl)
                  000910aa    00000009     can.obj (.econst:_g_ui16CANBitValues)
                  000910b3    00000001     --HOLE-- [fill = 0]
                  000910b4    00000002     ustdlib.obj (.econst)

AdcaResultRegsFile 
*          1    00000b00    00000018     UNINITIALIZED
                  00000b00    00000018     F2837xD_GlobalVariableDefs.obj (AdcaResultRegsFile)

AdcbResultRegsFile 
*          1    00000b20    00000018     UNINITIALIZED
                  00000b20    00000018     F2837xD_GlobalVariableDefs.obj (AdcbResultRegsFile)

AdccResultRegsFile 
*          1    00000b40    00000018     UNINITIALIZED
                  00000b40    00000018     F2837xD_GlobalVariableDefs.obj (AdccResultRegsFile)

AdcdResultRegsFile 
*          1    00000b60    00000018     UNINITIALIZED
                  00000b60    00000018     F2837xD_GlobalVariableDefs.obj (AdcdResultRegsFile)

CpuTimer0RegsFile 
*          1    00000c00    00000008     UNINITIALIZED
                  00000c00    00000008     F2837xD_GlobalVariableDefs.obj (CpuTimer0RegsFile)

CpuTimer1RegsFile 
*          1    00000c08    00000008     UNINITIALIZED
                  00000c08    00000008     F2837xD_GlobalVariableDefs.obj (CpuTimer1RegsFile)

CpuTimer2RegsFile 
*          1    00000c10    00000008     UNINITIALIZED
                  00000c10    00000008     F2837xD_GlobalVariableDefs.obj (CpuTimer2RegsFile)

PieCtrlRegsFile 
*          1    00000ce0    0000001a     UNINITIALIZED
                  00000ce0    0000001a     F2837xD_GlobalVariableDefs.obj (PieCtrlRegsFile)

DmaRegsFile 
*          1    00001000    000000e0     UNINITIALIZED
                  00001000    000000e0     F2837xD_GlobalVariableDefs.obj (DmaRegsFile)

Cla1RegsFile 
*          1    00001400    0000003e     UNINITIALIZED
                  00001400    0000003e     F2837xD_GlobalVariableDefs.obj (Cla1RegsFile)

Clb1LogicCfgRegsFile 
*          1    00003000    0000003e     UNINITIALIZED
                  00003000    0000003e     F2837xD_GlobalVariableDefs.obj (Clb1LogicCfgRegsFile)

Clb1LogicCtrlRegsFile 
*          1    00003100    00000040     UNINITIALIZED
                  00003100    00000040     F2837xD_GlobalVariableDefs.obj (Clb1LogicCtrlRegsFile)

Clb1DataExchRegsFile 
*          1    00003200    00000108     UNINITIALIZED
                  00003200    00000108     F2837xD_GlobalVariableDefs.obj (Clb1DataExchRegsFile)

Clb2LogicCfgRegsFile 
*          1    00003400    0000003e     UNINITIALIZED
                  00003400    0000003e     F2837xD_GlobalVariableDefs.obj (Clb2LogicCfgRegsFile)

Clb2LogicCtrlRegsFile 
*          1    00003500    00000040     UNINITIALIZED
                  00003500    00000040     F2837xD_GlobalVariableDefs.obj (Clb2LogicCtrlRegsFile)

Clb2DataExchRegsFile 
*          1    00003600    00000108     UNINITIALIZED
                  00003600    00000108     F2837xD_GlobalVariableDefs.obj (Clb2DataExchRegsFile)

Clb3LogicCfgRegsFile 
*          1    00003800    0000003e     UNINITIALIZED
                  00003800    0000003e     F2837xD_GlobalVariableDefs.obj (Clb3LogicCfgRegsFile)

Clb3LogicCtrlRegsFile 
*          1    00003900    00000040     UNINITIALIZED
                  00003900    00000040     F2837xD_GlobalVariableDefs.obj (Clb3LogicCtrlRegsFile)

Clb3DataExchRegsFile 
*          1    00003a00    00000108     UNINITIALIZED
                  00003a00    00000108     F2837xD_GlobalVariableDefs.obj (Clb3DataExchRegsFile)

Clb4LogicCfgRegsFile 
*          1    00003c00    0000003e     UNINITIALIZED
                  00003c00    0000003e     F2837xD_GlobalVariableDefs.obj (Clb4LogicCfgRegsFile)

Clb4LogicCtrlRegsFile 
*          1    00003d00    00000040     UNINITIALIZED
                  00003d00    00000040     F2837xD_GlobalVariableDefs.obj (Clb4LogicCtrlRegsFile)

Clb4DataExchRegsFile 
*          1    00003e00    00000108     UNINITIALIZED
                  00003e00    00000108     F2837xD_GlobalVariableDefs.obj (Clb4DataExchRegsFile)

EPwm1RegsFile 
*          1    00004000    00000100     UNINITIALIZED
                  00004000    00000100     F2837xD_GlobalVariableDefs.obj (EPwm1RegsFile)

EPwm2RegsFile 
*          1    00004100    00000100     UNINITIALIZED
                  00004100    00000100     F2837xD_GlobalVariableDefs.obj (EPwm2RegsFile)

EPwm3RegsFile 
*          1    00004200    00000100     UNINITIALIZED
                  00004200    00000100     F2837xD_GlobalVariableDefs.obj (EPwm3RegsFile)

EPwm4RegsFile 
*          1    00004300    00000100     UNINITIALIZED
                  00004300    00000100     F2837xD_GlobalVariableDefs.obj (EPwm4RegsFile)

EPwm5RegsFile 
*          1    00004400    00000100     UNINITIALIZED
                  00004400    00000100     F2837xD_GlobalVariableDefs.obj (EPwm5RegsFile)

EPwm6RegsFile 
*          1    00004500    00000100     UNINITIALIZED
                  00004500    00000100     F2837xD_GlobalVariableDefs.obj (EPwm6RegsFile)

EPwm7RegsFile 
*          1    00004600    00000100     UNINITIALIZED
                  00004600    00000100     F2837xD_GlobalVariableDefs.obj (EPwm7RegsFile)

EPwm8RegsFile 
*          1    00004700    00000100     UNINITIALIZED
                  00004700    00000100     F2837xD_GlobalVariableDefs.obj (EPwm8RegsFile)

EPwm9RegsFile 
*          1    00004800    00000100     UNINITIALIZED
                  00004800    00000100     F2837xD_GlobalVariableDefs.obj (EPwm9RegsFile)

EPwm10RegsFile 
*          1    00004900    00000100     UNINITIALIZED
                  00004900    00000100     F2837xD_GlobalVariableDefs.obj (EPwm10RegsFile)

EPwm11RegsFile 
*          1    00004a00    00000100     UNINITIALIZED
                  00004a00    00000100     F2837xD_GlobalVariableDefs.obj (EPwm11RegsFile)

EPwm12RegsFile 
*          1    00004b00    00000100     UNINITIALIZED
                  00004b00    00000100     F2837xD_GlobalVariableDefs.obj (EPwm12RegsFile)

ECap1RegsFile 
*          1    00005000    0000001a     UNINITIALIZED
                  00005000    0000001a     F2837xD_GlobalVariableDefs.obj (ECap1RegsFile)

ECap2RegsFile 
*          1    00005020    0000001a     UNINITIALIZED
                  00005020    0000001a     F2837xD_GlobalVariableDefs.obj (ECap2RegsFile)

ECap3RegsFile 
*          1    00005040    0000001a     UNINITIALIZED
                  00005040    0000001a     F2837xD_GlobalVariableDefs.obj (ECap3RegsFile)

ECap4RegsFile 
*          1    00005060    0000001a     UNINITIALIZED
                  00005060    0000001a     F2837xD_GlobalVariableDefs.obj (ECap4RegsFile)

ECap5RegsFile 
*          1    00005080    0000001a     UNINITIALIZED
                  00005080    0000001a     F2837xD_GlobalVariableDefs.obj (ECap5RegsFile)

ECap6RegsFile 
*          1    000050a0    0000001a     UNINITIALIZED
                  000050a0    0000001a     F2837xD_GlobalVariableDefs.obj (ECap6RegsFile)

EQep1RegsFile 
*          1    00005100    00000022     UNINITIALIZED
                  00005100    00000022     F2837xD_GlobalVariableDefs.obj (EQep1RegsFile)

EQep2RegsFile 
*          1    00005140    00000022     UNINITIALIZED
                  00005140    00000022     F2837xD_GlobalVariableDefs.obj (EQep2RegsFile)

EQep3RegsFile 
*          1    00005180    00000022     UNINITIALIZED
                  00005180    00000022     F2837xD_GlobalVariableDefs.obj (EQep3RegsFile)

DacaRegsFile 
*          1    00005c00    00000007     UNINITIALIZED
                  00005c00    00000007     F2837xD_GlobalVariableDefs.obj (DacaRegsFile)

DacbRegsFile 
*          1    00005c10    00000007     UNINITIALIZED
                  00005c10    00000007     F2837xD_GlobalVariableDefs.obj (DacbRegsFile)

DaccRegsFile 
*          1    00005c20    00000007     UNINITIALIZED
                  00005c20    00000007     F2837xD_GlobalVariableDefs.obj (DaccRegsFile)

Cmpss1RegsFile 
*          1    00005c80    0000001b     UNINITIALIZED
                  00005c80    0000001b     F2837xD_GlobalVariableDefs.obj (Cmpss1RegsFile)

Cmpss2RegsFile 
*          1    00005ca0    0000001b     UNINITIALIZED
                  00005ca0    0000001b     F2837xD_GlobalVariableDefs.obj (Cmpss2RegsFile)

Cmpss3RegsFile 
*          1    00005cc0    0000001b     UNINITIALIZED
                  00005cc0    0000001b     F2837xD_GlobalVariableDefs.obj (Cmpss3RegsFile)

Cmpss4RegsFile 
*          1    00005ce0    0000001b     UNINITIALIZED
                  00005ce0    0000001b     F2837xD_GlobalVariableDefs.obj (Cmpss4RegsFile)

Cmpss5RegsFile 
*          1    00005d00    0000001b     UNINITIALIZED
                  00005d00    0000001b     F2837xD_GlobalVariableDefs.obj (Cmpss5RegsFile)

Cmpss6RegsFile 
*          1    00005d20    0000001b     UNINITIALIZED
                  00005d20    0000001b     F2837xD_GlobalVariableDefs.obj (Cmpss6RegsFile)

Cmpss7RegsFile 
*          1    00005d40    0000001b     UNINITIALIZED
                  00005d40    0000001b     F2837xD_GlobalVariableDefs.obj (Cmpss7RegsFile)

Cmpss8RegsFile 
*          1    00005d60    0000001b     UNINITIALIZED
                  00005d60    0000001b     F2837xD_GlobalVariableDefs.obj (Cmpss8RegsFile)

Sdfm1RegsFile 
*          1    00005e00    00000048     UNINITIALIZED
                  00005e00    00000048     F2837xD_GlobalVariableDefs.obj (Sdfm1RegsFile)

Sdfm2RegsFile 
*          1    00005e80    00000048     UNINITIALIZED
                  00005e80    00000048     F2837xD_GlobalVariableDefs.obj (Sdfm2RegsFile)

McbspaRegsFile 
*          1    00006000    00000024     UNINITIALIZED
                  00006000    00000024     F2837xD_GlobalVariableDefs.obj (McbspaRegsFile)

McbspbRegsFile 
*          1    00006040    00000024     UNINITIALIZED
                  00006040    00000024     F2837xD_GlobalVariableDefs.obj (McbspbRegsFile)

SpiaRegsFile 
*          1    00006100    00000010     UNINITIALIZED
                  00006100    00000010     F2837xD_GlobalVariableDefs.obj (SpiaRegsFile)

SpibRegsFile 
*          1    00006110    00000010     UNINITIALIZED
                  00006110    00000010     F2837xD_GlobalVariableDefs.obj (SpibRegsFile)

SpicRegsFile 
*          1    00006120    00000010     UNINITIALIZED
                  00006120    00000010     F2837xD_GlobalVariableDefs.obj (SpicRegsFile)

UppRegsFile 
*          1    00006200    00000048     UNINITIALIZED
                  00006200    00000048     F2837xD_GlobalVariableDefs.obj (UppRegsFile)

WdRegsFile 
*          1    00007000    0000002b     UNINITIALIZED
                  00007000    0000002b     F2837xD_GlobalVariableDefs.obj (WdRegsFile)

NmiIntruptRegsFile 
*          1    00007060    00000007     UNINITIALIZED
                  00007060    00000007     F2837xD_GlobalVariableDefs.obj (NmiIntruptRegsFile)

XintRegsFile 
*          1    00007070    0000000b     UNINITIALIZED
                  00007070    0000000b     F2837xD_GlobalVariableDefs.obj (XintRegsFile)

SciaRegsFile 
*          1    00007200    00000010     UNINITIALIZED
                  00007200    00000010     F2837xD_GlobalVariableDefs.obj (SciaRegsFile)

ScibRegsFile 
*          1    00007210    00000010     UNINITIALIZED
                  00007210    00000010     F2837xD_GlobalVariableDefs.obj (ScibRegsFile)

ScicRegsFile 
*          1    00007220    00000010     UNINITIALIZED
                  00007220    00000010     F2837xD_GlobalVariableDefs.obj (ScicRegsFile)

ScidRegsFile 
*          1    00007230    00000010     UNINITIALIZED
                  00007230    00000010     F2837xD_GlobalVariableDefs.obj (ScidRegsFile)

I2caRegsFile 
*          1    00007300    00000022     UNINITIALIZED
                  00007300    00000022     F2837xD_GlobalVariableDefs.obj (I2caRegsFile)

I2cbRegsFile 
*          1    00007340    00000022     UNINITIALIZED
                  00007340    00000022     F2837xD_GlobalVariableDefs.obj (I2cbRegsFile)

AdcaRegsFile 
*          1    00007400    0000007c     UNINITIALIZED
                  00007400    0000007c     F2837xD_GlobalVariableDefs.obj (AdcaRegsFile)

AdcbRegsFile 
*          1    00007480    0000007c     UNINITIALIZED
                  00007480    0000007c     F2837xD_GlobalVariableDefs.obj (AdcbRegsFile)

AdccRegsFile 
*          1    00007500    0000007c     UNINITIALIZED
                  00007500    0000007c     F2837xD_GlobalVariableDefs.obj (AdccRegsFile)

AdcdRegsFile 
*          1    00007580    0000007c     UNINITIALIZED
                  00007580    0000007c     F2837xD_GlobalVariableDefs.obj (AdcdRegsFile)

InputXbarRegsFile 
*          1    00007900    00000020     UNINITIALIZED
                  00007900    00000020     F2837xD_GlobalVariableDefs.obj (InputXbarRegsFile)

XbarRegsFile 
*          1    00007920    0000000e     UNINITIALIZED
                  00007920    0000000e     F2837xD_GlobalVariableDefs.obj (XbarRegsFile)

SyncSocRegsFile 
*          1    00007940    00000006     UNINITIALIZED
                  00007940    00000006     F2837xD_GlobalVariableDefs.obj (SyncSocRegsFile)

DmaClaSrcSelRegsFile 
*          1    00007980    0000001a     UNINITIALIZED
                  00007980    0000001a     F2837xD_GlobalVariableDefs.obj (DmaClaSrcSelRegsFile)

EPwmXbarRegsFile 
*          1    00007a00    00000040     UNINITIALIZED
                  00007a00    00000040     F2837xD_GlobalVariableDefs.obj (EPwmXbarRegsFile)

ClbXbarRegsFile 
*          1    00007a40    00000040     UNINITIALIZED
                  00007a40    00000040     F2837xD_GlobalVariableDefs.obj (ClbXbarRegsFile)

OutputXbarRegsFile 
*          1    00007a80    00000040     UNINITIALIZED
                  00007a80    00000040     F2837xD_GlobalVariableDefs.obj (OutputXbarRegsFile)

GpioCtrlRegsFile 
*          1    00007c00    00000180     UNINITIALIZED
                  00007c00    00000180     F2837xD_GlobalVariableDefs.obj (GpioCtrlRegsFile)

GpioDataRegsFile 
*          1    00007f00    00000030     UNINITIALIZED
                  00007f00    00000030     F2837xD_GlobalVariableDefs.obj (GpioDataRegsFile)

Emif1RegsFile 
*          1    00047000    00000028     UNINITIALIZED
                  00047000    00000028     F2837xD_GlobalVariableDefs.obj (Emif1RegsFile)

Emif2RegsFile 
*          1    00047800    00000028     UNINITIALIZED
                  00047800    00000028     F2837xD_GlobalVariableDefs.obj (Emif2RegsFile)

CanaRegsFile 
*          1    00048000    00000164     UNINITIALIZED
                  00048000    00000164     F2837xD_GlobalVariableDefs.obj (CanaRegsFile)

CanbRegsFile 
*          1    0004a000    00000164     UNINITIALIZED
                  0004a000    00000164     F2837xD_GlobalVariableDefs.obj (CanbRegsFile)

IpcRegsFile 
*          1    00050000    00000024     UNINITIALIZED
                  00050000    00000024     F2837xD_GlobalVariableDefs.obj (IpcRegsFile)

FlashPumpSemaphoreRegsFile 
*          1    00050024    00000002     UNINITIALIZED
                  00050024    00000002     F2837xD_GlobalVariableDefs.obj (FlashPumpSemaphoreRegsFile)

DevCfgRegsFile 
*          1    0005d000    0000012e     UNINITIALIZED
                  0005d000    0000012e     F2837xD_GlobalVariableDefs.obj (DevCfgRegsFile)

AnalogSubsysRegsFile 
*          1    0005d180    0000003e     UNINITIALIZED
                  0005d180    0000003e     F2837xD_GlobalVariableDefs.obj (AnalogSubsysRegsFile)

ClkCfgRegsFile 
*          1    0005d200    00000032     UNINITIALIZED
                  0005d200    00000032     F2837xD_GlobalVariableDefs.obj (ClkCfgRegsFile)

CpuSysRegsFile 
*          1    0005d300    00000082     UNINITIALIZED
                  0005d300    00000082     F2837xD_GlobalVariableDefs.obj (CpuSysRegsFile)

DcsmZ1RegsFile 
*          1    0005f000    00000022     UNINITIALIZED
                  0005f000    00000022     F2837xD_GlobalVariableDefs.obj (DcsmZ1RegsFile)

DcsmZ2RegsFile 
*          1    0005f040    00000022     UNINITIALIZED
                  0005f040    00000022     F2837xD_GlobalVariableDefs.obj (DcsmZ2RegsFile)

DcsmCommonRegsFile 
*          1    0005f070    00000006     UNINITIALIZED
                  0005f070    00000006     F2837xD_GlobalVariableDefs.obj (DcsmCommonRegsFile)

MemCfgRegsFile 
*          1    0005f400    00000076     UNINITIALIZED
                  0005f400    00000076     F2837xD_GlobalVariableDefs.obj (MemCfgRegsFile)

Emif1ConfigRegsFile 
*          1    0005f480    0000000a     UNINITIALIZED
                  0005f480    0000000a     F2837xD_GlobalVariableDefs.obj (Emif1ConfigRegsFile)

Emif2ConfigRegsFile 
*          1    0005f4a0    0000000a     UNINITIALIZED
                  0005f4a0    0000000a     F2837xD_GlobalVariableDefs.obj (Emif2ConfigRegsFile)

AccessProtectionRegsFile 
*          1    0005f4c0    0000002e     UNINITIALIZED
                  0005f4c0    0000002e     F2837xD_GlobalVariableDefs.obj (AccessProtectionRegsFile)

MemoryErrorRegsFile 
*          1    0005f500    0000003a     UNINITIALIZED
                  0005f500    0000003a     F2837xD_GlobalVariableDefs.obj (MemoryErrorRegsFile)

Flash0CtrlRegsFile 
*          1    0005f800    00000182     UNINITIALIZED
                  0005f800    00000182     F2837xD_GlobalVariableDefs.obj (Flash0CtrlRegsFile)

Flash0EccRegsFile 
*          1    0005fb00    00000028     UNINITIALIZED
                  0005fb00    00000028     F2837xD_GlobalVariableDefs.obj (Flash0EccRegsFile)

RomPrefetchRegsFile 
*          1    0005e608    00000002     UNINITIALIZED
                  0005e608    00000002     F2837xD_GlobalVariableDefs.obj (RomPrefetchRegsFile)

RomWaitStateRegsFile 
*          1    0005f540    00000002     UNINITIALIZED
                  0005f540    00000002     F2837xD_GlobalVariableDefs.obj (RomWaitStateRegsFile)

.ebss.1    1    0000a800    0000077e     UNINITIALIZED
                  0000a800    0000049a     sd_card.obj (.ebss)
                  0000ac9a    00000018     F2837xD_CpuTimers.obj (.ebss)
                  0000acb2    0000000a     GPIO_management.obj (.ebss:_gpioInput)
                  0000acbc    00000004     main.obj (.ebss:_AmkStatus)
                  0000acc0    00000156     main.obj (.ebss)
                  0000ae16    00000014     main.obj (.ebss:_filename)
                  0000ae2a    00000008     GPIO_management.obj (.ebss:_gpioOutput)
                  0000ae32    00000006     rts2800_fpu32.lib : exit.c.obj (.ebss)
                  0000ae38    00000005     mmc_F2837x.obj (.ebss)
                  0000ae3d    00000003     LoRa.obj (.ebss)
                  0000ae40    00000102     cmdline.obj (.ebss:_g_ppcArgv)
                  0000af42    00000034     sd_card.obj (.ebss:_g_sFresultStrings)
                  0000af76    00000002     ff.obj (.ebss:_FatFs)
                  0000af78    00000002     rts2800_fpu32.lib : _lock.c.obj (.ebss:__lock)
                  0000af7a    00000002                       : _lock.c.obj (.ebss:__unlock)
                  0000af7c    00000001     ff.obj (.ebss)
                  0000af7d    00000001     ustdlib.obj (.ebss)

.ebss.2    1    0000af80    00000050     UNINITIALIZED
                  0000af80    00000050     sd_card.obj (.ebss:_g_cCwdBuf)

.ebss.3    1    0000c000    00000050     UNINITIALIZED
                  0000c000    00000050     sd_card.obj (.ebss:_g_cTmpBuf)

.ebss.4    1    0000c080    0000007a     UNINITIALIZED
                  0000c080    00000048     sd_card.obj (.ebss:_g_psCmdTable)
                  0000c0c8    00000032     main.obj (.ebss:_tmp)

MODULE SUMMARY

       Module                           code    initialized data   uninitialized data
       ------                           ----    ----------------   ------------------
    .\
       F2837xD_GlobalVariableDefs.obj   0       0                  9406              
       ff.obj                           5377    35                 3                 
       display.obj                      1170    2301               0                 
       sd_card.obj                      758     1040               1462              
       main.obj                         724     439                635               
       ustdlib.obj                      1492    66                 1                 
       F2837xD_DefaultISR.obj           1413    0                  0                 
       can.obj                          1314    9                  0                 
       F2837xD_SysCtrl.obj              1314    0                  0                 
       mmc_F2837x.obj                   1068    8                  5                 
       sysctl.obj                       595     0                  0                 
       F2837xD_Gpio.obj                 580     0                  0                 
       F2837xD_PieVect.obj              38      448                0                 
       interrupt.obj                    473     0                  0                 
       cmdline.obj                      73      0                  258               
       F2837xD_EPwm.obj                 240     0                  0                 
       GPIO_management.obj              178     24                 18                
       F2837xD_CpuTimers.obj            124     0                  24                
       Telemetry.obj                    0       103                0                 
       systick.obj                      85      0                  0                 
       uart.obj                         85      0                  0                 
       F2837xD_PieCtrl.obj              40      0                  0                 
       F2837xD_CodeStartBranch.obj      10      0                  0                 
       F2837xD_usDelay.obj              8       0                  0                 
       LoRa.obj                         0       4                  3                 
    +--+--------------------------------+-------+------------------+--------------------+
       Total:                           17159   4477               11815             
                                                                                     
    C:/ti/ccs1011/ccs/tools/compiler/ti-cgt-c2000_20.2.1.LTS/lib/rts2800_fpu32.lib
       ll_div28.asm.obj                 263     0                  0                 
       fs_div28.asm.obj                 136     0                  0                 
       boot28.asm.obj                   86      0                  0                 
       exit.c.obj                       41      14                 6                 
       l_div28.asm.obj                  42      0                  0                 
       cpy_tbl.c.obj                    36      0                  0                 
       memcpy.c.obj                     29      0                  0                 
       ll_aox28.asm.obj                 24      0                  0                 
       _lock.c.obj                      9       10                 4                 
       strncpy.c.obj                    21      0                  0                 
       memcmp.c.obj                     19      0                  0                 
       args_main.c.obj                  18      0                  0                 
       strchr.c.obj                     12      0                  0                 
       strcmp.c.obj                     10      0                  0                 
       strcat.c.obj                     9       0                  0                 
       strlen.c.obj                     8       0                  0                 
       memset.c.obj                     7       0                  0                 
       strcpy.c.obj                     5       0                  0                 
       pre_init.c.obj                   2       0                  0                 
       startup.c.obj                    1       0                  0                 
    +--+--------------------------------+-------+------------------+--------------------+
       Total:                           778     24                 10                
                                                                                     
       Stack:                           0       0                  2048              
    +--+--------------------------------+-------+------------------+--------------------+
       Grand Total:                     17937   4501               13873             


GLOBAL DATA SYMBOLS: SORTED BY DATA PAGE

address     data page           name
--------    ----------------    ----
00000b00      2c (00000b00)     _AdcaResultRegs
00000b20      2c (00000b00)     _AdcbResultRegs

00000b40      2d (00000b40)     _AdccResultRegs
00000b60      2d (00000b40)     _AdcdResultRegs

00000c00      30 (00000c00)     _CpuTimer0Regs
00000c08      30 (00000c00)     _CpuTimer1Regs
00000c10      30 (00000c00)     _CpuTimer2Regs

00000ce0      33 (00000cc0)     _PieCtrlRegs

00000d00      34 (00000d00)     _PieVectTable

00001000      40 (00001000)     _DmaRegs

00001400      50 (00001400)     _Cla1Regs

00003000      c0 (00003000)     _Clb1LogicCfgRegs

00003100      c4 (00003100)     _Clb1LogicCtrlRegs

00003200      c8 (00003200)     _Clb1DataExchRegs

00003400      d0 (00003400)     _Clb2LogicCfgRegs

00003500      d4 (00003500)     _Clb2LogicCtrlRegs

00003600      d8 (00003600)     _Clb2DataExchRegs

00003800      e0 (00003800)     _Clb3LogicCfgRegs

00003900      e4 (00003900)     _Clb3LogicCtrlRegs

00003a00      e8 (00003a00)     _Clb3DataExchRegs

00003c00      f0 (00003c00)     _Clb4LogicCfgRegs

00003d00      f4 (00003d00)     _Clb4LogicCtrlRegs

00003e00      f8 (00003e00)     _Clb4DataExchRegs

00004000     100 (00004000)     _EPwm1Regs

00004100     104 (00004100)     _EPwm2Regs

00004200     108 (00004200)     _EPwm3Regs

00004300     10c (00004300)     _EPwm4Regs

00004400     110 (00004400)     _EPwm5Regs

00004500     114 (00004500)     _EPwm6Regs

00004600     118 (00004600)     _EPwm7Regs

00004700     11c (00004700)     _EPwm8Regs

00004800     120 (00004800)     _EPwm9Regs

00004900     124 (00004900)     _EPwm10Regs

00004a00     128 (00004a00)     _EPwm11Regs

00004b00     12c (00004b00)     _EPwm12Regs

00005000     140 (00005000)     _ECap1Regs
00005020     140 (00005000)     _ECap2Regs

00005040     141 (00005040)     _ECap3Regs
00005060     141 (00005040)     _ECap4Regs

00005080     142 (00005080)     _ECap5Regs
000050a0     142 (00005080)     _ECap6Regs

00005100     144 (00005100)     _EQep1Regs

00005140     145 (00005140)     _EQep2Regs

00005180     146 (00005180)     _EQep3Regs

00005c00     170 (00005c00)     _DacaRegs
00005c10     170 (00005c00)     _DacbRegs
00005c20     170 (00005c00)     _DaccRegs

00005c80     172 (00005c80)     _Cmpss1Regs
00005ca0     172 (00005c80)     _Cmpss2Regs

00005cc0     173 (00005cc0)     _Cmpss3Regs
00005ce0     173 (00005cc0)     _Cmpss4Regs

00005d00     174 (00005d00)     _Cmpss5Regs
00005d20     174 (00005d00)     _Cmpss6Regs

00005d40     175 (00005d40)     _Cmpss7Regs
00005d60     175 (00005d40)     _Cmpss8Regs

00005e00     178 (00005e00)     _Sdfm1Regs

00005e80     17a (00005e80)     _Sdfm2Regs

00006000     180 (00006000)     _McbspaRegs

00006040     181 (00006040)     _McbspbRegs

00006100     184 (00006100)     _SpiaRegs
00006110     184 (00006100)     _SpibRegs
00006120     184 (00006100)     _SpicRegs

00006200     188 (00006200)     _UppRegs

00007000     1c0 (00007000)     _WdRegs

00007060     1c1 (00007040)     _NmiIntruptRegs
00007070     1c1 (00007040)     _XintRegs

00007200     1c8 (00007200)     _SciaRegs
00007210     1c8 (00007200)     _ScibRegs
00007220     1c8 (00007200)     _ScicRegs
00007230     1c8 (00007200)     _ScidRegs

00007300     1cc (00007300)     _I2caRegs

00007340     1cd (00007340)     _I2cbRegs

00007400     1d0 (00007400)     _AdcaRegs

00007480     1d2 (00007480)     _AdcbRegs

00007500     1d4 (00007500)     _AdccRegs

00007580     1d6 (00007580)     _AdcdRegs

00007900     1e4 (00007900)     _InputXbarRegs
00007920     1e4 (00007900)     _XbarRegs

00007940     1e5 (00007940)     _SyncSocRegs

00007980     1e6 (00007980)     _DmaClaSrcSelRegs

00007a00     1e8 (00007a00)     _EPwmXbarRegs

00007a40     1e9 (00007a40)     _ClbXbarRegs

00007a80     1ea (00007a80)     _OutputXbarRegs

00007c00     1f0 (00007c00)     _GpioCtrlRegs

00007f00     1fc (00007f00)     _GpioDataRegs

00008800     220 (00008800)     __stack

0000a800     2a0 (0000a800)     _var
0000a801     2a0 (0000a800)     _diskResult
0000a802     2a0 (0000a800)     _g_ulStatusStringIndex

0000ac9a     2b2 (0000ac80)     _CpuTimer0
0000aca2     2b2 (0000ac80)     _CpuTimer1
0000acaa     2b2 (0000ac80)     _CpuTimer2
0000acb2     2b2 (0000ac80)     _gpioInput
0000acbc     2b2 (0000ac80)     _AmkStatus

0000acc0     2b3 (0000acc0)     _increment
0000acc1     2b3 (0000acc0)     _deb
0000acc2     2b3 (0000acc0)     _var_v
0000acc3     2b3 (0000acc0)     _local_val
0000acc4     2b3 (0000acc0)     _file_counter
0000acc5     2b3 (0000acc0)     _currentPage
0000acc6     2b3 (0000acc0)     _n_setup
0000acc7     2b3 (0000acc0)     _old_setup
0000acc8     2b3 (0000acc0)     _ack
0000acc9     2b3 (0000acc0)     _old_ack
0000acca     2b3 (0000acc0)     _sel
0000accb     2b3 (0000acc0)     _error
0000accc     2b3 (0000acc0)     _multiplier
0000accd     2b3 (0000acc0)     _LoRa_Packet_Counter
0000acce     2b3 (0000acc0)     _local_time_elapsed
0000acd0     2b3 (0000acc0)     _fanspeed_log
0000acd2     2b3 (0000acc0)     _status_log
0000acd8     2b3 (0000acc0)     _sendyne_log
0000ace0     2b3 (0000acc0)     _gpio_log
0000ace8     2b3 (0000acc0)     _bms_log

0000ad00     2b4 (0000ad00)     _imu_log

0000ad40     2b5 (0000ad40)     _local_sh

0000ae16     2b8 (0000ae00)     _filename
0000ae2a     2b8 (0000ae00)     _gpioOutput
0000ae32     2b8 (0000ae00)     ___TI_enable_exit_profile_output
0000ae34     2b8 (0000ae00)     ___TI_cleanup_ptr
0000ae36     2b8 (0000ae00)     ___TI_dtors_ptr
0000ae3d     2b8 (0000ae00)     _version
0000ae3e     2b8 (0000ae00)     _implicitHeaderFlag
0000ae3f     2b8 (0000ae00)     _onTxDone

0000af42     2bd (0000af40)     _g_sFresultStrings
0000af78     2bd (0000af40)     __lock
0000af7a     2bd (0000af40)     __unlock

0000c080     302 (0000c080)     _g_psCmdTable

0000c0c8     303 (0000c0c0)     _tmp

0000d000     340 (0000d000)     _sh

0000e000     380 (0000e000)     _time_elapsed

0001a000     680 (0001a000)     _display

00047000    11c0 (00047000)     _Emif1Regs

00047800    11e0 (00047800)     _Emif2Regs

00048000    1200 (00048000)     _CanaRegs

0004a000    1280 (0004a000)     _CanbRegs

00050000    1400 (00050000)     _IpcRegs
00050024    1400 (00050000)     _FlashPumpSemaphoreRegs

0005d000    1740 (0005d000)     _DevCfgRegs

0005d180    1746 (0005d180)     _AnalogSubsysRegs

0005d200    1748 (0005d200)     _ClkCfgRegs

0005d300    174c (0005d300)     _CpuSysRegs

0005e608    1798 (0005e600)     _RomPrefetchRegs

0005f000    17c0 (0005f000)     _DcsmZ1Regs

0005f040    17c1 (0005f040)     _DcsmZ2Regs
0005f070    17c1 (0005f040)     _DcsmCommonRegs

0005f400    17d0 (0005f400)     _MemCfgRegs

0005f480    17d2 (0005f480)     _Emif1ConfigRegs
0005f4a0    17d2 (0005f480)     _Emif2ConfigRegs

0005f4c0    17d3 (0005f4c0)     _AccessProtectionRegs

0005f500    17d4 (0005f500)     _MemoryErrorRegs

0005f540    17d5 (0005f540)     _RomWaitStateRegs

0005f800    17e0 (0005f800)     _Flash0CtrlRegs

0005fb00    17ec (0005fb00)     _Flash0EccRegs

00090b34    242c (00090b00)     _PieVectTableInit


GLOBAL SYMBOLS: SORTED ALPHABETICALLY BY Name 

page  address   name                                  
----  -------   ----                                  
0     00098000  .text                                 
0     0009c431  C$$EXIT                               
0     0009c189  FS$$DIV                               
0     0009c407  L$$DIV                                
0     0009c416  L$$MOD                                
0     0009c4e9  LL$$AND                               
0     0009bee0  LL$$DIV                               
0     0009bf1c  LL$$MOD                               
0     0009c4f1  LL$$OR                                
0     0009c4f9  LL$$XOR                               
0     0009c424  UL$$DIV                               
0     0009c42b  UL$$MOD                               
0     0009bf56  ULL$$DIV                              
0     0009bf85  ULL$$MOD                              
0     00099b93  _ADCA1_ISR                            
0     00099e13  _ADCA2_ISR                            
0     00099e1d  _ADCA3_ISR                            
0     00099e27  _ADCA4_ISR                            
0     00099e09  _ADCA_EVT_ISR                         
0     00099b9d  _ADCB1_ISR                            
0     00099e3b  _ADCB2_ISR                            
0     00099e45  _ADCB3_ISR                            
0     00099e4f  _ADCB4_ISR                            
0     00099e31  _ADCB_EVT_ISR                         
0     00099ba7  _ADCC1_ISR                            
0     00099fa3  _ADCC2_ISR                            
0     00099fad  _ADCC3_ISR                            
0     00099fb7  _ADCC4_ISR                            
0     00099f99  _ADCC_EVT_ISR                         
0     00099bc5  _ADCD1_ISR                            
0     00099fcb  _ADCD2_ISR                            
0     00099fd5  _ADCD3_ISR                            
0     00099fdf  _ADCD4_ISR                            
0     00099fc1  _ADCD_EVT_ISR                         
0     0009a01b  _AUX_PLL_SLIP_ISR                     
1     0005f4c0  _AccessProtectionRegs                 
1     00007400  _AdcaRegs                             
1     00000b00  _AdcaResultRegs                       
1     00007480  _AdcbRegs                             
1     00000b20  _AdcbResultRegs                       
1     00007500  _AdccRegs                             
1     00000b40  _AdccResultRegs                       
1     00007580  _AdcdRegs                             
1     00000b60  _AdcdResultRegs                       
1     0000acbc  _AmkStatus                            
1     0005d180  _AnalogSubsysRegs                     
0     0009a9bf  _AuxAuxClkSel                         
0     0009a9a9  _AuxIntOsc2Sel                        
0     0009a9b3  _AuxXtalOscSel                        
0     00099de1  _CANA0_ISR                            
0     00099deb  _CANA1_ISR                            
0     00099df5  _CANB0_ISR                            
0     00099dff  _CANB1_ISR                            
0     0009a1db  _CANBitRateSet                        
0     0009a1b0  _CANBitTimingGet                      
0     0009a248  _CANBitTimingSet                      
0     0009a189  _CANClkSourceSelect                   
0     0009a181  _CANDisable                           
0     0009a178  _CANEnable                            
0     0009a352  _CANErrCntrGet                        
0     0009a566  _CANGlobalIntClear                    
0     0009a55c  _CANGlobalIntDisable                  
0     0009a553  _CANGlobalIntEnable                   
0     0009a56f  _CANGlobalIntstatusGet                
0     0009a0cb  _CANInit                              
0     0009a2e6  _CANIntClear                          
0     0009a2bc  _CANIntDisable                        
0     0009a2ae  _CANIntEnable                         
0     0009a291  _CANIntRegister                       
0     0009a2cc  _CANIntStatus                         
0     0009a2a1  _CANIntUnregister                     
0     0009a52d  _CANMessageClear                      
0     0009a459  _CANMessageGet                        
0     0009a36d  _CANMessageSet                        
0     0009a320  _CANRetryGet                          
0     0009a30f  _CANRetrySet                          
0     0009a32a  _CANStatusGet                         
0     00099e59  _CLA1_1_ISR                           
0     00099e63  _CLA1_2_ISR                           
0     00099e6d  _CLA1_3_ISR                           
0     00099e77  _CLA1_4_ISR                           
0     00099e81  _CLA1_5_ISR                           
0     00099e8b  _CLA1_6_ISR                           
0     00099e95  _CLA1_7_ISR                           
0     00099e9f  _CLA1_8_ISR                           
0     0009a025  _CLA_OVERFLOW_ISR                     
0     0009a02f  _CLA_UNDERFLOW_ISR                    
1     00048000  _CanaRegs                             
1     0004a000  _CanbRegs                             
1     00001400  _Cla1Regs                             
1     00003200  _Clb1DataExchRegs                     
1     00003000  _Clb1LogicCfgRegs                     
1     00003100  _Clb1LogicCtrlRegs                    
1     00003600  _Clb2DataExchRegs                     
1     00003400  _Clb2LogicCfgRegs                     
1     00003500  _Clb2LogicCtrlRegs                    
1     00003a00  _Clb3DataExchRegs                     
1     00003800  _Clb3LogicCfgRegs                     
1     00003900  _Clb3LogicCtrlRegs                    
1     00003e00  _Clb4DataExchRegs                     
1     00003c00  _Clb4LogicCfgRegs                     
1     00003d00  _Clb4LogicCtrlRegs                    
1     00007a40  _ClbXbarRegs                          
1     0005d200  _ClkCfgRegs                           
0     0009c38d  _CmdLineProcess                       
0     0009b3ac  _Cmd_cat                              
0     0009b396  _Cmd_cd                               
0     0009b50d  _Cmd_help                             
0     0009b2ee  _Cmd_ls                               
0     0009b497  _Cmd_mkdir                            
0     0009b3a6  _Cmd_pwd                              
0     0009b4d2  _Cmd_rm                               
0     0009b401  _Cmd_write                            
1     00005c80  _Cmpss1Regs                           
1     00005ca0  _Cmpss2Regs                           
1     00005cc0  _Cmpss3Regs                           
1     00005ce0  _Cmpss4Regs                           
1     00005d00  _Cmpss5Regs                           
1     00005d20  _Cmpss6Regs                           
1     00005d40  _Cmpss7Regs                           
1     00005d60  _Cmpss8Regs                           
0     0009c252  _ConfigCpuTimer                       
0     0009aa13  _ConfigureTMXAnalogTrim               
1     0005d300  _CpuSysRegs                           
1     0000ac9a  _CpuTimer0                            
1     00000c00  _CpuTimer0Regs                        
1     0000aca2  _CpuTimer1                            
1     00000c08  _CpuTimer1Regs                        
1     0000acaa  _CpuTimer2                            
1     00000c10  _CpuTimer2Regs                        
0     0009a954  _CsmUnlock                            
0     00099ae9  _DATALOG_ISR                          
0     00099d2d  _DMA_CH1_ISR                          
0     00099d37  _DMA_CH2_ISR                          
0     00099d41  _DMA_CH3_ISR                          
0     00099d4b  _DMA_CH4_ISR                          
0     00099d55  _DMA_CH5_ISR                          
0     00099d5f  _DMA_CH6_ISR                          
1     00005c00  _DacaRegs                             
1     00005c10  _DacbRegs                             
1     00005c20  _DaccRegs                             
1     0005f070  _DcsmCommonRegs                       
1     0005f000  _DcsmZ1Regs                           
1     0005f040  _DcsmZ2Regs                           
1     0005d000  _DevCfgRegs                           
0     0009a668  _DisableDog                           
0     0009a629  _DisablePeripheralClocks              
1     00007980  _DmaClaSrcSelRegs                     
1     00001000  _DmaRegs                              
0     00099c83  _ECAP1_ISR                            
0     00099c8d  _ECAP2_ISR                            
0     00099c97  _ECAP3_ISR                            
0     00099ca1  _ECAP4_ISR                            
0     00099cab  _ECAP5_ISR                            
0     00099cb5  _ECAP6_ISR                            
1     00005000  _ECap1Regs                            
1     00005020  _ECap2Regs                            
1     00005040  _ECap3Regs                            
1     00005060  _ECap4Regs                            
1     00005080  _ECap5Regs                            
1     000050a0  _ECap6Regs                            
0     00099fe9  _EMIF_ERROR_ISR                       
0     0009a043  _EMPTY_ISR                            
0     00099afd  _EMU_ISR                              
0     00099f3f  _EPWM10_ISR                           
0     00099f17  _EPWM10_TZ_ISR                        
0     00099f49  _EPWM11_ISR                           
0     00099f21  _EPWM11_TZ_ISR                        
0     00099f53  _EPWM12_ISR                           
0     00099f2b  _EPWM12_TZ_ISR                        
0     00099c33  _EPWM1_ISR                            
0     00099be3  _EPWM1_TZ_ISR                         
0     00099c3d  _EPWM2_ISR                            
0     00099bed  _EPWM2_TZ_ISR                         
0     00099c47  _EPWM3_ISR                            
0     00099bf7  _EPWM3_TZ_ISR                         
0     00099c51  _EPWM4_ISR                            
0     00099c01  _EPWM4_TZ_ISR                         
0     00099c5b  _EPWM5_ISR                            
0     00099c0b  _EPWM5_TZ_ISR                         
0     00099c65  _EPWM6_ISR                            
0     00099c15  _EPWM6_TZ_ISR                         
0     00099c6f  _EPWM7_ISR                            
0     00099c1f  _EPWM7_TZ_ISR                         
0     00099c79  _EPWM8_ISR                            
0     00099c29  _EPWM8_TZ_ISR                         
0     00099f35  _EPWM9_ISR                            
0     00099f0d  _EPWM9_TZ_ISR                         
1     00004900  _EPwm10Regs                           
1     00004a00  _EPwm11Regs                           
1     00004b00  _EPwm12Regs                           
1     00004000  _EPwm1Regs                            
1     00004100  _EPwm2Regs                            
1     00004200  _EPwm3Regs                            
1     00004300  _EPwm4Regs                            
1     00004400  _EPwm5Regs                            
1     00004500  _EPwm6Regs                            
1     00004600  _EPwm7Regs                            
1     00004700  _EPwm8Regs                            
1     00004800  _EPwm9Regs                            
1     00007a00  _EPwmXbarRegs                         
0     00099cbf  _EQEP1_ISR                            
0     00099cc9  _EQEP2_ISR                            
0     00099cd3  _EQEP3_ISR                            
1     00005100  _EQep1Regs                            
1     00005140  _EQep2Regs                            
1     00005180  _EQep3Regs                            
1     0005f480  _Emif1ConfigRegs                      
1     00047000  _Emif1Regs                            
1     0005f4a0  _Emif2ConfigRegs                      
1     00047800  _Emif2Regs                            
0     0009c479  _EnableInterrupts                     
0     00008037  _F28x_usDelay                         
0     00099ffd  _FLASH_CORRECTABLE_ERROR_ISR          
0     00099ed1  _FPU_OVERFLOW_ISR                     
0     00099edb  _FPU_UNDERFLOW_ISR                    
1     0005f800  _Flash0CtrlRegs                       
1     0005fb00  _Flash0EccRegs                        
0     00008029  _FlashOff                             
1     00050024  _FlashPumpSemaphoreRegs               
0     0009c0d7  _GPIOSetup                            
0     0009b9f7  _GPIO_EnableUnbondedIOPullups         
0     0009b9d2  _GPIO_EnableUnbondedIOPullupsFor100Pin
0     0009b9b9  _GPIO_EnableUnbondedIOPullupsFor176Pin
0     0009ba0d  _GPIO_ReadPin                         
0     0009b95e  _GPIO_SetupLock                       
0     0009b83e  _GPIO_SetupPinMux                     
0     0009b8ca  _GPIO_SetupPinOptions                 
0     0009b987  _GPIO_SetupXINT1Gpio                  
0     0009b991  _GPIO_SetupXINT2Gpio                  
0     0009b99b  _GPIO_SetupXINT3Gpio                  
0     0009b9a5  _GPIO_SetupXINT4Gpio                  
0     0009b9af  _GPIO_SetupXINT5Gpio                  
0     0009ba24  _GPIO_WritePin                        
1     00007c00  _GpioCtrlRegs                         
1     00007f00  _GpioDataRegs                         
0     0009a9dd  _HALT                                 
0     0009a9f6  _HIB                                  
0     00099d73  _I2CA_FIFO_ISR                        
0     00099d69  _I2CA_ISR                             
0     00099d87  _I2CB_FIFO_ISR                        
0     00099d7d  _I2CB_ISR                             
1     00007300  _I2caRegs                             
1     00007340  _I2cbRegs                             
0     0009a9c9  _IDLE                                 
0     00099b11  _ILLEGAL_ISR                          
0     00099ee5  _IPC0_ISR                             
0     00099eef  _IPC1_ISR                             
0     00099ef9  _IPC2_ISR                             
0     00099f03  _IPC3_ISR                             
0     0009a865  _InitAuxPll                           
0     0009c211  _InitCpuTimers                        
0     0009c09d  _InitEPwm10Gpio                       
0     0009c0b0  _InitEPwm11Gpio                       
0     0009c0c4  _InitEPwm12Gpio                       
0     0009c000  _InitEPwm1Gpio                        
0     0009c012  _InitEPwm2Gpio                        
0     0009c024  _InitEPwm3Gpio                        
0     0009c038  _InitEPwm4Gpio                        
0     0009c045  _InitEPwm5Gpio                        
0     0009c057  _InitEPwm6Gpio                        
0     0009c063  _InitEPwm7Gpio                        
0     0009c077  _InitEPwm8Gpio                        
0     0009c08b  _InitEPwm9Gpio                        
0     0009bfe7  _InitEPwmGpio                         
0     00008000  _InitFlash                            
0     0009b7fe  _InitGpio                             
0     0009a5a5  _InitPeripheralClocks                 
0     0009c45a  _InitPieCtrl                          
0     0009c482  _InitPieVectTable                     
0     0009a57c  _InitSysCtrl                          
0     0009a676  _InitSysPll                           
1     00007900  _InputXbarRegs                        
0     0009c53b  _IntDefaultHandler                    
0     0009bb0d  _IntDisable                           
0     0009ba7a  _IntEnable                            
0     0009bb8d  _IntIFRClear                          
0     0009ba4a  _IntMasterDisable                     
0     0009ba42  _IntMasterEnable                      
0     0009ba52  _IntRegister                          
0     0009ba65  _IntUnregister                        
1     00050000  _IpcRegs                              
1     0000accd  _LoRa_Packet_Counter                  
0     00099d05  _MCBSPA_RX_ISR                        
0     00099d0f  _MCBSPA_TX_ISR                        
0     00099d19  _MCBSPB_RX_ISR                        
0     00099d23  _MCBSPB_TX_ISR                        
1     00006000  _McbspaRegs                           
1     00006040  _McbspbRegs                           
1     0005f400  _MemCfgRegs                           
1     0005f500  _MemoryErrorRegs                      
0     00099b07  _NMI_ISR                              
0     0009a050  _NOTUSED_ISR                          
1     00007060  _NmiIntruptRegs                       
1     00007a80  _OutputXbarRegs                       
0     0009a039  _PIE_RESERVED_ISR                     
1     00000ce0  _PieCtrlRegs                          
0     00000d00  _PieVectTable                         
0     00090b34  _PieVectTableInit                     
0     0009a007  _RAM_ACCESS_VIOLATION_ISR             
0     00099ff3  _RAM_CORRECTABLE_ERROR_ISR            
0     00099af3  _RTOS_ISR                             
0     0008603f  _RamfuncsLoadEnd                      
abs   0000003f  _RamfuncsLoadSize                     
0     00086000  _RamfuncsLoadStart                    
0     0000803f  _RamfuncsRunEnd                       
abs   0000003f  _RamfuncsRunSize                      
0     00008000  _RamfuncsRunStart                     
0     0009a650  _ReleaseFlashPump                     
1     0005e608  _RomPrefetchRegs                      
1     0005f540  _RomWaitStateRegs                     
0     00099db9  _SCIA_RX_ISR                          
0     00099dc3  _SCIA_TX_ISR                          
0     00099dcd  _SCIB_RX_ISR                          
0     00099dd7  _SCIB_TX_ISR                          
0     00099d91  _SCIC_RX_ISR                          
0     00099d9b  _SCIC_TX_ISR                          
0     00099da5  _SCID_RX_ISR                          
0     00099daf  _SCID_TX_ISR                          
0     00099f5d  _SD1_ISR                              
0     00099f67  _SD2_ISR                              
0     00099cdd  _SPIA_RX_ISR                          
0     00099ce7  _SPIA_TX_ISR                          
0     00099cf1  _SPIB_RX_ISR                          
0     00099cfb  _SPIB_TX_ISR                          
0     00099f71  _SPIC_RX_ISR                          
0     00099f7b  _SPIC_TX_ISR                          
0     0009a9d2  _STANDBY                              
0     0009a011  _SYS_PLL_SLIP_ISR                     
1     00007200  _SciaRegs                             
1     00007210  _ScibRegs                             
1     00007220  _ScicRegs                             
1     00007230  _ScidRegs                             
1     00005e00  _Sdfm1Regs                            
1     00005e80  _Sdfm2Regs                            
0     0009a641  _SeizeFlashPump                       
0     0009a65a  _ServiceDog                           
0     0009be51  _Shared_Ram_dataRead_c1               
1     00006100  _SpiaRegs                             
1     00006110  _SpibRegs                             
1     00006120  _SpicRegs                             
1     00007940  _SyncSocRegs                          
0     0009b77a  _SysCtlAuxClockSet                    
0     0009b677  _SysCtlClockGet                       
0     0009b6da  _SysCtlClockSet                       
0     0000803b  _SysCtlDelay                          
0     0009b6c3  _SysCtlLowSpeedClockGet               
0     0009b652  _SysCtlPeripheralDisable              
0     0009b638  _SysCtlPeripheralEnable               
0     0009b5b3  _SysCtlPeripheralPresent              
0     0009b5d2  _SysCtlPeripheralReady                
0     0009b60c  _SysCtlPeripheralReset                
0     0009b66d  _SysCtlReset                          
0     0009b7fd  _SysCtlUSBPLLDisable                  
0     0009b7fc  _SysCtlUSBPLLEnable                   
0     0009a975  _SysIntOsc1Sel                        
0     0009a985  _SysIntOsc2Sel                        
0     0009c2f6  _SysTickDisable                       
0     0009c2ef  _SysTickEnable                        
0     0009c3d6  _SysTickHandler                       
0     0009c2e3  _SysTickInit                          
0     0009c31f  _SysTickIntDisable                    
0     0009c315  _SysTickIntEnable                     
0     0009c2fb  _SysTickIntRegister                   
0     0009c30a  _SysTickIntUnregister                 
0     0009c330  _SysTickPeriodGet                     
0     0009c329  _SysTickPeriodSet                     
0     0009c334  _SysTickValueGet                      
0     0009a999  _SysXtalOscSel                        
0     00099bcf  _TIMER0_ISR                           
0     00099ad5  _TIMER1_ISR                           
0     00099adf  _TIMER2_ISR                           
0     00099f85  _UPPA_ISR                             
0     00099f8f  _USBA_ISR                             
0     00099b75  _USER10_ISR                           
0     00099b7f  _USER11_ISR                           
0     00099b89  _USER12_ISR                           
0     00099b1b  _USER1_ISR                            
0     00099b25  _USER2_ISR                            
0     00099b2f  _USER3_ISR                            
0     00099b39  _USER4_ISR                            
0     00099b43  _USER5_ISR                            
0     00099b4d  _USER6_ISR                            
0     00099b57  _USER7_ISR                            
0     00099b61  _USER8_ISR                            
0     00099b6b  _USER9_ISR                            
1     00006200  _UppRegs                              
0     00099ec7  _VCU_ISR                              
0     00099bd9  _WAKE_ISR                             
1     00007000  _WdRegs                               
0     00099bb1  _XINT1_ISR                            
0     00099bbb  _XINT2_ISR                            
0     00099ea9  _XINT3_ISR                            
0     00099eb3  _XINT4_ISR                            
0     00099ebd  _XINT5_ISR                            
1     00007920  _XbarRegs                             
1     00007070  _XintRegs                             
0     00009000  __STACK_END                           
abs   00000800  __STACK_SIZE                          
1     0000ae34  ___TI_cleanup_ptr                     
1     0000ae36  ___TI_dtors_ptr                       
1     0000ae32  ___TI_enable_exit_profile_output      
abs   ffffffff  ___TI_pprof_out_hndl                  
abs   ffffffff  ___TI_prof_data_size                  
abs   ffffffff  ___TI_prof_data_start                 
abs   ffffffff  ___binit__                            
abs   ffffffff  ___c_args__                           
0     00082000  ___cinit__                            
0     0009c591  ___etext__                            
abs   ffffffff  ___pinit__                            
0     00098000  ___text__                             
0     0009c529  __args_main                           
1     0000af78  __lock                                
0     0009c568  __nop                                 
0     0009c564  __register_lock                       
0     0009c560  __register_unlock                     
0     00008800  __stack                               
0     0009c590  __system_post_cinit                   
0     0009c58e  __system_pre_init                     
1     0000af7a  __unlock                              
0     0009c431  _abort                                
1     0000acc8  _ack                                  
1     0000ace8  _bms_log                              
0     0009c28d  _c_int00                              
0     0009be5e  _compute_AMKStatus                    
0     0009c4a8  _copy_in                              
0     0009be03  _cpu1_timer_setup                     
0     0009bc0c  _cpu_timer1_isr                       
0     0009bd5f  _cpu_timer2_isr                       
1     0000acc5  _currentPage                          
1     0000acc1  _deb                                  
1     0000a801  _diskResult                           
0     0009b092  _disk_initialize                      
0     0009b203  _disk_ioctl                           
0     0009b15b  _disk_read                            
0     0009b150  _disk_status                          
0     0009b2d8  _disk_timerproc                       
0     0009b1a5  _disk_write                           
0     0001a000  _display                              
1     0000accb  _error                                
0     0009c433  _exit                                 
0     00098fd2  _f_close                              
0     00099185  _f_closedir                           
0     000991e9  _f_getfree                            
0     00098fe8  _f_lseek                              
0     0009938d  _f_mkdir                              
0     00098b33  _f_mount                              
0     00098b6c  _f_open                               
0     0009913d  _f_opendir                            
0     00098cb9  _f_read                               
0     00099195  _f_readdir                            
0     00099436  _f_rename                             
0     000991c1  _f_stat                               
0     00098f66  _f_sync                               
0     0009928b  _f_truncate                           
0     0009931a  _f_unlink                             
0     00098df0  _f_write                              
1     0000acd0  _fanspeed_log                         
1     0000acc4  _file_counter                         
1     0000ae16  _filename                             
1     0000c080  _g_psCmdTable                         
1     0000af42  _g_sFresultStrings                    
1     0000a802  _g_ulStatusStringIndex                
0     0009b2e9  _get_fattime                          
1     0000acb2  _gpioInput                            
1     0000ae2a  _gpioOutput                           
1     0000ace0  _gpio_log                             
1     0000ae3e  _implicitHeaderFlag                   
1     0000ad00  _imu_log                              
1     0000acc0  _increment                            
1     0000ad40  _local_sh                             
1     0000acce  _local_time_elapsed                   
1     0000acc3  _local_val                            
0     0009bd8f  _main                                 
0     0009c516  _memcmp                               
0     0009c4cc  _memcpy                               
0     0009c582  _memset                               
1     0000accc  _multiplier                           
1     0000acc6  _n_setup                              
1     0000acc9  _old_ack                              
1     0000acc7  _old_setup                            
1     0000ae3f  _onTxDone                             
0     0009b591  _reverse                              
0     0009c385  _scic_fifo_init                       
0     0009c351  _scic_init                            
0     0009c372  _scic_msg                             
0     0009c364  _scic_xmit                            
1     0000acca  _sel                                  
0     0009be35  _send_can_to_cpu2                     
1     0000acd8  _sendyne_log                          
0     0009adbd  _setAMK_fl                            
0     0009adcb  _setAMK_fr                            
0     0009ade7  _setAMK_rl                            
0     0009ae11  _setAMK_rr                            
0     0009ad08  _setAckPowerControl                   
0     0009ad81  _setAckRegen                          
0     0009ae56  _setFLstatus                          
0     0009ae71  _setFRstatus                          
0     0009ae8c  _setRLstatus                          
0     0009aea7  _setRRstatus                          
0     0009accb  _setSelectorPowerControl              
0     0009ad44  _setSelectorRegen                     
0     0009ae3b  _setTemps                             
0     0009b51d  _setupSD                              
1     0000d000  _sh                                   
1     0000acd2  _status_log                           
0     0009c569  _strcat                               
0     0009c54a  _strchr                               
0     0009c556  _strcmp                               
0     0009c589  _strcpy                               
0     0009c57a  _strlen                               
0     0009c501  _strncpy                              
1     0000e000  _time_elapsed                         
1     0000c0c8  _tmp                                  
0     0009c338  _uart_setup                           
0     00099761  _ulocaltime                           
0     00099841  _umktime                              
0     0009aa66  _updatePage                           
0     0009aad2  _updatePage1                          
0     0009ab3b  _updatePage2                          
0     0009ab74  _updatePage3                          
0     0009abdd  _updatePage4                          
0     0009ac16  _updatePage5                          
0     0009ac4f  _updatePage6                          
0     0009ac88  _updatePage7                          
0     0009acc1  _updatePage8                          
0     0009acc6  _updatePage9                          
0     0009aa30  _updateValues                         
0     00099acb  _urand                                
0     00099751  _usnprintf                            
0     00099740  _usprintf                             
0     00099ac4  _usrand                               
0     00099a87  _ustrcasecmp                          
0     00099abb  _ustrcmp                              
0     00099a1e  _ustrlen                              
[...]
0     0009a039  _PIE_RESERVED_ISR                     
0     0009a043  _EMPTY_ISR                            
0     0009a050  _NOTUSED_ISR                          
0     0009a0cb  _CANInit                              
0     0009a178  _CANEnable                            
0     0009a181  _CANDisable                           
0     0009a189  _CANClkSourceSelect                   
0     0009a1b0  _CANBitTimingGet                      
0     0009a1db  _CANBitRateSet                        
0     0009a248  _CANBitTimingSet                      
0     0009a291  _CANIntRegister                       
0     0009a2a1  _CANIntUnregister                     
0     0009a2ae  _CANIntEnable                         
0     0009a2bc  _CANIntDisable                        
0     0009a2cc  _CANIntStatus                         
0     0009a2e6  _CANIntClear                          
0     0009a30f  _CANRetrySet                          
0     0009a320  _CANRetryGet                          
0     0009a32a  _CANStatusGet                         
0     0009a352  _CANErrCntrGet                        
0     0009a36d  _CANMessageSet                        
0     0009a459  _CANMessageGet                        
0     0009a52d  _CANMessageClear                      
0     0009a553  _CANGlobalIntEnable                   
0     0009a55c  _CANGlobalIntDisable                  
0     0009a566  _CANGlobalIntClear                    
0     0009a56f  _CANGlobalIntstatusGet                
0     0009a57c  _InitSysCtrl                          
0     0009a5a5  _InitPeripheralClocks                 
0     0009a629  _DisablePeripheralClocks              
0     0009a641  _SeizeFlashPump                       
0     0009a650  _ReleaseFlashPump                     
0     0009a65a  _ServiceDog                           
0     0009a668  _DisableDog                           
0     0009a676  _InitSysPll                           
0     0009a865  _InitAuxPll                           
0     0009a954  _CsmUnlock                            
0     0009a975  _SysIntOsc1Sel                        
0     0009a985  _SysIntOsc2Sel                        
0     0009a999  _SysXtalOscSel                        
0     0009a9a9  _AuxIntOsc2Sel                        
0     0009a9b3  _AuxXtalOscSel                        
0     0009a9bf  _AuxAuxClkSel                         
0     0009a9c9  _IDLE                                 
0     0009a9d2  _STANDBY                              
0     0009a9dd  _HALT                                 
0     0009a9f6  _HIB                                  
0     0009aa13  _ConfigureTMXAnalogTrim               
0     0009aa30  _updateValues                         
0     0009aa66  _updatePage                           
0     0009aad2  _updatePage1                          
0     0009ab3b  _updatePage2                          
0     0009ab74  _updatePage3                          
0     0009abdd  _updatePage4                          
0     0009ac16  _updatePage5                          
0     0009ac4f  _updatePage6                          
0     0009ac88  _updatePage7                          
0     0009acc1  _updatePage8                          
0     0009acc6  _updatePage9                          
0     0009accb  _setSelectorPowerControl              
0     0009ad08  _setAckPowerControl                   
0     0009ad44  _setSelectorRegen                     
0     0009ad81  _setAckRegen                          
0     0009adbd  _setAMK_fl                            
0     0009adcb  _setAMK_fr                            
0     0009ade7  _setAMK_rl                            
0     0009ae11  _setAMK_rr                            
0     0009ae3b  _setTemps                             
0     0009ae56  _setFLstatus                          
0     0009ae71  _setFRstatus                          
0     0009ae8c  _setRLstatus                          
0     0009aea7  _setRRstatus                          
0     0009b092  _disk_initialize                      
0     0009b150  _disk_status                          
0     0009b15b  _disk_read                            
0     0009b1a5  _disk_write                           
0     0009b203  _disk_ioctl                           
0     0009b2d8  _disk_timerproc                       
0     0009b2e9  _get_fattime                          
0     0009b2ee  _Cmd_ls                               
0     0009b396  _Cmd_cd                               
0     0009b3a6  _Cmd_pwd                              
0     0009b3ac  _Cmd_cat                              
0     0009b401  _Cmd_write                            
0     0009b497  _Cmd_mkdir                            
0     0009b4d2  _Cmd_rm                               
0     0009b50d  _Cmd_help                             
0     0009b51d  _setupSD                              
0     0009b56a  _writeSD                              
0     0009b591  _reverse                              
0     0009b5b3  _SysCtlPeripheralPresent              
0     0009b5d2  _SysCtlPeripheralReady                
0     0009b60c  _SysCtlPeripheralReset                
0     0009b638  _SysCtlPeripheralEnable               
0     0009b652  _SysCtlPeripheralDisable              
0     0009b66d  _SysCtlReset                          
0     0009b677  _SysCtlClockGet                       
0     0009b6c3  _SysCtlLowSpeedClockGet               
0     0009b6da  _SysCtlClockSet                       
0     0009b77a  _SysCtlAuxClockSet                    
0     0009b7fc  _SysCtlUSBPLLEnable                   
0     0009b7fd  _SysCtlUSBPLLDisable                  
0     0009b7fe  _InitGpio                             
0     0009b83e  _GPIO_SetupPinMux                     
0     0009b8ca  _GPIO_SetupPinOptions                 
0     0009b95e  _GPIO_SetupLock                       
0     0009b987  _GPIO_SetupXINT1Gpio                  
0     0009b991  _GPIO_SetupXINT2Gpio                  
0     0009b99b  _GPIO_SetupXINT3Gpio                  
0     0009b9a5  _GPIO_SetupXINT4Gpio                  
0     0009b9af  _GPIO_SetupXINT5Gpio                  
0     0009b9b9  _GPIO_EnableUnbondedIOPullupsFor176Pin
0     0009b9d2  _GPIO_EnableUnbondedIOPullupsFor100Pin
0     0009b9f7  _GPIO_EnableUnbondedIOPullups         
0     0009ba0d  _GPIO_ReadPin                         
0     0009ba24  _GPIO_WritePin                        
0     0009ba42  _IntMasterEnable                      
0     0009ba4a  _IntMasterDisable                     
0     0009ba52  _IntRegister                          
0     0009ba65  _IntUnregister                        
0     0009ba7a  _IntEnable                            
0     0009bb0d  _IntDisable                           
0     0009bb8d  _IntIFRClear                          
0     0009bc0c  _cpu_timer1_isr                       
0     0009bd5f  _cpu_timer2_isr                       
0     0009bd8f  _main                                 
0     0009be03  _cpu1_timer_setup                     
0     0009be35  _send_can_to_cpu2                     
0     0009be51  _Shared_Ram_dataRead_c1               
0     0009be5e  _compute_AMKStatus                    
0     0009bee0  LL$$DIV                               
0     0009bf1c  LL$$MOD                               
0     0009bf56  ULL$$DIV                              
0     0009bf85  ULL$$MOD                              
0     0009bfe7  _InitEPwmGpio                         
0     0009c000  _InitEPwm1Gpio                        
0     0009c012  _InitEPwm2Gpio                        
0     0009c024  _InitEPwm3Gpio                        
0     0009c038  _InitEPwm4Gpio                        
0     0009c045  _InitEPwm5Gpio                        
0     0009c057  _InitEPwm6Gpio                        
0     0009c063  _InitEPwm7Gpio                        
0     0009c077  _InitEPwm8Gpio                        
0     0009c08b  _InitEPwm9Gpio                        
0     0009c09d  _InitEPwm10Gpio                       
0     0009c0b0  _InitEPwm11Gpio                       
0     0009c0c4  _InitEPwm12Gpio                       
0     0009c0d7  _GPIOSetup                            
0     0009c189  FS$$DIV                               
0     0009c211  _InitCpuTimers                        
0     0009c252  _ConfigCpuTimer                       
0     0009c28d  _c_int00                              
0     0009c2e3  _SysTickInit                          
0     0009c2ef  _SysTickEnable                        
0     0009c2f6  _SysTickDisable                       
0     0009c2fb  _SysTickIntRegister                   
0     0009c30a  _SysTickIntUnregister                 
0     0009c315  _SysTickIntEnable                     
0     0009c31f  _SysTickIntDisable                    
0     0009c329  _SysTickPeriodSet                     
0     0009c330  _SysTickPeriodGet                     
0     0009c334  _SysTickValueGet                      
0     0009c338  _uart_setup                           
0     0009c351  _scic_init                            
0     0009c364  _scic_xmit                            
0     0009c372  _scic_msg                             
0     0009c385  _scic_fifo_init                       
0     0009c38d  _CmdLineProcess                       
0     0009c3d6  _SysTickHandler                       
0     0009c407  L$$DIV                                
0     0009c416  L$$MOD                                
0     0009c424  UL$$DIV                               
0     0009c42b  UL$$MOD                               
0     0009c431  C$$EXIT                               
0     0009c431  _abort                                
0     0009c433  _exit                                 
0     0009c45a  _InitPieCtrl                          
0     0009c479  _EnableInterrupts                     
0     0009c482  _InitPieVectTable                     
0     0009c4a8  _copy_in                              
0     0009c4cc  _memcpy                               
0     0009c4e9  LL$$AND                               
0     0009c4f1  LL$$OR                                
0     0009c4f9  LL$$XOR                               
0     0009c501  _strncpy                              
0     0009c516  _memcmp                               
0     0009c529  __args_main                           
0     0009c53b  _IntDefaultHandler                    
0     0009c54a  _strchr                               
0     0009c556  _strcmp                               
0     0009c560  __register_unlock                     
0     0009c564  __register_lock                       
0     0009c568  __nop                                 
0     0009c569  _strcat                               
0     0009c57a  _strlen                               
0     0009c582  _memset                               
0     0009c589  _strcpy                               
0     0009c58e  __system_pre_init                     
0     0009c590  __system_post_cinit                   
0     0009c591  ___etext__                            
0     0009c591  etext                                 
1     00000b00  _AdcaResultRegs                       
1     00000b20  _AdcbResultRegs                       
1     00000b40  _AdccResultRegs                       
1     00000b60  _AdcdResultRegs                       
1     00000c00  _CpuTimer0Regs                        
1     00000c08  _CpuTimer1Regs                        
1     00000c10  _CpuTimer2Regs                        
1     00000ce0  _PieCtrlRegs                          
1     00001000  _DmaRegs                              
1     00001400  _Cla1Regs                             
1     00003000  _Clb1LogicCfgRegs                     
1     00003100  _Clb1LogicCtrlRegs                    
1     00003200  _Clb1DataExchRegs                     
1     00003400  _Clb2LogicCfgRegs                     
1     00003500  _Clb2LogicCtrlRegs                    
1     00003600  _Clb2DataExchRegs                     
1     00003800  _Clb3LogicCfgRegs                     
1     00003900  _Clb3LogicCtrlRegs                    
1     00003a00  _Clb3DataExchRegs                     
1     00003c00  _Clb4LogicCfgRegs                     
1     00003d00  _Clb4LogicCtrlRegs                    
1     00003e00  _Clb4DataExchRegs                     
1     00004000  _EPwm1Regs                            
1     00004100  _EPwm2Regs                            
1     00004200  _EPwm3Regs                            
1     00004300  _EPwm4Regs                            
1     00004400  _EPwm5Regs                            
1     00004500  _EPwm6Regs                            
1     00004600  _EPwm7Regs                            
1     00004700  _EPwm8Regs                            
1     00004800  _EPwm9Regs                            
1     00004900  _EPwm10Regs                           
1     00004a00  _EPwm11Regs                           
1     00004b00  _EPwm12Regs                           
1     00005000  _ECap1Regs                            
1     00005020  _ECap2Regs                            
1     00005040  _ECap3Regs                            
1     00005060  _ECap4Regs                            
1     00005080  _ECap5Regs                            
1     000050a0  _ECap6Regs                            
1     00005100  _EQep1Regs                            
1     00005140  _EQep2Regs                            
1     00005180  _EQep3Regs                            
1     00005c00  _DacaRegs                             
1     00005c10  _DacbRegs                             
1     00005c20  _DaccRegs                             
1     00005c80  _Cmpss1Regs                           
1     00005ca0  _Cmpss2Regs                           
1     00005cc0  _Cmpss3Regs                           
1     00005ce0  _Cmpss4Regs                           
1     00005d00  _Cmpss5Regs                           
1     00005d20  _Cmpss6Regs                           
1     00005d40  _Cmpss7Regs                           
1     00005d60  _Cmpss8Regs                           
1     00005e00  _Sdfm1Regs                            
1     00005e80  _Sdfm2Regs                            
1     00006000  _McbspaRegs                           
1     00006040  _McbspbRegs                           
1     00006100  _SpiaRegs                             
1     00006110  _SpibRegs                             
1     00006120  _SpicRegs                             
1     00006200  _UppRegs                              
1     00007000  _WdRegs                               
1     00007060  _NmiIntruptRegs                       
1     00007070  _XintRegs                             
1     00007200  _SciaRegs                             
1     00007210  _ScibRegs                             
1     00007220  _ScicRegs                             
1     00007230  _ScidRegs                             
1     00007300  _I2caRegs                             
1     00007340  _I2cbRegs                             
1     00007400  _AdcaRegs                             
1     00007480  _AdcbRegs                             
1     00007500  _AdccRegs                             
1     00007580  _AdcdRegs                             
1     00007900  _InputXbarRegs                        
1     00007920  _XbarRegs                             
1     00007940  _SyncSocRegs                          
1     00007980  _DmaClaSrcSelRegs                     
1     00007a00  _EPwmXbarRegs                         
1     00007a40  _ClbXbarRegs                          
1     00007a80  _OutputXbarRegs                       
1     00007c00  _GpioCtrlRegs                         
1     00007f00  _GpioDataRegs                         
1     0000a800  _var                                  
1     0000a801  _diskResult                           
1     0000a802  _g_ulStatusStringIndex                
1     0000ac9a  _CpuTimer0                            
1     0000aca2  _CpuTimer1                            
1     0000acaa  _CpuTimer2                            
1     0000acb2  _gpioInput                            
1     0000acbc  _AmkStatus                            
1     0000acc0  _increment                            
1     0000acc1  _deb                                  
1     0000acc2  _var_v                                
1     0000acc3  _local_val                            
1     0000acc4  _file_counter                         
1     0000acc5  _currentPage                          
1     0000acc6  _n_setup                              
1     0000acc7  _old_setup                            
1     0000acc8  _ack                                  
1     0000acc9  _old_ack                              
1     0000acca  _sel                                  
1     0000accb  _error                                
1     0000accc  _multiplier                           
1     0000accd  _LoRa_Packet_Counter                  
1     0000acce  _local_time_elapsed                   
1     0000acd0  _fanspeed_log                         
1     0000acd2  _status_log                           
1     0000acd8  _sendyne_log                          
1     0000ace0  _gpio_log                             
1     0000ace8  _bms_log                              
1     0000ad00  _imu_log                              
1     0000ad40  _local_sh                             
1     0000ae16  _filename                             
1     0000ae2a  _gpioOutput                           
1     0000ae32  ___TI_enable_exit_profile_output      
1     0000ae34  ___TI_cleanup_ptr                     
1     0000ae36  ___TI_dtors_ptr                       
1     0000ae3d  _version                              
1     0000ae3e  _implicitHeaderFlag                   
1     0000ae3f  _onTxDone                             
1     0000af42  _g_sFresultStrings                    
1     0000af78  __lock                                
1     0000af7a  __unlock                              
1     0000c080  _g_psCmdTable                         
1     0000c0c8  _tmp                                  
1     0000d000  _sh                                   
1     0000e000  _time_elapsed                         
1     00047000  _Emif1Regs                            
1     00047800  _Emif2Regs                            
1     00048000  _CanaRegs                             
1     0004a000  _CanbRegs                             
1     00050000  _IpcRegs                              
1     00050024  _FlashPumpSemaphoreRegs               
1     0005d000  _DevCfgRegs                           
1     0005d180  _AnalogSubsysRegs                     
1     0005d200  _ClkCfgRegs                           
1     0005d300  _CpuSysRegs                           
1     0005e608  _RomPrefetchRegs                      
1     0005f000  _DcsmZ1Regs                           
1     0005f040  _DcsmZ2Regs                           
1     0005f070  _DcsmCommonRegs                       
1     0005f400  _MemCfgRegs                           
1     0005f480  _Emif1ConfigRegs                      
1     0005f4a0  _Emif2ConfigRegs                      
1     0005f4c0  _AccessProtectionRegs                 
1     0005f500  _MemoryErrorRegs                      
1     0005f540  _RomWaitStateRegs                     
1     0005f800  _Flash0CtrlRegs                       
1     0005fb00  _Flash0EccRegs                        
abs   0000003f  _RamfuncsLoadSize                     
abs   0000003f  _RamfuncsRunSize                      
abs   00000800  __STACK_SIZE                          
abs   ffffffff  ___TI_pprof_out_hndl                  
abs   ffffffff  ___TI_prof_data_size                  
abs   ffffffff  ___TI_prof_data_start                 
abs   ffffffff  ___binit__                            
abs   ffffffff  ___c_args__                           
abs   ffffffff  ___pinit__                            
abs   ffffffff  binit                                 
abs   ffffffff  pinit                                 

[551 symbols]
