******************************************************************************
             TMS320C2000 Linker PC v20.2.1                     
******************************************************************************
>> Linked Wed May 25 14:04:36 2022

OUTPUT FILE NAME:   <cpu2_control_unit_test.out>
ENTRY POINT SYMBOL: "_c_int00"  address: 0009b958


MEMORY CONFIGURATION

         name            origin    length      used     unused   attr    fill
----------------------  --------  ---------  --------  --------  ----  --------
PAGE 0:
  RAMM0                 000000a2   0000035e  00000000  0000035e  RWIX
  RAMLS0                00008000   00000800  0000003b  000007c5  RWIX
  RAMLS1                00008800   00000800  00000000  00000800  RWIX
  RAMLS2                00009000   00000800  00000000  00000800  RWIX
  RAMLS3                00009800   00000800  00000000  00000800  RWIX
  RAMLS4                0000a000   00000800  00000000  00000800  RWIX
  RAMD0                 0000b000   00000800  00000000  00000800  RWIX
  RAMGS14               0001a000   00001000  00000003  00000ffd  RWIX
  RAMGS15               0001b000   00000ff8  00000000  00000ff8  RWIX
  BEGIN                 00080000   00000002  00000002  00000000  RWIX
  FLASHA                00080002   00001ffe  00000000  00001ffe  RWIX
  FLASHB                00082000   00002000  00000151  00001eaf  RWIX
  FLASHC                00084000   00002000  00000000  00002000  RWIX
  FLASHD                00086000   00002000  0000003b  00001fc5  RWIX
  FLASHE                00088000   00008000  00000000  00008000  RWIX
  FLASHF                00090000   00008000  0000025e  00007da2  RWIX
  FLASHG                00098000   00008000  00003bd9  00004427  RWIX
  FLASHH                000a0000   00008000  00000000  00008000  RWIX
  FLASHI                000a8000   00008000  00000000  00008000  RWIX
  FLASHJ                000b0000   00008000  00000000  00008000  RWIX
  FLASHK                000b8000   00002000  00000000  00002000  RWIX
  FLASHL                000ba000   00002000  00000000  00002000  RWIX
  FLASHM                000bc000   00002000  00000000  00002000  RWIX
  FLASHN                000be000   00001ff0  00000000  00001ff0  RWIX
  RESET                 003fffc0   00000002  00000000  00000002  RWIX

PAGE 1:
  BOOT_RSVD             00000002   000000a0  00000000  000000a0  RWIX
  RAMM1                 00000400   000003f8  000003f8  00000000  RWIX
  ADCARESULT            00000b00   00000018  00000018  00000000  RWIX
  ADCBRESULT            00000b20   00000018  00000018  00000000  RWIX
  ADCCRESULT            00000b40   00000018  00000018  00000000  RWIX
  ADCDRESULT            00000b60   00000018  00000018  00000000  RWIX
  CPUTIMER0             00000c00   00000008  00000008  00000000  RWIX
  CPUTIMER1             00000c08   00000008  00000008  00000000  RWIX
  CPUTIMER2             00000c10   00000008  00000008  00000000  RWIX
  PIECTRL               00000ce0   0000001a  0000001a  00000000  RWIX
  PIEVECTTABLE          00000d00   00000200  000001c0  00000040  RWIX
  DMA                   00001000   00000200  000000e0  00000120  RWIX
  CLA1                  00001400   00000080  0000003e  00000042  RWIX
  CLB1LOGICCFG          00003000   00000052  0000003e  00000014  RWIX
  CLB1LOGICCTRL         00003100   00000040  00000040  00000000  RWIX
  CLB1DATAEXCH          00003200   00000200  00000108  000000f8  RWIX
  CLB2LOGICCFG          00003400   00000052  0000003e  00000014  RWIX
  CLB2LOGICCTRL         00003500   00000040  00000040  00000000  RWIX
  CLB2DATAEXCH          00003600   00000200  00000108  000000f8  RWIX
  CLB3LOGICCFG          00003800   00000052  0000003e  00000014  RWIX
  CLB3LOGICCTRL         00003900   00000040  00000040  00000000  RWIX
  CLB3DATAEXCH          00003a00   00000200  00000108  000000f8  RWIX
  CLB4LOGICCFG          00003c00   00000052  0000003e  00000014  RWIX
  CLB4LOGICCTRL         00003d00   00000040  00000040  00000000  RWIX
  CLB4DATAEXCH          00003e00   00000200  00000108  000000f8  RWIX
  EPWM1                 00004000   00000100  00000100  00000000  RWIX
  EPWM2                 00004100   00000100  00000100  00000000  RWIX
  EPWM3                 00004200   00000100  00000100  00000000  RWIX
  EPWM4                 00004300   00000100  00000100  00000000  RWIX
  EPWM5                 00004400   00000100  00000100  00000000  RWIX
  EPWM6                 00004500   00000100  00000100  00000000  RWIX
  EPWM7                 00004600   00000100  00000100  00000000  RWIX
  EPWM8                 00004700   00000100  00000100  00000000  RWIX
  EPWM9                 00004800   00000100  00000100  00000000  RWIX
  EPWM10                00004900   00000100  00000100  00000000  RWIX
  EPWM11                00004a00   00000100  00000100  00000000  RWIX
  EPWM12                00004b00   00000100  00000100  00000000  RWIX
  ECAP1                 00005000   00000020  0000001a  00000006  RWIX
  ECAP2                 00005020   00000020  0000001a  00000006  RWIX
  ECAP3                 00005040   00000020  0000001a  00000006  RWIX
  ECAP4                 00005060   00000020  0000001a  00000006  RWIX
  ECAP5                 00005080   00000020  0000001a  00000006  RWIX
  ECAP6                 000050a0   00000020  0000001a  00000006  RWIX
  EQEP1                 00005100   00000022  00000022  00000000  RWIX
  EQEP2                 00005140   00000022  00000022  00000000  RWIX
  EQEP3                 00005180   00000022  00000022  00000000  RWIX
  DACA                  00005c00   00000008  00000007  00000001  RWIX
  DACB                  00005c10   00000008  00000007  00000001  RWIX
  DACC                  00005c20   00000008  00000007  00000001  RWIX
  CMPSS1                00005c80   00000020  0000001b  00000005  RWIX
  CMPSS2                00005ca0   00000020  0000001b  00000005  RWIX
  CMPSS3                00005cc0   00000020  0000001b  00000005  RWIX
  CMPSS4                00005ce0   00000020  0000001b  00000005  RWIX
  CMPSS5                00005d00   00000020  0000001b  00000005  RWIX
  CMPSS6                00005d20   00000020  0000001b  00000005  RWIX
  CMPSS7                00005d40   00000020  0000001b  00000005  RWIX
  CMPSS8                00005d60   00000020  0000001b  00000005  RWIX
  SDFM1                 00005e00   00000080  00000048  00000038  RWIX
  SDFM2                 00005e80   00000080  00000048  00000038  RWIX
  MCBSPA                00006000   00000024  00000024  00000000  RWIX
  MCBSPB                00006040   00000024  00000024  00000000  RWIX
  SPIA                  00006100   00000010  00000010  00000000  RWIX
  SPIB                  00006110   00000010  00000010  00000000  RWIX
  SPIC                  00006120   00000010  00000010  00000000  RWIX
  WD                    00007000   0000002b  0000002b  00000000  RWIX
  NMIINTRUPT            00007060   00000007  00000007  00000000  RWIX
  XINT                  00007070   0000000b  0000000b  00000000  RWIX
  SCIA                  00007200   00000010  00000010  00000000  RWIX
  SCIB                  00007210   00000010  00000010  00000000  RWIX
  SCIC                  00007220   00000010  00000010  00000000  RWIX
  SCID                  00007230   00000010  00000010  00000000  RWIX
  I2CA                  00007300   00000022  00000022  00000000  RWIX
  I2CB                  00007340   00000022  00000022  00000000  RWIX
  ADCA                  00007400   00000080  0000007c  00000004  RWIX
  ADCB                  00007480   00000080  0000007c  00000004  RWIX
  ADCC                  00007500   00000080  0000007c  00000004  RWIX
  ADCD                  00007580   00000080  0000007c  00000004  RWIX
  DMACLASRCSEL          00007980   0000001a  0000001a  00000000  RWIX
  GPIODATA              00007f00   00000030  00000030  00000000  RWIX
  RAMLS5                0000a800   00000800  00000460  000003a0  RWIX
  RAMD1                 0000b800   00000800  00000000  00000800  RWIX
  RAMGS0                0000c000   00001000  00000000  00001000  RWIX
  RAMGS1                0000d000   00001000  000000c6  00000f3a  RWIX
  RAMGS2                0000e000   00001000  00000002  00000ffe  RWIX
  CPU2TOCPU1RAM         0003f800   00000400  00000000  00000400  RWIX
  CPU1TOCPU2RAM         0003fc00   00000400  00000000  00000400  RWIX
  EMIF1                 00047000   00000070  00000028  00000048  RWIX
  EMIF2                 00047800   00000070  00000028  00000048  RWIX
  CANA                  00048000   00000200  00000164  0000009c  RWIX
  CANB                  0004a000   00000200  00000164  0000009c  RWIX
  IPC                   00050000   00000024  00000024  00000000  RWIX
  FLASHPUMPSEMAPHORE    00050024   00000002  00000002  00000000  RWIX
  CLKCFG                0005d200   00000032  00000032  00000000  RWIX
  CPUSYS                0005d300   00000082  00000082  00000000  RWIX
  ROMPREFETCH           0005e608   00000002  00000002  00000000  RWIX
  DCSMZ1                0005f000   00000023  00000022  00000001  RWIX
  DCSMZ2                0005f040   00000023  00000022  00000001  RWIX
  DCSMCOMMON            0005f070   00000008  00000006  00000002  RWIX
  MEMCFG                0005f400   00000080  00000076  0000000a  RWIX
  ACCESSPROTECTION      0005f4c0   00000040  0000002e  00000012  RWIX
  MEMORYERROR           0005f500   00000040  0000003a  00000006  RWIX
  FLASH0CTRL            0005f800   00000182  00000182  00000000  RWIX
  FLASH0ECC             0005fb00   00000028  00000028  00000000  RWIX


SECTION ALLOCATION MAP

 output                                  attributes/
section   page    origin      length       input sections
--------  ----  ----------  ----------   ----------------
SHARERAMGS14 
*          0    0001a000    00000003     UNINITIALIZED
                  0001a000    00000003     main.obj (SHARERAMGS14)

codestart 
*          0    00080000    00000002     
                  00080000    00000002     F2837xD_CodeStartBranch.obj (codestart)

.cinit     0    00082000    00000151     
                  00082000    000000a2     main.obj (.cinit)
                  000820a2    00000040     launch_controller.obj (.cinit)
                  000820e2    0000000e     rts2800_fpu32.lib : exit.c.obj (.cinit)
                  000820f0    0000000c     car_management.obj (.cinit)
                  000820fc    0000000b     main.obj (.cinit:_fz)
                  00082107    0000000b     main.obj (.cinit:_presets)
                  00082112    00000007     main.obj (.cinit:_hvCounter)
                  00082119    00000007     main.obj (.cinit:_inverterHV)
                  00082120    00000007     main.obj (.cinit:_inverterRF)
                  00082127    00000007     main.obj (.cinit:_motorInitialized)
                  0008212e    00000007     main.obj (.cinit:_rfCounter)
                  00082135    00000005     rts2800_fpu32.lib : _lock.c.obj (.cinit:__lock)
                  0008213a    00000005                       : _lock.c.obj (.cinit:__unlock)
                  0008213f    00000004     driver_input.obj (.cinit)
                  00082143    00000004     rts2800_fpu32.lib : errno.c.obj (.cinit)
                  00082147    00000004     timer_management.obj (.cinit)
                  0008214b    00000004     ustdlib.obj (.cinit)
                  0008214f    00000002     --HOLE-- [fill = 0]

.TI.ramfunc 
*          0    00086000    0000003b     RUN ADDR = 00008000
                  00086000    00000037     F2837xD_SysCtrl.obj (.TI.ramfunc)
                  00086037    00000004     F2837xD_usDelay.obj (.TI.ramfunc)

.text      0    00098000    00003bd9     
                  00098000    000006e7     car_management.obj (.text)
                  000986e7    000006da     torque_management.obj (.text)
                  00098dc1    00000585     F2837xD_DefaultISR.obj (.text:retain)
                  00099346    00000563     motor_management.obj (.text)
                  000998a9    00000522     can.obj (.text)
                  00099dcb    00000369     rts2800_fpu32.lib : e_powf.c.obj (.text)
                  0009a134    00000260     utils.obj (.text)
                  0009a394    00000256     F2837xD_SysCtrl.obj (.text)
                  0009a5ea    00000255     driver_input.obj (.text)
                  0009a83f    00000210     can_management.obj (.text:retain)
                  0009aa4f    000001ea     can_management.obj (.text)
                  0009ac39    000001ca     interrupt.obj (.text)
                  0009ae03    000001c7     adc_management.obj (.text)
                  0009afca    000001ac     rts2800_fpu32.lib : ti_fmax.c.obj (.text)
                  0009b176    00000167     timer_management.obj (.text:retain)
                  0009b2dd    0000012b     rts2800_fpu32.lib : e_logf.c.obj (.text)
                  0009b408    00000106     epwm_management.obj (.text)
                  0009b50e    000000f0     F2837xD_Adc.obj (.text)
                  0009b5fe    000000b3     main.obj (.text)
                  0009b6b1    00000088     rts2800_fpu32.lib : fs_div28.asm.obj (.text)
                  0009b739    00000086     GPIO_management.obj (.text)
                  0009b7bf    0000007c     F2837xD_CpuTimers.obj (.text)
                  0009b83b    00000063     rts2800_fpu32.lib : s_cosf.c.obj (.text)
                  0009b89e    00000062                       : s_tanf.c.obj (.text)
                  0009b900    00000058                       : s_scalbnf.c.obj (.text)
                  0009b958    00000056                       : boot28.asm.obj (.text)
                  0009b9ae    0000004f     timer_management.obj (.text)
                  0009b9fd    00000035     F2837xD_Gpio.obj (.text)
                  0009ba32    0000002a     rts2800_fpu32.lib : fd_cmp28.asm.obj (.text)
                  0009ba5c    00000029                       : exit.c.obj (.text)
                  0009ba85    00000028     F2837xD_PieCtrl.obj (.text)
                  0009baad    00000001     rts2800_fpu32.lib : startup.c.obj (.text)
                  0009baae    00000027                       : e_sqrtf.c.obj (.text)
                  0009bad5    00000026     F2837xD_PieVect.obj (.text)
                  0009bafb    00000024     rts2800_fpu32.lib : cpy_tbl.c.obj (.text)
                  0009bb1f    00000022                       : i_div28.asm.obj (.text)
                  0009bb41    0000001e                       : ll_cmp28.asm.obj (.text)
                  0009bb5f    0000001d                       : memcpy.c.obj (.text)
                  0009bb7c    00000018                       : ll_aox28.asm.obj (.text)
                  0009bb94    00000012                       : args_main.c.obj (.text)
                  0009bba6    00000011                       : s_copysignf.c.obj (.text)
                  0009bbb7    0000000f     interrupt.obj (.text:retain)
                  0009bbc6    00000009     rts2800_fpu32.lib : _lock.c.obj (.text)
                  0009bbcf    00000008     F2837xD_CodeStartBranch.obj (.text)
                  0009bbd7    00000002     rts2800_fpu32.lib : pre_init.c.obj (.text)

.stack     1    00000400    000003f8     UNINITIALIZED
                  00000400    000003f8     --HOLE--

.reset     0    003fffc0    00000002     DSECT
                  003fffc0    00000002     rts2800_fpu32.lib : boot28.asm.obj (.reset)

.pinit     0    00082000    00000000     UNINITIALIZED

AdcaResultRegsFile 
*          1    00000b00    00000018     UNINITIALIZED
                  00000b00    00000018     F2837xD_GlobalVariableDefs.obj (AdcaResultRegsFile)

AdcbResultRegsFile 
*          1    00000b20    00000018     UNINITIALIZED
                  00000b20    00000018     F2837xD_GlobalVariableDefs.obj (AdcbResultRegsFile)

AdccResultRegsFile 
*          1    00000b40    00000018     UNINITIALIZED
                  00000b40    00000018     F2837xD_GlobalVariableDefs.obj (AdccResultRegsFile)

AdcdResultRegsFile 
*          1    00000b60    00000018     UNINITIALIZED
                  00000b60    00000018     F2837xD_GlobalVariableDefs.obj (AdcdResultRegsFile)

AdcaRegsFile 
*          1    00007400    0000007c     UNINITIALIZED
                  00007400    0000007c     F2837xD_GlobalVariableDefs.obj (AdcaRegsFile)

AdcbRegsFile 
*          1    00007480    0000007c     UNINITIALIZED
                  00007480    0000007c     F2837xD_GlobalVariableDefs.obj (AdcbRegsFile)

AdccRegsFile 
*          1    00007500    0000007c     UNINITIALIZED
                  00007500    0000007c     F2837xD_GlobalVariableDefs.obj (AdccRegsFile)

AdcdRegsFile 
*          1    00007580    0000007c     UNINITIALIZED
                  00007580    0000007c     F2837xD_GlobalVariableDefs.obj (AdcdRegsFile)

SHARERAMGS1 
*          1    0000d000    000000c6     UNINITIALIZED
                  0000d000    000000c6     main.obj (SHARERAMGS1)

SHARERAMGS2 
*          1    0000e000    00000002     UNINITIALIZED
                  0000e000    00000002     main.obj (SHARERAMGS2)

GETBUFFER 
*          0    0003fc00    00000000     DSECT

GETWRITEIDX 
*          0    0003fc00    00000000     DSECT

PUTREADIDX 
*          0    0003fc00    00000000     DSECT

.econst    0    00090000    0000025e     
                  00090000    000001c0     F2837xD_PieVect.obj (.econst:_PieVectTableInit)
                  000901c0    00000032     rts2800_fpu32.lib : e_powf.c.obj (.econst)
                  000901f2    00000018     ustdlib.obj (.econst:.string)
                  0009020a    00000010     rts2800_fpu32.lib : e_logf.c.obj (.econst)
                  0009021a    00000010                       : s_expm1f.c.obj (.econst)
                  0009022a    00000009     can.obj (.econst:_g_ui16CANBitValues)
                  00090233    00000001     --HOLE-- [fill = 0]
                  00090234    00000006     rts2800_fpu32.lib : s_scalbnf.c.obj (.econst)
                  0009023a    00000006                       : s_tanhf.c.obj (.econst)
                  00090240    00000004     main.obj (.econst:_AMK_SETPOINTS_IDS)
                  00090244    00000004     main.obj (.econst:_AMK_VAL_1_IDS)
                  00090248    00000004     main.obj (.econst:_AMK_VAL_2_IDS)
                  0009024c    00000004     rts2800_fpu32.lib : e_powf.c.obj (.econst:_bp)
                  00090250    00000004                       : e_powf.c.obj (.econst:_dp_h)
                  00090254    00000004                       : e_powf.c.obj (.econst:_dp_l)
                  00090258    00000003     main.obj (.econst)
                  0009025b    00000001     --HOLE-- [fill = 0]
                  0009025c    00000002     ustdlib.obj (.econst)

CpuTimer0RegsFile 
*          1    00000c00    00000008     UNINITIALIZED
                  00000c00    00000008     F2837xD_GlobalVariableDefs.obj (CpuTimer0RegsFile)

CpuTimer1RegsFile 
*          1    00000c08    00000008     UNINITIALIZED
                  00000c08    00000008     F2837xD_GlobalVariableDefs.obj (CpuTimer1RegsFile)

CpuTimer2RegsFile 
*          1    00000c10    00000008     UNINITIALIZED
                  00000c10    00000008     F2837xD_GlobalVariableDefs.obj (CpuTimer2RegsFile)

PieCtrlRegsFile 
*          1    00000ce0    0000001a     UNINITIALIZED
                  00000ce0    0000001a     F2837xD_GlobalVariableDefs.obj (PieCtrlRegsFile)

PieVectTableFile 
*          1    00000d00    000001c0     UNINITIALIZED
                  00000d00    000001c0     F2837xD_GlobalVariableDefs.obj (PieVectTableFile)

EmuKeyVar 
*          1    00000d00    00000000     UNINITIALIZED

EmuBModeVar 
*          1    00000d00    00000000     UNINITIALIZED

EmuBootPinsVar 
*          1    00000d00    00000000     UNINITIALIZED

FlashCallbackVar 
*          1    00000d00    00000000     UNINITIALIZED

FlashScalingVar 
*          1    00000d00    00000000     UNINITIALIZED

DmaRegsFile 
*          1    00001000    000000e0     UNINITIALIZED
                  00001000    000000e0     F2837xD_GlobalVariableDefs.obj (DmaRegsFile)

Cla1RegsFile 
*          1    00001400    0000003e     UNINITIALIZED
                  00001400    0000003e     F2837xD_GlobalVariableDefs.obj (Cla1RegsFile)

Clb1LogicCfgRegsFile 
*          1    00003000    0000003e     UNINITIALIZED
                  00003000    0000003e     F2837xD_GlobalVariableDefs.obj (Clb1LogicCfgRegsFile)

Clb1LogicCtrlRegsFile 
*          1    00003100    00000040     UNINITIALIZED
                  00003100    00000040     F2837xD_GlobalVariableDefs.obj (Clb1LogicCtrlRegsFile)

Clb1DataExchRegsFile 
*          1    00003200    00000108     UNINITIALIZED
                  00003200    00000108     F2837xD_GlobalVariableDefs.obj (Clb1DataExchRegsFile)

Clb2LogicCfgRegsFile 
*          1    00003400    0000003e     UNINITIALIZED
                  00003400    0000003e     F2837xD_GlobalVariableDefs.obj (Clb2LogicCfgRegsFile)

Clb2LogicCtrlRegsFile 
*          1    00003500    00000040     UNINITIALIZED
                  00003500    00000040     F2837xD_GlobalVariableDefs.obj (Clb2LogicCtrlRegsFile)

Clb2DataExchRegsFile 
*          1    00003600    00000108     UNINITIALIZED
                  00003600    00000108     F2837xD_GlobalVariableDefs.obj (Clb2DataExchRegsFile)

Clb3LogicCfgRegsFile 
*          1    00003800    0000003e     UNINITIALIZED
                  00003800    0000003e     F2837xD_GlobalVariableDefs.obj (Clb3LogicCfgRegsFile)

Clb3LogicCtrlRegsFile 
*          1    00003900    00000040     UNINITIALIZED
                  00003900    00000040     F2837xD_GlobalVariableDefs.obj (Clb3LogicCtrlRegsFile)

Clb3DataExchRegsFile 
*          1    00003a00    00000108     UNINITIALIZED
                  00003a00    00000108     F2837xD_GlobalVariableDefs.obj (Clb3DataExchRegsFile)

Clb4LogicCfgRegsFile 
*          1    00003c00    0000003e     UNINITIALIZED
                  00003c00    0000003e     F2837xD_GlobalVariableDefs.obj (Clb4LogicCfgRegsFile)

Clb4LogicCtrlRegsFile 
*          1    00003d00    00000040     UNINITIALIZED
                  00003d00    00000040     F2837xD_GlobalVariableDefs.obj (Clb4LogicCtrlRegsFile)

Clb4DataExchRegsFile 
*          1    00003e00    00000108     UNINITIALIZED
                  00003e00    00000108     F2837xD_GlobalVariableDefs.obj (Clb4DataExchRegsFile)

EPwm1RegsFile 
*          1    00004000    00000100     UNINITIALIZED
                  00004000    00000100     F2837xD_GlobalVariableDefs.obj (EPwm1RegsFile)

EPwm2RegsFile 
*          1    00004100    00000100     UNINITIALIZED
                  00004100    00000100     F2837xD_GlobalVariableDefs.obj (EPwm2RegsFile)

EPwm3RegsFile 
*          1    00004200    00000100     UNINITIALIZED
                  00004200    00000100     F2837xD_GlobalVariableDefs.obj (EPwm3RegsFile)

EPwm4RegsFile 
*          1    00004300    00000100     UNINITIALIZED
                  00004300    00000100     F2837xD_GlobalVariableDefs.obj (EPwm4RegsFile)

EPwm5RegsFile 
*          1    00004400    00000100     UNINITIALIZED
                  00004400    00000100     F2837xD_GlobalVariableDefs.obj (EPwm5RegsFile)

EPwm6RegsFile 
*          1    00004500    00000100     UNINITIALIZED
                  00004500    00000100     F2837xD_GlobalVariableDefs.obj (EPwm6RegsFile)

EPwm7RegsFile 
*          1    00004600    00000100     UNINITIALIZED
                  00004600    00000100     F2837xD_GlobalVariableDefs.obj (EPwm7RegsFile)

EPwm8RegsFile 
*          1    00004700    00000100     UNINITIALIZED
                  00004700    00000100     F2837xD_GlobalVariableDefs.obj (EPwm8RegsFile)

EPwm9RegsFile 
*          1    00004800    00000100     UNINITIALIZED
                  00004800    00000100     F2837xD_GlobalVariableDefs.obj (EPwm9RegsFile)

EPwm10RegsFile 
*          1    00004900    00000100     UNINITIALIZED
                  00004900    00000100     F2837xD_GlobalVariableDefs.obj (EPwm10RegsFile)

EPwm11RegsFile 
*          1    00004a00    00000100     UNINITIALIZED
                  00004a00    00000100     F2837xD_GlobalVariableDefs.obj (EPwm11RegsFile)

EPwm12RegsFile 
*          1    00004b00    00000100     UNINITIALIZED
                  00004b00    00000100     F2837xD_GlobalVariableDefs.obj (EPwm12RegsFile)

ECap1RegsFile 
*          1    00005000    0000001a     UNINITIALIZED
                  00005000    0000001a     F2837xD_GlobalVariableDefs.obj (ECap1RegsFile)

ECap2RegsFile 
*          1    00005020    0000001a     UNINITIALIZED
                  00005020    0000001a     F2837xD_GlobalVariableDefs.obj (ECap2RegsFile)

ECap3RegsFile 
*          1    00005040    0000001a     UNINITIALIZED
                  00005040    0000001a     F2837xD_GlobalVariableDefs.obj (ECap3RegsFile)

ECap4RegsFile 
*          1    00005060    0000001a     UNINITIALIZED
                  00005060    0000001a     F2837xD_GlobalVariableDefs.obj (ECap4RegsFile)

ECap5RegsFile 
*          1    00005080    0000001a     UNINITIALIZED
                  00005080    0000001a     F2837xD_GlobalVariableDefs.obj (ECap5RegsFile)

ECap6RegsFile 
*          1    000050a0    0000001a     UNINITIALIZED
                  000050a0    0000001a     F2837xD_GlobalVariableDefs.obj (ECap6RegsFile)

EQep1RegsFile 
*          1    00005100    00000022     UNINITIALIZED
                  00005100    00000022     F2837xD_GlobalVariableDefs.obj (EQep1RegsFile)

EQep2RegsFile 
*          1    00005140    00000022     UNINITIALIZED
                  00005140    00000022     F2837xD_GlobalVariableDefs.obj (EQep2RegsFile)

EQep3RegsFile 
*          1    00005180    00000022     UNINITIALIZED
                  00005180    00000022     F2837xD_GlobalVariableDefs.obj (EQep3RegsFile)

DacaRegsFile 
*          1    00005c00    00000007     UNINITIALIZED
                  00005c00    00000007     F2837xD_GlobalVariableDefs.obj (DacaRegsFile)

DacbRegsFile 
*          1    00005c10    00000007     UNINITIALIZED
                  00005c10    00000007     F2837xD_GlobalVariableDefs.obj (DacbRegsFile)

DaccRegsFile 
*          1    00005c20    00000007     UNINITIALIZED
                  00005c20    00000007     F2837xD_GlobalVariableDefs.obj (DaccRegsFile)

Cmpss1RegsFile 
*          1    00005c80    0000001b     UNINITIALIZED
                  00005c80    0000001b     F2837xD_GlobalVariableDefs.obj (Cmpss1RegsFile)

Cmpss2RegsFile 
*          1    00005ca0    0000001b     UNINITIALIZED
                  00005ca0    0000001b     F2837xD_GlobalVariableDefs.obj (Cmpss2RegsFile)

Cmpss3RegsFile 
*          1    00005cc0    0000001b     UNINITIALIZED
                  00005cc0    0000001b     F2837xD_GlobalVariableDefs.obj (Cmpss3RegsFile)

Cmpss4RegsFile 
*          1    00005ce0    0000001b     UNINITIALIZED
                  00005ce0    0000001b     F2837xD_GlobalVariableDefs.obj (Cmpss4RegsFile)

Cmpss5RegsFile 
*          1    00005d00    0000001b     UNINITIALIZED
                  00005d00    0000001b     F2837xD_GlobalVariableDefs.obj (Cmpss5RegsFile)

Cmpss6RegsFile 
*          1    00005d20    0000001b     UNINITIALIZED
                  00005d20    0000001b     F2837xD_GlobalVariableDefs.obj (Cmpss6RegsFile)

Cmpss7RegsFile 
*          1    00005d40    0000001b     UNINITIALIZED
                  00005d40    0000001b     F2837xD_GlobalVariableDefs.obj (Cmpss7RegsFile)

Cmpss8RegsFile 
*          1    00005d60    0000001b     UNINITIALIZED
                  00005d60    0000001b     F2837xD_GlobalVariableDefs.obj (Cmpss8RegsFile)

Sdfm1RegsFile 
*          1    00005e00    00000048     UNINITIALIZED
                  00005e00    00000048     F2837xD_GlobalVariableDefs.obj (Sdfm1RegsFile)

Sdfm2RegsFile 
*          1    00005e80    00000048     UNINITIALIZED
                  00005e80    00000048     F2837xD_GlobalVariableDefs.obj (Sdfm2RegsFile)

McbspaRegsFile 
*          1    00006000    00000024     UNINITIALIZED
                  00006000    00000024     F2837xD_GlobalVariableDefs.obj (McbspaRegsFile)

McbspbRegsFile 
*          1    00006040    00000024     UNINITIALIZED
                  00006040    00000024     F2837xD_GlobalVariableDefs.obj (McbspbRegsFile)

SpiaRegsFile 
*          1    00006100    00000010     UNINITIALIZED
                  00006100    00000010     F2837xD_GlobalVariableDefs.obj (SpiaRegsFile)

SpibRegsFile 
*          1    00006110    00000010     UNINITIALIZED
                  00006110    00000010     F2837xD_GlobalVariableDefs.obj (SpibRegsFile)

SpicRegsFile 
*          1    00006120    00000010     UNINITIALIZED
                  00006120    00000010     F2837xD_GlobalVariableDefs.obj (SpicRegsFile)

WdRegsFile 
*          1    00007000    0000002b     UNINITIALIZED
                  00007000    0000002b     F2837xD_GlobalVariableDefs.obj (WdRegsFile)

NmiIntruptRegsFile 
*          1    00007060    00000007     UNINITIALIZED
                  00007060    00000007     F2837xD_GlobalVariableDefs.obj (NmiIntruptRegsFile)

XintRegsFile 
*          1    00007070    0000000b     UNINITIALIZED
                  00007070    0000000b     F2837xD_GlobalVariableDefs.obj (XintRegsFile)

SciaRegsFile 
*          1    00007200    00000010     UNINITIALIZED
                  00007200    00000010     F2837xD_GlobalVariableDefs.obj (SciaRegsFile)

ScibRegsFile 
*          1    00007210    00000010     UNINITIALIZED
                  00007210    00000010     F2837xD_GlobalVariableDefs.obj (ScibRegsFile)

ScicRegsFile 
*          1    00007220    00000010     UNINITIALIZED
                  00007220    00000010     F2837xD_GlobalVariableDefs.obj (ScicRegsFile)

ScidRegsFile 
*          1    00007230    00000010     UNINITIALIZED
                  00007230    00000010     F2837xD_GlobalVariableDefs.obj (ScidRegsFile)

I2caRegsFile 
*          1    00007300    00000022     UNINITIALIZED
                  00007300    00000022     F2837xD_GlobalVariableDefs.obj (I2caRegsFile)

I2cbRegsFile 
*          1    00007340    00000022     UNINITIALIZED
                  00007340    00000022     F2837xD_GlobalVariableDefs.obj (I2cbRegsFile)

DmaClaSrcSelRegsFile 
*          1    00007980    0000001a     UNINITIALIZED
                  00007980    0000001a     F2837xD_GlobalVariableDefs.obj (DmaClaSrcSelRegsFile)

GpioDataRegsFile 
*          1    00007f00    00000030     UNINITIALIZED
                  00007f00    00000030     F2837xD_GlobalVariableDefs.obj (GpioDataRegsFile)

Emif1RegsFile 
*          1    00047000    00000028     UNINITIALIZED
                  00047000    00000028     F2837xD_GlobalVariableDefs.obj (Emif1RegsFile)

Emif2RegsFile 
*          1    00047800    00000028     UNINITIALIZED
                  00047800    00000028     F2837xD_GlobalVariableDefs.obj (Emif2RegsFile)

CanaRegsFile 
*          1    00048000    00000164     UNINITIALIZED
                  00048000    00000164     F2837xD_GlobalVariableDefs.obj (CanaRegsFile)

CanbRegsFile 
*          1    0004a000    00000164     UNINITIALIZED
                  0004a000    00000164     F2837xD_GlobalVariableDefs.obj (CanbRegsFile)

IpcRegsFile 
*          1    00050000    00000024     UNINITIALIZED
                  00050000    00000024     F2837xD_GlobalVariableDefs.obj (IpcRegsFile)

FlashPumpSemaphoreRegsFile 
*          1    00050024    00000002     UNINITIALIZED
                  00050024    00000002     F2837xD_GlobalVariableDefs.obj (FlashPumpSemaphoreRegsFile)

ClkCfgRegsFile 
*          1    0005d200    00000032     UNINITIALIZED
                  0005d200    00000032     F2837xD_GlobalVariableDefs.obj (ClkCfgRegsFile)

CpuSysRegsFile 
*          1    0005d300    00000082     UNINITIALIZED
                  0005d300    00000082     F2837xD_GlobalVariableDefs.obj (CpuSysRegsFile)

DcsmZ1RegsFile 
*          1    0005f000    00000022     UNINITIALIZED
                  0005f000    00000022     F2837xD_GlobalVariableDefs.obj (DcsmZ1RegsFile)

DcsmZ2RegsFile 
*          1    0005f040    00000022     UNINITIALIZED
                  0005f040    00000022     F2837xD_GlobalVariableDefs.obj (DcsmZ2RegsFile)

DcsmCommonRegsFile 
*          1    0005f070    00000006     UNINITIALIZED
                  0005f070    00000006     F2837xD_GlobalVariableDefs.obj (DcsmCommonRegsFile)

MemCfgRegsFile 
*          1    0005f400    00000076     UNINITIALIZED
                  0005f400    00000076     F2837xD_GlobalVariableDefs.obj (MemCfgRegsFile)

AccessProtectionRegsFile 
*          1    0005f4c0    0000002e     UNINITIALIZED
                  0005f4c0    0000002e     F2837xD_GlobalVariableDefs.obj (AccessProtectionRegsFile)

MemoryErrorRegsFile 
*          1    0005f500    0000003a     UNINITIALIZED
                  0005f500    0000003a     F2837xD_GlobalVariableDefs.obj (MemoryErrorRegsFile)

Flash0CtrlRegsFile 
*          1    0005f800    00000182     UNINITIALIZED
                  0005f800    00000182     F2837xD_GlobalVariableDefs.obj (Flash0CtrlRegsFile)

Flash0EccRegsFile 
*          1    0005fb00    00000028     UNINITIALIZED
                  0005fb00    00000028     F2837xD_GlobalVariableDefs.obj (Flash0EccRegsFile)

RomPrefetchRegsFile 
*          1    0005e608    00000002     UNINITIALIZED
                  0005e608    00000002     F2837xD_GlobalVariableDefs.obj (RomPrefetchRegsFile)

.ebss      1    0000a800    00000460     UNINITIALIZED
                  0000a800    000000fe     main.obj (.ebss)
                  0000a8fe    00000002     rts2800_fpu32.lib : _lock.c.obj (.ebss:__lock)
                  0000a900    00000040     main.obj (.ebss:_motorVal1)
                  0000a940    00000040     main.obj (.ebss:_motorVal1_shared)
                  0000a980    00000028     main.obj (.ebss:_RXCANB_AmkVal1_Message)
                  0000a9a8    00000018     F2837xD_CpuTimers.obj (.ebss)
                  0000a9c0    00000028     main.obj (.ebss:_RXCANB_AmkVal2_Message)
                  0000a9e8    00000016     driver_input.obj (.ebss)
                  0000a9fe    00000002     rts2800_fpu32.lib : _lock.c.obj (.ebss:__unlock)
                  0000aa00    00000028     main.obj (.ebss:_TXCANB_Setpoints_Message)
                  0000aa28    00000014     main.obj (.ebss:_brakes)
                  0000aa3c    00000004     main.obj (.ebss:_hvCounter)
                  0000aa40    00000020     main.obj (.ebss:_CAN_AMK_SET_POINT)
                  0000aa60    00000020     main.obj (.ebss:_TXB_Setpoints_Data)
                  0000aa80    00000020     main.obj (.ebss:_motorVal2)
                  0000aaa0    00000020     main.obj (.ebss:_motorVal2_shared)
                  0000aac0    00000020     main.obj (.ebss:_posTorqueCandidate)
                  0000aae0    0000001c     main.obj (.ebss:_motorSetP)
                  0000aafc    00000004     main.obj (.ebss:_inverterHV)
                  0000ab00    0000001c     main.obj (.ebss:_motorSetP_shared)
                  0000ab1c    0000001a     launch_controller.obj (.ebss)
                  0000ab36    0000000a     main.obj (.ebss:_temperatures)
                  0000ab40    00000014     main.obj (.ebss:_steerings)
                  0000ab54    00000014     main.obj (.ebss:_throttles)
                  0000ab68    00000012     main.obj (.ebss:_V)
                  0000ab7a    00000006     main.obj (.ebss:_RXA_BmsTemp_Data)
                  0000ab80    00000008     main.obj (.ebss:_AMK_TorqueLimitNegative)
                  0000ab88    00000008     main.obj (.ebss:_AMK_TorqueLimitPositive)
                  0000ab90    00000008     main.obj (.ebss:_RXA_Imu_Data)
                  0000ab98    00000008     main.obj (.ebss:_RXA_Sendyne_Data)
                  0000aba0    00000008     main.obj (.ebss:_RXA_Smu_Data)
                  0000aba8    00000008     main.obj (.ebss:_RXB_AmkVal_Data)
                  0000abb0    00000008     main.obj (.ebss:_Temps)
                  0000abb8    00000008     main.obj (.ebss:_Temps_shared)
                  0000abc0    00000008     main.obj (.ebss:_fz)
                  0000abc8    00000008     main.obj (.ebss:_motorSpeeds)
                  0000abd0    00000008     main.obj (.ebss:_negTorqueCandidate)
                  0000abd8    00000008     main.obj (.ebss:_negTorquesNM)
                  0000abe0    00000008     main.obj (.ebss:_posTorquesNM)
                  0000abe8    00000008     main.obj (.ebss:_powersetup)
                  0000abf0    00000008     main.obj (.ebss:_presets)
                  0000abf8    00000008     main.obj (.ebss:_re)
                  0000ac00    00000008     main.obj (.ebss:_repFz)
                  0000ac08    00000008     main.obj (.ebss:_steers)
                  0000ac10    00000008     main.obj (.ebss:_suspensions)
                  0000ac18    00000008     main.obj (.ebss:_torque_reg_IPM)
                  0000ac20    00000006     main.obj (.ebss:_RXA_BmsVol_Data)
                  0000ac26    00000006     main.obj (.ebss:_accelerations)
                  0000ac2c    00000006     main.obj (.ebss:_omegas)
                  0000ac32    00000006     main.obj (.ebss:_versx)
                  0000ac38    00000006     main.obj (.ebss:_versy)
                  0000ac3e    00000002     can_management.obj (.ebss)
                  0000ac40    00000006     main.obj (.ebss:_versz)
                  0000ac46    00000006     rts2800_fpu32.lib : exit.c.obj (.ebss)
                  0000ac4c    00000004     main.obj (.ebss:_inverterRF)
                  0000ac50    00000004     main.obj (.ebss:_motorInitialized)
                  0000ac54    00000004     main.obj (.ebss:_rfCounter)
                  0000ac58    00000003     car_management.obj (.ebss)
                  0000ac5b    00000001     main.obj (.ebss:_RXA_PwCtrl_Data)
                  0000ac5c    00000001     main.obj (.ebss:_RXA_Wheel_Data)
                  0000ac5d    00000001     rts2800_fpu32.lib : errno.c.obj (.ebss)
                  0000ac5e    00000001     timer_management.obj (.ebss)
                  0000ac5f    00000001     ustdlib.obj (.ebss)

MODULE SUMMARY

       Module                           code    initialized data   uninitialized data
       ------                           ----    ----------------   ------------------
    .\
       F2837xD_GlobalVariableDefs.obj   0       0                  8768              
       car_management.obj               1767    12                 3                 
       torque_management.obj            1754    0                  0                 
       main.obj                         179     234                1233              
       F2837xD_DefaultISR.obj           1413    0                  0                 
       motor_management.obj             1379    0                  0                 
       can.obj                          1314    9                  0                 
       can_management.obj               1018    0                  2                 
       F2837xD_SysCtrl.obj              708     0                  0                 
       driver_input.obj                 597     4                  22                
       utils.obj                        608     0                  0                 
       F2837xD_PieVect.obj              38      448                0                 
       interrupt.obj                    473     0                  0                 
       adc_management.obj               455     0                  0                 
       timer_management.obj             438     4                  1                 
       epwm_management.obj              262     0                  0                 
       F2837xD_Adc.obj                  240     0                  0                 
       F2837xD_CpuTimers.obj            124     0                  24                
       GPIO_management.obj              134     0                  0                 
       launch_controller.obj            0       64                 26                
       F2837xD_Gpio.obj                 53      0                  0                 
       F2837xD_PieCtrl.obj              40      0                  0                 
       ustdlib.obj                      0       30                 1                 
       F2837xD_CodeStartBranch.obj      10      0                  0                 
       F2837xD_usDelay.obj              8       0                  0                 
    +--+--------------------------------+-------+------------------+--------------------+
       Total:                           13012   805                10080             
                                                                                     
    C:/ti/ccs1011/ccs/tools/compiler/ti-cgt-c2000_20.2.1.LTS/lib/rts2800_fpu32.lib
       e_powf.c.obj                     873     62                 0                 
       ti_fmax.c.obj                    428     0                  0                 
       e_logf.c.obj                     299     16                 0                 
       fs_div28.asm.obj                 136     0                  0                 
       s_cosf.c.obj                     99      0                  0                 
       s_tanf.c.obj                     98      0                  0                 
       s_scalbnf.c.obj                  88      6                  0                 
       boot28.asm.obj                   86      0                  0                 
       exit.c.obj                       41      14                 6                 
       fd_cmp28.asm.obj                 42      0                  0                 
       e_sqrtf.c.obj                    39      0                  0                 
       cpy_tbl.c.obj                    36      0                  0                 
       i_div28.asm.obj                  34      0                  0                 
       ll_cmp28.asm.obj                 30      0                  0                 
       memcpy.c.obj                     29      0                  0                 
       ll_aox28.asm.obj                 24      0                  0                 
       _lock.c.obj                      9       10                 4                 
       args_main.c.obj                  18      0                  0                 
       s_copysignf.c.obj                17      0                  0                 
       s_expm1f.c.obj                   0       16                 0                 
       s_tanhf.c.obj                    0       6                  0                 
       errno.c.obj                      0       4                  1                 
       pre_init.c.obj                   2       0                  0                 
       startup.c.obj                    1       0                  0                 
    +--+--------------------------------+-------+------------------+--------------------+
       Total:                           2429    134                11                
                                                                                     
       Stack:                           0       0                  1016              
    +--+--------------------------------+-------+------------------+--------------------+
       Grand Total:                     15441   939                11107             


GLOBAL DATA SYMBOLS: SORTED BY DATA PAGE

address     data page           name
--------    ----------------    ----
00000400      10 (00000400)     __stack

00000b00      2c (00000b00)     _AdcaResultRegs
00000b20      2c (00000b00)     _AdcbResultRegs

00000b40      2d (00000b40)     _AdccResultRegs
00000b60      2d (00000b40)     _AdcdResultRegs

00000c00      30 (00000c00)     _CpuTimer0Regs
00000c08      30 (00000c00)     _CpuTimer1Regs
00000c10      30 (00000c00)     _CpuTimer2Regs

00000ce0      33 (00000cc0)     _PieCtrlRegs

00000d00      34 (00000d00)     _PieVectTable

00001000      40 (00001000)     _DmaRegs

00001400      50 (00001400)     _Cla1Regs

00003000      c0 (00003000)     _Clb1LogicCfgRegs

00003100      c4 (00003100)     _Clb1LogicCtrlRegs

00003200      c8 (00003200)     _Clb1DataExchRegs

00003400      d0 (00003400)     _Clb2LogicCfgRegs

00003500      d4 (00003500)     _Clb2LogicCtrlRegs

00003600      d8 (00003600)     _Clb2DataExchRegs

00003800      e0 (00003800)     _Clb3LogicCfgRegs

00003900      e4 (00003900)     _Clb3LogicCtrlRegs

00003a00      e8 (00003a00)     _Clb3DataExchRegs

00003c00      f0 (00003c00)     _Clb4LogicCfgRegs

00003d00      f4 (00003d00)     _Clb4LogicCtrlRegs

00003e00      f8 (00003e00)     _Clb4DataExchRegs

00004000     100 (00004000)     _EPwm1Regs

00004100     104 (00004100)     _EPwm2Regs

00004200     108 (00004200)     _EPwm3Regs

00004300     10c (00004300)     _EPwm4Regs

00004400     110 (00004400)     _EPwm5Regs

00004500     114 (00004500)     _EPwm6Regs

00004600     118 (00004600)     _EPwm7Regs

00004700     11c (00004700)     _EPwm8Regs

00004800     120 (00004800)     _EPwm9Regs

00004900     124 (00004900)     _EPwm10Regs

00004a00     128 (00004a00)     _EPwm11Regs

00004b00     12c (00004b00)     _EPwm12Regs

00005000     140 (00005000)     _ECap1Regs
00005020     140 (00005000)     _ECap2Regs

00005040     141 (00005040)     _ECap3Regs
00005060     141 (00005040)     _ECap4Regs

00005080     142 (00005080)     _ECap5Regs
000050a0     142 (00005080)     _ECap6Regs

00005100     144 (00005100)     _EQep1Regs

00005140     145 (00005140)     _EQep2Regs

00005180     146 (00005180)     _EQep3Regs

00005c00     170 (00005c00)     _DacaRegs
00005c10     170 (00005c00)     _DacbRegs
00005c20     170 (00005c00)     _DaccRegs

00005c80     172 (00005c80)     _Cmpss1Regs
00005ca0     172 (00005c80)     _Cmpss2Regs

00005cc0     173 (00005cc0)     _Cmpss3Regs
00005ce0     173 (00005cc0)     _Cmpss4Regs

00005d00     174 (00005d00)     _Cmpss5Regs
00005d20     174 (00005d00)     _Cmpss6Regs

00005d40     175 (00005d40)     _Cmpss7Regs
00005d60     175 (00005d40)     _Cmpss8Regs

00005e00     178 (00005e00)     _Sdfm1Regs

00005e80     17a (00005e80)     _Sdfm2Regs

00006000     180 (00006000)     _McbspaRegs

00006040     181 (00006040)     _McbspbRegs

00006100     184 (00006100)     _SpiaRegs
00006110     184 (00006100)     _SpibRegs
00006120     184 (00006100)     _SpicRegs

00007000     1c0 (00007000)     _WdRegs

00007060     1c1 (00007040)     _NmiIntruptRegs
00007070     1c1 (00007040)     _XintRegs

00007200     1c8 (00007200)     _SciaRegs
00007210     1c8 (00007200)     _ScibRegs
00007220     1c8 (00007200)     _ScicRegs
00007230     1c8 (00007200)     _ScidRegs

00007300     1cc (00007300)     _I2caRegs

00007340     1cd (00007340)     _I2cbRegs

00007400     1d0 (00007400)     _AdcaRegs

00007480     1d2 (00007480)     _AdcbRegs

00007500     1d4 (00007500)     _AdccRegs

00007580     1d6 (00007580)     _AdcdRegs

00007980     1e6 (00007980)     _DmaClaSrcSelRegs

00007f00     1fc (00007f00)     _GpioDataRegs

0000a800     2a0 (0000a800)     _counter
0000a801     2a0 (0000a800)     _driving_configuration
0000a802     2a0 (0000a800)     _R2D_first_state
0000a803     2a0 (0000a800)     _R2D_state
0000a804     2a0 (0000a800)     _brk_disconnected
0000a805     2a0 (0000a800)     _implausibility_occurred
0000a806     2a0 (0000a800)     _value
0000a807     2a0 (0000a800)     _RTDS_STATE
0000a808     2a0 (0000a800)     _OIL_PUMP_STATE
0000a809     2a0 (0000a800)     _WAT_PUMP_STATE
0000a80a     2a0 (0000a800)     _FAN_STATE
0000a80b     2a0 (0000a800)     _pump
0000a80c     2a0 (0000a800)     _stopPumpLimit
0000a80d     2a0 (0000a800)     _enablePumpLimit
0000a80e     2a0 (0000a800)     _leftFanSpeed
0000a80f     2a0 (0000a800)     _rightFanSpeed
0000a810     2a0 (0000a800)     _temp_warning
0000a811     2a0 (0000a800)     _status
0000a812     2a0 (0000a800)     _actualVelocityRPM
0000a813     2a0 (0000a800)     _brake
0000a814     2a0 (0000a800)     _steering
0000a815     2a0 (0000a800)     _throttle
0000a816     2a0 (0000a800)     _implBrakeAndThrottle
0000a817     2a0 (0000a800)     _checkPower
0000a818     2a0 (0000a800)     _str
0000a819     2a0 (0000a800)     _powerOK
0000a81a     2a0 (0000a800)     _enableMotor
0000a81b     2a0 (0000a800)     _velocityRef
0000a81c     2a0 (0000a800)     _throttleReq
0000a81d     2a0 (0000a800)     _brakeReq
0000a81e     2a0 (0000a800)     _drivingMode
0000a81f     2a0 (0000a800)     _brakeWhenSlow
0000a820     2a0 (0000a800)     _brakeReg
0000a821     2a0 (0000a800)     _brakeMec
0000a822     2a0 (0000a800)     _noBrake
0000a823     2a0 (0000a800)     _cpuTimer0IntCount
0000a824     2a0 (0000a800)     _cpuTimer1IntCount
0000a825     2a0 (0000a800)     _cpuTimer2IntCount
0000a826     2a0 (0000a800)     _errorFrameCounterB
0000a827     2a0 (0000a800)     _errorFrameCounterA
0000a828     2a0 (0000a800)     _Imd_State
0000a829     2a0 (0000a800)     _Bms_State
0000a82a     2a0 (0000a800)     _Sdc1_State
0000a82b     2a0 (0000a800)     _Sdc2_State
0000a82c     2a0 (0000a800)     _Sdc3_State
0000a82d     2a0 (0000a800)     _Sdc4_State
0000a82e     2a0 (0000a800)     _Sdc5_State
0000a82f     2a0 (0000a800)     _Sdc6_State
0000a830     2a0 (0000a800)     _Acc2_temp
0000a831     2a0 (0000a800)     _CurrSens_temp
0000a832     2a0 (0000a800)     _Acc1_temp
0000a833     2a0 (0000a800)     _BrakeClean_temp
0000a834     2a0 (0000a800)     _BrakePress_temp
0000a835     2a0 (0000a800)     _Steering_temp
0000a836     2a0 (0000a800)     _TempRadOutLC_temp
0000a837     2a0 (0000a800)     _TempRadOutRC_temp
0000a838     2a0 (0000a800)     _TempRadInLC_temp
0000a839     2a0 (0000a800)     _TempRadInRC_temp
0000a83a     2a0 (0000a800)     _increment
0000a83b     2a0 (0000a800)     _setupOk
0000a83c     2a0 (0000a800)     _loopCounter
0000a83e     2a0 (0000a800)     _sendyne_current

0000a840     2a1 (0000a840)     _sendyne_voltage
0000a842     2a1 (0000a840)     _reassembled_data
0000a844     2a1 (0000a840)     _max_bms_voltage
0000a846     2a1 (0000a840)     _min_bms_voltage
0000a848     2a1 (0000a840)     _mean_bms_voltage
0000a84a     2a1 (0000a840)     _max_bms_temp
0000a84c     2a1 (0000a840)     _min_bms_temp
0000a84e     2a1 (0000a840)     _mean_bms_temp
0000a850     2a1 (0000a840)     _actualVelocityKMH
0000a852     2a1 (0000a840)     _th
0000a854     2a1 (0000a840)     _brk
0000a856     2a1 (0000a840)     _ax
0000a858     2a1 (0000a840)     _ay
0000a85a     2a1 (0000a840)     _yaw_r
0000a85c     2a1 (0000a840)     _speedTv
0000a85e     2a1 (0000a840)     _total_power
0000a860     2a1 (0000a840)     _power_error
0000a862     2a1 (0000a840)     _anti_wind_up
0000a864     2a1 (0000a840)     _reduction_factor
0000a866     2a1 (0000a840)     _power_limit
0000a868     2a1 (0000a840)     _pinValue
0000a86a     2a1 (0000a840)     _errorFlag
0000a86c     2a1 (0000a840)     _rxBMsgCount
0000a86e     2a1 (0000a840)     _rxAMsgCount
0000a870     2a1 (0000a840)     _fanspeed_log
0000a872     2a1 (0000a840)     _status_log
0000a878     2a1 (0000a840)     _sendyne_log

0000a880     2a2 (0000a880)     _gpio_log
0000a888     2a2 (0000a880)     _RXCANA_Imu_Message
0000a892     2a2 (0000a880)     _RXCANA_Smu_Message
0000a89c     2a2 (0000a880)     _RXCANA_Sendyne_Message
0000a8a6     2a2 (0000a880)     _RXCANA_BmsVol_Message
0000a8b0     2a2 (0000a880)     _RXCANA_BmsTemp_Message

0000a8c0     2a3 (0000a8c0)     _RXCANA_PwCtrl_Message
0000a8ca     2a3 (0000a8c0)     _RXCANA_Wheel_Message
0000a8d4     2a3 (0000a8c0)     _bms_log
0000a8e0     2a3 (0000a8c0)     _imu_log
0000a8fe     2a3 (0000a8c0)     __lock

0000a900     2a4 (0000a900)     _motorVal1

0000a940     2a5 (0000a940)     _motorVal1_shared

0000a980     2a6 (0000a980)     _RXCANB_AmkVal1_Message
0000a9a8     2a6 (0000a980)     _CpuTimer0
0000a9b0     2a6 (0000a980)     _CpuTimer1
0000a9b8     2a6 (0000a980)     _CpuTimer2

0000a9c0     2a7 (0000a9c0)     _RXCANB_AmkVal2_Message
0000a9e8     2a7 (0000a9c0)     _implausibilityCounter
0000a9e9     2a7 (0000a9c0)     _temp
0000a9ea     2a7 (0000a9c0)     _AccPot1
0000a9ec     2a7 (0000a9c0)     _AccPot2
0000a9ee     2a7 (0000a9c0)     _BrkPot
0000a9f0     2a7 (0000a9c0)     _acc1Pos
0000a9f2     2a7 (0000a9c0)     _acc2Pos
0000a9f4     2a7 (0000a9c0)     _brkPos
0000a9f6     2a7 (0000a9c0)     _strPot
0000a9f8     2a7 (0000a9c0)     _brkAbsPos
0000a9fa     2a7 (0000a9c0)     _currSensVal
0000a9fc     2a7 (0000a9c0)     _analogMuxVal
0000a9fe     2a7 (0000a9c0)     __unlock

0000aa00     2a8 (0000aa00)     _TXCANB_Setpoints_Message
0000aa28     2a8 (0000aa00)     _brakes
0000aa3c     2a8 (0000aa00)     _hvCounter

0000aa40     2a9 (0000aa40)     _CAN_AMK_SET_POINT
0000aa60     2a9 (0000aa40)     _TXB_Setpoints_Data

0000aa80     2aa (0000aa80)     _motorVal2
0000aaa0     2aa (0000aa80)     _motorVal2_shared

0000aac0     2ab (0000aac0)     _posTorqueCandidate
0000aae0     2ab (0000aac0)     _motorSetP
0000aafc     2ab (0000aac0)     _inverterHV

0000ab00     2ac (0000ab00)     _motorSetP_shared
0000ab1c     2ac (0000ab00)     _LC
0000ab1e     2ac (0000ab00)     _nu1
0000ab20     2ac (0000ab00)     _nu2
0000ab22     2ac (0000ab00)     _nu3
0000ab24     2ac (0000ab00)     _nu4
0000ab26     2ac (0000ab00)     _nu5
0000ab28     2ac (0000ab00)     _nu6
0000ab2a     2ac (0000ab00)     _alpha0
0000ab2c     2ac (0000ab00)     _alpha1
0000ab2e     2ac (0000ab00)     _alpha2
0000ab30     2ac (0000ab00)     _alpha3
0000ab32     2ac (0000ab00)     _alpha4
0000ab34     2ac (0000ab00)     _alpha5
0000ab36     2ac (0000ab00)     _temperatures

0000ab40     2ad (0000ab40)     _steerings
0000ab54     2ad (0000ab40)     _throttles
0000ab68     2ad (0000ab40)     _V
0000ab7a     2ad (0000ab40)     _RXA_BmsTemp_Data

0000ab80     2ae (0000ab80)     _AMK_TorqueLimitNegative
0000ab88     2ae (0000ab80)     _AMK_TorqueLimitPositive
0000ab90     2ae (0000ab80)     _RXA_Imu_Data
0000ab98     2ae (0000ab80)     _RXA_Sendyne_Data
0000aba0     2ae (0000ab80)     _RXA_Smu_Data
0000aba8     2ae (0000ab80)     _RXB_AmkVal_Data
0000abb0     2ae (0000ab80)     _Temps
0000abb8     2ae (0000ab80)     _Temps_shared

0000abc0     2af (0000abc0)     _fz
0000abc8     2af (0000abc0)     _motorSpeeds
0000abd0     2af (0000abc0)     _negTorqueCandidate
0000abd8     2af (0000abc0)     _negTorquesNM
0000abe0     2af (0000abc0)     _posTorquesNM
0000abe8     2af (0000abc0)     _powersetup
0000abf0     2af (0000abc0)     _presets
0000abf8     2af (0000abc0)     _re

0000ac00     2b0 (0000ac00)     _repFz
0000ac08     2b0 (0000ac00)     _steers
0000ac10     2b0 (0000ac00)     _suspensions
0000ac18     2b0 (0000ac00)     _torque_reg_IPM
0000ac20     2b0 (0000ac00)     _RXA_BmsVol_Data
0000ac26     2b0 (0000ac00)     _accelerations
0000ac2c     2b0 (0000ac00)     _omegas
0000ac32     2b0 (0000ac00)     _versx
0000ac38     2b0 (0000ac00)     _versy
0000ac3e     2b0 (0000ac00)     _gg

0000ac40     2b1 (0000ac40)     _versz
0000ac46     2b1 (0000ac40)     ___TI_enable_exit_profile_output
0000ac48     2b1 (0000ac40)     ___TI_cleanup_ptr
0000ac4a     2b1 (0000ac40)     ___TI_dtors_ptr
0000ac4c     2b1 (0000ac40)     _inverterRF
0000ac50     2b1 (0000ac40)     _motorInitialized
0000ac54     2b1 (0000ac40)     _rfCounter
0000ac58     2b1 (0000ac40)     _calibration_status
0000ac59     2b1 (0000ac40)     _NUM_SMU_TEMP
0000ac5a     2b1 (0000ac40)     _NUM_SMU_SUSP
0000ac5b     2b1 (0000ac40)     _RXA_PwCtrl_Data
0000ac5c     2b1 (0000ac40)     _RXA_Wheel_Data
0000ac5d     2b1 (0000ac40)     _errno
0000ac5e     2b1 (0000ac40)     _h

0000d000     340 (0000d000)     _sh

0000e000     380 (0000e000)     _time_elapsed

0001a000     680 (0001a000)     _display

00047000    11c0 (00047000)     _Emif1Regs

00047800    11e0 (00047800)     _Emif2Regs

00048000    1200 (00048000)     _CanaRegs

0004a000    1280 (0004a000)     _CanbRegs

00050000    1400 (00050000)     _IpcRegs
00050024    1400 (00050000)     _FlashPumpSemaphoreRegs

0005d200    1748 (0005d200)     _ClkCfgRegs

0005d300    174c (0005d300)     _CpuSysRegs

0005e608    1798 (0005e600)     _RomPrefetchRegs

0005f000    17c0 (0005f000)     _DcsmZ1Regs

0005f040    17c1 (0005f040)     _DcsmZ2Regs
0005f070    17c1 (0005f040)     _DcsmCommonRegs

0005f400    17d0 (0005f400)     _MemCfgRegs

0005f4c0    17d3 (0005f4c0)     _AccessProtectionRegs

0005f500    17d4 (0005f500)     _MemoryErrorRegs

0005f800    17e0 (0005f800)     _Flash0CtrlRegs

0005fb00    17ec (0005fb00)     _Flash0EccRegs

00090000    2400 (00090000)     _PieVectTableInit

00090240    2409 (00090240)     _AMK_SETPOINTS_IDS
00090244    2409 (00090240)     _AMK_VAL_1_IDS
00090248    2409 (00090240)     _AMK_VAL_2_IDS
00090258    2409 (00090240)     _filterValCount
00090259    2409 (00090240)     _filterDiscardCount
0009025a    2409 (00090240)     _STEERING_DEADBAND


GLOBAL SYMBOLS: SORTED ALPHABETICALLY BY Name 

page  address   name                            
----  -------   ----                            
0     00098000  .text                           
0     0009ba5c  C$$EXIT                         
0     0009ba32  FD$$CMP                         
0     0009b6b1  FS$$DIV                         
0     0009bb1f  I$$DIV                          
0     0009bb30  I$$MOD                          
0     0009bb7c  LL$$AND                         
0     0009bb41  LL$$CMP                         
0     0009bb84  LL$$OR                          
0     0009bb8c  LL$$XOR                         
0     0009bb53  ULL$$CMP                        
0     00098e7f  _ADCA1_ISR                      
0     000990ff  _ADCA2_ISR                      
0     00099109  _ADCA3_ISR                      
0     00099113  _ADCA4_ISR                      
0     000990f5  _ADCA_EVT_ISR                   
0     00098e89  _ADCB1_ISR                      
0     00099127  _ADCB2_ISR                      
0     00099131  _ADCB3_ISR                      
0     0009913b  _ADCB4_ISR                      
0     0009911d  _ADCB_EVT_ISR                   
0     00098e93  _ADCC1_ISR                      
0     0009928f  _ADCC2_ISR                      
0     00099299  _ADCC3_ISR                      
0     000992a3  _ADCC4_ISR                      
0     00099285  _ADCC_EVT_ISR                   
0     00098eb1  _ADCD1_ISR                      
0     000992b7  _ADCD2_ISR                      
0     000992c1  _ADCD3_ISR                      
0     000992cb  _ADCD4_ISR                      
0     000992ad  _ADCD_EVT_ISR                   
0     00090240  _AMK_SETPOINTS_IDS              
1     0000ab80  _AMK_TorqueLimitNegative        
1     0000ab88  _AMK_TorqueLimitPositive        
0     00090244  _AMK_VAL_1_IDS                  
0     00090248  _AMK_VAL_2_IDS                  
0     00099307  _AUX_PLL_SLIP_ISR               
1     0000a832  _Acc1_temp                      
1     0000a830  _Acc2_temp                      
1     0000a9ea  _AccPot1                        
1     0000a9ec  _AccPot2                        
1     0005f4c0  _AccessProtectionRegs           
0     0009b50e  _AdcSetMode                     
1     00007400  _AdcaRegs                       
1     00000b00  _AdcaResultRegs                 
1     00007480  _AdcbRegs                       
1     00000b20  _AdcbResultRegs                 
1     00007500  _AdccRegs                       
1     00000b40  _AdccResultRegs                 
1     00007580  _AdcdRegs                       
1     00000b60  _AdcdResultRegs                 
0     0009a5c6  _AuxAuxClkSel                   
0     0009a5b0  _AuxIntOsc2Sel                  
0     0009a5ba  _AuxXtalOscSel                  
1     0000a829  _Bms_State                      
1     0000a833  _BrakeClean_temp                
1     0000a834  _BrakePress_temp                
1     0000a9ee  _BrkPot                         
0     000990cd  _CANA0_ISR                      
0     000990d7  _CANA1_ISR                      
0     000990e1  _CANB0_ISR                      
0     000990eb  _CANB1_ISR                      
0     00099a2a  _CANBitRateSet                  
0     000999ff  _CANBitTimingGet                
0     00099a97  _CANBitTimingSet                
0     000999d8  _CANClkSourceSelect             
0     000999d0  _CANDisable                     
0     000999c7  _CANEnable                      
0     00099ba1  _CANErrCntrGet                  
0     00099db5  _CANGlobalIntClear              
0     00099dab  _CANGlobalIntDisable            
0     00099da2  _CANGlobalIntEnable             
0     00099dbe  _CANGlobalIntstatusGet          
0     0009991a  _CANInit                        
0     00099b35  _CANIntClear                    
0     00099b0b  _CANIntDisable                  
0     00099afd  _CANIntEnable                   
0     00099ae0  _CANIntRegister                 
0     00099b1b  _CANIntStatus                   
0     00099af0  _CANIntUnregister               
0     00099d7c  _CANMessageClear                
0     00099ca8  _CANMessageGet                  
0     00099bbc  _CANMessageSet                  
0     00099b6f  _CANRetryGet                    
0     00099b5e  _CANRetrySet                    
0     00099b79  _CANStatusGet                   
1     0000aa40  _CAN_AMK_SET_POINT              
0     00099145  _CLA1_1_ISR                     
0     0009914f  _CLA1_2_ISR                     
0     00099159  _CLA1_3_ISR                     
0     00099163  _CLA1_4_ISR                     
0     0009916d  _CLA1_5_ISR                     
0     00099177  _CLA1_6_ISR                     
0     00099181  _CLA1_7_ISR                     
0     0009918b  _CLA1_8_ISR                     
0     00099311  _CLA_OVERFLOW_ISR               
0     0009931b  _CLA_UNDERFLOW_ISR              
0     0009b5c4  _CalAdcINL                      
1     00048000  _CanaRegs                       
1     0004a000  _CanbRegs                       
1     00001400  _Cla1Regs                       
1     00003200  _Clb1DataExchRegs               
1     00003000  _Clb1LogicCfgRegs               
1     00003100  _Clb1LogicCtrlRegs              
1     00003600  _Clb2DataExchRegs               
1     00003400  _Clb2LogicCfgRegs               
1     00003500  _Clb2LogicCtrlRegs              
1     00003a00  _Clb3DataExchRegs               
1     00003800  _Clb3LogicCfgRegs               
1     00003900  _Clb3LogicCtrlRegs              
1     00003e00  _Clb4DataExchRegs               
1     00003c00  _Clb4LogicCfgRegs               
1     00003d00  _Clb4LogicCtrlRegs              
1     0005d200  _ClkCfgRegs                     
1     00005c80  _Cmpss1Regs                     
1     00005ca0  _Cmpss2Regs                     
1     00005cc0  _Cmpss3Regs                     
1     00005ce0  _Cmpss4Regs                     
1     00005d00  _Cmpss5Regs                     
1     00005d20  _Cmpss6Regs                     
1     00005d40  _Cmpss7Regs                     
1     00005d60  _Cmpss8Regs                     
0     0009b800  _ConfigCpuTimer                 
0     0009a1d3  _ConvertTempToKelvin            
1     0005d300  _CpuSysRegs                     
1     0000a9a8  _CpuTimer0                      
1     00000c00  _CpuTimer0Regs                  
1     0000a9b0  _CpuTimer1                      
1     00000c08  _CpuTimer1Regs                  
1     0000a9b8  _CpuTimer2                      
1     00000c10  _CpuTimer2Regs                  
0     0009a55b  _CsmUnlock                      
1     0000a831  _CurrSens_temp                  
0     00098dd5  _DATALOG_ISR                    
0     00099019  _DMA_CH1_ISR                    
0     00099023  _DMA_CH2_ISR                    
0     0009902d  _DMA_CH3_ISR                    
0     00099037  _DMA_CH4_ISR                    
0     00099041  _DMA_CH5_ISR                    
0     0009904b  _DMA_CH6_ISR                    
1     00005c00  _DacaRegs                       
1     00005c10  _DacbRegs                       
1     00005c20  _DaccRegs                       
1     0005f070  _DcsmCommonRegs                 
1     0005f000  _DcsmZ1Regs                     
1     0005f040  _DcsmZ2Regs                     
0     0009a45e  _DisableDog                     
0     0009a41f  _DisablePeripheralClocks        
1     00007980  _DmaClaSrcSelRegs               
1     00001000  _DmaRegs                        
0     00098f6f  _ECAP1_ISR                      
0     00098f79  _ECAP2_ISR                      
0     00098f83  _ECAP3_ISR                      
0     00098f8d  _ECAP4_ISR                      
0     00098f97  _ECAP5_ISR                      
0     00098fa1  _ECAP6_ISR                      
1     00005000  _ECap1Regs                      
1     00005020  _ECap2Regs                      
1     00005040  _ECap3Regs                      
1     00005060  _ECap4Regs                      
1     00005080  _ECap5Regs                      
1     000050a0  _ECap6Regs                      
0     000992d5  _EMIF_ERROR_ISR                 
0     0009932f  _EMPTY_ISR                      
0     00098de9  _EMU_ISR                        
0     0009922b  _EPWM10_ISR                     
0     00099203  _EPWM10_TZ_ISR                  
0     00099235  _EPWM11_ISR                     
0     0009920d  _EPWM11_TZ_ISR                  
0     0009923f  _EPWM12_ISR                     
0     00099217  _EPWM12_TZ_ISR                  
0     00098f1f  _EPWM1_ISR                      
0     00098ecf  _EPWM1_TZ_ISR                   
0     00098f29  _EPWM2_ISR                      
0     00098ed9  _EPWM2_TZ_ISR                   
0     00098f33  _EPWM3_ISR                      
0     00098ee3  _EPWM3_TZ_ISR                   
0     00098f3d  _EPWM4_ISR                      
0     00098eed  _EPWM4_TZ_ISR                   
0     00098f47  _EPWM5_ISR                      
0     00098ef7  _EPWM5_TZ_ISR                   
0     00098f51  _EPWM6_ISR                      
0     00098f01  _EPWM6_TZ_ISR                   
0     00098f5b  _EPWM7_ISR                      
0     00098f0b  _EPWM7_TZ_ISR                   
0     00098f65  _EPWM8_ISR                      
0     00098f15  _EPWM8_TZ_ISR                   
0     00099221  _EPWM9_ISR                      
0     000991f9  _EPWM9_TZ_ISR                   
1     00004900  _EPwm10Regs                     
1     00004a00  _EPwm11Regs                     
1     00004b00  _EPwm12Regs                     
1     00004000  _EPwm1Regs                      
1     00004100  _EPwm2Regs                      
1     00004200  _EPwm3Regs                      
1     00004300  _EPwm4Regs                      
1     00004400  _EPwm5Regs                      
1     00004500  _EPwm6Regs                      
1     00004600  _EPwm7Regs                      
1     00004700  _EPwm8Regs                      
1     00004800  _EPwm9Regs                      
0     00098fab  _EQEP1_ISR                      
0     00098fb5  _EQEP2_ISR                      
0     00098fbf  _EQEP3_ISR                      
1     00005100  _EQep1Regs                      
1     00005140  _EQep2Regs                      
1     00005180  _EQep3Regs                      
1     00047000  _Emif1Regs                      
1     00047800  _Emif2Regs                      
0     0009baa4  _EnableInterrupts               
0     00008037  _F28x_usDelay                   
1     0000a80a  _FAN_STATE                      
0     000992e9  _FLASH_CORRECTABLE_ERROR_ISR    
0     000991bd  _FPU_OVERFLOW_ISR               
0     000991c7  _FPU_UNDERFLOW_ISR              
1     0005f800  _Flash0CtrlRegs                 
1     0005fb00  _Flash0EccRegs                  
0     00008029  _FlashOff                       
1     00050024  _FlashPumpSemaphoreRegs         
0     00098a43  _FzCalculatorTV                 
0     0009b739  _GPIOSetup                      
0     0009b9fd  _GPIO_ReadPin                   
0     0009ba14  _GPIO_WritePin                  
1     00007f00  _GpioDataRegs                   
0     0009a5e4  _HALT                           
0     0009a5e7  _HIB                            
0     0009905f  _I2CA_FIFO_ISR                  
0     00099055  _I2CA_ISR                       
0     00099073  _I2CB_FIFO_ISR                  
0     00099069  _I2CB_ISR                       
1     00007300  _I2caRegs                       
1     00007340  _I2cbRegs                       
0     0009a5d0  _IDLE                           
0     00098dfd  _ILLEGAL_ISR                    
0     000991d1  _IPC0_ISR                       
0     000991db  _IPC1_ISR                       
0     000991e5  _IPC2_ISR                       
0     000991ef  _IPC3_ISR                       
1     0000a828  _Imd_State                      
0     0009a46c  _InitAuxPll                     
0     0009b7bf  _InitCpuTimers                  
0     00008000  _InitFlash                      
0     0009a3a5  _InitPeripheralClocks           
0     0009ba85  _InitPieCtrl                    
0     0009bad5  _InitPieVectTable               
0     0009a394  _InitSysCtrl                    
0     0009bbb7  _IntDefaultHandler              
0     0009ad04  _IntDisable                     
0     0009ac71  _IntEnable                      
0     0009ad84  _IntIFRClear                    
0     0009ac41  _IntMasterDisable               
0     0009ac39  _IntMasterEnable                
0     0009ac49  _IntRegister                    
0     0009ac5c  _IntUnregister                  
1     00050000  _IpcRegs                        
1     0000ab1c  _LC                             
0     00098ff1  _MCBSPA_RX_ISR                  
0     00098ffb  _MCBSPA_TX_ISR                  
0     00099005  _MCBSPB_RX_ISR                  
0     0009900f  _MCBSPB_TX_ISR                  
1     00006000  _McbspaRegs                     
1     00006040  _McbspbRegs                     
1     0005f400  _MemCfgRegs                     
1     0005f500  _MemoryErrorRegs                
0     00098df3  _NMI_ISR                        
0     0009a20b  _NMtoTorqueSetpoint             
0     0009933c  _NOTUSED_ISR                    
1     0000ac5a  _NUM_SMU_SUSP                   
1     0000ac59  _NUM_SMU_TEMP                   
1     00007060  _NmiIntruptRegs                 
1     0000a808  _OIL_PUMP_STATE                 
0     00099325  _PIE_RESERVED_ISR               
1     00000ce0  _PieCtrlRegs                    
1     00000d00  _PieVectTable                   
0     00090000  _PieVectTableInit               
0     00098216  _R2D_Off                        
0     00098207  _R2D_On                         
1     0000a802  _R2D_first_state                
0     00098227  _R2D_init                       
1     0000a803  _R2D_state                      
0     000992f3  _RAM_ACCESS_VIOLATION_ISR       
0     000992df  _RAM_CORRECTABLE_ERROR_ISR      
1     0000a807  _RTDS_STATE                     
0     00098ddf  _RTOS_ISR                       
1     0000ab7a  _RXA_BmsTemp_Data               
1     0000ac20  _RXA_BmsVol_Data                
1     0000ab90  _RXA_Imu_Data                   
1     0000ac5b  _RXA_PwCtrl_Data                
1     0000ab98  _RXA_Sendyne_Data               
1     0000aba0  _RXA_Smu_Data                   
1     0000ac5c  _RXA_Wheel_Data                 
1     0000aba8  _RXB_AmkVal_Data                
1     0000a8b0  _RXCANA_BmsTemp_Message         
1     0000a8a6  _RXCANA_BmsVol_Message          
1     0000a888  _RXCANA_Imu_Message             
1     0000a8c0  _RXCANA_PwCtrl_Message          
1     0000a89c  _RXCANA_Sendyne_Message         
1     0000a892  _RXCANA_Smu_Message             
1     0000a8ca  _RXCANA_Wheel_Message           
1     0000a980  _RXCANB_AmkVal1_Message         
1     0000a9c0  _RXCANB_AmkVal2_Message         
0     0008603b  _RamfuncsLoadEnd                
abs   0000003b  _RamfuncsLoadSize               
0     00086000  _RamfuncsLoadStart              
0     0000803b  _RamfuncsRunEnd                 
abs   0000003b  _RamfuncsRunSize                
0     00008000  _RamfuncsRunStart               
0     0009a66f  _Read_brake                     
0     0009a6b7  _Read_steering                  
0     0009a5ea  _Read_throttle                  
0     0009a446  _ReleaseFlashPump               
1     0005e608  _RomPrefetchRegs                
0     000990a5  _SCIA_RX_ISR                    
0     000990af  _SCIA_TX_ISR                    
0     000990b9  _SCIB_RX_ISR                    
0     000990c3  _SCIB_TX_ISR                    
0     0009907d  _SCIC_RX_ISR                    
0     00099087  _SCIC_TX_ISR                    
0     00099091  _SCID_RX_ISR                    
0     0009909b  _SCID_TX_ISR                    
0     00099249  _SD1_ISR                        
0     00099253  _SD2_ISR                        
0     00098fc9  _SPIA_RX_ISR                    
0     00098fd3  _SPIA_TX_ISR                    
0     00098fdd  _SPIB_RX_ISR                    
0     00098fe7  _SPIB_TX_ISR                    
0     0009925d  _SPIC_RX_ISR                    
0     00099267  _SPIC_TX_ISR                    
0     0009a5d9  _STANDBY                        
0     0009025a  _STEERING_DEADBAND              
0     000992fd  _SYS_PLL_SLIP_ISR               
1     00007200  _SciaRegs                       
1     00007210  _ScibRegs                       
1     00007220  _ScicRegs                       
1     00007230  _ScidRegs                       
1     0000a82a  _Sdc1_State                     
1     0000a82b  _Sdc2_State                     
1     0000a82c  _Sdc3_State                     
1     0000a82d  _Sdc4_State                     
1     0000a82e  _Sdc5_State                     
1     0000a82f  _Sdc6_State                     
1     00005e00  _Sdfm1Regs                      
1     00005e80  _Sdfm2Regs                      
0     0009a437  _SeizeFlashPump                 
0     0009a450  _ServiceDog                     
1     00006100  _SpiaRegs                       
1     00006110  _SpibRegs                       
1     00006120  _SpicRegs                       
1     0000a835  _Steering_temp                  
0     0009a57c  _SysIntOsc1Sel                  
0     0009a58c  _SysIntOsc2Sel                  
0     0009a5a0  _SysXtalOscSel                  
0     00098ebb  _TIMER0_ISR                     
0     00098dc1  _TIMER1_ISR                     
0     00098dcb  _TIMER2_ISR                     
1     0000aa60  _TXB_Setpoints_Data             
1     0000aa00  _TXCANB_Setpoints_Message       
1     0000a838  _TempRadInLC_temp               
1     0000a839  _TempRadInRC_temp               
1     0000a836  _TempRadOutLC_temp              
1     0000a837  _TempRadOutRC_temp              
1     0000abb0  _Temps                          
1     0000abb8  _Temps_shared                   
0     00099271  _UPPA_ISR                       
0     0009927b  _USBA_ISR                       
0     00098e61  _USER10_ISR                     
0     00098e6b  _USER11_ISR                     
0     00098e75  _USER12_ISR                     
0     00098e07  _USER1_ISR                      
0     00098e11  _USER2_ISR                      
0     00098e1b  _USER3_ISR                      
0     00098e25  _USER4_ISR                      
0     00098e2f  _USER5_ISR                      
0     00098e39  _USER6_ISR                      
0     00098e43  _USER7_ISR                      
0     00098e4d  _USER8_ISR                      
0     00098e57  _USER9_ISR                      
1     0000ab68  _V                              
0     000991b3  _VCU_ISR                        
0     00098ec5  _WAKE_ISR                       
1     0000a809  _WAT_PUMP_STATE                 
1     00007000  _WdRegs                         
0     00098e9d  _XINT1_ISR                      
0     00098ea7  _XINT2_ISR                      
0     00099195  _XINT3_ISR                      
0     0009919f  _XINT4_ISR                      
0     000991a9  _XINT5_ISR                      
1     00007070  _XintRegs                       
1     000007f8  __STACK_END                     
abs   000003f8  __STACK_SIZE                    
1     0000ac48  ___TI_cleanup_ptr               
1     0000ac4a  ___TI_dtors_ptr                 
1     0000ac46  ___TI_enable_exit_profile_output
abs   ffffffff  ___TI_pprof_out_hndl            
abs   ffffffff  ___TI_prof_data_size            
abs   ffffffff  ___TI_prof_data_start           
abs   ffffffff  ___binit__                      
abs   ffffffff  ___c_args__                     
0     00082000  ___cinit__                      
0     0009bbd9  ___etext__                      
abs   ffffffff  ___pinit__                      
0     00098000  ___text__                       
0     0009bb94  __args_main                     
1     0000a8fe  __lock                          
0     0009bbce  __nop                           
0     0009bbca  __register_lock                 
0     0009bbc6  __register_unlock               
1     00000400  __stack                         
0     0009baad  __system_post_cinit             
0     0009bbd7  __system_pre_init               
1     0000a9fe  __unlock                        
0     0009ba5c  _abort                          
1     0000a9f0  _acc1Pos                        
1     0000a9f2  _acc2Pos                        
1     0000ac26  _accelerations                  
1     0000a850  _actualVelocityKMH              
1     0000a812  _actualVelocityRPM              
0     0009ae03  _adcSetup                       
1     0000ab2a  _alpha0                         
1     0000ab2c  _alpha1                         
1     0000ab2e  _alpha2                         
1     0000ab30  _alpha3                         
1     0000ab32  _alpha4                         
1     0000ab34  _alpha5                         
1     0000a9fc  _analogMuxVal                   
1     0000a862  _anti_wind_up                   
1     0000a856  _ax                             
1     0000a858  _ay                             
1     0000a8d4  _bms_log                        
1     0000a813  _brake                          
0     00099896  _brakeAMK                       
0     000981eb  _brakeLight                     
1     0000a821  _brakeMec                       
1     0000a820  _brakeReg                       
1     0000a81d  _brakeReq                       
1     0000a81f  _brakeWhenSlow                  
1     0000aa28  _brakes                         
1     0000a854  _brk                            
1     0000a9f8  _brkAbsPos                      
1     0000a9f4  _brkPos                         
1     0000a804  _brk_disconnected               
0     0009b958  _c_int00                        
1     0000ac58  _calibration_status             
0     0009a8e5  _canISR_A                       
0     0009a83f  _canISR_B                       
0     0009aa4f  _canSetup_phase1                
0     0009aa8f  _canSetup_phase2                
0     0009a155  _changeRange                    
0     00098264  _checkHV                        
0     0009835e  _checkImplausibility            
1     0000a817  _checkPower                     
0     000982c7  _checkRF                        
0     00098427  _checkStatus                    
0     000983d5  _checkTemps                     
0     0009a146  _convertBMStemp                 
0     0009a134  _convertBMSvoltage              
0     0009b4ce  _convertPercent                 
0     0009bafb  _copy_in                        
0     0009bba6  _copysign                       
0     0009bba6  _copysignf                      
0     0009b83b  _cos                            
0     0009b83b  _cosf                           
1     0000a800  _counter                        
1     0000a823  _cpuTimer0IntCount              
1     0000a824  _cpuTimer1IntCount              
1     0000a825  _cpuTimer2IntCount              
0     0009b176  _cpu_timer0_isr                 
0     0009b190  _cpu_timer1_isr                 
0     0009b2a2  _cpu_timer2_isr                 
1     0000a9fa  _currSensVal                    
0     00099670  _deactiveMotor                  
0     0009a1c8  _debugLight                     
[...]
0     0009a437  _SeizeFlashPump                 
0     0009a446  _ReleaseFlashPump               
0     0009a450  _ServiceDog                     
0     0009a45e  _DisableDog                     
0     0009a46c  _InitAuxPll                     
0     0009a55b  _CsmUnlock                      
0     0009a57c  _SysIntOsc1Sel                  
0     0009a58c  _SysIntOsc2Sel                  
0     0009a5a0  _SysXtalOscSel                  
0     0009a5b0  _AuxIntOsc2Sel                  
0     0009a5ba  _AuxXtalOscSel                  
0     0009a5c6  _AuxAuxClkSel                   
0     0009a5d0  _IDLE                           
0     0009a5d9  _STANDBY                        
0     0009a5e4  _HALT                           
0     0009a5e7  _HIB                            
0     0009a5ea  _Read_throttle                  
0     0009a66f  _Read_brake                     
0     0009a6b7  _Read_steering                  
0     0009a6e1  _readThrottleBrakeSteering      
0     0009a83f  _canISR_B                       
0     0009a8e5  _canISR_A                       
0     0009aa4f  _canSetup_phase1                
0     0009aa8f  _canSetup_phase2                
0     0009ac23  _getMessageID                   
0     0009ac39  _IntMasterEnable                
0     0009ac41  _IntMasterDisable               
0     0009ac49  _IntRegister                    
0     0009ac5c  _IntUnregister                  
0     0009ac71  _IntEnable                      
0     0009ad04  _IntDisable                     
0     0009ad84  _IntIFRClear                    
0     0009ae03  _adcSetup                       
0     0009aee3  _readAllADC                     
0     0009aeed  _readADC_Bank                   
0     0009af4e  _readADC                        
0     0009af53  _getVoltage                     
0     0009af61  _getTempAvPT1000                
0     0009af8c  _getTempZTP135SR                
0     0009afc5  _getPressAvSP100                
0     0009afca  _fminl                          
0     0009b067  _fmin                           
0     0009b067  _fminf                          
0     0009b0a0  _fmaxl                          
0     0009b13d  _fmax                           
0     0009b13d  _fmaxf                          
0     0009b176  _cpu_timer0_isr                 
0     0009b190  _cpu_timer1_isr                 
0     0009b2a2  _cpu_timer2_isr                 
0     0009b2dd  _log                            
0     0009b2dd  _logf                           
0     0009b408  _epwmSetup                      
0     0009b425  _initEPWM6                      
0     0009b459  _initEPWM5                      
0     0009b498  _initEPWM4                      
0     0009b4ce  _convertPercent                 
0     0009b4dc  _setFanSpeed                    
0     0009b4f5  _setPumpSpeed                   
0     0009b50e  _AdcSetMode                     
0     0009b5c4  _CalAdcINL                      
0     0009b5fe  _main                           
0     0009b60d  _loop                           
0     0009b61d  _setup                          
0     0009b6b1  FS$$DIV                         
0     0009b739  _GPIOSetup                      
0     0009b76e  _updateGPIOState                
0     0009b7bf  _InitCpuTimers                  
0     0009b800  _ConfigCpuTimer                 
0     0009b83b  _cos                            
0     0009b83b  _cosf                           
0     0009b89e  _tan                            
0     0009b89e  _tanf                           
0     0009b900  _ldexp                          
0     0009b900  _ldexpf                         
0     0009b900  _scalbn                         
0     0009b900  _scalbnf                        
0     0009b958  _c_int00                        
0     0009b9ae  _timerSetup                     
0     0009b9fd  _GPIO_ReadPin                   
0     0009ba14  _GPIO_WritePin                  
0     0009ba32  FD$$CMP                         
0     0009ba5c  C$$EXIT                         
0     0009ba5c  _abort                          
0     0009ba5e  _exit                           
0     0009ba85  _InitPieCtrl                    
0     0009baa4  _EnableInterrupts               
0     0009baad  __system_post_cinit             
0     0009baae  _sqrt                           
0     0009baae  _sqrtf                          
0     0009bad5  _InitPieVectTable               
0     0009bafb  _copy_in                        
0     0009bb1f  I$$DIV                          
0     0009bb30  I$$MOD                          
0     0009bb41  LL$$CMP                         
0     0009bb53  ULL$$CMP                        
0     0009bb5f  _memcpy                         
0     0009bb7c  LL$$AND                         
0     0009bb84  LL$$OR                          
0     0009bb8c  LL$$XOR                         
0     0009bb94  __args_main                     
0     0009bba6  _copysign                       
0     0009bba6  _copysignf                      
0     0009bbb7  _IntDefaultHandler              
0     0009bbc6  __register_unlock               
0     0009bbca  __register_lock                 
0     0009bbce  __nop                           
0     0009bbd7  __system_pre_init               
0     0009bbd9  ___etext__                      
0     0009bbd9  etext                           
1     00000400  __stack                         
1     000007f8  __STACK_END                     
1     00000b00  _AdcaResultRegs                 
1     00000b20  _AdcbResultRegs                 
1     00000b40  _AdccResultRegs                 
1     00000b60  _AdcdResultRegs                 
1     00000c00  _CpuTimer0Regs                  
1     00000c08  _CpuTimer1Regs                  
1     00000c10  _CpuTimer2Regs                  
1     00000ce0  _PieCtrlRegs                    
1     00000d00  _PieVectTable                   
1     00001000  _DmaRegs                        
1     00001400  _Cla1Regs                       
1     00003000  _Clb1LogicCfgRegs               
1     00003100  _Clb1LogicCtrlRegs              
1     00003200  _Clb1DataExchRegs               
1     00003400  _Clb2LogicCfgRegs               
1     00003500  _Clb2LogicCtrlRegs              
1     00003600  _Clb2DataExchRegs               
1     00003800  _Clb3LogicCfgRegs               
1     00003900  _Clb3LogicCtrlRegs              
1     00003a00  _Clb3DataExchRegs               
1     00003c00  _Clb4LogicCfgRegs               
1     00003d00  _Clb4LogicCtrlRegs              
1     00003e00  _Clb4DataExchRegs               
1     00004000  _EPwm1Regs                      
1     00004100  _EPwm2Regs                      
1     00004200  _EPwm3Regs                      
1     00004300  _EPwm4Regs                      
1     00004400  _EPwm5Regs                      
1     00004500  _EPwm6Regs                      
1     00004600  _EPwm7Regs                      
1     00004700  _EPwm8Regs                      
1     00004800  _EPwm9Regs                      
1     00004900  _EPwm10Regs                     
1     00004a00  _EPwm11Regs                     
1     00004b00  _EPwm12Regs                     
1     00005000  _ECap1Regs                      
1     00005020  _ECap2Regs                      
1     00005040  _ECap3Regs                      
1     00005060  _ECap4Regs                      
1     00005080  _ECap5Regs                      
1     000050a0  _ECap6Regs                      
1     00005100  _EQep1Regs                      
1     00005140  _EQep2Regs                      
1     00005180  _EQep3Regs                      
1     00005c00  _DacaRegs                       
1     00005c10  _DacbRegs                       
1     00005c20  _DaccRegs                       
1     00005c80  _Cmpss1Regs                     
1     00005ca0  _Cmpss2Regs                     
1     00005cc0  _Cmpss3Regs                     
1     00005ce0  _Cmpss4Regs                     
1     00005d00  _Cmpss5Regs                     
1     00005d20  _Cmpss6Regs                     
1     00005d40  _Cmpss7Regs                     
1     00005d60  _Cmpss8Regs                     
1     00005e00  _Sdfm1Regs                      
1     00005e80  _Sdfm2Regs                      
1     00006000  _McbspaRegs                     
1     00006040  _McbspbRegs                     
1     00006100  _SpiaRegs                       
1     00006110  _SpibRegs                       
1     00006120  _SpicRegs                       
1     00007000  _WdRegs                         
1     00007060  _NmiIntruptRegs                 
1     00007070  _XintRegs                       
1     00007200  _SciaRegs                       
1     00007210  _ScibRegs                       
1     00007220  _ScicRegs                       
1     00007230  _ScidRegs                       
1     00007300  _I2caRegs                       
1     00007340  _I2cbRegs                       
1     00007400  _AdcaRegs                       
1     00007480  _AdcbRegs                       
1     00007500  _AdccRegs                       
1     00007580  _AdcdRegs                       
1     00007980  _DmaClaSrcSelRegs               
1     00007f00  _GpioDataRegs                   
1     0000a800  _counter                        
1     0000a801  _driving_configuration          
1     0000a802  _R2D_first_state                
1     0000a803  _R2D_state                      
1     0000a804  _brk_disconnected               
1     0000a805  _implausibility_occurred        
1     0000a806  _value                          
1     0000a807  _RTDS_STATE                     
1     0000a808  _OIL_PUMP_STATE                 
1     0000a809  _WAT_PUMP_STATE                 
1     0000a80a  _FAN_STATE                      
1     0000a80b  _pump                           
1     0000a80c  _stopPumpLimit                  
1     0000a80d  _enablePumpLimit                
1     0000a80e  _leftFanSpeed                   
1     0000a80f  _rightFanSpeed                  
1     0000a810  _temp_warning                   
1     0000a811  _status                         
1     0000a812  _actualVelocityRPM              
1     0000a813  _brake                          
1     0000a814  _steering                       
1     0000a815  _throttle                       
1     0000a816  _implBrakeAndThrottle           
1     0000a817  _checkPower                     
1     0000a818  _str                            
1     0000a819  _powerOK                        
1     0000a81a  _enableMotor                    
1     0000a81b  _velocityRef                    
1     0000a81c  _throttleReq                    
1     0000a81d  _brakeReq                       
1     0000a81e  _drivingMode                    
1     0000a81f  _brakeWhenSlow                  
1     0000a820  _brakeReg                       
1     0000a821  _brakeMec                       
1     0000a822  _noBrake                        
1     0000a823  _cpuTimer0IntCount              
1     0000a824  _cpuTimer1IntCount              
1     0000a825  _cpuTimer2IntCount              
1     0000a826  _errorFrameCounterB             
1     0000a827  _errorFrameCounterA             
1     0000a828  _Imd_State                      
1     0000a829  _Bms_State                      
1     0000a82a  _Sdc1_State                     
1     0000a82b  _Sdc2_State                     
1     0000a82c  _Sdc3_State                     
1     0000a82d  _Sdc4_State                     
1     0000a82e  _Sdc5_State                     
1     0000a82f  _Sdc6_State                     
1     0000a830  _Acc2_temp                      
1     0000a831  _CurrSens_temp                  
1     0000a832  _Acc1_temp                      
1     0000a833  _BrakeClean_temp                
1     0000a834  _BrakePress_temp                
1     0000a835  _Steering_temp                  
1     0000a836  _TempRadOutLC_temp              
1     0000a837  _TempRadOutRC_temp              
1     0000a838  _TempRadInLC_temp               
1     0000a839  _TempRadInRC_temp               
1     0000a83a  _increment                      
1     0000a83b  _setupOk                        
1     0000a83c  _loopCounter                    
1     0000a83e  _sendyne_current                
1     0000a840  _sendyne_voltage                
1     0000a842  _reassembled_data               
1     0000a844  _max_bms_voltage                
1     0000a846  _min_bms_voltage                
1     0000a848  _mean_bms_voltage               
1     0000a84a  _max_bms_temp                   
1     0000a84c  _min_bms_temp                   
1     0000a84e  _mean_bms_temp                  
1     0000a850  _actualVelocityKMH              
1     0000a852  _th                             
1     0000a854  _brk                            
1     0000a856  _ax                             
1     0000a858  _ay                             
1     0000a85a  _yaw_r                          
1     0000a85c  _speedTv                        
1     0000a85e  _total_power                    
1     0000a860  _power_error                    
1     0000a862  _anti_wind_up                   
1     0000a864  _reduction_factor               
1     0000a866  _power_limit                    
1     0000a868  _pinValue                       
1     0000a86a  _errorFlag                      
1     0000a86c  _rxBMsgCount                    
1     0000a86e  _rxAMsgCount                    
1     0000a870  _fanspeed_log                   
1     0000a872  _status_log                     
1     0000a878  _sendyne_log                    
1     0000a880  _gpio_log                       
1     0000a888  _RXCANA_Imu_Message             
1     0000a892  _RXCANA_Smu_Message             
1     0000a89c  _RXCANA_Sendyne_Message         
1     0000a8a6  _RXCANA_BmsVol_Message          
1     0000a8b0  _RXCANA_BmsTemp_Message         
1     0000a8c0  _RXCANA_PwCtrl_Message          
1     0000a8ca  _RXCANA_Wheel_Message           
1     0000a8d4  _bms_log                        
1     0000a8e0  _imu_log                        
1     0000a8fe  __lock                          
1     0000a900  _motorVal1                      
1     0000a940  _motorVal1_shared               
1     0000a980  _RXCANB_AmkVal1_Message         
1     0000a9a8  _CpuTimer0                      
1     0000a9b0  _CpuTimer1                      
1     0000a9b8  _CpuTimer2                      
1     0000a9c0  _RXCANB_AmkVal2_Message         
1     0000a9e8  _implausibilityCounter          
1     0000a9e9  _temp                           
1     0000a9ea  _AccPot1                        
1     0000a9ec  _AccPot2                        
1     0000a9ee  _BrkPot                         
1     0000a9f0  _acc1Pos                        
1     0000a9f2  _acc2Pos                        
1     0000a9f4  _brkPos                         
1     0000a9f6  _strPot                         
1     0000a9f8  _brkAbsPos                      
1     0000a9fa  _currSensVal                    
1     0000a9fc  _analogMuxVal                   
1     0000a9fe  __unlock                        
1     0000aa00  _TXCANB_Setpoints_Message       
1     0000aa28  _brakes                         
1     0000aa3c  _hvCounter                      
1     0000aa40  _CAN_AMK_SET_POINT              
1     0000aa60  _TXB_Setpoints_Data             
1     0000aa80  _motorVal2                      
1     0000aaa0  _motorVal2_shared               
1     0000aac0  _posTorqueCandidate             
1     0000aae0  _motorSetP                      
1     0000aafc  _inverterHV                     
1     0000ab00  _motorSetP_shared               
1     0000ab1c  _LC                             
1     0000ab1e  _nu1                            
1     0000ab20  _nu2                            
1     0000ab22  _nu3                            
1     0000ab24  _nu4                            
1     0000ab26  _nu5                            
1     0000ab28  _nu6                            
1     0000ab2a  _alpha0                         
1     0000ab2c  _alpha1                         
1     0000ab2e  _alpha2                         
1     0000ab30  _alpha3                         
1     0000ab32  _alpha4                         
1     0000ab34  _alpha5                         
1     0000ab36  _temperatures                   
1     0000ab40  _steerings                      
1     0000ab54  _throttles                      
1     0000ab68  _V                              
1     0000ab7a  _RXA_BmsTemp_Data               
1     0000ab80  _AMK_TorqueLimitNegative        
1     0000ab88  _AMK_TorqueLimitPositive        
1     0000ab90  _RXA_Imu_Data                   
1     0000ab98  _RXA_Sendyne_Data               
1     0000aba0  _RXA_Smu_Data                   
1     0000aba8  _RXB_AmkVal_Data                
1     0000abb0  _Temps                          
1     0000abb8  _Temps_shared                   
1     0000abc0  _fz                             
1     0000abc8  _motorSpeeds                    
1     0000abd0  _negTorqueCandidate             
1     0000abd8  _negTorquesNM                   
1     0000abe0  _posTorquesNM                   
1     0000abe8  _powersetup                     
1     0000abf0  _presets                        
1     0000abf8  _re                             
1     0000ac00  _repFz                          
1     0000ac08  _steers                         
1     0000ac10  _suspensions                    
1     0000ac18  _torque_reg_IPM                 
1     0000ac20  _RXA_BmsVol_Data                
1     0000ac26  _accelerations                  
1     0000ac2c  _omegas                         
1     0000ac32  _versx                          
1     0000ac38  _versy                          
1     0000ac3e  _gg                             
1     0000ac40  _versz                          
1     0000ac46  ___TI_enable_exit_profile_output
1     0000ac48  ___TI_cleanup_ptr               
1     0000ac4a  ___TI_dtors_ptr                 
1     0000ac4c  _inverterRF                     
1     0000ac50  _motorInitialized               
1     0000ac54  _rfCounter                      
1     0000ac58  _calibration_status             
1     0000ac59  _NUM_SMU_TEMP                   
1     0000ac5a  _NUM_SMU_SUSP                   
1     0000ac5b  _RXA_PwCtrl_Data                
1     0000ac5c  _RXA_Wheel_Data                 
1     0000ac5d  _errno                          
1     0000ac5e  _h                              
1     0000d000  _sh                             
1     0000e000  _time_elapsed                   
1     00047000  _Emif1Regs                      
1     00047800  _Emif2Regs                      
1     00048000  _CanaRegs                       
1     0004a000  _CanbRegs                       
1     00050000  _IpcRegs                        
1     00050024  _FlashPumpSemaphoreRegs         
1     0005d200  _ClkCfgRegs                     
1     0005d300  _CpuSysRegs                     
1     0005e608  _RomPrefetchRegs                
1     0005f000  _DcsmZ1Regs                     
1     0005f040  _DcsmZ2Regs                     
1     0005f070  _DcsmCommonRegs                 
1     0005f400  _MemCfgRegs                     
1     0005f4c0  _AccessProtectionRegs           
1     0005f500  _MemoryErrorRegs                
1     0005f800  _Flash0CtrlRegs                 
1     0005fb00  _Flash0EccRegs                  
abs   0000003b  _RamfuncsLoadSize               
abs   0000003b  _RamfuncsRunSize                
abs   000003f8  __STACK_SIZE                    
abs   ffffffff  ___TI_pprof_out_hndl            
abs   ffffffff  ___TI_prof_data_size            
abs   ffffffff  ___TI_prof_data_start           
abs   ffffffff  ___binit__                      
abs   ffffffff  ___c_args__                     
abs   ffffffff  ___pinit__                      
abs   ffffffff  binit                           
abs   ffffffff  pinit                           

[666 symbols]
