******************************************************************************
             TMS320C2000 Linker PC v20.2.1                     
******************************************************************************
>> Linked Tue Mar 22 11:32:06 2022

OUTPUT FILE NAME:   <cpu2_control_unit_test.out>
ENTRY POINT SYMBOL: "_c_int00"  address: 0009b1d8


MEMORY CONFIGURATION

         name            origin    length      used     unused   attr    fill
----------------------  --------  ---------  --------  --------  ----  --------
PAGE 0:
  RAMM0                 000000a2   0000035e  00000000  0000035e  RWIX
  RAMLS0                00008000   00000800  0000003b  000007c5  RWIX
  RAMLS1                00008800   00000800  00000000  00000800  RWIX
  RAMLS2                00009000   00000800  00000000  00000800  RWIX
  RAMLS3                00009800   00000800  00000000  00000800  RWIX
  RAMLS4                0000a000   00000800  00000000  00000800  RWIX
  RAMD0                 0000b000   00000800  00000000  00000800  RWIX
  RAMGS14               0001a000   00001000  00000003  00000ffd  RWIX
  RAMGS15               0001b000   00000ff8  00000000  00000ff8  RWIX
  BEGIN                 00080000   00000002  00000002  00000000  RWIX
  FLASHA                00080002   00001ffe  00000000  00001ffe  RWIX
  FLASHB                00082000   00002000  00000131  00001ecf  RWIX
  FLASHC                00084000   00002000  00000000  00002000  RWIX
  FLASHD                00086000   00002000  0000003b  00001fc5  RWIX
  FLASHE                00088000   00008000  00000000  00008000  RWIX
  FLASHF                00090000   00008000  00000252  00007dae  RWIX
  FLASHG                00098000   00008000  00003421  00004bdf  RWIX
  FLASHH                000a0000   00008000  00000000  00008000  RWIX
  FLASHI                000a8000   00008000  00000000  00008000  RWIX
  FLASHJ                000b0000   00008000  00000000  00008000  RWIX
  FLASHK                000b8000   00002000  00000000  00002000  RWIX
  FLASHL                000ba000   00002000  00000000  00002000  RWIX
  FLASHM                000bc000   00002000  00000000  00002000  RWIX
  FLASHN                000be000   00001ff0  00000000  00001ff0  RWIX
  RESET                 003fffc0   00000002  00000000  00000002  RWIX

PAGE 1:
  BOOT_RSVD             00000002   000000a0  00000000  000000a0  RWIX
  RAMM1                 00000400   000003f8  000003f8  00000000  RWIX
  ADCARESULT            00000b00   00000018  00000018  00000000  RWIX
  ADCBRESULT            00000b20   00000018  00000018  00000000  RWIX
  ADCCRESULT            00000b40   00000018  00000018  00000000  RWIX
  ADCDRESULT            00000b60   00000018  00000018  00000000  RWIX
  CPUTIMER0             00000c00   00000008  00000008  00000000  RWIX
  CPUTIMER1             00000c08   00000008  00000008  00000000  RWIX
  CPUTIMER2             00000c10   00000008  00000008  00000000  RWIX
  PIECTRL               00000ce0   0000001a  0000001a  00000000  RWIX
  PIEVECTTABLE          00000d00   00000200  000001c0  00000040  RWIX
  DMA                   00001000   00000200  000000e0  00000120  RWIX
  CLA1                  00001400   00000080  0000003e  00000042  RWIX
  CLB1LOGICCFG          00003000   00000052  0000003e  00000014  RWIX
  CLB1LOGICCTRL         00003100   00000040  00000040  00000000  RWIX
  CLB1DATAEXCH          00003200   00000200  00000108  000000f8  RWIX
  CLB2LOGICCFG          00003400   00000052  0000003e  00000014  RWIX
  CLB2LOGICCTRL         00003500   00000040  00000040  00000000  RWIX
  CLB2DATAEXCH          00003600   00000200  00000108  000000f8  RWIX
  CLB3LOGICCFG          00003800   00000052  0000003e  00000014  RWIX
  CLB3LOGICCTRL         00003900   00000040  00000040  00000000  RWIX
  CLB3DATAEXCH          00003a00   00000200  00000108  000000f8  RWIX
  CLB4LOGICCFG          00003c00   00000052  0000003e  00000014  RWIX
  CLB4LOGICCTRL         00003d00   00000040  00000040  00000000  RWIX
  CLB4DATAEXCH          00003e00   00000200  00000108  000000f8  RWIX
  EPWM1                 00004000   00000100  00000100  00000000  RWIX
  EPWM2                 00004100   00000100  00000100  00000000  RWIX
  EPWM3                 00004200   00000100  00000100  00000000  RWIX
  EPWM4                 00004300   00000100  00000100  00000000  RWIX
  EPWM5                 00004400   00000100  00000100  00000000  RWIX
  EPWM6                 00004500   00000100  00000100  00000000  RWIX
  EPWM7                 00004600   00000100  00000100  00000000  RWIX
  EPWM8                 00004700   00000100  00000100  00000000  RWIX
  EPWM9                 00004800   00000100  00000100  00000000  RWIX
  EPWM10                00004900   00000100  00000100  00000000  RWIX
  EPWM11                00004a00   00000100  00000100  00000000  RWIX
  EPWM12                00004b00   00000100  00000100  00000000  RWIX
  ECAP1                 00005000   00000020  0000001a  00000006  RWIX
  ECAP2                 00005020   00000020  0000001a  00000006  RWIX
  ECAP3                 00005040   00000020  0000001a  00000006  RWIX
  ECAP4                 00005060   00000020  0000001a  00000006  RWIX
  ECAP5                 00005080   00000020  0000001a  00000006  RWIX
  ECAP6                 000050a0   00000020  0000001a  00000006  RWIX
  EQEP1                 00005100   00000022  00000022  00000000  RWIX
  EQEP2                 00005140   00000022  00000022  00000000  RWIX
  EQEP3                 00005180   00000022  00000022  00000000  RWIX
  DACA                  00005c00   00000008  00000007  00000001  RWIX
  DACB                  00005c10   00000008  00000007  00000001  RWIX
  DACC                  00005c20   00000008  00000007  00000001  RWIX
  CMPSS1                00005c80   00000020  0000001b  00000005  RWIX
  CMPSS2                00005ca0   00000020  0000001b  00000005  RWIX
  CMPSS3                00005cc0   00000020  0000001b  00000005  RWIX
  CMPSS4                00005ce0   00000020  0000001b  00000005  RWIX
  CMPSS5                00005d00   00000020  0000001b  00000005  RWIX
  CMPSS6                00005d20   00000020  0000001b  00000005  RWIX
  CMPSS7                00005d40   00000020  0000001b  00000005  RWIX
  CMPSS8                00005d60   00000020  0000001b  00000005  RWIX
  SDFM1                 00005e00   00000080  00000048  00000038  RWIX
  SDFM2                 00005e80   00000080  00000048  00000038  RWIX
  MCBSPA                00006000   00000024  00000024  00000000  RWIX
  MCBSPB                00006040   00000024  00000024  00000000  RWIX
  SPIA                  00006100   00000010  00000010  00000000  RWIX
  SPIB                  00006110   00000010  00000010  00000000  RWIX
  SPIC                  00006120   00000010  00000010  00000000  RWIX
  WD                    00007000   0000002b  0000002b  00000000  RWIX
  NMIINTRUPT            00007060   00000007  00000007  00000000  RWIX
  XINT                  00007070   0000000b  0000000b  00000000  RWIX
  SCIA                  00007200   00000010  00000010  00000000  RWIX
  SCIB                  00007210   00000010  00000010  00000000  RWIX
  SCIC                  00007220   00000010  00000010  00000000  RWIX
  SCID                  00007230   00000010  00000010  00000000  RWIX
  I2CA                  00007300   00000022  00000022  00000000  RWIX
  I2CB                  00007340   00000022  00000022  00000000  RWIX
  ADCA                  00007400   00000080  0000007c  00000004  RWIX
  ADCB                  00007480   00000080  0000007c  00000004  RWIX
  ADCC                  00007500   00000080  0000007c  00000004  RWIX
  ADCD                  00007580   00000080  0000007c  00000004  RWIX
  DMACLASRCSEL          00007980   0000001a  0000001a  00000000  RWIX
  GPIODATA              00007f00   00000030  00000030  00000000  RWIX
  RAMLS5                0000a800   00000800  000003fb  00000405  RWIX
  RAMD1                 0000b800   00000800  00000000  00000800  RWIX
  RAMGS0                0000c000   00001000  00000000  00001000  RWIX
  RAMGS1                0000d000   00001000  000000b4  00000f4c  RWIX
  RAMGS2                0000e000   00001000  00000002  00000ffe  RWIX
  CPU2TOCPU1RAM         0003f800   00000400  00000000  00000400  RWIX
  CPU1TOCPU2RAM         0003fc00   00000400  00000000  00000400  RWIX
  EMIF1                 00047000   00000070  00000028  00000048  RWIX
  EMIF2                 00047800   00000070  00000028  00000048  RWIX
  CANA                  00048000   00000200  00000164  0000009c  RWIX
  CANB                  0004a000   00000200  00000164  0000009c  RWIX
  IPC                   00050000   00000024  00000024  00000000  RWIX
  FLASHPUMPSEMAPHORE    00050024   00000002  00000002  00000000  RWIX
  CLKCFG                0005d200   00000032  00000032  00000000  RWIX
  CPUSYS                0005d300   00000082  00000082  00000000  RWIX
  ROMPREFETCH           0005e608   00000002  00000002  00000000  RWIX
  DCSMZ1                0005f000   00000023  00000022  00000001  RWIX
  DCSMZ2                0005f040   00000023  00000022  00000001  RWIX
  DCSMCOMMON            0005f070   00000008  00000006  00000002  RWIX
  MEMCFG                0005f400   00000080  00000076  0000000a  RWIX
  ACCESSPROTECTION      0005f4c0   00000040  0000002e  00000012  RWIX
  MEMORYERROR           0005f500   00000040  0000003a  00000006  RWIX
  FLASH0CTRL            0005f800   00000182  00000182  00000000  RWIX
  FLASH0ECC             0005fb00   00000028  00000028  00000000  RWIX


SECTION ALLOCATION MAP

 output                                  attributes/
section   page    origin      length       input sections
--------  ----  ----------  ----------   ----------------
SHARERAMGS14 
*          0    0001a000    00000003     UNINITIALIZED
                  0001a000    00000003     main.obj (SHARERAMGS14)

codestart 
*          0    00080000    00000002     
                  00080000    00000002     F2837xD_CodeStartBranch.obj (codestart)

.cinit     0    00082000    00000131     
                  00082000    0000008e     main.obj (.cinit)
                  0008208e    00000040     launch_controller.obj (.cinit)
                  000820ce    0000000e     rts2800_fpu32.lib : exit.c.obj (.cinit)
                  000820dc    0000000b     main.obj (.cinit:_fz)
                  000820e7    0000000b     main.obj (.cinit:_presets)
                  000820f2    00000007     main.obj (.cinit:_hvCounter)
                  000820f9    00000007     main.obj (.cinit:_inverterHV)
                  00082100    00000007     main.obj (.cinit:_inverterRF)
                  00082107    00000007     main.obj (.cinit:_motorInitialized)
                  0008210e    00000007     main.obj (.cinit:_rfCounter)
                  00082115    00000005     rts2800_fpu32.lib : _lock.c.obj (.cinit:__lock)
                  0008211a    00000005                       : _lock.c.obj (.cinit:__unlock)
                  0008211f    00000004     driver_input.obj (.cinit)
                  00082123    00000004     rts2800_fpu32.lib : errno.c.obj (.cinit)
                  00082127    00000004     timer_management.obj (.cinit)
                  0008212b    00000004     ustdlib.obj (.cinit)
                  0008212f    00000002     --HOLE-- [fill = 0]

.TI.ramfunc 
*          0    00086000    0000003b     RUN ADDR = 00008000
                  00086000    00000037     F2837xD_SysCtrl.obj (.TI.ramfunc)
                  00086037    00000004     F2837xD_usDelay.obj (.TI.ramfunc)

.text      0    00098000    00003421     
                  00098000    00000639     car_management.obj (.text)
                  00098639    00000585     F2837xD_DefaultISR.obj (.text:retain)
                  00098bbe    00000560     motor_management.obj (.text)
                  0009911e    00000527     torque_management.obj (.text)
                  00099645    00000522     can.obj (.text)
                  00099b67    00000256     F2837xD_SysCtrl.obj (.text)
                  00099dbd    00000255     driver_input.obj (.text)
                  0009a012    000001ea     can_management.obj (.text:retain)
                  0009a1fc    000001d0     can_management.obj (.text)
                  0009a3cc    000001ca     interrupt.obj (.text)
                  0009a596    000001c7     adc_management.obj (.text)
                  0009a75d    000001ac     rts2800_fpu32.lib : ti_fmax.c.obj (.text)
                  0009a909    00000143     timer_management.obj (.text:retain)
                  0009aa4c    0000012b     rts2800_fpu32.lib : e_logf.c.obj (.text)
                  0009ab77    00000106     epwm_management.obj (.text)
                  0009ac7d    000000f0     F2837xD_Adc.obj (.text)
                  0009ad6d    000000c3     utils.obj (.text)
                  0009ae30    000000b4     power_controller.obj (.text)
                  0009aee4    000000a5     main.obj (.text)
                  0009af89    00000088     rts2800_fpu32.lib : fs_div28.asm.obj (.text)
                  0009b011    00000086     GPIO_management.obj (.text)
                  0009b097    0000007c     F2837xD_CpuTimers.obj (.text)
                  0009b113    00000063     rts2800_fpu32.lib : s_cosf.c.obj (.text)
                  0009b176    00000062                       : s_tanf.c.obj (.text)
                  0009b1d8    00000056                       : boot28.asm.obj (.text)
                  0009b22e    0000004f     timer_management.obj (.text)
                  0009b27d    00000035     F2837xD_Gpio.obj (.text)
                  0009b2b2    0000002a     rts2800_fpu32.lib : fd_cmp28.asm.obj (.text)
                  0009b2dc    00000029                       : exit.c.obj (.text)
                  0009b305    00000028     F2837xD_PieCtrl.obj (.text)
                  0009b32d    00000026     F2837xD_PieVect.obj (.text)
                  0009b353    00000024     rts2800_fpu32.lib : cpy_tbl.c.obj (.text)
                  0009b377    00000022                       : i_div28.asm.obj (.text)
                  0009b399    0000001e                       : ll_cmp28.asm.obj (.text)
                  0009b3b7    0000001d                       : memcpy.c.obj (.text)
                  0009b3d4    00000018                       : ll_aox28.asm.obj (.text)
                  0009b3ec    00000012                       : args_main.c.obj (.text)
                  0009b3fe    0000000f     interrupt.obj (.text:retain)
                  0009b40d    00000009     rts2800_fpu32.lib : _lock.c.obj (.text)
                  0009b416    00000008     F2837xD_CodeStartBranch.obj (.text)
                  0009b41e    00000002     rts2800_fpu32.lib : pre_init.c.obj (.text)
                  0009b420    00000001                       : startup.c.obj (.text)

.stack     1    00000400    000003f8     UNINITIALIZED
                  00000400    000003f8     --HOLE--

.reset     0    003fffc0    00000002     DSECT
                  003fffc0    00000002     rts2800_fpu32.lib : boot28.asm.obj (.reset)

.pinit     0    00082000    00000000     UNINITIALIZED

AdcaResultRegsFile 
*          1    00000b00    00000018     UNINITIALIZED
                  00000b00    00000018     F2837xD_GlobalVariableDefs.obj (AdcaResultRegsFile)

AdcbResultRegsFile 
*          1    00000b20    00000018     UNINITIALIZED
                  00000b20    00000018     F2837xD_GlobalVariableDefs.obj (AdcbResultRegsFile)

AdccResultRegsFile 
*          1    00000b40    00000018     UNINITIALIZED
                  00000b40    00000018     F2837xD_GlobalVariableDefs.obj (AdccResultRegsFile)

AdcdResultRegsFile 
*          1    00000b60    00000018     UNINITIALIZED
                  00000b60    00000018     F2837xD_GlobalVariableDefs.obj (AdcdResultRegsFile)

AdcaRegsFile 
*          1    00007400    0000007c     UNINITIALIZED
                  00007400    0000007c     F2837xD_GlobalVariableDefs.obj (AdcaRegsFile)

AdcbRegsFile 
*          1    00007480    0000007c     UNINITIALIZED
                  00007480    0000007c     F2837xD_GlobalVariableDefs.obj (AdcbRegsFile)

AdccRegsFile 
*          1    00007500    0000007c     UNINITIALIZED
                  00007500    0000007c     F2837xD_GlobalVariableDefs.obj (AdccRegsFile)

AdcdRegsFile 
*          1    00007580    0000007c     UNINITIALIZED
                  00007580    0000007c     F2837xD_GlobalVariableDefs.obj (AdcdRegsFile)

SHARERAMGS1 
*          1    0000d000    000000b4     UNINITIALIZED
                  0000d000    000000b4     main.obj (SHARERAMGS1)

SHARERAMGS2 
*          1    0000e000    00000002     UNINITIALIZED
                  0000e000    00000002     main.obj (SHARERAMGS2)

GETBUFFER 
*          0    0003fc00    00000000     DSECT

GETWRITEIDX 
*          0    0003fc00    00000000     DSECT

PUTREADIDX 
*          0    0003fc00    00000000     DSECT

.econst    0    00090000    00000252     
                  00090000    000001c0     F2837xD_PieVect.obj (.econst:_PieVectTableInit)
                  000901c0    00000032     rts2800_fpu32.lib : e_powf.c.obj (.econst)
                  000901f2    00000018     ustdlib.obj (.econst:.string)
                  0009020a    00000010     rts2800_fpu32.lib : e_logf.c.obj (.econst)
                  0009021a    00000010                       : s_expm1f.c.obj (.econst)
                  0009022a    00000009     can.obj (.econst:_g_ui16CANBitValues)
                  00090233    00000001     --HOLE-- [fill = 0]
                  00090234    00000006     rts2800_fpu32.lib : s_scalbnf.c.obj (.econst)
                  0009023a    00000006                       : s_tanhf.c.obj (.econst)
                  00090240    00000004     main.obj (.econst:_AMK_SETPOINTS_IDS)
                  00090244    00000004     main.obj (.econst:_AMK_VAL_1_IDS)
                  00090248    00000004     main.obj (.econst:_AMK_VAL_2_IDS)
                  0009024c    00000003     main.obj (.econst)
                  0009024f    00000001     --HOLE-- [fill = 0]
                  00090250    00000002     ustdlib.obj (.econst)

CpuTimer0RegsFile 
*          1    00000c00    00000008     UNINITIALIZED
                  00000c00    00000008     F2837xD_GlobalVariableDefs.obj (CpuTimer0RegsFile)

CpuTimer1RegsFile 
*          1    00000c08    00000008     UNINITIALIZED
                  00000c08    00000008     F2837xD_GlobalVariableDefs.obj (CpuTimer1RegsFile)

CpuTimer2RegsFile 
*          1    00000c10    00000008     UNINITIALIZED
                  00000c10    00000008     F2837xD_GlobalVariableDefs.obj (CpuTimer2RegsFile)

PieCtrlRegsFile 
*          1    00000ce0    0000001a     UNINITIALIZED
                  00000ce0    0000001a     F2837xD_GlobalVariableDefs.obj (PieCtrlRegsFile)

PieVectTableFile 
*          1    00000d00    000001c0     UNINITIALIZED
                  00000d00    000001c0     F2837xD_GlobalVariableDefs.obj (PieVectTableFile)

EmuKeyVar 
*          1    00000d00    00000000     UNINITIALIZED

EmuBModeVar 
*          1    00000d00    00000000     UNINITIALIZED

EmuBootPinsVar 
*          1    00000d00    00000000     UNINITIALIZED

FlashCallbackVar 
*          1    00000d00    00000000     UNINITIALIZED

FlashScalingVar 
*          1    00000d00    00000000     UNINITIALIZED

DmaRegsFile 
*          1    00001000    000000e0     UNINITIALIZED
                  00001000    000000e0     F2837xD_GlobalVariableDefs.obj (DmaRegsFile)

Cla1RegsFile 
*          1    00001400    0000003e     UNINITIALIZED
                  00001400    0000003e     F2837xD_GlobalVariableDefs.obj (Cla1RegsFile)

Clb1LogicCfgRegsFile 
*          1    00003000    0000003e     UNINITIALIZED
                  00003000    0000003e     F2837xD_GlobalVariableDefs.obj (Clb1LogicCfgRegsFile)

Clb1LogicCtrlRegsFile 
*          1    00003100    00000040     UNINITIALIZED
                  00003100    00000040     F2837xD_GlobalVariableDefs.obj (Clb1LogicCtrlRegsFile)

Clb1DataExchRegsFile 
*          1    00003200    00000108     UNINITIALIZED
                  00003200    00000108     F2837xD_GlobalVariableDefs.obj (Clb1DataExchRegsFile)

Clb2LogicCfgRegsFile 
*          1    00003400    0000003e     UNINITIALIZED
                  00003400    0000003e     F2837xD_GlobalVariableDefs.obj (Clb2LogicCfgRegsFile)

Clb2LogicCtrlRegsFile 
*          1    00003500    00000040     UNINITIALIZED
                  00003500    00000040     F2837xD_GlobalVariableDefs.obj (Clb2LogicCtrlRegsFile)

Clb2DataExchRegsFile 
*          1    00003600    00000108     UNINITIALIZED
                  00003600    00000108     F2837xD_GlobalVariableDefs.obj (Clb2DataExchRegsFile)

Clb3LogicCfgRegsFile 
*          1    00003800    0000003e     UNINITIALIZED
                  00003800    0000003e     F2837xD_GlobalVariableDefs.obj (Clb3LogicCfgRegsFile)

Clb3LogicCtrlRegsFile 
*          1    00003900    00000040     UNINITIALIZED
                  00003900    00000040     F2837xD_GlobalVariableDefs.obj (Clb3LogicCtrlRegsFile)

Clb3DataExchRegsFile 
*          1    00003a00    00000108     UNINITIALIZED
                  00003a00    00000108     F2837xD_GlobalVariableDefs.obj (Clb3DataExchRegsFile)

Clb4LogicCfgRegsFile 
*          1    00003c00    0000003e     UNINITIALIZED
                  00003c00    0000003e     F2837xD_GlobalVariableDefs.obj (Clb4LogicCfgRegsFile)

Clb4LogicCtrlRegsFile 
*          1    00003d00    00000040     UNINITIALIZED
                  00003d00    00000040     F2837xD_GlobalVariableDefs.obj (Clb4LogicCtrlRegsFile)

Clb4DataExchRegsFile 
*          1    00003e00    00000108     UNINITIALIZED
                  00003e00    00000108     F2837xD_GlobalVariableDefs.obj (Clb4DataExchRegsFile)

EPwm1RegsFile 
*          1    00004000    00000100     UNINITIALIZED
                  00004000    00000100     F2837xD_GlobalVariableDefs.obj (EPwm1RegsFile)

EPwm2RegsFile 
*          1    00004100    00000100     UNINITIALIZED
                  00004100    00000100     F2837xD_GlobalVariableDefs.obj (EPwm2RegsFile)

EPwm3RegsFile 
*          1    00004200    00000100     UNINITIALIZED
                  00004200    00000100     F2837xD_GlobalVariableDefs.obj (EPwm3RegsFile)

EPwm4RegsFile 
*          1    00004300    00000100     UNINITIALIZED
                  00004300    00000100     F2837xD_GlobalVariableDefs.obj (EPwm4RegsFile)

EPwm5RegsFile 
*          1    00004400    00000100     UNINITIALIZED
                  00004400    00000100     F2837xD_GlobalVariableDefs.obj (EPwm5RegsFile)

EPwm6RegsFile 
*          1    00004500    00000100     UNINITIALIZED
                  00004500    00000100     F2837xD_GlobalVariableDefs.obj (EPwm6RegsFile)

EPwm7RegsFile 
*          1    00004600    00000100     UNINITIALIZED
                  00004600    00000100     F2837xD_GlobalVariableDefs.obj (EPwm7RegsFile)

EPwm8RegsFile 
*          1    00004700    00000100     UNINITIALIZED
                  00004700    00000100     F2837xD_GlobalVariableDefs.obj (EPwm8RegsFile)

EPwm9RegsFile 
*          1    00004800    00000100     UNINITIALIZED
                  00004800    00000100     F2837xD_GlobalVariableDefs.obj (EPwm9RegsFile)

EPwm10RegsFile 
*          1    00004900    00000100     UNINITIALIZED
                  00004900    00000100     F2837xD_GlobalVariableDefs.obj (EPwm10RegsFile)

EPwm11RegsFile 
*          1    00004a00    00000100     UNINITIALIZED
                  00004a00    00000100     F2837xD_GlobalVariableDefs.obj (EPwm11RegsFile)

EPwm12RegsFile 
*          1    00004b00    00000100     UNINITIALIZED
                  00004b00    00000100     F2837xD_GlobalVariableDefs.obj (EPwm12RegsFile)

ECap1RegsFile 
*          1    00005000    0000001a     UNINITIALIZED
                  00005000    0000001a     F2837xD_GlobalVariableDefs.obj (ECap1RegsFile)

ECap2RegsFile 
*          1    00005020    0000001a     UNINITIALIZED
                  00005020    0000001a     F2837xD_GlobalVariableDefs.obj (ECap2RegsFile)

ECap3RegsFile 
*          1    00005040    0000001a     UNINITIALIZED
                  00005040    0000001a     F2837xD_GlobalVariableDefs.obj (ECap3RegsFile)

ECap4RegsFile 
*          1    00005060    0000001a     UNINITIALIZED
                  00005060    0000001a     F2837xD_GlobalVariableDefs.obj (ECap4RegsFile)

ECap5RegsFile 
*          1    00005080    0000001a     UNINITIALIZED
                  00005080    0000001a     F2837xD_GlobalVariableDefs.obj (ECap5RegsFile)

ECap6RegsFile 
*          1    000050a0    0000001a     UNINITIALIZED
                  000050a0    0000001a     F2837xD_GlobalVariableDefs.obj (ECap6RegsFile)

EQep1RegsFile 
*          1    00005100    00000022     UNINITIALIZED
                  00005100    00000022     F2837xD_GlobalVariableDefs.obj (EQep1RegsFile)

EQep2RegsFile 
*          1    00005140    00000022     UNINITIALIZED
                  00005140    00000022     F2837xD_GlobalVariableDefs.obj (EQep2RegsFile)

EQep3RegsFile 
*          1    00005180    00000022     UNINITIALIZED
                  00005180    00000022     F2837xD_GlobalVariableDefs.obj (EQep3RegsFile)

DacaRegsFile 
*          1    00005c00    00000007     UNINITIALIZED
                  00005c00    00000007     F2837xD_GlobalVariableDefs.obj (DacaRegsFile)

DacbRegsFile 
*          1    00005c10    00000007     UNINITIALIZED
                  00005c10    00000007     F2837xD_GlobalVariableDefs.obj (DacbRegsFile)

DaccRegsFile 
*          1    00005c20    00000007     UNINITIALIZED
                  00005c20    00000007     F2837xD_GlobalVariableDefs.obj (DaccRegsFile)

Cmpss1RegsFile 
*          1    00005c80    0000001b     UNINITIALIZED
                  00005c80    0000001b     F2837xD_GlobalVariableDefs.obj (Cmpss1RegsFile)

Cmpss2RegsFile 
*          1    00005ca0    0000001b     UNINITIALIZED
                  00005ca0    0000001b     F2837xD_GlobalVariableDefs.obj (Cmpss2RegsFile)

Cmpss3RegsFile 
*          1    00005cc0    0000001b     UNINITIALIZED
                  00005cc0    0000001b     F2837xD_GlobalVariableDefs.obj (Cmpss3RegsFile)

Cmpss4RegsFile 
*          1    00005ce0    0000001b     UNINITIALIZED
                  00005ce0    0000001b     F2837xD_GlobalVariableDefs.obj (Cmpss4RegsFile)

Cmpss5RegsFile 
*          1    00005d00    0000001b     UNINITIALIZED
                  00005d00    0000001b     F2837xD_GlobalVariableDefs.obj (Cmpss5RegsFile)

Cmpss6RegsFile 
*          1    00005d20    0000001b     UNINITIALIZED
                  00005d20    0000001b     F2837xD_GlobalVariableDefs.obj (Cmpss6RegsFile)

Cmpss7RegsFile 
*          1    00005d40    0000001b     UNINITIALIZED
                  00005d40    0000001b     F2837xD_GlobalVariableDefs.obj (Cmpss7RegsFile)

Cmpss8RegsFile 
*          1    00005d60    0000001b     UNINITIALIZED
                  00005d60    0000001b     F2837xD_GlobalVariableDefs.obj (Cmpss8RegsFile)

Sdfm1RegsFile 
*          1    00005e00    00000048     UNINITIALIZED
                  00005e00    00000048     F2837xD_GlobalVariableDefs.obj (Sdfm1RegsFile)

Sdfm2RegsFile 
*          1    00005e80    00000048     UNINITIALIZED
                  00005e80    00000048     F2837xD_GlobalVariableDefs.obj (Sdfm2RegsFile)

McbspaRegsFile 
*          1    00006000    00000024     UNINITIALIZED
                  00006000    00000024     F2837xD_GlobalVariableDefs.obj (McbspaRegsFile)

McbspbRegsFile 
*          1    00006040    00000024     UNINITIALIZED
                  00006040    00000024     F2837xD_GlobalVariableDefs.obj (McbspbRegsFile)

SpiaRegsFile 
*          1    00006100    00000010     UNINITIALIZED
                  00006100    00000010     F2837xD_GlobalVariableDefs.obj (SpiaRegsFile)

SpibRegsFile 
*          1    00006110    00000010     UNINITIALIZED
                  00006110    00000010     F2837xD_GlobalVariableDefs.obj (SpibRegsFile)

SpicRegsFile 
*          1    00006120    00000010     UNINITIALIZED
                  00006120    00000010     F2837xD_GlobalVariableDefs.obj (SpicRegsFile)

WdRegsFile 
*          1    00007000    0000002b     UNINITIALIZED
                  00007000    0000002b     F2837xD_GlobalVariableDefs.obj (WdRegsFile)

NmiIntruptRegsFile 
*          1    00007060    00000007     UNINITIALIZED
                  00007060    00000007     F2837xD_GlobalVariableDefs.obj (NmiIntruptRegsFile)

XintRegsFile 
*          1    00007070    0000000b     UNINITIALIZED
                  00007070    0000000b     F2837xD_GlobalVariableDefs.obj (XintRegsFile)

SciaRegsFile 
*          1    00007200    00000010     UNINITIALIZED
                  00007200    00000010     F2837xD_GlobalVariableDefs.obj (SciaRegsFile)

ScibRegsFile 
*          1    00007210    00000010     UNINITIALIZED
                  00007210    00000010     F2837xD_GlobalVariableDefs.obj (ScibRegsFile)

ScicRegsFile 
*          1    00007220    00000010     UNINITIALIZED
                  00007220    00000010     F2837xD_GlobalVariableDefs.obj (ScicRegsFile)

ScidRegsFile 
*          1    00007230    00000010     UNINITIALIZED
                  00007230    00000010     F2837xD_GlobalVariableDefs.obj (ScidRegsFile)

I2caRegsFile 
*          1    00007300    00000022     UNINITIALIZED
                  00007300    00000022     F2837xD_GlobalVariableDefs.obj (I2caRegsFile)

I2cbRegsFile 
*          1    00007340    00000022     UNINITIALIZED
                  00007340    00000022     F2837xD_GlobalVariableDefs.obj (I2cbRegsFile)

DmaClaSrcSelRegsFile 
*          1    00007980    0000001a     UNINITIALIZED
                  00007980    0000001a     F2837xD_GlobalVariableDefs.obj (DmaClaSrcSelRegsFile)

GpioDataRegsFile 
*          1    00007f00    00000030     UNINITIALIZED
                  00007f00    00000030     F2837xD_GlobalVariableDefs.obj (GpioDataRegsFile)

Emif1RegsFile 
*          1    00047000    00000028     UNINITIALIZED
                  00047000    00000028     F2837xD_GlobalVariableDefs.obj (Emif1RegsFile)

Emif2RegsFile 
*          1    00047800    00000028     UNINITIALIZED
                  00047800    00000028     F2837xD_GlobalVariableDefs.obj (Emif2RegsFile)

CanaRegsFile 
*          1    00048000    00000164     UNINITIALIZED
                  00048000    00000164     F2837xD_GlobalVariableDefs.obj (CanaRegsFile)

CanbRegsFile 
*          1    0004a000    00000164     UNINITIALIZED
                  0004a000    00000164     F2837xD_GlobalVariableDefs.obj (CanbRegsFile)

IpcRegsFile 
*          1    00050000    00000024     UNINITIALIZED
                  00050000    00000024     F2837xD_GlobalVariableDefs.obj (IpcRegsFile)

FlashPumpSemaphoreRegsFile 
*          1    00050024    00000002     UNINITIALIZED
                  00050024    00000002     F2837xD_GlobalVariableDefs.obj (FlashPumpSemaphoreRegsFile)

ClkCfgRegsFile 
*          1    0005d200    00000032     UNINITIALIZED
                  0005d200    00000032     F2837xD_GlobalVariableDefs.obj (ClkCfgRegsFile)

CpuSysRegsFile 
*          1    0005d300    00000082     UNINITIALIZED
                  0005d300    00000082     F2837xD_GlobalVariableDefs.obj (CpuSysRegsFile)

DcsmZ1RegsFile 
*          1    0005f000    00000022     UNINITIALIZED
                  0005f000    00000022     F2837xD_GlobalVariableDefs.obj (DcsmZ1RegsFile)

DcsmZ2RegsFile 
*          1    0005f040    00000022     UNINITIALIZED
                  0005f040    00000022     F2837xD_GlobalVariableDefs.obj (DcsmZ2RegsFile)

DcsmCommonRegsFile 
*          1    0005f070    00000006     UNINITIALIZED
                  0005f070    00000006     F2837xD_GlobalVariableDefs.obj (DcsmCommonRegsFile)

MemCfgRegsFile 
*          1    0005f400    00000076     UNINITIALIZED
                  0005f400    00000076     F2837xD_GlobalVariableDefs.obj (MemCfgRegsFile)

AccessProtectionRegsFile 
*          1    0005f4c0    0000002e     UNINITIALIZED
                  0005f4c0    0000002e     F2837xD_GlobalVariableDefs.obj (AccessProtectionRegsFile)

MemoryErrorRegsFile 
*          1    0005f500    0000003a     UNINITIALIZED
                  0005f500    0000003a     F2837xD_GlobalVariableDefs.obj (MemoryErrorRegsFile)

Flash0CtrlRegsFile 
*          1    0005f800    00000182     UNINITIALIZED
                  0005f800    00000182     F2837xD_GlobalVariableDefs.obj (Flash0CtrlRegsFile)

Flash0EccRegsFile 
*          1    0005fb00    00000028     UNINITIALIZED
                  0005fb00    00000028     F2837xD_GlobalVariableDefs.obj (Flash0EccRegsFile)

RomPrefetchRegsFile 
*          1    0005e608    00000002     UNINITIALIZED
                  0005e608    00000002     F2837xD_GlobalVariableDefs.obj (RomPrefetchRegsFile)

.ebss      1    0000a800    000003fb     UNINITIALIZED
                  0000a800    000000e2     main.obj (.ebss)
                  0000a8e2    0000001c     main.obj (.ebss:_motorSetP)
                  0000a8fe    00000002     rts2800_fpu32.lib : _lock.c.obj (.ebss:__lock)
                  0000a900    00000040     main.obj (.ebss:_motorVal1)
                  0000a940    00000040     main.obj (.ebss:_motorVal1_shared)
                  0000a980    00000028     main.obj (.ebss:_RXCANB_AmkVal1_Message)
                  0000a9a8    00000018     F2837xD_CpuTimers.obj (.ebss)
                  0000a9c0    00000028     main.obj (.ebss:_RXCANB_AmkVal2_Message)
                  0000a9e8    00000016     driver_input.obj (.ebss)
                  0000a9fe    00000002     rts2800_fpu32.lib : _lock.c.obj (.ebss:__unlock)
                  0000aa00    00000028     main.obj (.ebss:_TXCANB_Setpoints_Message)
                  0000aa28    00000014     main.obj (.ebss:_brakes)
                  0000aa3c    00000004     main.obj (.ebss:_hvCounter)
                  0000aa40    00000020     main.obj (.ebss:_CAN_AMK_SET_POINT)
                  0000aa60    00000020     main.obj (.ebss:_TXB_Setpoints_Data)
                  0000aa80    00000020     main.obj (.ebss:_motorVal2)
                  0000aaa0    00000020     main.obj (.ebss:_motorVal2_shared)
                  0000aac0    00000020     main.obj (.ebss:_posTorqueCandidate)
                  0000aae0    0000001c     main.obj (.ebss:_motorSetP_shared)
                  0000aafc    00000004     main.obj (.ebss:_inverterHV)
                  0000ab00    0000001a     launch_controller.obj (.ebss)
                  0000ab1a    00000014     main.obj (.ebss:_steerings)
                  0000ab2e    00000008     main.obj (.ebss:_AMK_TorqueLimitNegative)
                  0000ab36    00000008     main.obj (.ebss:_AMK_TorqueLimitPositive)
                  0000ab3e    00000002     can_management.obj (.ebss)
                  0000ab40    00000014     main.obj (.ebss:_throttles)
                  0000ab54    00000008     main.obj (.ebss:_RXA_Imu_Data)
                  0000ab5c    00000008     main.obj (.ebss:_RXA_Sendyne_Data)
                  0000ab64    00000008     main.obj (.ebss:_RXB_AmkVal_Data)
                  0000ab6c    00000008     main.obj (.ebss:_Temps)
                  0000ab74    00000008     main.obj (.ebss:_Temps_shared)
                  0000ab7c    00000004     main.obj (.ebss:_inverterRF)
                  0000ab80    00000008     main.obj (.ebss:_fz)
                  0000ab88    00000008     main.obj (.ebss:_motorSpeeds)
                  0000ab90    00000008     main.obj (.ebss:_negTorqueCandidate)
                  0000ab98    00000008     main.obj (.ebss:_negTorquesNM)
                  0000aba0    00000008     main.obj (.ebss:_posTorquesNM)
                  0000aba8    00000008     main.obj (.ebss:_powersetup)
                  0000abb0    00000008     main.obj (.ebss:_presets)
                  0000abb8    00000008     main.obj (.ebss:_re)
                  0000abc0    00000008     main.obj (.ebss:_repFz)
                  0000abc8    00000008     main.obj (.ebss:_steers)
                  0000abd0    00000006     main.obj (.ebss:_RXA_BmsTemp_Data)
                  0000abd6    00000006     main.obj (.ebss:_RXA_BmsVol_Data)
                  0000abdc    00000006     main.obj (.ebss:_accelerations)
                  0000abe2    00000006     main.obj (.ebss:_omegas)
                  0000abe8    00000006     rts2800_fpu32.lib : exit.c.obj (.ebss)
                  0000abee    00000004     main.obj (.ebss:_motorInitialized)
                  0000abf2    00000004     main.obj (.ebss:_rfCounter)
                  0000abf6    00000001     main.obj (.ebss:_RXA_PwCtrl_Data)
                  0000abf7    00000001     main.obj (.ebss:_RXA_Wheel_Data)
                  0000abf8    00000001     rts2800_fpu32.lib : errno.c.obj (.ebss)
                  0000abf9    00000001     timer_management.obj (.ebss)
                  0000abfa    00000001     ustdlib.obj (.ebss)

MODULE SUMMARY

       Module                           code    initialized data   uninitialized data
       ------                           ----    ----------------   ------------------
    .\
       F2837xD_GlobalVariableDefs.obj   0       0                  8768              
       car_management.obj               1593    0                  0                 
       main.obj                         165     214                1117              
       F2837xD_DefaultISR.obj           1413    0                  0                 
       motor_management.obj             1376    0                  0                 
       can.obj                          1314    9                  0                 
       torque_management.obj            1319    0                  0                 
       can_management.obj               954     0                  2                 
       F2837xD_SysCtrl.obj              708     0                  0                 
       driver_input.obj                 597     4                  22                
       F2837xD_PieVect.obj              38      448                0                 
       interrupt.obj                    473     0                  0                 
       adc_management.obj               455     0                  0                 
       timer_management.obj             402     4                  1                 
       epwm_management.obj              262     0                  0                 
       F2837xD_Adc.obj                  240     0                  0                 
       utils.obj                        195     0                  0                 
       power_controller.obj             180     0                  0                 
       F2837xD_CpuTimers.obj            124     0                  24                
       GPIO_management.obj              134     0                  0                 
       launch_controller.obj            0       64                 26                
       F2837xD_Gpio.obj                 53      0                  0                 
       F2837xD_PieCtrl.obj              40      0                  0                 
       ustdlib.obj                      0       30                 1                 
       F2837xD_CodeStartBranch.obj      10      0                  0                 
       F2837xD_usDelay.obj              8       0                  0                 
    +--+--------------------------------+-------+------------------+--------------------+
       Total:                           12053   773                9961              
                                                                                     
    C:/ti/ccs1011/ccs/tools/compiler/ti-cgt-c2000_20.2.1.LTS/lib/rts2800_fpu32.lib
       ti_fmax.c.obj                    428     0                  0                 
       e_logf.c.obj                     299     16                 0                 
       fs_div28.asm.obj                 136     0                  0                 
       s_cosf.c.obj                     99      0                  0                 
       s_tanf.c.obj                     98      0                  0                 
       boot28.asm.obj                   86      0                  0                 
       exit.c.obj                       41      14                 6                 
       e_powf.c.obj                     0       50                 0                 
       fd_cmp28.asm.obj                 42      0                  0                 
       cpy_tbl.c.obj                    36      0                  0                 
       i_div28.asm.obj                  34      0                  0                 
       ll_cmp28.asm.obj                 30      0                  0                 
       memcpy.c.obj                     29      0                  0                 
       ll_aox28.asm.obj                 24      0                  0                 
       _lock.c.obj                      9       10                 4                 
       args_main.c.obj                  18      0                  0                 
       s_expm1f.c.obj                   0       16                 0                 
       s_scalbnf.c.obj                  0       6                  0                 
       s_tanhf.c.obj                    0       6                  0                 
       errno.c.obj                      0       4                  1                 
       pre_init.c.obj                   2       0                  0                 
       startup.c.obj                    1       0                  0                 
    +--+--------------------------------+-------+------------------+--------------------+
       Total:                           1412    122                11                
                                                                                     
       Stack:                           0       0                  1016              
    +--+--------------------------------+-------+------------------+--------------------+
       Grand Total:                     13465   895                10988             


GLOBAL DATA SYMBOLS: SORTED BY DATA PAGE

address     data page           name
--------    ----------------    ----
00000400      10 (00000400)     __stack

00000b00      2c (00000b00)     _AdcaResultRegs
00000b20      2c (00000b00)     _AdcbResultRegs

00000b40      2d (00000b40)     _AdccResultRegs
00000b60      2d (00000b40)     _AdcdResultRegs

00000c00      30 (00000c00)     _CpuTimer0Regs
00000c08      30 (00000c00)     _CpuTimer1Regs
00000c10      30 (00000c00)     _CpuTimer2Regs

00000ce0      33 (00000cc0)     _PieCtrlRegs

00000d00      34 (00000d00)     _PieVectTable

00001000      40 (00001000)     _DmaRegs

00001400      50 (00001400)     _Cla1Regs

00003000      c0 (00003000)     _Clb1LogicCfgRegs

00003100      c4 (00003100)     _Clb1LogicCtrlRegs

00003200      c8 (00003200)     _Clb1DataExchRegs

00003400      d0 (00003400)     _Clb2LogicCfgRegs

00003500      d4 (00003500)     _Clb2LogicCtrlRegs

00003600      d8 (00003600)     _Clb2DataExchRegs

00003800      e0 (00003800)     _Clb3LogicCfgRegs

00003900      e4 (00003900)     _Clb3LogicCtrlRegs

00003a00      e8 (00003a00)     _Clb3DataExchRegs

00003c00      f0 (00003c00)     _Clb4LogicCfgRegs

00003d00      f4 (00003d00)     _Clb4LogicCtrlRegs

00003e00      f8 (00003e00)     _Clb4DataExchRegs

00004000     100 (00004000)     _EPwm1Regs

00004100     104 (00004100)     _EPwm2Regs

00004200     108 (00004200)     _EPwm3Regs

00004300     10c (00004300)     _EPwm4Regs

00004400     110 (00004400)     _EPwm5Regs

00004500     114 (00004500)     _EPwm6Regs

00004600     118 (00004600)     _EPwm7Regs

00004700     11c (00004700)     _EPwm8Regs

00004800     120 (00004800)     _EPwm9Regs

00004900     124 (00004900)     _EPwm10Regs

00004a00     128 (00004a00)     _EPwm11Regs

00004b00     12c (00004b00)     _EPwm12Regs

00005000     140 (00005000)     _ECap1Regs
00005020     140 (00005000)     _ECap2Regs

00005040     141 (00005040)     _ECap3Regs
00005060     141 (00005040)     _ECap4Regs

00005080     142 (00005080)     _ECap5Regs
000050a0     142 (00005080)     _ECap6Regs

00005100     144 (00005100)     _EQep1Regs

00005140     145 (00005140)     _EQep2Regs

00005180     146 (00005180)     _EQep3Regs

00005c00     170 (00005c00)     _DacaRegs
00005c10     170 (00005c00)     _DacbRegs
00005c20     170 (00005c00)     _DaccRegs

00005c80     172 (00005c80)     _Cmpss1Regs
00005ca0     172 (00005c80)     _Cmpss2Regs

00005cc0     173 (00005cc0)     _Cmpss3Regs
00005ce0     173 (00005cc0)     _Cmpss4Regs

00005d00     174 (00005d00)     _Cmpss5Regs
00005d20     174 (00005d00)     _Cmpss6Regs

00005d40     175 (00005d40)     _Cmpss7Regs
00005d60     175 (00005d40)     _Cmpss8Regs

00005e00     178 (00005e00)     _Sdfm1Regs

00005e80     17a (00005e80)     _Sdfm2Regs

00006000     180 (00006000)     _McbspaRegs

00006040     181 (00006040)     _McbspbRegs

00006100     184 (00006100)     _SpiaRegs
00006110     184 (00006100)     _SpibRegs
00006120     184 (00006100)     _SpicRegs

00007000     1c0 (00007000)     _WdRegs

00007060     1c1 (00007040)     _NmiIntruptRegs
00007070     1c1 (00007040)     _XintRegs

00007200     1c8 (00007200)     _SciaRegs
00007210     1c8 (00007200)     _ScibRegs
00007220     1c8 (00007200)     _ScicRegs
00007230     1c8 (00007200)     _ScidRegs

00007300     1cc (00007300)     _I2caRegs

00007340     1cd (00007340)     _I2cbRegs

00007400     1d0 (00007400)     _AdcaRegs

00007480     1d2 (00007480)     _AdcbRegs

00007500     1d4 (00007500)     _AdccRegs

00007580     1d6 (00007580)     _AdcdRegs

00007980     1e6 (00007980)     _DmaClaSrcSelRegs

00007f00     1fc (00007f00)     _GpioDataRegs

0000a800     2a0 (0000a800)     _counter
0000a801     2a0 (0000a800)     _driving_configuration
0000a802     2a0 (0000a800)     _R2D_first_state
0000a803     2a0 (0000a800)     _R2D_state
0000a804     2a0 (0000a800)     _brk_disconnected
0000a805     2a0 (0000a800)     _value
0000a806     2a0 (0000a800)     _RTDS_STATE
0000a807     2a0 (0000a800)     _OIL_PUMP_STATE
0000a808     2a0 (0000a800)     _WAT_PUMP_STATE
0000a809     2a0 (0000a800)     _FAN_STATE
0000a80a     2a0 (0000a800)     _pump
0000a80b     2a0 (0000a800)     _stopPumpLimit
0000a80c     2a0 (0000a800)     _enablePumpLimit
0000a80d     2a0 (0000a800)     _leftFanSpeed
0000a80e     2a0 (0000a800)     _rightFanSpeed
0000a80f     2a0 (0000a800)     _temp_warning
0000a810     2a0 (0000a800)     _status
0000a811     2a0 (0000a800)     _actualVelocityRPM
0000a812     2a0 (0000a800)     _brake
0000a813     2a0 (0000a800)     _steering
0000a814     2a0 (0000a800)     _throttle
0000a815     2a0 (0000a800)     _implBrakeAndThrottle
0000a816     2a0 (0000a800)     _checkPower
0000a817     2a0 (0000a800)     _str
0000a818     2a0 (0000a800)     _powerOK
0000a819     2a0 (0000a800)     _enableMotor
0000a81a     2a0 (0000a800)     _velocityRef
0000a81b     2a0 (0000a800)     _throttleReq
0000a81c     2a0 (0000a800)     _brakeReq
0000a81d     2a0 (0000a800)     _drivingMode
0000a81e     2a0 (0000a800)     _cpuTimer0IntCount
0000a81f     2a0 (0000a800)     _cpuTimer1IntCount
0000a820     2a0 (0000a800)     _cpuTimer2IntCount
0000a821     2a0 (0000a800)     _errorFrameCounterB
0000a822     2a0 (0000a800)     _errorFrameCounterA
0000a823     2a0 (0000a800)     _Imd_State
0000a824     2a0 (0000a800)     _Bms_State
0000a825     2a0 (0000a800)     _Sdc1_State
0000a826     2a0 (0000a800)     _Sdc2_State
0000a827     2a0 (0000a800)     _Sdc3_State
0000a828     2a0 (0000a800)     _Sdc4_State
0000a829     2a0 (0000a800)     _Sdc5_State
0000a82a     2a0 (0000a800)     _Sdc6_State
0000a82b     2a0 (0000a800)     _Acc2_temp
0000a82c     2a0 (0000a800)     _CurrSens_temp
0000a82d     2a0 (0000a800)     _Acc1_temp
0000a82e     2a0 (0000a800)     _BrakeClean_temp
0000a82f     2a0 (0000a800)     _BrakePress_temp
0000a830     2a0 (0000a800)     _Steering_temp
0000a831     2a0 (0000a800)     _TempRadOutLC_temp
0000a832     2a0 (0000a800)     _TempRadOutRC_temp
0000a833     2a0 (0000a800)     _TempRadInLC_temp
0000a834     2a0 (0000a800)     _TempRadInRC_temp
0000a835     2a0 (0000a800)     _increment
0000a836     2a0 (0000a800)     _setupOk
0000a837     2a0 (0000a800)     _loopCounter
0000a838     2a0 (0000a800)     _sendyne_current
0000a83a     2a0 (0000a800)     _sendyne_voltage
0000a83c     2a0 (0000a800)     _reassembled_data
0000a83e     2a0 (0000a800)     _max_bms_voltage

0000a840     2a1 (0000a840)     _min_bms_voltage
0000a842     2a1 (0000a840)     _mean_bms_voltage
0000a844     2a1 (0000a840)     _max_bms_temp
0000a846     2a1 (0000a840)     _min_bms_temp
0000a848     2a1 (0000a840)     _mean_bms_temp
0000a84a     2a1 (0000a840)     _actualVelocityKMH
0000a84c     2a1 (0000a840)     _th
0000a84e     2a1 (0000a840)     _brk
0000a850     2a1 (0000a840)     _ax
0000a852     2a1 (0000a840)     _ay
0000a854     2a1 (0000a840)     _yaw_r
0000a856     2a1 (0000a840)     _speedTv
0000a858     2a1 (0000a840)     _total_power
0000a85a     2a1 (0000a840)     _power_error
0000a85c     2a1 (0000a840)     _anti_wind_up
0000a85e     2a1 (0000a840)     _reduction_factor
0000a860     2a1 (0000a840)     _power_limit
0000a862     2a1 (0000a840)     _pinValue
0000a864     2a1 (0000a840)     _errorFlag
0000a866     2a1 (0000a840)     _rxBMsgCount
0000a868     2a1 (0000a840)     _rxAMsgCount
0000a86a     2a1 (0000a840)     _fanspeed_log
0000a86c     2a1 (0000a840)     _status_log
0000a872     2a1 (0000a840)     _sendyne_log

0000a880     2a2 (0000a880)     _gpio_log
0000a888     2a2 (0000a880)     _RXCANA_Imu_Message
0000a892     2a2 (0000a880)     _RXCANA_Sendyne_Message
0000a89c     2a2 (0000a880)     _RXCANA_BmsVol_Message
0000a8a6     2a2 (0000a880)     _RXCANA_BmsTemp_Message
0000a8b0     2a2 (0000a880)     _RXCANA_PwCtrl_Message

0000a8c0     2a3 (0000a8c0)     _RXCANA_Wheel_Message
0000a8ca     2a3 (0000a8c0)     _bms_log
0000a8d6     2a3 (0000a8c0)     _imu_log
0000a8e2     2a3 (0000a8c0)     _motorSetP
0000a8fe     2a3 (0000a8c0)     __lock

0000a900     2a4 (0000a900)     _motorVal1

0000a940     2a5 (0000a940)     _motorVal1_shared

0000a980     2a6 (0000a980)     _RXCANB_AmkVal1_Message
0000a9a8     2a6 (0000a980)     _CpuTimer0
0000a9b0     2a6 (0000a980)     _CpuTimer1
0000a9b8     2a6 (0000a980)     _CpuTimer2

0000a9c0     2a7 (0000a9c0)     _RXCANB_AmkVal2_Message
0000a9e8     2a7 (0000a9c0)     _implausibilityCounter
0000a9e9     2a7 (0000a9c0)     _temp
0000a9ea     2a7 (0000a9c0)     _AccPot1
0000a9ec     2a7 (0000a9c0)     _AccPot2
0000a9ee     2a7 (0000a9c0)     _BrkPot
0000a9f0     2a7 (0000a9c0)     _acc1Pos
0000a9f2     2a7 (0000a9c0)     _acc2Pos
0000a9f4     2a7 (0000a9c0)     _brkPos
0000a9f6     2a7 (0000a9c0)     _strPot
0000a9f8     2a7 (0000a9c0)     _brkAbsPos
0000a9fa     2a7 (0000a9c0)     _currSensVal
0000a9fc     2a7 (0000a9c0)     _analogMuxVal
0000a9fe     2a7 (0000a9c0)     __unlock

0000aa00     2a8 (0000aa00)     _TXCANB_Setpoints_Message
0000aa28     2a8 (0000aa00)     _brakes
0000aa3c     2a8 (0000aa00)     _hvCounter

0000aa40     2a9 (0000aa40)     _CAN_AMK_SET_POINT
0000aa60     2a9 (0000aa40)     _TXB_Setpoints_Data

0000aa80     2aa (0000aa80)     _motorVal2
0000aaa0     2aa (0000aa80)     _motorVal2_shared

0000aac0     2ab (0000aac0)     _posTorqueCandidate
0000aae0     2ab (0000aac0)     _motorSetP_shared
0000aafc     2ab (0000aac0)     _inverterHV

0000ab00     2ac (0000ab00)     _LC
0000ab02     2ac (0000ab00)     _nu1
0000ab04     2ac (0000ab00)     _nu2
0000ab06     2ac (0000ab00)     _nu3
0000ab08     2ac (0000ab00)     _nu4
0000ab0a     2ac (0000ab00)     _nu5
0000ab0c     2ac (0000ab00)     _nu6
0000ab0e     2ac (0000ab00)     _alpha0
0000ab10     2ac (0000ab00)     _alpha1
0000ab12     2ac (0000ab00)     _alpha2
0000ab14     2ac (0000ab00)     _alpha3
0000ab16     2ac (0000ab00)     _alpha4
0000ab18     2ac (0000ab00)     _alpha5
0000ab1a     2ac (0000ab00)     _steerings
0000ab2e     2ac (0000ab00)     _AMK_TorqueLimitNegative
0000ab36     2ac (0000ab00)     _AMK_TorqueLimitPositive
0000ab3e     2ac (0000ab00)     _gg

0000ab40     2ad (0000ab40)     _throttles
0000ab54     2ad (0000ab40)     _RXA_Imu_Data
0000ab5c     2ad (0000ab40)     _RXA_Sendyne_Data
0000ab64     2ad (0000ab40)     _RXB_AmkVal_Data
0000ab6c     2ad (0000ab40)     _Temps
0000ab74     2ad (0000ab40)     _Temps_shared
0000ab7c     2ad (0000ab40)     _inverterRF

0000ab80     2ae (0000ab80)     _fz
0000ab88     2ae (0000ab80)     _motorSpeeds
0000ab90     2ae (0000ab80)     _negTorqueCandidate
0000ab98     2ae (0000ab80)     _negTorquesNM
0000aba0     2ae (0000ab80)     _posTorquesNM
0000aba8     2ae (0000ab80)     _powersetup
0000abb0     2ae (0000ab80)     _presets
0000abb8     2ae (0000ab80)     _re

0000abc0     2af (0000abc0)     _repFz
0000abc8     2af (0000abc0)     _steers
0000abd0     2af (0000abc0)     _RXA_BmsTemp_Data
0000abd6     2af (0000abc0)     _RXA_BmsVol_Data
0000abdc     2af (0000abc0)     _accelerations
0000abe2     2af (0000abc0)     _omegas
0000abe8     2af (0000abc0)     ___TI_enable_exit_profile_output
0000abea     2af (0000abc0)     ___TI_cleanup_ptr
0000abec     2af (0000abc0)     ___TI_dtors_ptr
0000abee     2af (0000abc0)     _motorInitialized
0000abf2     2af (0000abc0)     _rfCounter
0000abf6     2af (0000abc0)     _RXA_PwCtrl_Data
0000abf7     2af (0000abc0)     _RXA_Wheel_Data
0000abf8     2af (0000abc0)     _errno
0000abf9     2af (0000abc0)     _h

0000d000     340 (0000d000)     _sh

0000e000     380 (0000e000)     _time_elapsed

0001a000     680 (0001a000)     _display

00047000    11c0 (00047000)     _Emif1Regs

00047800    11e0 (00047800)     _Emif2Regs

00048000    1200 (00048000)     _CanaRegs

0004a000    1280 (0004a000)     _CanbRegs

00050000    1400 (00050000)     _IpcRegs
00050024    1400 (00050000)     _FlashPumpSemaphoreRegs

0005d200    1748 (0005d200)     _ClkCfgRegs

0005d300    174c (0005d300)     _CpuSysRegs

0005e608    1798 (0005e600)     _RomPrefetchRegs

0005f000    17c0 (0005f000)     _DcsmZ1Regs

0005f040    17c1 (0005f040)     _DcsmZ2Regs
0005f070    17c1 (0005f040)     _DcsmCommonRegs

0005f400    17d0 (0005f400)     _MemCfgRegs

0005f4c0    17d3 (0005f4c0)     _AccessProtectionRegs

0005f500    17d4 (0005f500)     _MemoryErrorRegs

0005f800    17e0 (0005f800)     _Flash0CtrlRegs

0005fb00    17ec (0005fb00)     _Flash0EccRegs

00090000    2400 (00090000)     _PieVectTableInit

00090240    2409 (00090240)     _AMK_SETPOINTS_IDS
00090244    2409 (00090240)     _AMK_VAL_1_IDS
00090248    2409 (00090240)     _AMK_VAL_2_IDS
0009024c    2409 (00090240)     _filterValCount
0009024d    2409 (00090240)     _filterDiscardCount
0009024e    2409 (00090240)     _STEERING_DEADBAND


GLOBAL SYMBOLS: SORTED ALPHABETICALLY BY Name 

page  address   name                            
----  -------   ----                            
0     00098000  .text                           
0     0009b2dc  C$$EXIT                         
0     0009b2b2  FD$$CMP                         
0     0009af89  FS$$DIV                         
0     0009b377  I$$DIV                          
0     0009b388  I$$MOD                          
0     0009b3d4  LL$$AND                         
0     0009b399  LL$$CMP                         
0     0009b3dc  LL$$OR                          
0     0009b3e4  LL$$XOR                         
0     0009b3ab  ULL$$CMP                        
0     000986f7  _ADCA1_ISR                      
0     00098977  _ADCA2_ISR                      
0     00098981  _ADCA3_ISR                      
0     0009898b  _ADCA4_ISR                      
0     0009896d  _ADCA_EVT_ISR                   
0     00098701  _ADCB1_ISR                      
0     0009899f  _ADCB2_ISR                      
0     000989a9  _ADCB3_ISR                      
0     000989b3  _ADCB4_ISR                      
0     00098995  _ADCB_EVT_ISR                   
0     0009870b  _ADCC1_ISR                      
0     00098b07  _ADCC2_ISR                      
0     00098b11  _ADCC3_ISR                      
0     00098b1b  _ADCC4_ISR                      
0     00098afd  _ADCC_EVT_ISR                   
0     00098729  _ADCD1_ISR                      
0     00098b2f  _ADCD2_ISR                      
0     00098b39  _ADCD3_ISR                      
0     00098b43  _ADCD4_ISR                      
0     00098b25  _ADCD_EVT_ISR                   
0     00090240  _AMK_SETPOINTS_IDS              
1     0000ab2e  _AMK_TorqueLimitNegative        
1     0000ab36  _AMK_TorqueLimitPositive        
0     00090244  _AMK_VAL_1_IDS                  
0     00090248  _AMK_VAL_2_IDS                  
0     00098b7f  _AUX_PLL_SLIP_ISR               
1     0000a82d  _Acc1_temp                      
1     0000a82b  _Acc2_temp                      
1     0000a9ea  _AccPot1                        
1     0000a9ec  _AccPot2                        
1     0005f4c0  _AccessProtectionRegs           
0     0009ac7d  _AdcSetMode                     
1     00007400  _AdcaRegs                       
1     00000b00  _AdcaResultRegs                 
1     00007480  _AdcbRegs                       
1     00000b20  _AdcbResultRegs                 
1     00007500  _AdccRegs                       
1     00000b40  _AdccResultRegs                 
1     00007580  _AdcdRegs                       
1     00000b60  _AdcdResultRegs                 
0     00099d99  _AuxAuxClkSel                   
0     00099d83  _AuxIntOsc2Sel                  
0     00099d8d  _AuxXtalOscSel                  
1     0000a824  _Bms_State                      
1     0000a82e  _BrakeClean_temp                
1     0000a82f  _BrakePress_temp                
1     0000a9ee  _BrkPot                         
0     00098945  _CANA0_ISR                      
0     0009894f  _CANA1_ISR                      
0     00098959  _CANB0_ISR                      
0     00098963  _CANB1_ISR                      
0     000997c6  _CANBitRateSet                  
0     0009979b  _CANBitTimingGet                
0     00099833  _CANBitTimingSet                
0     00099774  _CANClkSourceSelect             
0     0009976c  _CANDisable                     
0     00099763  _CANEnable                      
0     0009993d  _CANErrCntrGet                  
0     00099b51  _CANGlobalIntClear              
0     00099b47  _CANGlobalIntDisable            
0     00099b3e  _CANGlobalIntEnable             
0     00099b5a  _CANGlobalIntstatusGet          
0     000996b6  _CANInit                        
0     000998d1  _CANIntClear                    
0     000998a7  _CANIntDisable                  
0     00099899  _CANIntEnable                   
0     0009987c  _CANIntRegister                 
0     000998b7  _CANIntStatus                   
0     0009988c  _CANIntUnregister               
0     00099b18  _CANMessageClear                
0     00099a44  _CANMessageGet                  
0     00099958  _CANMessageSet                  
0     0009990b  _CANRetryGet                    
0     000998fa  _CANRetrySet                    
0     00099915  _CANStatusGet                   
1     0000aa40  _CAN_AMK_SET_POINT              
0     000989bd  _CLA1_1_ISR                     
0     000989c7  _CLA1_2_ISR                     
0     000989d1  _CLA1_3_ISR                     
0     000989db  _CLA1_4_ISR                     
0     000989e5  _CLA1_5_ISR                     
0     000989ef  _CLA1_6_ISR                     
0     000989f9  _CLA1_7_ISR                     
0     00098a03  _CLA1_8_ISR                     
0     00098b89  _CLA_OVERFLOW_ISR               
0     00098b93  _CLA_UNDERFLOW_ISR              
0     0009ad33  _CalAdcINL                      
1     00048000  _CanaRegs                       
1     0004a000  _CanbRegs                       
1     00001400  _Cla1Regs                       
1     00003200  _Clb1DataExchRegs               
1     00003000  _Clb1LogicCfgRegs               
1     00003100  _Clb1LogicCtrlRegs              
1     00003600  _Clb2DataExchRegs               
1     00003400  _Clb2LogicCfgRegs               
1     00003500  _Clb2LogicCtrlRegs              
1     00003a00  _Clb3DataExchRegs               
1     00003800  _Clb3LogicCfgRegs               
1     00003900  _Clb3LogicCtrlRegs              
1     00003e00  _Clb4DataExchRegs               
1     00003c00  _Clb4LogicCfgRegs               
1     00003d00  _Clb4LogicCtrlRegs              
1     0005d200  _ClkCfgRegs                     
1     00005c80  _Cmpss1Regs                     
1     00005ca0  _Cmpss2Regs                     
1     00005cc0  _Cmpss3Regs                     
1     00005ce0  _Cmpss4Regs                     
1     00005d00  _Cmpss5Regs                     
1     00005d20  _Cmpss6Regs                     
1     00005d40  _Cmpss7Regs                     
1     00005d60  _Cmpss8Regs                     
0     0009b0d8  _ConfigCpuTimer                 
1     0005d300  _CpuSysRegs                     
1     0000a9a8  _CpuTimer0                      
1     00000c00  _CpuTimer0Regs                  
1     0000a9b0  _CpuTimer1                      
1     00000c08  _CpuTimer1Regs                  
1     0000a9b8  _CpuTimer2                      
1     00000c10  _CpuTimer2Regs                  
0     00099d2e  _CsmUnlock                      
1     0000a82c  _CurrSens_temp                  
0     0009864d  _DATALOG_ISR                    
0     00098891  _DMA_CH1_ISR                    
0     0009889b  _DMA_CH2_ISR                    
0     000988a5  _DMA_CH3_ISR                    
0     000988af  _DMA_CH4_ISR                    
0     000988b9  _DMA_CH5_ISR                    
0     000988c3  _DMA_CH6_ISR                    
1     00005c00  _DacaRegs                       
1     00005c10  _DacbRegs                       
1     00005c20  _DaccRegs                       
1     0005f070  _DcsmCommonRegs                 
1     0005f000  _DcsmZ1Regs                     
1     0005f040  _DcsmZ2Regs                     
0     00099c31  _DisableDog                     
0     00099bf2  _DisablePeripheralClocks        
1     00007980  _DmaClaSrcSelRegs               
1     00001000  _DmaRegs                        
0     000987e7  _ECAP1_ISR                      
0     000987f1  _ECAP2_ISR                      
0     000987fb  _ECAP3_ISR                      
0     00098805  _ECAP4_ISR                      
0     0009880f  _ECAP5_ISR                      
0     00098819  _ECAP6_ISR                      
1     00005000  _ECap1Regs                      
1     00005020  _ECap2Regs                      
1     00005040  _ECap3Regs                      
1     00005060  _ECap4Regs                      
1     00005080  _ECap5Regs                      
1     000050a0  _ECap6Regs                      
0     00098b4d  _EMIF_ERROR_ISR                 
0     00098ba7  _EMPTY_ISR                      
0     00098661  _EMU_ISR                        
0     00098aa3  _EPWM10_ISR                     
0     00098a7b  _EPWM10_TZ_ISR                  
0     00098aad  _EPWM11_ISR                     
0     00098a85  _EPWM11_TZ_ISR                  
0     00098ab7  _EPWM12_ISR                     
0     00098a8f  _EPWM12_TZ_ISR                  
0     00098797  _EPWM1_ISR                      
0     00098747  _EPWM1_TZ_ISR                   
0     000987a1  _EPWM2_ISR                      
0     00098751  _EPWM2_TZ_ISR                   
0     000987ab  _EPWM3_ISR                      
0     0009875b  _EPWM3_TZ_ISR                   
0     000987b5  _EPWM4_ISR                      
0     00098765  _EPWM4_TZ_ISR                   
0     000987bf  _EPWM5_ISR                      
0     0009876f  _EPWM5_TZ_ISR                   
0     000987c9  _EPWM6_ISR                      
0     00098779  _EPWM6_TZ_ISR                   
0     000987d3  _EPWM7_ISR                      
0     00098783  _EPWM7_TZ_ISR                   
0     000987dd  _EPWM8_ISR                      
0     0009878d  _EPWM8_TZ_ISR                   
0     00098a99  _EPWM9_ISR                      
0     00098a71  _EPWM9_TZ_ISR                   
1     00004900  _EPwm10Regs                     
1     00004a00  _EPwm11Regs                     
1     00004b00  _EPwm12Regs                     
1     00004000  _EPwm1Regs                      
1     00004100  _EPwm2Regs                      
1     00004200  _EPwm3Regs                      
1     00004300  _EPwm4Regs                      
1     00004400  _EPwm5Regs                      
1     00004500  _EPwm6Regs                      
1     00004600  _EPwm7Regs                      
1     00004700  _EPwm8Regs                      
1     00004800  _EPwm9Regs                      
0     00098823  _EQEP1_ISR                      
0     0009882d  _EQEP2_ISR                      
0     00098837  _EQEP3_ISR                      
1     00005100  _EQep1Regs                      
1     00005140  _EQep2Regs                      
1     00005180  _EQep3Regs                      
1     00047000  _Emif1Regs                      
1     00047800  _Emif2Regs                      
0     0009b324  _EnableInterrupts               
0     00008037  _F28x_usDelay                   
1     0000a809  _FAN_STATE                      
0     00098b61  _FLASH_CORRECTABLE_ERROR_ISR    
0     00098a35  _FPU_OVERFLOW_ISR               
0     00098a3f  _FPU_UNDERFLOW_ISR              
1     0005f800  _Flash0CtrlRegs                 
1     0005fb00  _Flash0EccRegs                  
0     00008029  _FlashOff                       
1     00050024  _FlashPumpSemaphoreRegs         
0     0009947a  _FzCalculatorTV                 
0     0009b011  _GPIOSetup                      
0     0009b27d  _GPIO_ReadPin                   
0     0009b294  _GPIO_WritePin                  
1     00007f00  _GpioDataRegs                   
0     00099db7  _HALT                           
0     00099dba  _HIB                            
0     000988d7  _I2CA_FIFO_ISR                  
0     000988cd  _I2CA_ISR                       
0     000988eb  _I2CB_FIFO_ISR                  
0     000988e1  _I2CB_ISR                       
1     00007300  _I2caRegs                       
1     00007340  _I2cbRegs                       
0     00099da3  _IDLE                           
0     00098675  _ILLEGAL_ISR                    
0     00098a49  _IPC0_ISR                       
0     00098a53  _IPC1_ISR                       
0     00098a5d  _IPC2_ISR                       
0     00098a67  _IPC3_ISR                       
1     0000a823  _Imd_State                      
0     00099c3f  _InitAuxPll                     
0     0009b097  _InitCpuTimers                  
0     00008000  _InitFlash                      
0     00099b78  _InitPeripheralClocks           
0     0009b305  _InitPieCtrl                    
0     0009b32d  _InitPieVectTable               
0     00099b67  _InitSysCtrl                    
0     0009b3fe  _IntDefaultHandler              
0     0009a497  _IntDisable                     
0     0009a404  _IntEnable                      
0     0009a517  _IntIFRClear                    
0     0009a3d4  _IntMasterDisable               
0     0009a3cc  _IntMasterEnable                
0     0009a3dc  _IntRegister                    
0     0009a3ef  _IntUnregister                  
1     00050000  _IpcRegs                        
1     0000ab00  _LC                             
0     00098869  _MCBSPA_RX_ISR                  
0     00098873  _MCBSPA_TX_ISR                  
0     0009887d  _MCBSPB_RX_ISR                  
0     00098887  _MCBSPB_TX_ISR                  
1     00006000  _McbspaRegs                     
1     00006040  _McbspbRegs                     
1     0005f400  _MemCfgRegs                     
1     0005f500  _MemoryErrorRegs                
0     0009866b  _NMI_ISR                        
0     0009ae1c  _NMtoTorqueSetpoint             
0     00098bb4  _NOTUSED_ISR                    
1     00007060  _NmiIntruptRegs                 
1     0000a807  _OIL_PUMP_STATE                 
0     0009aea6  _PIController                   
0     00098b9d  _PIE_RESERVED_ISR               
1     00000ce0  _PieCtrlRegs                    
1     00000d00  _PieVectTable                   
0     00090000  _PieVectTableInit               
0     00098195  _R2D_Off                        
0     00098186  _R2D_On                         
1     0000a802  _R2D_first_state                
0     000981a6  _R2D_init                       
1     0000a803  _R2D_state                      
0     00098b6b  _RAM_ACCESS_VIOLATION_ISR       
0     00098b57  _RAM_CORRECTABLE_ERROR_ISR      
1     0000a806  _RTDS_STATE                     
0     00098657  _RTOS_ISR                       
1     0000abd0  _RXA_BmsTemp_Data               
1     0000abd6  _RXA_BmsVol_Data                
1     0000ab54  _RXA_Imu_Data                   
1     0000abf6  _RXA_PwCtrl_Data                
1     0000ab5c  _RXA_Sendyne_Data               
1     0000abf7  _RXA_Wheel_Data                 
1     0000ab64  _RXB_AmkVal_Data                
1     0000a8a6  _RXCANA_BmsTemp_Message         
1     0000a89c  _RXCANA_BmsVol_Message          
1     0000a888  _RXCANA_Imu_Message             
1     0000a8b0  _RXCANA_PwCtrl_Message          
1     0000a892  _RXCANA_Sendyne_Message         
1     0000a8c0  _RXCANA_Wheel_Message           
1     0000a980  _RXCANB_AmkVal1_Message         
1     0000a9c0  _RXCANB_AmkVal2_Message         
0     0008603b  _RamfuncsLoadEnd                
abs   0000003b  _RamfuncsLoadSize               
0     00086000  _RamfuncsLoadStart              
0     0000803b  _RamfuncsRunEnd                 
abs   0000003b  _RamfuncsRunSize                
0     00008000  _RamfuncsRunStart               
0     00099e42  _Read_brake                     
0     00099e8a  _Read_steering                  
0     00099dbd  _Read_throttle                  
0     00099c19  _ReleaseFlashPump               
1     0005e608  _RomPrefetchRegs                
0     0009891d  _SCIA_RX_ISR                    
0     00098927  _SCIA_TX_ISR                    
0     00098931  _SCIB_RX_ISR                    
0     0009893b  _SCIB_TX_ISR                    
0     000988f5  _SCIC_RX_ISR                    
0     000988ff  _SCIC_TX_ISR                    
0     00098909  _SCID_RX_ISR                    
0     00098913  _SCID_TX_ISR                    
0     00098ac1  _SD1_ISR                        
0     00098acb  _SD2_ISR                        
0     00098841  _SPIA_RX_ISR                    
0     0009884b  _SPIA_TX_ISR                    
0     00098855  _SPIB_RX_ISR                    
0     0009885f  _SPIB_TX_ISR                    
0     00098ad5  _SPIC_RX_ISR                    
0     00098adf  _SPIC_TX_ISR                    
0     00099dac  _STANDBY                        
0     0009024e  _STEERING_DEADBAND              
0     00098b75  _SYS_PLL_SLIP_ISR               
1     00007200  _SciaRegs                       
1     00007210  _ScibRegs                       
1     00007220  _ScicRegs                       
1     00007230  _ScidRegs                       
1     0000a825  _Sdc1_State                     
1     0000a826  _Sdc2_State                     
1     0000a827  _Sdc3_State                     
1     0000a828  _Sdc4_State                     
1     0000a829  _Sdc5_State                     
1     0000a82a  _Sdc6_State                     
1     00005e00  _Sdfm1Regs                      
1     00005e80  _Sdfm2Regs                      
0     00099c0a  _SeizeFlashPump                 
0     00099c23  _ServiceDog                     
1     00006100  _SpiaRegs                       
1     00006110  _SpibRegs                       
1     00006120  _SpicRegs                       
1     0000a830  _Steering_temp                  
0     00099d4f  _SysIntOsc1Sel                  
0     00099d5f  _SysIntOsc2Sel                  
0     00099d73  _SysXtalOscSel                  
0     00098733  _TIMER0_ISR                     
0     00098639  _TIMER1_ISR                     
0     00098643  _TIMER2_ISR                     
1     0000aa60  _TXB_Setpoints_Data             
1     0000aa00  _TXCANB_Setpoints_Message       
1     0000a833  _TempRadInLC_temp               
1     0000a834  _TempRadInRC_temp               
1     0000a831  _TempRadOutLC_temp              
1     0000a832  _TempRadOutRC_temp              
1     0000ab6c  _Temps                          
1     0000ab74  _Temps_shared                   
0     00098ae9  _UPPA_ISR                       
0     00098af3  _USBA_ISR                       
0     000986d9  _USER10_ISR                     
0     000986e3  _USER11_ISR                     
0     000986ed  _USER12_ISR                     
0     0009867f  _USER1_ISR                      
0     00098689  _USER2_ISR                      
0     00098693  _USER3_ISR                      
0     0009869d  _USER4_ISR                      
0     000986a7  _USER5_ISR                      
0     000986b1  _USER6_ISR                      
0     000986bb  _USER7_ISR                      
0     000986c5  _USER8_ISR                      
0     000986cf  _USER9_ISR                      
0     00098a2b  _VCU_ISR                        
0     0009873d  _WAKE_ISR                       
1     0000a808  _WAT_PUMP_STATE                 
1     00007000  _WdRegs                         
0     00098715  _XINT1_ISR                      
0     0009871f  _XINT2_ISR                      
0     00098a0d  _XINT3_ISR                      
0     00098a17  _XINT4_ISR                      
0     00098a21  _XINT5_ISR                      
1     00007070  _XintRegs                       
1     000007f8  __STACK_END                     
abs   000003f8  __STACK_SIZE                    
1     0000abea  ___TI_cleanup_ptr               
1     0000abec  ___TI_dtors_ptr                 
1     0000abe8  ___TI_enable_exit_profile_output
abs   ffffffff  ___TI_pprof_out_hndl            
abs   ffffffff  ___TI_prof_data_size            
abs   ffffffff  ___TI_prof_data_start           
abs   ffffffff  ___binit__                      
abs   ffffffff  ___c_args__                     
0     00082000  ___cinit__                      
0     0009b421  ___etext__                      
abs   ffffffff  ___pinit__                      
0     00098000  ___text__                       
0     0009b3ec  __args_main                     
1     0000a8fe  __lock                          
0     0009b415  __nop                           
0     0009b411  __register_lock                 
0     0009b40d  __register_unlock               
1     00000400  __stack                         
0     0009b420  __system_post_cinit             
0     0009b41e  __system_pre_init               
1     0000a9fe  __unlock                        
0     0009b2dc  _abort                          
1     0000a9f0  _acc1Pos                        
1     0000a9f2  _acc2Pos                        
1     0000abdc  _accelerations                  
1     0000a84a  _actualVelocityKMH              
1     0000a811  _actualVelocityRPM              
0     0009a596  _adcSetup                       
1     0000ab0e  _alpha0                         
1     0000ab10  _alpha1                         
1     0000ab12  _alpha2                         
1     0000ab14  _alpha3                         
1     0000ab16  _alpha4                         
1     0000ab18  _alpha5                         
1     0000a9fc  _analogMuxVal                   
1     0000a85c  _anti_wind_up                   
1     0000a850  _ax                             
1     0000a852  _ay                             
1     0000a8ca  _bms_log                        
1     0000a812  _brake                          
0     0009910b  _brakeAMK                       
0     0009816a  _brakeLight                     
1     0000a81c  _brakeReq                       
1     0000aa28  _brakes                         
1     0000a84e  _brk                            
1     0000a9f8  _brkAbsPos                      
1     0000a9f4  _brkPos                         
1     0000a804  _brk_disconnected               
0     0009b1d8  _c_int00                        
0     0009a0b8  _canISR_A                       
0     0009a012  _canISR_B                       
0     0009a1fc  _canSetup_phase1                
0     0009a23c  _canSetup_phase2                
0     0009ad8e  _changeRange                    
0     000981e3  _checkHV                        
0     000982dd  _checkImplausibility            
1     0000a816  _checkPower                     
0     00098246  _checkRF                        
0     000983a6  _checkStatus                    
0     00098354  _checkTemps                     
0     0009ad7f  _convertBMStemp                 
0     0009ad6d  _convertBMSvoltage              
0     0009ac3d  _convertPercent                 
0     0009b353  _copy_in                        
0     0009b113  _cos                            
0     0009b113  _cosf                           
1     0000a800  _counter                        
1     0000a81e  _cpuTimer0IntCount              
1     0000a81f  _cpuTimer1IntCount              
1     0000a820  _cpuTimer2IntCount              
0     0009a909  _cpu_timer0_isr                 
0     0009a923  _cpu_timer1_isr                 
0     0009aa0d  _cpu_timer2_isr                 
1     0000a9fa  _currSensVal                    
0     00098ee8  _deactiveMotor                  
0     0009ae01  _debugLight                     
0     0001a000  _display                        
1     0000a81d  _drivingMode                    
1     0000a801  _driving_configuration          
1     0000a819  _enableMotor                    
1     0000a80c  _enablePumpLimit                
0     0009ab77  _epwmSetup                      
1     0000abf8  _errno                          
1     0000a864  _errorFlag                      
1     0000a822  _errorFrameCounterA             
1     0000a821  _errorFrameCounterB             
0     0009b2de  _exit                           
0     00098304  _fanControl                     
0     00098344  _fanSpeedFunction               
1     0000a86a  _fanspeed_log                   
0     0009024d  _filterDiscardCount             
0     0009024c  _filterValCount                 
0     0009a8d0  _fmax                           
0     0009a8d0  _fmaxf                          
0     0009a833  _fmaxl                          
0     0009a7fa  _fmin                           
0     0009a7fa  _fminf                          
0     0009a75d  _fminl                          
1     0000ab80  _fz                             
0     00098fb8  _getAMKValNumber                
0     00098f84  _getBit                         
0     00098f59  _getByte                        
0     0009a3b6  _getMessageID                   
0     00098f96  _getMotorIndex                  
0     0009a758  _getPressAvSP100                
0     0009a6f4  _getTempAvPT1000                
0     0009a71f  _getTempZTP135SR                
0     0009a6e6  _getVoltage                     
1     0000ab3e  _gg                             
1     0000a880  _gpio_log                       
1     0000abf9  _h                              
1     0000aa3c  _hvCounter                      
1     0000a815  _implBrakeAndThrottle           
1     0000a9e8  _implausibilityCounter          
1     0000a8d6  _imu_log                        
1     0000a835  _increment                      
0     0009ac07  _initEPWM4                      
0     0009abc8  _initEPWM5                      
0     0009ab94  _initEPWM6                      
0     00098dd5  _initializeMotor                
0     00098fe4  _int2Bytes                      
1     0000aafc  _inverterHV                     
1     0000ab7c  _inverterRF                     
0     000982a9  _isHVOn                         
1     0000a80d  _leftFanSpeed                   
0     0009aa4c  _log                            
0     0009aa4c  _logf                           
0     0009aef3  _loop                           
1     0000a837  _loopCounter                    
0     0009aee4  _main                           
[...]
0     0009990b  _CANRetryGet                    
0     00099915  _CANStatusGet                   
0     0009993d  _CANErrCntrGet                  
0     00099958  _CANMessageSet                  
0     00099a44  _CANMessageGet                  
0     00099b18  _CANMessageClear                
0     00099b3e  _CANGlobalIntEnable             
0     00099b47  _CANGlobalIntDisable            
0     00099b51  _CANGlobalIntClear              
0     00099b5a  _CANGlobalIntstatusGet          
0     00099b67  _InitSysCtrl                    
0     00099b78  _InitPeripheralClocks           
0     00099bf2  _DisablePeripheralClocks        
0     00099c0a  _SeizeFlashPump                 
0     00099c19  _ReleaseFlashPump               
0     00099c23  _ServiceDog                     
0     00099c31  _DisableDog                     
0     00099c3f  _InitAuxPll                     
0     00099d2e  _CsmUnlock                      
0     00099d4f  _SysIntOsc1Sel                  
0     00099d5f  _SysIntOsc2Sel                  
0     00099d73  _SysXtalOscSel                  
0     00099d83  _AuxIntOsc2Sel                  
0     00099d8d  _AuxXtalOscSel                  
0     00099d99  _AuxAuxClkSel                   
0     00099da3  _IDLE                           
0     00099dac  _STANDBY                        
0     00099db7  _HALT                           
0     00099dba  _HIB                            
0     00099dbd  _Read_throttle                  
0     00099e42  _Read_brake                     
0     00099e8a  _Read_steering                  
0     00099eb4  _readThrottleBrakeSteering      
0     0009a012  _canISR_B                       
0     0009a0b8  _canISR_A                       
0     0009a1fc  _canSetup_phase1                
0     0009a23c  _canSetup_phase2                
0     0009a3b6  _getMessageID                   
0     0009a3cc  _IntMasterEnable                
0     0009a3d4  _IntMasterDisable               
0     0009a3dc  _IntRegister                    
0     0009a3ef  _IntUnregister                  
0     0009a404  _IntEnable                      
0     0009a497  _IntDisable                     
0     0009a517  _IntIFRClear                    
0     0009a596  _adcSetup                       
0     0009a676  _readAllADC                     
0     0009a680  _readADC_Bank                   
0     0009a6e1  _readADC                        
0     0009a6e6  _getVoltage                     
0     0009a6f4  _getTempAvPT1000                
0     0009a71f  _getTempZTP135SR                
0     0009a758  _getPressAvSP100                
0     0009a75d  _fminl                          
0     0009a7fa  _fmin                           
0     0009a7fa  _fminf                          
0     0009a833  _fmaxl                          
0     0009a8d0  _fmax                           
0     0009a8d0  _fmaxf                          
0     0009a909  _cpu_timer0_isr                 
0     0009a923  _cpu_timer1_isr                 
0     0009aa0d  _cpu_timer2_isr                 
0     0009aa4c  _log                            
0     0009aa4c  _logf                           
0     0009ab77  _epwmSetup                      
0     0009ab94  _initEPWM6                      
0     0009abc8  _initEPWM5                      
0     0009ac07  _initEPWM4                      
0     0009ac3d  _convertPercent                 
0     0009ac4b  _setFanSpeed                    
0     0009ac64  _setPumpSpeed                   
0     0009ac7d  _AdcSetMode                     
0     0009ad33  _CalAdcINL                      
0     0009ad6d  _convertBMSvoltage              
0     0009ad7f  _convertBMStemp                 
0     0009ad8e  _changeRange                    
0     0009adb6  _saturateUnsigned               
0     0009adc7  _saturateFloat                  
0     0009ade8  _saturateInt                    
0     0009ae01  _debugLight                     
0     0009ae05  _uint32_to_float                
0     0009ae0c  _torqueSetpointToNM             
0     0009ae1c  _NMtoTorqueSetpoint             
0     0009ae30  _powerControl                   
0     0009aea6  _PIController                   
0     0009aee4  _main                           
0     0009aef3  _loop                           
0     0009aef7  _setup                          
0     0009af89  FS$$DIV                         
0     0009b011  _GPIOSetup                      
0     0009b046  _updateGPIOState                
0     0009b097  _InitCpuTimers                  
0     0009b0d8  _ConfigCpuTimer                 
0     0009b113  _cos                            
0     0009b113  _cosf                           
0     0009b176  _tan                            
0     0009b176  _tanf                           
0     0009b1d8  _c_int00                        
0     0009b22e  _timerSetup                     
0     0009b27d  _GPIO_ReadPin                   
0     0009b294  _GPIO_WritePin                  
0     0009b2b2  FD$$CMP                         
0     0009b2dc  C$$EXIT                         
0     0009b2dc  _abort                          
0     0009b2de  _exit                           
0     0009b305  _InitPieCtrl                    
0     0009b324  _EnableInterrupts               
0     0009b32d  _InitPieVectTable               
0     0009b353  _copy_in                        
0     0009b377  I$$DIV                          
0     0009b388  I$$MOD                          
0     0009b399  LL$$CMP                         
0     0009b3ab  ULL$$CMP                        
0     0009b3b7  _memcpy                         
0     0009b3d4  LL$$AND                         
0     0009b3dc  LL$$OR                          
0     0009b3e4  LL$$XOR                         
0     0009b3ec  __args_main                     
0     0009b3fe  _IntDefaultHandler              
0     0009b40d  __register_unlock               
0     0009b411  __register_lock                 
0     0009b415  __nop                           
0     0009b41e  __system_pre_init               
0     0009b420  __system_post_cinit             
0     0009b421  ___etext__                      
0     0009b421  etext                           
1     00000400  __stack                         
1     000007f8  __STACK_END                     
1     00000b00  _AdcaResultRegs                 
1     00000b20  _AdcbResultRegs                 
1     00000b40  _AdccResultRegs                 
1     00000b60  _AdcdResultRegs                 
1     00000c00  _CpuTimer0Regs                  
1     00000c08  _CpuTimer1Regs                  
1     00000c10  _CpuTimer2Regs                  
1     00000ce0  _PieCtrlRegs                    
1     00000d00  _PieVectTable                   
1     00001000  _DmaRegs                        
1     00001400  _Cla1Regs                       
1     00003000  _Clb1LogicCfgRegs               
1     00003100  _Clb1LogicCtrlRegs              
1     00003200  _Clb1DataExchRegs               
1     00003400  _Clb2LogicCfgRegs               
1     00003500  _Clb2LogicCtrlRegs              
1     00003600  _Clb2DataExchRegs               
1     00003800  _Clb3LogicCfgRegs               
1     00003900  _Clb3LogicCtrlRegs              
1     00003a00  _Clb3DataExchRegs               
1     00003c00  _Clb4LogicCfgRegs               
1     00003d00  _Clb4LogicCtrlRegs              
1     00003e00  _Clb4DataExchRegs               
1     00004000  _EPwm1Regs                      
1     00004100  _EPwm2Regs                      
1     00004200  _EPwm3Regs                      
1     00004300  _EPwm4Regs                      
1     00004400  _EPwm5Regs                      
1     00004500  _EPwm6Regs                      
1     00004600  _EPwm7Regs                      
1     00004700  _EPwm8Regs                      
1     00004800  _EPwm9Regs                      
1     00004900  _EPwm10Regs                     
1     00004a00  _EPwm11Regs                     
1     00004b00  _EPwm12Regs                     
1     00005000  _ECap1Regs                      
1     00005020  _ECap2Regs                      
1     00005040  _ECap3Regs                      
1     00005060  _ECap4Regs                      
1     00005080  _ECap5Regs                      
1     000050a0  _ECap6Regs                      
1     00005100  _EQep1Regs                      
1     00005140  _EQep2Regs                      
1     00005180  _EQep3Regs                      
1     00005c00  _DacaRegs                       
1     00005c10  _DacbRegs                       
1     00005c20  _DaccRegs                       
1     00005c80  _Cmpss1Regs                     
1     00005ca0  _Cmpss2Regs                     
1     00005cc0  _Cmpss3Regs                     
1     00005ce0  _Cmpss4Regs                     
1     00005d00  _Cmpss5Regs                     
1     00005d20  _Cmpss6Regs                     
1     00005d40  _Cmpss7Regs                     
1     00005d60  _Cmpss8Regs                     
1     00005e00  _Sdfm1Regs                      
1     00005e80  _Sdfm2Regs                      
1     00006000  _McbspaRegs                     
1     00006040  _McbspbRegs                     
1     00006100  _SpiaRegs                       
1     00006110  _SpibRegs                       
1     00006120  _SpicRegs                       
1     00007000  _WdRegs                         
1     00007060  _NmiIntruptRegs                 
1     00007070  _XintRegs                       
1     00007200  _SciaRegs                       
1     00007210  _ScibRegs                       
1     00007220  _ScicRegs                       
1     00007230  _ScidRegs                       
1     00007300  _I2caRegs                       
1     00007340  _I2cbRegs                       
1     00007400  _AdcaRegs                       
1     00007480  _AdcbRegs                       
1     00007500  _AdccRegs                       
1     00007580  _AdcdRegs                       
1     00007980  _DmaClaSrcSelRegs               
1     00007f00  _GpioDataRegs                   
1     0000a800  _counter                        
1     0000a801  _driving_configuration          
1     0000a802  _R2D_first_state                
1     0000a803  _R2D_state                      
1     0000a804  _brk_disconnected               
1     0000a805  _value                          
1     0000a806  _RTDS_STATE                     
1     0000a807  _OIL_PUMP_STATE                 
1     0000a808  _WAT_PUMP_STATE                 
1     0000a809  _FAN_STATE                      
1     0000a80a  _pump                           
1     0000a80b  _stopPumpLimit                  
1     0000a80c  _enablePumpLimit                
1     0000a80d  _leftFanSpeed                   
1     0000a80e  _rightFanSpeed                  
1     0000a80f  _temp_warning                   
1     0000a810  _status                         
1     0000a811  _actualVelocityRPM              
1     0000a812  _brake                          
1     0000a813  _steering                       
1     0000a814  _throttle                       
1     0000a815  _implBrakeAndThrottle           
1     0000a816  _checkPower                     
1     0000a817  _str                            
1     0000a818  _powerOK                        
1     0000a819  _enableMotor                    
1     0000a81a  _velocityRef                    
1     0000a81b  _throttleReq                    
1     0000a81c  _brakeReq                       
1     0000a81d  _drivingMode                    
1     0000a81e  _cpuTimer0IntCount              
1     0000a81f  _cpuTimer1IntCount              
1     0000a820  _cpuTimer2IntCount              
1     0000a821  _errorFrameCounterB             
1     0000a822  _errorFrameCounterA             
1     0000a823  _Imd_State                      
1     0000a824  _Bms_State                      
1     0000a825  _Sdc1_State                     
1     0000a826  _Sdc2_State                     
1     0000a827  _Sdc3_State                     
1     0000a828  _Sdc4_State                     
1     0000a829  _Sdc5_State                     
1     0000a82a  _Sdc6_State                     
1     0000a82b  _Acc2_temp                      
1     0000a82c  _CurrSens_temp                  
1     0000a82d  _Acc1_temp                      
1     0000a82e  _BrakeClean_temp                
1     0000a82f  _BrakePress_temp                
1     0000a830  _Steering_temp                  
1     0000a831  _TempRadOutLC_temp              
1     0000a832  _TempRadOutRC_temp              
1     0000a833  _TempRadInLC_temp               
1     0000a834  _TempRadInRC_temp               
1     0000a835  _increment                      
1     0000a836  _setupOk                        
1     0000a837  _loopCounter                    
1     0000a838  _sendyne_current                
1     0000a83a  _sendyne_voltage                
1     0000a83c  _reassembled_data               
1     0000a83e  _max_bms_voltage                
1     0000a840  _min_bms_voltage                
1     0000a842  _mean_bms_voltage               
1     0000a844  _max_bms_temp                   
1     0000a846  _min_bms_temp                   
1     0000a848  _mean_bms_temp                  
1     0000a84a  _actualVelocityKMH              
1     0000a84c  _th                             
1     0000a84e  _brk                            
1     0000a850  _ax                             
1     0000a852  _ay                             
1     0000a854  _yaw_r                          
1     0000a856  _speedTv                        
1     0000a858  _total_power                    
1     0000a85a  _power_error                    
1     0000a85c  _anti_wind_up                   
1     0000a85e  _reduction_factor               
1     0000a860  _power_limit                    
1     0000a862  _pinValue                       
1     0000a864  _errorFlag                      
1     0000a866  _rxBMsgCount                    
1     0000a868  _rxAMsgCount                    
1     0000a86a  _fanspeed_log                   
1     0000a86c  _status_log                     
1     0000a872  _sendyne_log                    
1     0000a880  _gpio_log                       
1     0000a888  _RXCANA_Imu_Message             
1     0000a892  _RXCANA_Sendyne_Message         
1     0000a89c  _RXCANA_BmsVol_Message          
1     0000a8a6  _RXCANA_BmsTemp_Message         
1     0000a8b0  _RXCANA_PwCtrl_Message          
1     0000a8c0  _RXCANA_Wheel_Message           
1     0000a8ca  _bms_log                        
1     0000a8d6  _imu_log                        
1     0000a8e2  _motorSetP                      
1     0000a8fe  __lock                          
1     0000a900  _motorVal1                      
1     0000a940  _motorVal1_shared               
1     0000a980  _RXCANB_AmkVal1_Message         
1     0000a9a8  _CpuTimer0                      
1     0000a9b0  _CpuTimer1                      
1     0000a9b8  _CpuTimer2                      
1     0000a9c0  _RXCANB_AmkVal2_Message         
1     0000a9e8  _implausibilityCounter          
1     0000a9e9  _temp                           
1     0000a9ea  _AccPot1                        
1     0000a9ec  _AccPot2                        
1     0000a9ee  _BrkPot                         
1     0000a9f0  _acc1Pos                        
1     0000a9f2  _acc2Pos                        
1     0000a9f4  _brkPos                         
1     0000a9f6  _strPot                         
1     0000a9f8  _brkAbsPos                      
1     0000a9fa  _currSensVal                    
1     0000a9fc  _analogMuxVal                   
1     0000a9fe  __unlock                        
1     0000aa00  _TXCANB_Setpoints_Message       
1     0000aa28  _brakes                         
1     0000aa3c  _hvCounter                      
1     0000aa40  _CAN_AMK_SET_POINT              
1     0000aa60  _TXB_Setpoints_Data             
1     0000aa80  _motorVal2                      
1     0000aaa0  _motorVal2_shared               
1     0000aac0  _posTorqueCandidate             
1     0000aae0  _motorSetP_shared               
1     0000aafc  _inverterHV                     
1     0000ab00  _LC                             
1     0000ab02  _nu1                            
1     0000ab04  _nu2                            
1     0000ab06  _nu3                            
1     0000ab08  _nu4                            
1     0000ab0a  _nu5                            
1     0000ab0c  _nu6                            
1     0000ab0e  _alpha0                         
1     0000ab10  _alpha1                         
1     0000ab12  _alpha2                         
1     0000ab14  _alpha3                         
1     0000ab16  _alpha4                         
1     0000ab18  _alpha5                         
1     0000ab1a  _steerings                      
1     0000ab2e  _AMK_TorqueLimitNegative        
1     0000ab36  _AMK_TorqueLimitPositive        
1     0000ab3e  _gg                             
1     0000ab40  _throttles                      
1     0000ab54  _RXA_Imu_Data                   
1     0000ab5c  _RXA_Sendyne_Data               
1     0000ab64  _RXB_AmkVal_Data                
1     0000ab6c  _Temps                          
1     0000ab74  _Temps_shared                   
1     0000ab7c  _inverterRF                     
1     0000ab80  _fz                             
1     0000ab88  _motorSpeeds                    
1     0000ab90  _negTorqueCandidate             
1     0000ab98  _negTorquesNM                   
1     0000aba0  _posTorquesNM                   
1     0000aba8  _powersetup                     
1     0000abb0  _presets                        
1     0000abb8  _re                             
1     0000abc0  _repFz                          
1     0000abc8  _steers                         
1     0000abd0  _RXA_BmsTemp_Data               
1     0000abd6  _RXA_BmsVol_Data                
1     0000abdc  _accelerations                  
1     0000abe2  _omegas                         
1     0000abe8  ___TI_enable_exit_profile_output
1     0000abea  ___TI_cleanup_ptr               
1     0000abec  ___TI_dtors_ptr                 
1     0000abee  _motorInitialized               
1     0000abf2  _rfCounter                      
1     0000abf6  _RXA_PwCtrl_Data                
1     0000abf7  _RXA_Wheel_Data                 
1     0000abf8  _errno                          
1     0000abf9  _h                              
1     0000d000  _sh                             
1     0000e000  _time_elapsed                   
1     00047000  _Emif1Regs                      
1     00047800  _Emif2Regs                      
1     00048000  _CanaRegs                       
1     0004a000  _CanbRegs                       
1     00050000  _IpcRegs                        
1     00050024  _FlashPumpSemaphoreRegs         
1     0005d200  _ClkCfgRegs                     
1     0005d300  _CpuSysRegs                     
1     0005e608  _RomPrefetchRegs                
1     0005f000  _DcsmZ1Regs                     
1     0005f040  _DcsmZ2Regs                     
1     0005f070  _DcsmCommonRegs                 
1     0005f400  _MemCfgRegs                     
1     0005f4c0  _AccessProtectionRegs           
1     0005f500  _MemoryErrorRegs                
1     0005f800  _Flash0CtrlRegs                 
1     0005fb00  _Flash0EccRegs                  
abs   0000003b  _RamfuncsLoadSize               
abs   0000003b  _RamfuncsRunSize                
abs   000003f8  __STACK_SIZE                    
abs   ffffffff  ___TI_pprof_out_hndl            
abs   ffffffff  ___TI_prof_data_size            
abs   ffffffff  ___TI_prof_data_start           
abs   ffffffff  ___binit__                      
abs   ffffffff  ___c_args__                     
abs   ffffffff  ___pinit__                      
abs   ffffffff  binit                           
abs   ffffffff  pinit                           

[635 symbols]
