<?xml version="1.0" encoding="ISO-8859-1" ?>
<link_info>
   <banner>TMS320C2000 Linker PC v21.6.0.LTS</banner>
   <copyright>Copyright (c) 1996-2018 Texas Instruments Incorporated</copyright>
   <link_time>0x62cac3e4</link_time>
   <link_errors>0x0</link_errors>
   <output_file>cpu2_control_unit_test.out</output_file>
   <entry_point>
      <name>_c_int00</name>
      <address>0x9bcbd</address>
   </entry_point>
   <input_file_list>
      <input_file id="fl-2">
         <path>.\</path>
         <kind>object</kind>
         <file>F2837xD_Adc.obj</file>
         <name>F2837xD_Adc.obj</name>
      </input_file>
      <input_file id="fl-3">
         <path>.\</path>
         <kind>object</kind>
         <file>F2837xD_CodeStartBranch.obj</file>
         <name>F2837xD_CodeStartBranch.obj</name>
      </input_file>
      <input_file id="fl-4">
         <path>.\</path>
         <kind>object</kind>
         <file>F2837xD_CpuTimers.obj</file>
         <name>F2837xD_CpuTimers.obj</name>
      </input_file>
      <input_file id="fl-5">
         <path>.\</path>
         <kind>object</kind>
         <file>F2837xD_DefaultISR.obj</file>
         <name>F2837xD_DefaultISR.obj</name>
      </input_file>
      <input_file id="fl-6">
         <path>.\</path>
         <kind>object</kind>
         <file>F2837xD_GlobalVariableDefs.obj</file>
         <name>F2837xD_GlobalVariableDefs.obj</name>
      </input_file>
      <input_file id="fl-7">
         <path>.\</path>
         <kind>object</kind>
         <file>F2837xD_Gpio.obj</file>
         <name>F2837xD_Gpio.obj</name>
      </input_file>
      <input_file id="fl-8">
         <path>.\</path>
         <kind>object</kind>
         <file>F2837xD_Ipc.obj</file>
         <name>F2837xD_Ipc.obj</name>
      </input_file>
      <input_file id="fl-9">
         <path>.\</path>
         <kind>object</kind>
         <file>F2837xD_Ipc_Driver_Util.obj</file>
         <name>F2837xD_Ipc_Driver_Util.obj</name>
      </input_file>
      <input_file id="fl-a">
         <path>.\</path>
         <kind>object</kind>
         <file>F2837xD_PieCtrl.obj</file>
         <name>F2837xD_PieCtrl.obj</name>
      </input_file>
      <input_file id="fl-b">
         <path>.\</path>
         <kind>object</kind>
         <file>F2837xD_PieVect.obj</file>
         <name>F2837xD_PieVect.obj</name>
      </input_file>
      <input_file id="fl-c">
         <path>.\</path>
         <kind>object</kind>
         <file>F2837xD_SysCtrl.obj</file>
         <name>F2837xD_SysCtrl.obj</name>
      </input_file>
      <input_file id="fl-d">
         <path>.\</path>
         <kind>object</kind>
         <file>F2837xD_usDelay.obj</file>
         <name>F2837xD_usDelay.obj</name>
      </input_file>
      <input_file id="fl-e">
         <path>.\</path>
         <kind>object</kind>
         <file>GPIO_management.obj</file>
         <name>GPIO_management.obj</name>
      </input_file>
      <input_file id="fl-f">
         <path>.\</path>
         <kind>object</kind>
         <file>adc_management.obj</file>
         <name>adc_management.obj</name>
      </input_file>
      <input_file id="fl-10">
         <path>.\</path>
         <kind>object</kind>
         <file>can.obj</file>
         <name>can.obj</name>
      </input_file>
      <input_file id="fl-11">
         <path>.\</path>
         <kind>object</kind>
         <file>can_management.obj</file>
         <name>can_management.obj</name>
      </input_file>
      <input_file id="fl-12">
         <path>.\</path>
         <kind>object</kind>
         <file>car_management.obj</file>
         <name>car_management.obj</name>
      </input_file>
      <input_file id="fl-13">
         <path>.\</path>
         <kind>object</kind>
         <file>driver_input.obj</file>
         <name>driver_input.obj</name>
      </input_file>
      <input_file id="fl-14">
         <path>.\</path>
         <kind>object</kind>
         <file>epwm_management.obj</file>
         <name>epwm_management.obj</name>
      </input_file>
      <input_file id="fl-15">
         <path>.\</path>
         <kind>object</kind>
         <file>interrupt.obj</file>
         <name>interrupt.obj</name>
      </input_file>
      <input_file id="fl-16">
         <path>.\</path>
         <kind>object</kind>
         <file>launch_controller.obj</file>
         <name>launch_controller.obj</name>
      </input_file>
      <input_file id="fl-17">
         <path>.\</path>
         <kind>object</kind>
         <file>main.obj</file>
         <name>main.obj</name>
      </input_file>
      <input_file id="fl-18">
         <path>.\</path>
         <kind>object</kind>
         <file>motor_management.obj</file>
         <name>motor_management.obj</name>
      </input_file>
      <input_file id="fl-19">
         <path>.\</path>
         <kind>object</kind>
         <file>power_controller.obj</file>
         <name>power_controller.obj</name>
      </input_file>
      <input_file id="fl-1a">
         <path>.\</path>
         <kind>object</kind>
         <file>timer_management.obj</file>
         <name>timer_management.obj</name>
      </input_file>
      <input_file id="fl-1b">
         <path>.\</path>
         <kind>object</kind>
         <file>torque_management.obj</file>
         <name>torque_management.obj</name>
      </input_file>
      <input_file id="fl-1c">
         <path>.\</path>
         <kind>object</kind>
         <file>ustdlib.obj</file>
         <name>ustdlib.obj</name>
      </input_file>
      <input_file id="fl-1d">
         <path>.\</path>
         <kind>object</kind>
         <file>utils.obj</file>
         <name>utils.obj</name>
      </input_file>
      <input_file id="fl-23">
         <kind>object</kind>
         <file>&lt;internal&gt;</file>
         <name>&lt;internal&gt;</name>
      </input_file>
      <input_file id="fl-24">
         <path>C:\ti\ccs1120\ccs\tools\compiler\ti-cgt-c2000_21.6.0.LTS\lib\</path>
         <kind>archive</kind>
         <file>rts2800_fpu32.lib</file>
         <name>ti_fmax.c.obj</name>
      </input_file>
      <input_file id="fl-25">
         <path>C:\ti\ccs1120\ccs\tools\compiler\ti-cgt-c2000_21.6.0.LTS\lib\</path>
         <kind>archive</kind>
         <file>rts2800_fpu32.lib</file>
         <name>e_logf.c.obj</name>
      </input_file>
      <input_file id="fl-26">
         <path>C:\ti\ccs1120\ccs\tools\compiler\ti-cgt-c2000_21.6.0.LTS\lib\</path>
         <kind>archive</kind>
         <file>rts2800_fpu32.lib</file>
         <name>e_powf.c.obj</name>
      </input_file>
      <input_file id="fl-27">
         <path>C:\ti\ccs1120\ccs\tools\compiler\ti-cgt-c2000_21.6.0.LTS\lib\</path>
         <kind>archive</kind>
         <file>rts2800_fpu32.lib</file>
         <name>e_sqrtf.c.obj</name>
      </input_file>
      <input_file id="fl-28">
         <path>C:\ti\ccs1120\ccs\tools\compiler\ti-cgt-c2000_21.6.0.LTS\lib\</path>
         <kind>archive</kind>
         <file>rts2800_fpu32.lib</file>
         <name>s_cosf.c.obj</name>
      </input_file>
      <input_file id="fl-29">
         <path>C:\ti\ccs1120\ccs\tools\compiler\ti-cgt-c2000_21.6.0.LTS\lib\</path>
         <kind>archive</kind>
         <file>rts2800_fpu32.lib</file>
         <name>s_scalbnf.c.obj</name>
      </input_file>
      <input_file id="fl-2a">
         <path>C:\ti\ccs1120\ccs\tools\compiler\ti-cgt-c2000_21.6.0.LTS\lib\</path>
         <kind>archive</kind>
         <file>rts2800_fpu32.lib</file>
         <name>s_tanf.c.obj</name>
      </input_file>
      <input_file id="fl-2b">
         <path>C:\ti\ccs1120\ccs\tools\compiler\ti-cgt-c2000_21.6.0.LTS\lib\</path>
         <kind>archive</kind>
         <file>rts2800_fpu32.lib</file>
         <name>s_tanhf.c.obj</name>
      </input_file>
      <input_file id="fl-2c">
         <path>C:\ti\ccs1120\ccs\tools\compiler\ti-cgt-c2000_21.6.0.LTS\lib\</path>
         <kind>archive</kind>
         <file>rts2800_fpu32.lib</file>
         <name>boot28.asm.obj</name>
      </input_file>
      <input_file id="fl-2d">
         <path>C:\ti\ccs1120\ccs\tools\compiler\ti-cgt-c2000_21.6.0.LTS\lib\</path>
         <kind>archive</kind>
         <file>rts2800_fpu32.lib</file>
         <name>fd_cmp28.asm.obj</name>
      </input_file>
      <input_file id="fl-2e">
         <path>C:\ti\ccs1120\ccs\tools\compiler\ti-cgt-c2000_21.6.0.LTS\lib\</path>
         <kind>archive</kind>
         <file>rts2800_fpu32.lib</file>
         <name>fs_div28.asm.obj</name>
      </input_file>
      <input_file id="fl-2f">
         <path>C:\ti\ccs1120\ccs\tools\compiler\ti-cgt-c2000_21.6.0.LTS\lib\</path>
         <kind>archive</kind>
         <file>rts2800_fpu32.lib</file>
         <name>ll_aox28.asm.obj</name>
      </input_file>
      <input_file id="fl-30">
         <path>C:\ti\ccs1120\ccs\tools\compiler\ti-cgt-c2000_21.6.0.LTS\lib\</path>
         <kind>archive</kind>
         <file>rts2800_fpu32.lib</file>
         <name>ll_cmp28.asm.obj</name>
      </input_file>
      <input_file id="fl-31">
         <path>C:\ti\ccs1120\ccs\tools\compiler\ti-cgt-c2000_21.6.0.LTS\lib\</path>
         <kind>archive</kind>
         <file>rts2800_fpu32.lib</file>
         <name>i_div28.asm.obj</name>
      </input_file>
      <input_file id="fl-32">
         <path>C:\ti\ccs1120\ccs\tools\compiler\ti-cgt-c2000_21.6.0.LTS\lib\</path>
         <kind>archive</kind>
         <file>rts2800_fpu32.lib</file>
         <name>cpy_tbl.c.obj</name>
      </input_file>
      <input_file id="fl-33">
         <path>C:\ti\ccs1120\ccs\tools\compiler\ti-cgt-c2000_21.6.0.LTS\lib\</path>
         <kind>archive</kind>
         <file>rts2800_fpu32.lib</file>
         <name>memcpy.c.obj</name>
      </input_file>
      <input_file id="fl-34">
         <path>C:\ti\ccs1120\ccs\tools\compiler\ti-cgt-c2000_21.6.0.LTS\lib\</path>
         <kind>archive</kind>
         <file>rts2800_fpu32.lib</file>
         <name>pre_init.c.obj</name>
      </input_file>
      <input_file id="fl-35">
         <path>C:\ti\ccs1120\ccs\tools\compiler\ti-cgt-c2000_21.6.0.LTS\lib\</path>
         <kind>archive</kind>
         <file>rts2800_fpu32.lib</file>
         <name>startup.c.obj</name>
      </input_file>
      <input_file id="fl-36">
         <path>C:\ti\ccs1120\ccs\tools\compiler\ti-cgt-c2000_21.6.0.LTS\lib\</path>
         <kind>archive</kind>
         <file>rts2800_fpu32.lib</file>
         <name>exit.c.obj</name>
      </input_file>
      <input_file id="fl-37">
         <path>C:\ti\ccs1120\ccs\tools\compiler\ti-cgt-c2000_21.6.0.LTS\lib\</path>
         <kind>archive</kind>
         <file>rts2800_fpu32.lib</file>
         <name>_lock.c.obj</name>
      </input_file>
      <input_file id="fl-38">
         <path>C:\ti\ccs1120\ccs\tools\compiler\ti-cgt-c2000_21.6.0.LTS\lib\</path>
         <kind>archive</kind>
         <file>rts2800_fpu32.lib</file>
         <name>args_main.c.obj</name>
      </input_file>
      <input_file id="fl-39">
         <path>C:\ti\ccs1120\ccs\tools\compiler\ti-cgt-c2000_21.6.0.LTS\lib\</path>
         <kind>archive</kind>
         <file>rts2800_fpu32.lib</file>
         <name>memset.c.obj</name>
      </input_file>
      <input_file id="fl-3a">
         <path>C:\ti\ccs1120\ccs\tools\compiler\ti-cgt-c2000_21.6.0.LTS\lib\</path>
         <kind>archive</kind>
         <file>rts2800_fpu32.lib</file>
         <name>errno.c.obj</name>
      </input_file>
      <input_file id="fl-3b">
         <path>C:\ti\ccs1120\ccs\tools\compiler\ti-cgt-c2000_21.6.0.LTS\lib\</path>
         <kind>archive</kind>
         <file>rts2800_fpu32.lib</file>
         <name>s_copysignf.c.obj</name>
      </input_file>
      <input_file id="fl-3c">
         <path>C:\ti\ccs1120\ccs\tools\compiler\ti-cgt-c2000_21.6.0.LTS\lib\</path>
         <kind>archive</kind>
         <file>rts2800_fpu32.lib</file>
         <name>s_expm1f.c.obj</name>
      </input_file>
   </input_file_list>
   <object_component_list>
      <object_component id="oc-153">
         <name>.cinit</name>
         <load_address>0x82000</load_address>
         <run_address>0x82000</run_address>
         <size>0xac</size>
         <input_file_ref idref="fl-17"/>
      </object_component>
      <object_component id="oc-14c">
         <name>.cinit</name>
         <load_address>0x820ac</load_address>
         <run_address>0x820ac</run_address>
         <size>0x40</size>
         <input_file_ref idref="fl-16"/>
      </object_component>
      <object_component id="oc-241">
         <name>.cinit:_presets_regen</name>
         <load_address>0x820ec</load_address>
         <run_address>0x820ec</run_address>
         <size>0xf</size>
         <input_file_ref idref="fl-17"/>
      </object_component>
      <object_component id="oc-1e2">
         <name>.cinit</name>
         <load_address>0x820fb</load_address>
         <run_address>0x820fb</run_address>
         <size>0xe</size>
         <input_file_ref idref="fl-36"/>
      </object_component>
      <object_component id="oc-133">
         <name>.cinit</name>
         <load_address>0x82109</load_address>
         <run_address>0x82109</run_address>
         <size>0xc</size>
         <input_file_ref idref="fl-12"/>
      </object_component>
      <object_component id="oc-25d">
         <name>.cinit:_fz</name>
         <load_address>0x82115</load_address>
         <run_address>0x82115</run_address>
         <size>0xb</size>
         <input_file_ref idref="fl-17"/>
      </object_component>
      <object_component id="oc-23f">
         <name>.cinit:_presets_power</name>
         <load_address>0x82120</load_address>
         <run_address>0x82120</run_address>
         <size>0xb</size>
         <input_file_ref idref="fl-17"/>
      </object_component>
      <object_component id="oc-262">
         <name>.cinit:_repFz</name>
         <load_address>0x8212b</load_address>
         <run_address>0x8212b</run_address>
         <size>0xb</size>
         <input_file_ref idref="fl-17"/>
      </object_component>
      <object_component id="oc-243">
         <name>.cinit:_hvCounter</name>
         <load_address>0x82136</load_address>
         <run_address>0x82136</run_address>
         <size>0x7</size>
         <input_file_ref idref="fl-17"/>
      </object_component>
      <object_component id="oc-245">
         <name>.cinit:_inverterHV</name>
         <load_address>0x8213d</load_address>
         <run_address>0x8213d</run_address>
         <size>0x7</size>
         <input_file_ref idref="fl-17"/>
      </object_component>
      <object_component id="oc-249">
         <name>.cinit:_inverterRF</name>
         <load_address>0x82144</load_address>
         <run_address>0x82144</run_address>
         <size>0x7</size>
         <input_file_ref idref="fl-17"/>
      </object_component>
      <object_component id="oc-232">
         <name>.cinit:_motorInitialized</name>
         <load_address>0x8214b</load_address>
         <run_address>0x8214b</run_address>
         <size>0x7</size>
         <input_file_ref idref="fl-17"/>
      </object_component>
      <object_component id="oc-247">
         <name>.cinit:_rfCounter</name>
         <load_address>0x82152</load_address>
         <run_address>0x82152</run_address>
         <size>0x7</size>
         <input_file_ref idref="fl-17"/>
      </object_component>
      <object_component id="oc-222">
         <name>.cinit:__lock</name>
         <load_address>0x82159</load_address>
         <run_address>0x82159</run_address>
         <size>0x5</size>
         <input_file_ref idref="fl-37"/>
      </object_component>
      <object_component id="oc-26b">
         <name>.cinit:__unlock</name>
         <load_address>0x8215e</load_address>
         <run_address>0x8215e</run_address>
         <size>0x5</size>
         <input_file_ref idref="fl-37"/>
      </object_component>
      <object_component id="oc-13a">
         <name>.cinit</name>
         <load_address>0x82163</load_address>
         <run_address>0x82163</run_address>
         <size>0x4</size>
         <input_file_ref idref="fl-13"/>
      </object_component>
      <object_component id="oc-1f8">
         <name>.cinit</name>
         <load_address>0x82167</load_address>
         <run_address>0x82167</run_address>
         <size>0x4</size>
         <input_file_ref idref="fl-3a"/>
      </object_component>
      <object_component id="oc-168">
         <name>.cinit</name>
         <load_address>0x8216b</load_address>
         <run_address>0x8216b</run_address>
         <size>0x4</size>
         <input_file_ref idref="fl-1a"/>
      </object_component>
      <object_component id="oc-175">
         <name>.cinit</name>
         <load_address>0x8216f</load_address>
         <run_address>0x8216f</run_address>
         <size>0x4</size>
         <input_file_ref idref="fl-1c"/>
      </object_component>
      <object_component id="oc-211">
         <name>.text</name>
         <load_address>0x98000</load_address>
         <run_address>0x98000</run_address>
         <size>0x862</size>
         <input_file_ref idref="fl-12"/>
      </object_component>
      <object_component id="oc-21b">
         <name>.text</name>
         <load_address>0x98862</load_address>
         <run_address>0x98862</run_address>
         <size>0x6f7</size>
         <input_file_ref idref="fl-1b"/>
      </object_component>
      <object_component id="oc-94">
         <name>.text:retain</name>
         <load_address>0x98f59</load_address>
         <run_address>0x98f59</run_address>
         <size>0x585</size>
         <input_file_ref idref="fl-5"/>
      </object_component>
      <object_component id="oc-20e">
         <name>.text</name>
         <load_address>0x994de</load_address>
         <run_address>0x994de</run_address>
         <size>0x54d</size>
         <input_file_ref idref="fl-18"/>
      </object_component>
      <object_component id="oc-20b">
         <name>.text</name>
         <load_address>0x99a2b</load_address>
         <run_address>0x99a2b</run_address>
         <size>0x522</size>
         <input_file_ref idref="fl-10"/>
      </object_component>
      <object_component id="oc-263">
         <name>.text</name>
         <load_address>0x99f4d</load_address>
         <run_address>0x99f4d</run_address>
         <size>0x369</size>
         <input_file_ref idref="fl-26"/>
      </object_component>
      <object_component id="oc-233">
         <name>.text</name>
         <load_address>0x9a2b6</load_address>
         <run_address>0x9a2b6</run_address>
         <size>0x2ea</size>
         <input_file_ref idref="fl-1d"/>
      </object_component>
      <object_component id="oc-21a">
         <name>.text</name>
         <load_address>0x9a5a0</load_address>
         <run_address>0x9a5a0</run_address>
         <size>0x259</size>
         <input_file_ref idref="fl-13"/>
      </object_component>
      <object_component id="oc-266">
         <name>.text</name>
         <load_address>0x9a7f9</load_address>
         <run_address>0x9a7f9</run_address>
         <size>0x256</size>
         <input_file_ref idref="fl-c"/>
      </object_component>
      <object_component id="oc-20d">
         <name>.text</name>
         <load_address>0x9aa4f</load_address>
         <run_address>0x9aa4f</run_address>
         <size>0x23d</size>
         <input_file_ref idref="fl-11"/>
      </object_component>
      <object_component id="oc-12d">
         <name>.text:retain</name>
         <load_address>0x9ac8c</load_address>
         <run_address>0x9ac8c</run_address>
         <size>0x236</size>
         <input_file_ref idref="fl-11"/>
      </object_component>
      <object_component id="oc-224">
         <name>.text</name>
         <load_address>0x9aec2</load_address>
         <run_address>0x9aec2</run_address>
         <size>0x1ca</size>
         <input_file_ref idref="fl-15"/>
      </object_component>
      <object_component id="oc-219">
         <name>.text</name>
         <load_address>0x9b08c</load_address>
         <run_address>0x9b08c</run_address>
         <size>0x1c2</size>
         <input_file_ref idref="fl-f"/>
      </object_component>
      <object_component id="oc-24a">
         <name>.text</name>
         <load_address>0x9b24e</load_address>
         <run_address>0x9b24e</run_address>
         <size>0x1ac</size>
         <input_file_ref idref="fl-24"/>
      </object_component>
      <object_component id="oc-16a">
         <name>.text:retain</name>
         <load_address>0x9b3fa</load_address>
         <run_address>0x9b3fa</run_address>
         <size>0x18e</size>
         <input_file_ref idref="fl-1a"/>
      </object_component>
      <object_component id="oc-252">
         <name>.text</name>
         <load_address>0x9b588</load_address>
         <run_address>0x9b588</run_address>
         <size>0x12b</size>
         <input_file_ref idref="fl-25"/>
      </object_component>
      <object_component id="oc-21c">
         <name>.text</name>
         <load_address>0x9b6b3</load_address>
         <run_address>0x9b6b3</run_address>
         <size>0x106</size>
         <input_file_ref idref="fl-14"/>
      </object_component>
      <object_component id="oc-251">
         <name>.text</name>
         <load_address>0x9b7b9</load_address>
         <run_address>0x9b7b9</run_address>
         <size>0xf0</size>
         <input_file_ref idref="fl-2"/>
      </object_component>
      <object_component id="oc-220">
         <name>.text</name>
         <load_address>0x9b8a9</load_address>
         <run_address>0x9b8a9</run_address>
         <size>0xb9</size>
         <input_file_ref idref="fl-17"/>
      </object_component>
      <object_component id="oc-236">
         <name>.text</name>
         <load_address>0x9b962</load_address>
         <run_address>0x9b962</run_address>
         <size>0xb4</size>
         <input_file_ref idref="fl-19"/>
      </object_component>
      <object_component id="oc-1b9">
         <name>.text</name>
         <load_address>0x9ba16</load_address>
         <run_address>0x9ba16</run_address>
         <size>0x88</size>
         <input_file_ref idref="fl-2e"/>
      </object_component>
      <object_component id="oc-21d">
         <name>.text</name>
         <load_address>0x9ba9e</load_address>
         <run_address>0x9ba9e</run_address>
         <size>0x86</size>
         <input_file_ref idref="fl-e"/>
      </object_component>
      <object_component id="oc-275">
         <name>.text</name>
         <load_address>0x9bb24</load_address>
         <run_address>0x9bb24</run_address>
         <size>0x7c</size>
         <input_file_ref idref="fl-4"/>
      </object_component>
      <object_component id="oc-25f">
         <name>.text</name>
         <load_address>0x9bba0</load_address>
         <run_address>0x9bba0</run_address>
         <size>0x63</size>
         <input_file_ref idref="fl-28"/>
      </object_component>
      <object_component id="oc-260">
         <name>.text</name>
         <load_address>0x9bc03</load_address>
         <run_address>0x9bc03</run_address>
         <size>0x62</size>
         <input_file_ref idref="fl-2a"/>
      </object_component>
      <object_component id="oc-272">
         <name>.text</name>
         <load_address>0x9bc65</load_address>
         <run_address>0x9bc65</run_address>
         <size>0x58</size>
         <input_file_ref idref="fl-29"/>
      </object_component>
      <object_component id="oc-81">
         <name>.text</name>
         <load_address>0x9bcbd</load_address>
         <run_address>0x9bcbd</run_address>
         <size>0x56</size>
         <input_file_ref idref="fl-2c"/>
      </object_component>
      <object_component id="oc-269">
         <name>.text</name>
         <load_address>0x9bd13</load_address>
         <run_address>0x9bd13</run_address>
         <size>0x4f</size>
         <input_file_ref idref="fl-1a"/>
      </object_component>
      <object_component id="oc-21e">
         <name>.text</name>
         <load_address>0x9bd62</load_address>
         <run_address>0x9bd62</run_address>
         <size>0x35</size>
         <input_file_ref idref="fl-7"/>
      </object_component>
      <object_component id="oc-1b4">
         <name>.text</name>
         <load_address>0x9bd97</load_address>
         <run_address>0x9bd97</run_address>
         <size>0x2a</size>
         <input_file_ref idref="fl-2d"/>
      </object_component>
      <object_component id="oc-20a">
         <name>.text</name>
         <load_address>0x9bdc1</load_address>
         <run_address>0x9bdc1</run_address>
         <size>0x29</size>
         <input_file_ref idref="fl-36"/>
      </object_component>
      <object_component id="oc-267">
         <name>.text</name>
         <load_address>0x9bdea</load_address>
         <run_address>0x9bdea</run_address>
         <size>0x28</size>
         <input_file_ref idref="fl-a"/>
      </object_component>
      <object_component id="oc-264">
         <name>.text</name>
         <load_address>0x9be12</load_address>
         <run_address>0x9be12</run_address>
         <size>0x27</size>
         <input_file_ref idref="fl-27"/>
      </object_component>
      <object_component id="oc-268">
         <name>.text</name>
         <load_address>0x9be39</load_address>
         <run_address>0x9be39</run_address>
         <size>0x26</size>
         <input_file_ref idref="fl-b"/>
      </object_component>
      <object_component id="oc-207">
         <name>.text</name>
         <load_address>0x9be5f</load_address>
         <run_address>0x9be5f</run_address>
         <size>0x24</size>
         <input_file_ref idref="fl-32"/>
      </object_component>
      <object_component id="oc-1c8">
         <name>.text</name>
         <load_address>0x9be83</load_address>
         <run_address>0x9be83</run_address>
         <size>0x22</size>
         <input_file_ref idref="fl-31"/>
      </object_component>
      <object_component id="oc-1c3">
         <name>.text</name>
         <load_address>0x9bea5</load_address>
         <run_address>0x9bea5</run_address>
         <size>0x1e</size>
         <input_file_ref idref="fl-30"/>
      </object_component>
      <object_component id="oc-21f">
         <name>.text</name>
         <load_address>0x9bec3</load_address>
         <run_address>0x9bec3</run_address>
         <size>0x1d</size>
         <input_file_ref idref="fl-33"/>
      </object_component>
      <object_component id="oc-1be">
         <name>.text</name>
         <load_address>0x9bee0</load_address>
         <run_address>0x9bee0</run_address>
         <size>0x18</size>
         <input_file_ref idref="fl-2f"/>
      </object_component>
      <object_component id="oc-209">
         <name>.text</name>
         <load_address>0x9bef8</load_address>
         <run_address>0x9bef8</run_address>
         <size>0x12</size>
         <input_file_ref idref="fl-38"/>
      </object_component>
      <object_component id="oc-277">
         <name>.text</name>
         <load_address>0x9bf0a</load_address>
         <run_address>0x9bf0a</run_address>
         <size>0x11</size>
         <input_file_ref idref="fl-3b"/>
      </object_component>
      <object_component id="oc-146">
         <name>.text:retain</name>
         <load_address>0x9bf1b</load_address>
         <run_address>0x9bf1b</run_address>
         <size>0xf</size>
         <input_file_ref idref="fl-15"/>
      </object_component>
      <object_component id="oc-26a">
         <name>.text</name>
         <load_address>0x9bf2a</load_address>
         <run_address>0x9bf2a</run_address>
         <size>0x9</size>
         <input_file_ref idref="fl-37"/>
      </object_component>
      <object_component id="oc-87">
         <name>.text</name>
         <load_address>0x9bf33</load_address>
         <run_address>0x9bf33</run_address>
         <size>0x8</size>
         <input_file_ref idref="fl-3"/>
      </object_component>
      <object_component id="oc-206">
         <name>.text</name>
         <load_address>0x9bf3b</load_address>
         <run_address>0x9bf3b</run_address>
         <size>0x2</size>
         <input_file_ref idref="fl-34"/>
      </object_component>
      <object_component id="oc-208">
         <name>.text</name>
         <load_address>0x9bf3d</load_address>
         <run_address>0x9bf3d</run_address>
         <size>0x1</size>
         <input_file_ref idref="fl-35"/>
      </object_component>
      <object_component id="oc-88">
         <name>codestart</name>
         <load_address>0x80000</load_address>
         <run_address>0x80000</run_address>
         <size>0x2</size>
         <input_file_ref idref="fl-3"/>
      </object_component>
      <object_component id="oc-1ae">
         <name>.stack</name>
         <uninitialized>true</uninitialized>
         <run_address>0x400</run_address>
         <size>0x0</size>
         <input_file_ref idref="fl-2c"/>
      </object_component>
      <object_component id="oc-2fe">
         <name>.stack</name>
         <uninitialized>true</uninitialized>
         <run_address>0x400</run_address>
         <size>0x0</size>
      </object_component>
      <object_component id="oc-1af">
         <name>.reset</name>
         <load_address>0x3fffc0</load_address>
         <run_address>0x3fffc0</run_address>
         <size>0x2</size>
         <input_file_ref idref="fl-2c"/>
      </object_component>
      <object_component id="oc-154">
         <name>.ebss</name>
         <uninitialized>true</uninitialized>
         <run_address>0xa800</run_address>
         <size>0x11e</size>
         <input_file_ref idref="fl-17"/>
      </object_component>
      <object_component id="oc-22f">
         <name>.ebss:_CAN_AMK_SET_POINT</name>
         <uninitialized>true</uninitialized>
         <run_address>0xa91e</run_address>
         <size>0x20</size>
         <input_file_ref idref="fl-17"/>
      </object_component>
      <object_component id="oc-221">
         <name>.ebss:__lock</name>
         <uninitialized>true</uninitialized>
         <run_address>0xa93e</run_address>
         <size>0x2</size>
         <input_file_ref idref="fl-37"/>
      </object_component>
      <object_component id="oc-22d">
         <name>.ebss:_motorVal1</name>
         <uninitialized>true</uninitialized>
         <run_address>0xa940</run_address>
         <size>0x40</size>
         <input_file_ref idref="fl-17"/>
      </object_component>
      <object_component id="oc-24e">
         <name>.ebss:_motorVal1_shared</name>
         <uninitialized>true</uninitialized>
         <run_address>0xa980</run_address>
         <size>0x40</size>
         <input_file_ref idref="fl-17"/>
      </object_component>
      <object_component id="oc-22b">
         <name>.ebss:_TXCANA_Smu_Message</name>
         <uninitialized>true</uninitialized>
         <run_address>0xa9c0</run_address>
         <size>0x32</size>
         <input_file_ref idref="fl-17"/>
      </object_component>
      <object_component id="oc-240">
         <name>.ebss:_presets_regen</name>
         <uninitialized>true</uninitialized>
         <run_address>0xa9f2</run_address>
         <size>0xc</size>
         <input_file_ref idref="fl-17"/>
      </object_component>
      <object_component id="oc-276">
         <name>.ebss:__unlock</name>
         <uninitialized>true</uninitialized>
         <run_address>0xa9fe</run_address>
         <size>0x2</size>
         <input_file_ref idref="fl-37"/>
      </object_component>
      <object_component id="oc-20c">
         <name>.ebss:_RXCANB_AmkVal1_Message</name>
         <uninitialized>true</uninitialized>
         <run_address>0xaa00</run_address>
         <size>0x28</size>
         <input_file_ref idref="fl-17"/>
      </object_component>
      <object_component id="oc-8e">
         <name>.ebss</name>
         <uninitialized>true</uninitialized>
         <run_address>0xaa28</run_address>
         <size>0x18</size>
         <input_file_ref idref="fl-4"/>
      </object_component>
      <object_component id="oc-226">
         <name>.ebss:_RXCANB_AmkVal2_Message</name>
         <uninitialized>true</uninitialized>
         <run_address>0xaa40</run_address>
         <size>0x28</size>
         <input_file_ref idref="fl-17"/>
      </object_component>
      <object_component id="oc-13b">
         <name>.ebss</name>
         <uninitialized>true</uninitialized>
         <run_address>0xaa68</run_address>
         <size>0x16</size>
         <input_file_ref idref="fl-13"/>
      </object_component>
      <object_component id="oc-12c">
         <name>.ebss</name>
         <uninitialized>true</uninitialized>
         <run_address>0xaa7e</run_address>
         <size>0x2</size>
         <input_file_ref idref="fl-11"/>
      </object_component>
      <object_component id="oc-228">
         <name>.ebss:_TXCANB_Setpoints_Message</name>
         <uninitialized>true</uninitialized>
         <run_address>0xaa80</run_address>
         <size>0x28</size>
         <input_file_ref idref="fl-17"/>
      </object_component>
      <object_component id="oc-22c">
         <name>.ebss:_TXA_Smu_Calibration</name>
         <uninitialized>true</uninitialized>
         <run_address>0xaaa8</run_address>
         <size>0x14</size>
         <input_file_ref idref="fl-17"/>
      </object_component>
      <object_component id="oc-242">
         <name>.ebss:_hvCounter</name>
         <uninitialized>true</uninitialized>
         <run_address>0xaabc</run_address>
         <size>0x4</size>
         <input_file_ref idref="fl-17"/>
      </object_component>
      <object_component id="oc-22a">
         <name>.ebss:_TXB_Setpoints_Data</name>
         <uninitialized>true</uninitialized>
         <run_address>0xaac0</run_address>
         <size>0x20</size>
         <input_file_ref idref="fl-17"/>
      </object_component>
      <object_component id="oc-22e">
         <name>.ebss:_motorVal2</name>
         <uninitialized>true</uninitialized>
         <run_address>0xaae0</run_address>
         <size>0x20</size>
         <input_file_ref idref="fl-17"/>
      </object_component>
      <object_component id="oc-24f">
         <name>.ebss:_motorVal2_shared</name>
         <uninitialized>true</uninitialized>
         <run_address>0xab00</run_address>
         <size>0x20</size>
         <input_file_ref idref="fl-17"/>
      </object_component>
      <object_component id="oc-259">
         <name>.ebss:_posTorqueCandidate</name>
         <uninitialized>true</uninitialized>
         <run_address>0xab20</run_address>
         <size>0x20</size>
         <input_file_ref idref="fl-17"/>
      </object_component>
      <object_component id="oc-230">
         <name>.ebss:_motorSetP</name>
         <uninitialized>true</uninitialized>
         <run_address>0xab40</run_address>
         <size>0x1c</size>
         <input_file_ref idref="fl-17"/>
      </object_component>
      <object_component id="oc-250">
         <name>.ebss:_motorSetP_shared</name>
         <uninitialized>true</uninitialized>
         <run_address>0xab5c</run_address>
         <size>0x1c</size>
         <input_file_ref idref="fl-17"/>
      </object_component>
      <object_component id="oc-257">
         <name>.ebss:_AMK_TorqueLimitNegative</name>
         <uninitialized>true</uninitialized>
         <run_address>0xab78</run_address>
         <size>0x8</size>
         <input_file_ref idref="fl-17"/>
      </object_component>
      <object_component id="oc-14d">
         <name>.ebss</name>
         <uninitialized>true</uninitialized>
         <run_address>0xab80</run_address>
         <size>0x1a</size>
         <input_file_ref idref="fl-16"/>
      </object_component>
      <object_component id="oc-254">
         <name>.ebss:_brakes</name>
         <uninitialized>true</uninitialized>
         <run_address>0xab9a</run_address>
         <size>0x14</size>
         <input_file_ref idref="fl-17"/>
      </object_component>
      <object_component id="oc-23d">
         <name>.ebss:_V</name>
         <uninitialized>true</uninitialized>
         <run_address>0xabae</run_address>
         <size>0x12</size>
         <input_file_ref idref="fl-17"/>
      </object_component>
      <object_component id="oc-255">
         <name>.ebss:_steerings</name>
         <uninitialized>true</uninitialized>
         <run_address>0xabc0</run_address>
         <size>0x14</size>
         <input_file_ref idref="fl-17"/>
      </object_component>
      <object_component id="oc-253">
         <name>.ebss:_throttles</name>
         <uninitialized>true</uninitialized>
         <run_address>0xabd4</run_address>
         <size>0x14</size>
         <input_file_ref idref="fl-17"/>
      </object_component>
      <object_component id="oc-23b">
         <name>.ebss:_bms_lv_cell</name>
         <uninitialized>true</uninitialized>
         <run_address>0xabe8</run_address>
         <size>0x10</size>
         <input_file_ref idref="fl-17"/>
      </object_component>
      <object_component id="oc-256">
         <name>.ebss:_AMK_TorqueLimitPositive</name>
         <uninitialized>true</uninitialized>
         <run_address>0xabf8</run_address>
         <size>0x8</size>
         <input_file_ref idref="fl-17"/>
      </object_component>
      <object_component id="oc-24d">
         <name>.ebss:_bms_lv_shared</name>
         <uninitialized>true</uninitialized>
         <run_address>0xac00</run_address>
         <size>0x10</size>
         <input_file_ref idref="fl-17"/>
      </object_component>
      <object_component id="oc-239">
         <name>.ebss:_temperatures</name>
         <uninitialized>true</uninitialized>
         <run_address>0xac10</run_address>
         <size>0xa</size>
         <input_file_ref idref="fl-17"/>
      </object_component>
      <object_component id="oc-215">
         <name>.ebss:_RXA_BmsLV_Data</name>
         <uninitialized>true</uninitialized>
         <run_address>0xac1a</run_address>
         <size>0x8</size>
         <input_file_ref idref="fl-17"/>
      </object_component>
      <object_component id="oc-210">
         <name>.ebss:_RXA_Imu_Data</name>
         <uninitialized>true</uninitialized>
         <run_address>0xac22</run_address>
         <size>0x8</size>
         <input_file_ref idref="fl-17"/>
      </object_component>
      <object_component id="oc-218">
         <name>.ebss:_RXA_Lem_Data</name>
         <uninitialized>true</uninitialized>
         <run_address>0xac2a</run_address>
         <size>0x8</size>
         <input_file_ref idref="fl-17"/>
      </object_component>
      <object_component id="oc-212">
         <name>.ebss:_RXA_Smu_Data</name>
         <uninitialized>true</uninitialized>
         <run_address>0xac32</run_address>
         <size>0x8</size>
         <input_file_ref idref="fl-17"/>
      </object_component>
      <object_component id="oc-214">
         <name>.ebss:_RXA_BmsTemp_Data</name>
         <uninitialized>true</uninitialized>
         <run_address>0xac3a</run_address>
         <size>0x6</size>
         <input_file_ref idref="fl-17"/>
      </object_component>
      <object_component id="oc-20f">
         <name>.ebss:_RXB_AmkVal_Data</name>
         <uninitialized>true</uninitialized>
         <run_address>0xac40</run_address>
         <size>0x8</size>
         <input_file_ref idref="fl-17"/>
      </object_component>
      <object_component id="oc-24b">
         <name>.ebss:_Temps</name>
         <uninitialized>true</uninitialized>
         <run_address>0xac48</run_address>
         <size>0x8</size>
         <input_file_ref idref="fl-17"/>
      </object_component>
      <object_component id="oc-24c">
         <name>.ebss:_Temps_shared</name>
         <uninitialized>true</uninitialized>
         <run_address>0xac50</run_address>
         <size>0x8</size>
         <input_file_ref idref="fl-17"/>
      </object_component>
      <object_component id="oc-25c">
         <name>.ebss:_fz</name>
         <uninitialized>true</uninitialized>
         <run_address>0xac58</run_address>
         <size>0x8</size>
         <input_file_ref idref="fl-17"/>
      </object_component>
      <object_component id="oc-258">
         <name>.ebss:_motorSpeeds</name>
         <uninitialized>true</uninitialized>
         <run_address>0xac60</run_address>
         <size>0x8</size>
         <input_file_ref idref="fl-17"/>
      </object_component>
      <object_component id="oc-25a">
         <name>.ebss:_negTorqueCandidate</name>
         <uninitialized>true</uninitialized>
         <run_address>0xac68</run_address>
         <size>0x8</size>
         <input_file_ref idref="fl-17"/>
      </object_component>
      <object_component id="oc-235">
         <name>.ebss:_negTorquesNM</name>
         <uninitialized>true</uninitialized>
         <run_address>0xac70</run_address>
         <size>0x8</size>
         <input_file_ref idref="fl-17"/>
      </object_component>
      <object_component id="oc-234">
         <name>.ebss:_posTorquesNM</name>
         <uninitialized>true</uninitialized>
         <run_address>0xac78</run_address>
         <size>0x8</size>
         <input_file_ref idref="fl-17"/>
      </object_component>
      <object_component id="oc-23c">
         <name>.ebss:_powersetup</name>
         <uninitialized>true</uninitialized>
         <run_address>0xac80</run_address>
         <size>0x8</size>
         <input_file_ref idref="fl-17"/>
      </object_component>
      <object_component id="oc-23e">
         <name>.ebss:_presets_power</name>
         <uninitialized>true</uninitialized>
         <run_address>0xac88</run_address>
         <size>0x8</size>
         <input_file_ref idref="fl-17"/>
      </object_component>
      <object_component id="oc-25e">
         <name>.ebss:_re</name>
         <uninitialized>true</uninitialized>
         <run_address>0xac90</run_address>
         <size>0x8</size>
         <input_file_ref idref="fl-17"/>
      </object_component>
      <object_component id="oc-261">
         <name>.ebss:_repFz</name>
         <uninitialized>true</uninitialized>
         <run_address>0xac98</run_address>
         <size>0x8</size>
         <input_file_ref idref="fl-17"/>
      </object_component>
      <object_component id="oc-25b">
         <name>.ebss:_steers</name>
         <uninitialized>true</uninitialized>
         <run_address>0xaca0</run_address>
         <size>0x8</size>
         <input_file_ref idref="fl-17"/>
      </object_component>
      <object_component id="oc-23a">
         <name>.ebss:_suspensions</name>
         <uninitialized>true</uninitialized>
         <run_address>0xaca8</run_address>
         <size>0x8</size>
         <input_file_ref idref="fl-17"/>
      </object_component>
      <object_component id="oc-265">
         <name>.ebss:_torque_reg_IPM</name>
         <uninitialized>true</uninitialized>
         <run_address>0xacb0</run_address>
         <size>0x8</size>
         <input_file_ref idref="fl-17"/>
      </object_component>
      <object_component id="oc-213">
         <name>.ebss:_RXA_BmsVol_Data</name>
         <uninitialized>true</uninitialized>
         <run_address>0xacb8</run_address>
         <size>0x6</size>
         <input_file_ref idref="fl-17"/>
      </object_component>
      <object_component id="oc-216">
         <name>.ebss:_RXA_PwCtrl_Data</name>
         <uninitialized>true</uninitialized>
         <run_address>0xacbe</run_address>
         <size>0x1</size>
         <input_file_ref idref="fl-17"/>
      </object_component>
      <object_component id="oc-217">
         <name>.ebss:_RXA_Wheel_Data</name>
         <uninitialized>true</uninitialized>
         <run_address>0xacbf</run_address>
         <size>0x1</size>
         <input_file_ref idref="fl-17"/>
      </object_component>
      <object_component id="oc-237">
         <name>.ebss:_accelerations</name>
         <uninitialized>true</uninitialized>
         <run_address>0xacc0</run_address>
         <size>0x6</size>
         <input_file_ref idref="fl-17"/>
      </object_component>
      <object_component id="oc-238">
         <name>.ebss:_omegas</name>
         <uninitialized>true</uninitialized>
         <run_address>0xacc6</run_address>
         <size>0x6</size>
         <input_file_ref idref="fl-17"/>
      </object_component>
      <object_component id="oc-26d">
         <name>.ebss:_versx</name>
         <uninitialized>true</uninitialized>
         <run_address>0xaccc</run_address>
         <size>0x6</size>
         <input_file_ref idref="fl-17"/>
      </object_component>
      <object_component id="oc-26e">
         <name>.ebss:_versy</name>
         <uninitialized>true</uninitialized>
         <run_address>0xacd2</run_address>
         <size>0x6</size>
         <input_file_ref idref="fl-17"/>
      </object_component>
      <object_component id="oc-26c">
         <name>.ebss:_versz</name>
         <uninitialized>true</uninitialized>
         <run_address>0xacd8</run_address>
         <size>0x6</size>
         <input_file_ref idref="fl-17"/>
      </object_component>
      <object_component id="oc-1e3">
         <name>.ebss</name>
         <uninitialized>true</uninitialized>
         <run_address>0xacde</run_address>
         <size>0x6</size>
         <input_file_ref idref="fl-36"/>
      </object_component>
      <object_component id="oc-244">
         <name>.ebss:_inverterHV</name>
         <uninitialized>true</uninitialized>
         <run_address>0xace4</run_address>
         <size>0x4</size>
         <input_file_ref idref="fl-17"/>
      </object_component>
      <object_component id="oc-248">
         <name>.ebss:_inverterRF</name>
         <uninitialized>true</uninitialized>
         <run_address>0xace8</run_address>
         <size>0x4</size>
         <input_file_ref idref="fl-17"/>
      </object_component>
      <object_component id="oc-231">
         <name>.ebss:_motorInitialized</name>
         <uninitialized>true</uninitialized>
         <run_address>0xacec</run_address>
         <size>0x4</size>
         <input_file_ref idref="fl-17"/>
      </object_component>
      <object_component id="oc-246">
         <name>.ebss:_rfCounter</name>
         <uninitialized>true</uninitialized>
         <run_address>0xacf0</run_address>
         <size>0x4</size>
         <input_file_ref idref="fl-17"/>
      </object_component>
      <object_component id="oc-134">
         <name>.ebss</name>
         <uninitialized>true</uninitialized>
         <run_address>0xacf4</run_address>
         <size>0x3</size>
         <input_file_ref idref="fl-12"/>
      </object_component>
      <object_component id="oc-1f9">
         <name>.ebss</name>
         <uninitialized>true</uninitialized>
         <run_address>0xacf7</run_address>
         <size>0x1</size>
         <input_file_ref idref="fl-3a"/>
      </object_component>
      <object_component id="oc-169">
         <name>.ebss</name>
         <uninitialized>true</uninitialized>
         <run_address>0xacf8</run_address>
         <size>0x1</size>
         <input_file_ref idref="fl-1a"/>
      </object_component>
      <object_component id="oc-176">
         <name>.ebss</name>
         <uninitialized>true</uninitialized>
         <run_address>0xacf9</run_address>
         <size>0x1</size>
         <input_file_ref idref="fl-1c"/>
      </object_component>
      <object_component id="oc-274">
         <name>.econst:_PieVectTableInit</name>
         <load_address>0x90000</load_address>
         <run_address>0x90000</run_address>
         <size>0x1c0</size>
         <input_file_ref idref="fl-b"/>
      </object_component>
      <object_component id="oc-18e">
         <name>.econst</name>
         <load_address>0x901c0</load_address>
         <run_address>0x901c0</run_address>
         <size>0x32</size>
         <input_file_ref idref="fl-26"/>
      </object_component>
      <object_component id="oc-178">
         <name>.econst:.string</name>
         <load_address>0x901f2</load_address>
         <run_address>0x901f2</run_address>
         <size>0x18</size>
         <input_file_ref idref="fl-1c"/>
      </object_component>
      <object_component id="oc-188">
         <name>.econst</name>
         <load_address>0x9020a</load_address>
         <run_address>0x9020a</run_address>
         <size>0x10</size>
         <input_file_ref idref="fl-25"/>
      </object_component>
      <object_component id="oc-201">
         <name>.econst</name>
         <load_address>0x9021a</load_address>
         <run_address>0x9021a</run_address>
         <size>0x10</size>
         <input_file_ref idref="fl-3c"/>
      </object_component>
      <object_component id="oc-223">
         <name>.econst:_g_ui16CANBitValues</name>
         <load_address>0x9022a</load_address>
         <run_address>0x9022a</run_address>
         <size>0x9</size>
         <input_file_ref idref="fl-10"/>
      </object_component>
      <object_component id="oc-19e">
         <name>.econst</name>
         <load_address>0x90234</load_address>
         <run_address>0x90234</run_address>
         <size>0x6</size>
         <input_file_ref idref="fl-29"/>
      </object_component>
      <object_component id="oc-1a9">
         <name>.econst</name>
         <load_address>0x9023a</load_address>
         <run_address>0x9023a</run_address>
         <size>0x6</size>
         <input_file_ref idref="fl-2b"/>
      </object_component>
      <object_component id="oc-229">
         <name>.econst:_AMK_SETPOINTS_IDS</name>
         <load_address>0x90240</load_address>
         <run_address>0x90240</run_address>
         <size>0x4</size>
         <input_file_ref idref="fl-17"/>
      </object_component>
      <object_component id="oc-225">
         <name>.econst:_AMK_VAL_1_IDS</name>
         <load_address>0x90244</load_address>
         <run_address>0x90244</run_address>
         <size>0x4</size>
         <input_file_ref idref="fl-17"/>
      </object_component>
      <object_component id="oc-227">
         <name>.econst:_AMK_VAL_2_IDS</name>
         <load_address>0x90248</load_address>
         <run_address>0x90248</run_address>
         <size>0x4</size>
         <input_file_ref idref="fl-17"/>
      </object_component>
      <object_component id="oc-26f">
         <name>.econst:_bp</name>
         <load_address>0x9024c</load_address>
         <run_address>0x9024c</run_address>
         <size>0x4</size>
         <input_file_ref idref="fl-26"/>
      </object_component>
      <object_component id="oc-271">
         <name>.econst:_dp_h</name>
         <load_address>0x90250</load_address>
         <run_address>0x90250</run_address>
         <size>0x4</size>
         <input_file_ref idref="fl-26"/>
      </object_component>
      <object_component id="oc-270">
         <name>.econst:_dp_l</name>
         <load_address>0x90254</load_address>
         <run_address>0x90254</run_address>
         <size>0x4</size>
         <input_file_ref idref="fl-26"/>
      </object_component>
      <object_component id="oc-155">
         <name>.econst</name>
         <load_address>0x90258</load_address>
         <run_address>0x90258</run_address>
         <size>0x3</size>
         <input_file_ref idref="fl-17"/>
      </object_component>
      <object_component id="oc-177">
         <name>.econst</name>
         <load_address>0x9025c</load_address>
         <run_address>0x9025c</run_address>
         <size>0x2</size>
         <input_file_ref idref="fl-1c"/>
      </object_component>
      <object_component id="oc-158">
         <name>SHARERAMGS1</name>
         <uninitialized>true</uninitialized>
         <run_address>0xd000</run_address>
         <size>0xd6</size>
         <input_file_ref idref="fl-17"/>
      </object_component>
      <object_component id="oc-156">
         <name>SHARERAMGS2</name>
         <uninitialized>true</uninitialized>
         <run_address>0xe000</run_address>
         <size>0x2</size>
         <input_file_ref idref="fl-17"/>
      </object_component>
      <object_component id="oc-157">
         <name>SHARERAMGS3</name>
         <uninitialized>true</uninitialized>
         <run_address>0xf000</run_address>
         <size>0x5</size>
         <input_file_ref idref="fl-17"/>
      </object_component>
      <object_component id="oc-273">
         <name>.TI.ramfunc</name>
         <load_address>0x86000</load_address>
         <run_address>0x8000</run_address>
         <size>0x37</size>
         <input_file_ref idref="fl-c"/>
      </object_component>
      <object_component id="oc-117">
         <name>.TI.ramfunc</name>
         <load_address>0x86037</load_address>
         <run_address>0x8037</run_address>
         <size>0x4</size>
         <input_file_ref idref="fl-d"/>
      </object_component>
      <object_component id="oc-f7">
         <name>PieVectTableFile</name>
         <uninitialized>true</uninitialized>
         <run_address>0xd00</run_address>
         <size>0x1c0</size>
         <input_file_ref idref="fl-6"/>
      </object_component>
      <object_component id="oc-ce">
         <name>AccessProtectionRegsFile</name>
         <uninitialized>true</uninitialized>
         <run_address>0x5f4c0</run_address>
         <size>0x2e</size>
         <input_file_ref idref="fl-6"/>
      </object_component>
      <object_component id="oc-de">
         <name>AdcaRegsFile</name>
         <uninitialized>true</uninitialized>
         <run_address>0x7400</run_address>
         <size>0x7c</size>
         <input_file_ref idref="fl-6"/>
      </object_component>
      <object_component id="oc-df">
         <name>AdcbRegsFile</name>
         <uninitialized>true</uninitialized>
         <run_address>0x7480</run_address>
         <size>0x7c</size>
         <input_file_ref idref="fl-6"/>
      </object_component>
      <object_component id="oc-e0">
         <name>AdccRegsFile</name>
         <uninitialized>true</uninitialized>
         <run_address>0x7500</run_address>
         <size>0x7c</size>
         <input_file_ref idref="fl-6"/>
      </object_component>
      <object_component id="oc-e1">
         <name>AdcdRegsFile</name>
         <uninitialized>true</uninitialized>
         <run_address>0x7580</run_address>
         <size>0x7c</size>
         <input_file_ref idref="fl-6"/>
      </object_component>
      <object_component id="oc-ac">
         <name>AdcaResultRegsFile</name>
         <uninitialized>true</uninitialized>
         <run_address>0xb00</run_address>
         <size>0x18</size>
         <input_file_ref idref="fl-6"/>
      </object_component>
      <object_component id="oc-ad">
         <name>AdcbResultRegsFile</name>
         <uninitialized>true</uninitialized>
         <run_address>0xb20</run_address>
         <size>0x18</size>
         <input_file_ref idref="fl-6"/>
      </object_component>
      <object_component id="oc-ae">
         <name>AdccResultRegsFile</name>
         <uninitialized>true</uninitialized>
         <run_address>0xb40</run_address>
         <size>0x18</size>
         <input_file_ref idref="fl-6"/>
      </object_component>
      <object_component id="oc-af">
         <name>AdcdResultRegsFile</name>
         <uninitialized>true</uninitialized>
         <run_address>0xb60</run_address>
         <size>0x18</size>
         <input_file_ref idref="fl-6"/>
      </object_component>
      <object_component id="oc-f4">
         <name>CanaRegsFile</name>
         <uninitialized>true</uninitialized>
         <run_address>0x48000</run_address>
         <size>0x164</size>
         <input_file_ref idref="fl-6"/>
      </object_component>
      <object_component id="oc-f5">
         <name>CanbRegsFile</name>
         <uninitialized>true</uninitialized>
         <run_address>0x4a000</run_address>
         <size>0x164</size>
         <input_file_ref idref="fl-6"/>
      </object_component>
      <object_component id="oc-d2">
         <name>Cla1RegsFile</name>
         <uninitialized>true</uninitialized>
         <run_address>0x1400</run_address>
         <size>0x3e</size>
         <input_file_ref idref="fl-6"/>
      </object_component>
      <object_component id="oc-f0">
         <name>Clb1DataExchRegsFile</name>
         <uninitialized>true</uninitialized>
         <run_address>0x3200</run_address>
         <size>0x108</size>
         <input_file_ref idref="fl-6"/>
      </object_component>
      <object_component id="oc-f1">
         <name>Clb2DataExchRegsFile</name>
         <uninitialized>true</uninitialized>
         <run_address>0x3600</run_address>
         <size>0x108</size>
         <input_file_ref idref="fl-6"/>
      </object_component>
      <object_component id="oc-f2">
         <name>Clb3DataExchRegsFile</name>
         <uninitialized>true</uninitialized>
         <run_address>0x3a00</run_address>
         <size>0x108</size>
         <input_file_ref idref="fl-6"/>
      </object_component>
      <object_component id="oc-f3">
         <name>Clb4DataExchRegsFile</name>
         <uninitialized>true</uninitialized>
         <run_address>0x3e00</run_address>
         <size>0x108</size>
         <input_file_ref idref="fl-6"/>
      </object_component>
      <object_component id="oc-d3">
         <name>Clb1LogicCfgRegsFile</name>
         <uninitialized>true</uninitialized>
         <run_address>0x3000</run_address>
         <size>0x3e</size>
         <input_file_ref idref="fl-6"/>
      </object_component>
      <object_component id="oc-d4">
         <name>Clb2LogicCfgRegsFile</name>
         <uninitialized>true</uninitialized>
         <run_address>0x3400</run_address>
         <size>0x3e</size>
         <input_file_ref idref="fl-6"/>
      </object_component>
      <object_component id="oc-d5">
         <name>Clb3LogicCfgRegsFile</name>
         <uninitialized>true</uninitialized>
         <run_address>0x3800</run_address>
         <size>0x3e</size>
         <input_file_ref idref="fl-6"/>
      </object_component>
      <object_component id="oc-d6">
         <name>Clb4LogicCfgRegsFile</name>
         <uninitialized>true</uninitialized>
         <run_address>0x3c00</run_address>
         <size>0x3e</size>
         <input_file_ref idref="fl-6"/>
      </object_component>
      <object_component id="oc-d7">
         <name>Clb1LogicCtrlRegsFile</name>
         <uninitialized>true</uninitialized>
         <run_address>0x3100</run_address>
         <size>0x40</size>
         <input_file_ref idref="fl-6"/>
      </object_component>
      <object_component id="oc-d8">
         <name>Clb2LogicCtrlRegsFile</name>
         <uninitialized>true</uninitialized>
         <run_address>0x3500</run_address>
         <size>0x40</size>
         <input_file_ref idref="fl-6"/>
      </object_component>
      <object_component id="oc-d9">
         <name>Clb3LogicCtrlRegsFile</name>
         <uninitialized>true</uninitialized>
         <run_address>0x3900</run_address>
         <size>0x40</size>
         <input_file_ref idref="fl-6"/>
      </object_component>
      <object_component id="oc-da">
         <name>Clb4LogicCtrlRegsFile</name>
         <uninitialized>true</uninitialized>
         <run_address>0x3d00</run_address>
         <size>0x40</size>
         <input_file_ref idref="fl-6"/>
      </object_component>
      <object_component id="oc-d0">
         <name>ClkCfgRegsFile</name>
         <uninitialized>true</uninitialized>
         <run_address>0x5d200</run_address>
         <size>0x32</size>
         <input_file_ref idref="fl-6"/>
      </object_component>
      <object_component id="oc-b8">
         <name>Cmpss1RegsFile</name>
         <uninitialized>true</uninitialized>
         <run_address>0x5c80</run_address>
         <size>0x1b</size>
         <input_file_ref idref="fl-6"/>
      </object_component>
      <object_component id="oc-b9">
         <name>Cmpss2RegsFile</name>
         <uninitialized>true</uninitialized>
         <run_address>0x5ca0</run_address>
         <size>0x1b</size>
         <input_file_ref idref="fl-6"/>
      </object_component>
      <object_component id="oc-ba">
         <name>Cmpss3RegsFile</name>
         <uninitialized>true</uninitialized>
         <run_address>0x5cc0</run_address>
         <size>0x1b</size>
         <input_file_ref idref="fl-6"/>
      </object_component>
      <object_component id="oc-bb">
         <name>Cmpss4RegsFile</name>
         <uninitialized>true</uninitialized>
         <run_address>0x5ce0</run_address>
         <size>0x1b</size>
         <input_file_ref idref="fl-6"/>
      </object_component>
      <object_component id="oc-bc">
         <name>Cmpss5RegsFile</name>
         <uninitialized>true</uninitialized>
         <run_address>0x5d00</run_address>
         <size>0x1b</size>
         <input_file_ref idref="fl-6"/>
      </object_component>
      <object_component id="oc-bd">
         <name>Cmpss6RegsFile</name>
         <uninitialized>true</uninitialized>
         <run_address>0x5d20</run_address>
         <size>0x1b</size>
         <input_file_ref idref="fl-6"/>
      </object_component>
      <object_component id="oc-be">
         <name>Cmpss7RegsFile</name>
         <uninitialized>true</uninitialized>
         <run_address>0x5d40</run_address>
         <size>0x1b</size>
         <input_file_ref idref="fl-6"/>
      </object_component>
      <object_component id="oc-bf">
         <name>Cmpss8RegsFile</name>
         <uninitialized>true</uninitialized>
         <run_address>0x5d60</run_address>
         <size>0x1b</size>
         <input_file_ref idref="fl-6"/>
      </object_component>
      <object_component id="oc-a1">
         <name>CpuTimer0RegsFile</name>
         <uninitialized>true</uninitialized>
         <run_address>0xc00</run_address>
         <size>0x8</size>
         <input_file_ref idref="fl-6"/>
      </object_component>
      <object_component id="oc-a2">
         <name>CpuTimer1RegsFile</name>
         <uninitialized>true</uninitialized>
         <run_address>0xc08</run_address>
         <size>0x8</size>
         <input_file_ref idref="fl-6"/>
      </object_component>
      <object_component id="oc-a3">
         <name>CpuTimer2RegsFile</name>
         <uninitialized>true</uninitialized>
         <run_address>0xc10</run_address>
         <size>0x8</size>
         <input_file_ref idref="fl-6"/>
      </object_component>
      <object_component id="oc-e2">
         <name>CpuSysRegsFile</name>
         <uninitialized>true</uninitialized>
         <run_address>0x5d300</run_address>
         <size>0x82</size>
         <input_file_ref idref="fl-6"/>
      </object_component>
      <object_component id="oc-9d">
         <name>DacaRegsFile</name>
         <uninitialized>true</uninitialized>
         <run_address>0x5c00</run_address>
         <size>0x7</size>
         <input_file_ref idref="fl-6"/>
      </object_component>
      <object_component id="oc-9e">
         <name>DacbRegsFile</name>
         <uninitialized>true</uninitialized>
         <run_address>0x5c10</run_address>
         <size>0x7</size>
         <input_file_ref idref="fl-6"/>
      </object_component>
      <object_component id="oc-9f">
         <name>DaccRegsFile</name>
         <uninitialized>true</uninitialized>
         <run_address>0x5c20</run_address>
         <size>0x7</size>
         <input_file_ref idref="fl-6"/>
      </object_component>
      <object_component id="oc-9c">
         <name>DcsmCommonRegsFile</name>
         <uninitialized>true</uninitialized>
         <run_address>0x5f070</run_address>
         <size>0x6</size>
         <input_file_ref idref="fl-6"/>
      </object_component>
      <object_component id="oc-c0">
         <name>DcsmZ1RegsFile</name>
         <uninitialized>true</uninitialized>
         <run_address>0x5f000</run_address>
         <size>0x22</size>
         <input_file_ref idref="fl-6"/>
      </object_component>
      <object_component id="oc-c1">
         <name>DcsmZ2RegsFile</name>
         <uninitialized>true</uninitialized>
         <run_address>0x5f040</run_address>
         <size>0x22</size>
         <input_file_ref idref="fl-6"/>
      </object_component>
      <object_component id="oc-b0">
         <name>DmaClaSrcSelRegsFile</name>
         <uninitialized>true</uninitialized>
         <run_address>0x7980</run_address>
         <size>0x1a</size>
         <input_file_ref idref="fl-6"/>
      </object_component>
      <object_component id="oc-e3">
         <name>DmaRegsFile</name>
         <uninitialized>true</uninitialized>
         <run_address>0x1000</run_address>
         <size>0xe0</size>
         <input_file_ref idref="fl-6"/>
      </object_component>
      <object_component id="oc-b1">
         <name>ECap1RegsFile</name>
         <uninitialized>true</uninitialized>
         <run_address>0x5000</run_address>
         <size>0x1a</size>
         <input_file_ref idref="fl-6"/>
      </object_component>
      <object_component id="oc-b2">
         <name>ECap2RegsFile</name>
         <uninitialized>true</uninitialized>
         <run_address>0x5020</run_address>
         <size>0x1a</size>
         <input_file_ref idref="fl-6"/>
      </object_component>
      <object_component id="oc-b3">
         <name>ECap3RegsFile</name>
         <uninitialized>true</uninitialized>
         <run_address>0x5040</run_address>
         <size>0x1a</size>
         <input_file_ref idref="fl-6"/>
      </object_component>
      <object_component id="oc-b4">
         <name>ECap4RegsFile</name>
         <uninitialized>true</uninitialized>
         <run_address>0x5060</run_address>
         <size>0x1a</size>
         <input_file_ref idref="fl-6"/>
      </object_component>
      <object_component id="oc-b5">
         <name>ECap5RegsFile</name>
         <uninitialized>true</uninitialized>
         <run_address>0x5080</run_address>
         <size>0x1a</size>
         <input_file_ref idref="fl-6"/>
      </object_component>
      <object_component id="oc-b6">
         <name>ECap6RegsFile</name>
         <uninitialized>true</uninitialized>
         <run_address>0x50a0</run_address>
         <size>0x1a</size>
         <input_file_ref idref="fl-6"/>
      </object_component>
      <object_component id="oc-ca">
         <name>Emif1RegsFile</name>
         <uninitialized>true</uninitialized>
         <run_address>0x47000</run_address>
         <size>0x28</size>
         <input_file_ref idref="fl-6"/>
      </object_component>
      <object_component id="oc-cb">
         <name>Emif2RegsFile</name>
         <uninitialized>true</uninitialized>
         <run_address>0x47800</run_address>
         <size>0x28</size>
         <input_file_ref idref="fl-6"/>
      </object_component>
      <object_component id="oc-e4">
         <name>EPwm1RegsFile</name>
         <uninitialized>true</uninitialized>
         <run_address>0x4000</run_address>
         <size>0x100</size>
         <input_file_ref idref="fl-6"/>
      </object_component>
      <object_component id="oc-e5">
         <name>EPwm2RegsFile</name>
         <uninitialized>true</uninitialized>
         <run_address>0x4100</run_address>
         <size>0x100</size>
         <input_file_ref idref="fl-6"/>
      </object_component>
      <object_component id="oc-e6">
         <name>EPwm3RegsFile</name>
         <uninitialized>true</uninitialized>
         <run_address>0x4200</run_address>
         <size>0x100</size>
         <input_file_ref idref="fl-6"/>
      </object_component>
      <object_component id="oc-e7">
         <name>EPwm4RegsFile</name>
         <uninitialized>true</uninitialized>
         <run_address>0x4300</run_address>
         <size>0x100</size>
         <input_file_ref idref="fl-6"/>
      </object_component>
      <object_component id="oc-e8">
         <name>EPwm5RegsFile</name>
         <uninitialized>true</uninitialized>
         <run_address>0x4400</run_address>
         <size>0x100</size>
         <input_file_ref idref="fl-6"/>
      </object_component>
      <object_component id="oc-e9">
         <name>EPwm6RegsFile</name>
         <uninitialized>true</uninitialized>
         <run_address>0x4500</run_address>
         <size>0x100</size>
         <input_file_ref idref="fl-6"/>
      </object_component>
      <object_component id="oc-ea">
         <name>EPwm7RegsFile</name>
         <uninitialized>true</uninitialized>
         <run_address>0x4600</run_address>
         <size>0x100</size>
         <input_file_ref idref="fl-6"/>
      </object_component>
      <object_component id="oc-eb">
         <name>EPwm8RegsFile</name>
         <uninitialized>true</uninitialized>
         <run_address>0x4700</run_address>
         <size>0x100</size>
         <input_file_ref idref="fl-6"/>
      </object_component>
      <object_component id="oc-ec">
         <name>EPwm9RegsFile</name>
         <uninitialized>true</uninitialized>
         <run_address>0x4800</run_address>
         <size>0x100</size>
         <input_file_ref idref="fl-6"/>
      </object_component>
      <object_component id="oc-ed">
         <name>EPwm10RegsFile</name>
         <uninitialized>true</uninitialized>
         <run_address>0x4900</run_address>
         <size>0x100</size>
         <input_file_ref idref="fl-6"/>
      </object_component>
      <object_component id="oc-ee">
         <name>EPwm11RegsFile</name>
         <uninitialized>true</uninitialized>
         <run_address>0x4a00</run_address>
         <size>0x100</size>
         <input_file_ref idref="fl-6"/>
      </object_component>
      <object_component id="oc-ef">
         <name>EPwm12RegsFile</name>
         <uninitialized>true</uninitialized>
         <run_address>0x4b00</run_address>
         <size>0x100</size>
         <input_file_ref idref="fl-6"/>
      </object_component>
      <object_component id="oc-c2">
         <name>EQep1RegsFile</name>
         <uninitialized>true</uninitialized>
         <run_address>0x5100</run_address>
         <size>0x22</size>
         <input_file_ref idref="fl-6"/>
      </object_component>
      <object_component id="oc-c3">
         <name>EQep2RegsFile</name>
         <uninitialized>true</uninitialized>
         <run_address>0x5140</run_address>
         <size>0x22</size>
         <input_file_ref idref="fl-6"/>
      </object_component>
      <object_component id="oc-c4">
         <name>EQep3RegsFile</name>
         <uninitialized>true</uninitialized>
         <run_address>0x5180</run_address>
         <size>0x22</size>
         <input_file_ref idref="fl-6"/>
      </object_component>
      <object_component id="oc-f6">
         <name>Flash0CtrlRegsFile</name>
         <uninitialized>true</uninitialized>
         <run_address>0x5f800</run_address>
         <size>0x182</size>
         <input_file_ref idref="fl-6"/>
      </object_component>
      <object_component id="oc-cc">
         <name>Flash0EccRegsFile</name>
         <uninitialized>true</uninitialized>
         <run_address>0x5fb00</run_address>
         <size>0x28</size>
         <input_file_ref idref="fl-6"/>
      </object_component>
      <object_component id="oc-9a">
         <name>FlashPumpSemaphoreRegsFile</name>
         <uninitialized>true</uninitialized>
         <run_address>0x50024</run_address>
         <size>0x2</size>
         <input_file_ref idref="fl-6"/>
      </object_component>
      <object_component id="oc-cf">
         <name>GpioDataRegsFile</name>
         <uninitialized>true</uninitialized>
         <run_address>0x7f00</run_address>
         <size>0x30</size>
         <input_file_ref idref="fl-6"/>
      </object_component>
      <object_component id="oc-c5">
         <name>I2caRegsFile</name>
         <uninitialized>true</uninitialized>
         <run_address>0x7300</run_address>
         <size>0x22</size>
         <input_file_ref idref="fl-6"/>
      </object_component>
      <object_component id="oc-c6">
         <name>I2cbRegsFile</name>
         <uninitialized>true</uninitialized>
         <run_address>0x7340</run_address>
         <size>0x22</size>
         <input_file_ref idref="fl-6"/>
      </object_component>
      <object_component id="oc-c7">
         <name>IpcRegsFile</name>
         <uninitialized>true</uninitialized>
         <run_address>0x50000</run_address>
         <size>0x24</size>
         <input_file_ref idref="fl-6"/>
      </object_component>
      <object_component id="oc-d1">
         <name>MemoryErrorRegsFile</name>
         <uninitialized>true</uninitialized>
         <run_address>0x5f500</run_address>
         <size>0x3a</size>
         <input_file_ref idref="fl-6"/>
      </object_component>
      <object_component id="oc-dd">
         <name>MemCfgRegsFile</name>
         <uninitialized>true</uninitialized>
         <run_address>0x5f400</run_address>
         <size>0x76</size>
         <input_file_ref idref="fl-6"/>
      </object_component>
      <object_component id="oc-c8">
         <name>McbspaRegsFile</name>
         <uninitialized>true</uninitialized>
         <run_address>0x6000</run_address>
         <size>0x24</size>
         <input_file_ref idref="fl-6"/>
      </object_component>
      <object_component id="oc-c9">
         <name>McbspbRegsFile</name>
         <uninitialized>true</uninitialized>
         <run_address>0x6040</run_address>
         <size>0x24</size>
         <input_file_ref idref="fl-6"/>
      </object_component>
      <object_component id="oc-a0">
         <name>NmiIntruptRegsFile</name>
         <uninitialized>true</uninitialized>
         <run_address>0x7060</run_address>
         <size>0x7</size>
         <input_file_ref idref="fl-6"/>
      </object_component>
      <object_component id="oc-b7">
         <name>PieCtrlRegsFile</name>
         <uninitialized>true</uninitialized>
         <run_address>0xce0</run_address>
         <size>0x1a</size>
         <input_file_ref idref="fl-6"/>
      </object_component>
      <object_component id="oc-9b">
         <name>RomPrefetchRegsFile</name>
         <uninitialized>true</uninitialized>
         <run_address>0x5e608</run_address>
         <size>0x2</size>
         <input_file_ref idref="fl-6"/>
      </object_component>
      <object_component id="oc-a5">
         <name>SciaRegsFile</name>
         <uninitialized>true</uninitialized>
         <run_address>0x7200</run_address>
         <size>0x10</size>
         <input_file_ref idref="fl-6"/>
      </object_component>
      <object_component id="oc-a6">
         <name>ScibRegsFile</name>
         <uninitialized>true</uninitialized>
         <run_address>0x7210</run_address>
         <size>0x10</size>
         <input_file_ref idref="fl-6"/>
      </object_component>
      <object_component id="oc-a7">
         <name>ScicRegsFile</name>
         <uninitialized>true</uninitialized>
         <run_address>0x7220</run_address>
         <size>0x10</size>
         <input_file_ref idref="fl-6"/>
      </object_component>
      <object_component id="oc-a8">
         <name>ScidRegsFile</name>
         <uninitialized>true</uninitialized>
         <run_address>0x7230</run_address>
         <size>0x10</size>
         <input_file_ref idref="fl-6"/>
      </object_component>
      <object_component id="oc-db">
         <name>Sdfm1RegsFile</name>
         <uninitialized>true</uninitialized>
         <run_address>0x5e00</run_address>
         <size>0x48</size>
         <input_file_ref idref="fl-6"/>
      </object_component>
      <object_component id="oc-dc">
         <name>Sdfm2RegsFile</name>
         <uninitialized>true</uninitialized>
         <run_address>0x5e80</run_address>
         <size>0x48</size>
         <input_file_ref idref="fl-6"/>
      </object_component>
      <object_component id="oc-a9">
         <name>SpiaRegsFile</name>
         <uninitialized>true</uninitialized>
         <run_address>0x6100</run_address>
         <size>0x10</size>
         <input_file_ref idref="fl-6"/>
      </object_component>
      <object_component id="oc-aa">
         <name>SpibRegsFile</name>
         <uninitialized>true</uninitialized>
         <run_address>0x6110</run_address>
         <size>0x10</size>
         <input_file_ref idref="fl-6"/>
      </object_component>
      <object_component id="oc-ab">
         <name>SpicRegsFile</name>
         <uninitialized>true</uninitialized>
         <run_address>0x6120</run_address>
         <size>0x10</size>
         <input_file_ref idref="fl-6"/>
      </object_component>
      <object_component id="oc-cd">
         <name>WdRegsFile</name>
         <uninitialized>true</uninitialized>
         <run_address>0x7000</run_address>
         <size>0x2b</size>
         <input_file_ref idref="fl-6"/>
      </object_component>
      <object_component id="oc-a4">
         <name>XintRegsFile</name>
         <uninitialized>true</uninitialized>
         <run_address>0x7070</run_address>
         <size>0xb</size>
         <input_file_ref idref="fl-6"/>
      </object_component>
      <object_component id="oc-82">
         <name>.debug_info</name>
         <load_address>0x0</load_address>
         <run_address>0x0</run_address>
         <size>0x4a11</size>
         <input_file_ref idref="fl-2"/>
      </object_component>
      <object_component id="oc-8a">
         <name>.debug_info</name>
         <load_address>0x4a11</load_address>
         <run_address>0x4a11</run_address>
         <size>0x227</size>
         <input_file_ref idref="fl-3"/>
      </object_component>
      <object_component id="oc-8d">
         <name>.debug_info</name>
         <load_address>0x4c38</load_address>
         <run_address>0x4c38</run_address>
         <size>0xb02</size>
         <input_file_ref idref="fl-4"/>
      </object_component>
      <object_component id="oc-93">
         <name>.debug_info</name>
         <load_address>0x573a</load_address>
         <run_address>0x573a</run_address>
         <size>0x7f21</size>
         <input_file_ref idref="fl-5"/>
      </object_component>
      <object_component id="oc-99">
         <name>.debug_info</name>
         <load_address>0xd65b</load_address>
         <run_address>0xd65b</run_address>
         <size>0x3317d</size>
         <input_file_ref idref="fl-6"/>
      </object_component>
      <object_component id="oc-f9">
         <name>.debug_info</name>
         <load_address>0x407d8</load_address>
         <run_address>0x407d8</run_address>
         <size>0x601e</size>
         <input_file_ref idref="fl-7"/>
      </object_component>
      <object_component id="oc-fe">
         <name>.debug_info</name>
         <load_address>0x467f6</load_address>
         <run_address>0x467f6</run_address>
         <size>0x16a5</size>
         <input_file_ref idref="fl-8"/>
      </object_component>
      <object_component id="oc-103">
         <name>.debug_info</name>
         <load_address>0x47e9b</load_address>
         <run_address>0x47e9b</run_address>
         <size>0x166e</size>
         <input_file_ref idref="fl-9"/>
      </object_component>
      <object_component id="oc-108">
         <name>.debug_info</name>
         <load_address>0x49509</load_address>
         <run_address>0x49509</run_address>
         <size>0x36d0</size>
         <input_file_ref idref="fl-a"/>
      </object_component>
      <object_component id="oc-10d">
         <name>.debug_info</name>
         <load_address>0x4cbd9</load_address>
         <run_address>0x4cbd9</run_address>
         <size>0x680c</size>
         <input_file_ref idref="fl-b"/>
      </object_component>
      <object_component id="oc-112">
         <name>.debug_info</name>
         <load_address>0x533e5</load_address>
         <run_address>0x533e5</run_address>
         <size>0x890a</size>
         <input_file_ref idref="fl-c"/>
      </object_component>
      <object_component id="oc-119">
         <name>.debug_info</name>
         <load_address>0x5bcef</load_address>
         <run_address>0x5bcef</run_address>
         <size>0x1ae</size>
         <input_file_ref idref="fl-d"/>
      </object_component>
      <object_component id="oc-11c">
         <name>.debug_info</name>
         <load_address>0x5be9d</load_address>
         <run_address>0x5be9d</run_address>
         <size>0x761</size>
         <input_file_ref idref="fl-e"/>
      </object_component>
      <object_component id="oc-121">
         <name>.debug_info</name>
         <load_address>0x5c5fe</load_address>
         <run_address>0x5c5fe</run_address>
         <size>0x76d4</size>
         <input_file_ref idref="fl-f"/>
      </object_component>
      <object_component id="oc-126">
         <name>.debug_info</name>
[...]
         <value>0xa838</value>
         <object_component_ref idref="oc-154"/>
      </symbol>
      <symbol id="sm-88c">
         <name>_powersetup</name>
         <value>0xac80</value>
         <object_component_ref idref="oc-23c"/>
      </symbol>
      <symbol id="sm-88d">
         <name>_pump</name>
         <value>0xa80c</value>
         <object_component_ref idref="oc-154"/>
      </symbol>
      <symbol id="sm-88e">
         <name>_CurrSens_temp</name>
         <value>0xa832</value>
         <object_component_ref idref="oc-154"/>
      </symbol>
      <symbol id="sm-88f">
         <name>_omegas</name>
         <value>0xacc6</value>
         <object_component_ref idref="oc-238"/>
      </symbol>
      <symbol id="sm-890">
         <name>_steerings</name>
         <value>0xabc0</value>
         <object_component_ref idref="oc-255"/>
      </symbol>
      <symbol id="sm-891">
         <name>_max_regen_current</name>
         <value>0xa864</value>
         <object_component_ref idref="oc-154"/>
      </symbol>
      <symbol id="sm-892">
         <name>_throttleReq</name>
         <value>0xa81d</value>
         <object_component_ref idref="oc-154"/>
      </symbol>
      <symbol id="sm-893">
         <name>_motorVal2_shared</name>
         <value>0xab00</value>
         <object_component_ref idref="oc-24f"/>
      </symbol>
      <symbol id="sm-894">
         <name>_V</name>
         <value>0xabae</value>
         <object_component_ref idref="oc-23d"/>
      </symbol>
      <symbol id="sm-895">
         <name>_yaw_r</name>
         <value>0xa858</value>
         <object_component_ref idref="oc-154"/>
      </symbol>
      <symbol id="sm-896">
         <name>_enablePumpLimit</name>
         <value>0xa80e</value>
         <object_component_ref idref="oc-154"/>
      </symbol>
      <symbol id="sm-897">
         <name>_OIL_PUMP_STATE</name>
         <value>0xa809</value>
         <object_component_ref idref="oc-154"/>
      </symbol>
      <symbol id="sm-898">
         <name>_stopPumpLimit</name>
         <value>0xa80d</value>
         <object_component_ref idref="oc-154"/>
      </symbol>
      <symbol id="sm-899">
         <name>_errorFlag</name>
         <value>0xa86a</value>
         <object_component_ref idref="oc-154"/>
      </symbol>
      <symbol id="sm-89a">
         <name>_RXCANA_BmsTemp_Message</name>
         <value>0xa8b0</value>
         <object_component_ref idref="oc-154"/>
      </symbol>
      <symbol id="sm-89b">
         <name>_RXCANB_AmkVal1_Message</name>
         <value>0xaa00</value>
         <object_component_ref idref="oc-20c"/>
      </symbol>
      <symbol id="sm-89c">
         <name>_actualVelocityKMH</name>
         <value>0xa84e</value>
         <object_component_ref idref="oc-154"/>
      </symbol>
      <symbol id="sm-89d">
         <name>_steers</name>
         <value>0xaca0</value>
         <object_component_ref idref="oc-25b"/>
      </symbol>
      <symbol id="sm-89e">
         <name>_display</name>
         <value>0xf000</value>
         <object_component_ref idref="oc-157"/>
      </symbol>
      <symbol id="sm-89f">
         <name>_gpio_log</name>
         <value>0xa880</value>
         <object_component_ref idref="oc-154"/>
      </symbol>
      <symbol id="sm-8a0">
         <name>_WAT_PUMP_STATE</name>
         <value>0xa80a</value>
         <object_component_ref idref="oc-154"/>
      </symbol>
      <symbol id="sm-8a1">
         <name>_RXCANA_BmsVol_Message</name>
         <value>0xa8a6</value>
         <object_component_ref idref="oc-154"/>
      </symbol>
      <symbol id="sm-8a2">
         <name>_imu_log</name>
         <value>0xa900</value>
         <object_component_ref idref="oc-154"/>
      </symbol>
      <symbol id="sm-8a3">
         <name>_loopCounter</name>
         <value>0xa83d</value>
         <object_component_ref idref="oc-154"/>
      </symbol>
      <symbol id="sm-8e2">
         <name>_read_AMK_Values1</name>
         <value>0x994de</value>
         <object_component_ref idref="oc-20e"/>
      </symbol>
      <symbol id="sm-8e4">
         <name>_read_AMK_Values2</name>
         <value>0x995a5</value>
         <object_component_ref idref="oc-20e"/>
      </symbol>
      <symbol id="sm-8e6">
         <name>_getBit</name>
         <value>0x99876</value>
         <object_component_ref idref="oc-20e"/>
      </symbol>
      <symbol id="sm-8e8">
         <name>_int2Bytes</name>
         <value>0x998d6</value>
         <object_component_ref idref="oc-20e"/>
      </symbol>
      <symbol id="sm-8ea">
         <name>_setAMK</name>
         <value>0x99a01</value>
         <object_component_ref idref="oc-20e"/>
      </symbol>
      <symbol id="sm-8ec">
         <name>_getByte</name>
         <value>0x9984b</value>
         <object_component_ref idref="oc-20e"/>
      </symbol>
      <symbol id="sm-8ee">
         <name>_send_AMK_SetPoints</name>
         <value>0x99606</value>
         <object_component_ref idref="oc-20e"/>
      </symbol>
      <symbol id="sm-8f0">
         <name>_removeError</name>
         <value>0x99824</value>
         <object_component_ref idref="oc-20e"/>
      </symbol>
      <symbol id="sm-8f2">
         <name>_set_AMK_Drive_Mode</name>
         <value>0x99844</value>
         <object_component_ref idref="oc-20e"/>
      </symbol>
      <symbol id="sm-8f4">
         <name>_getAMKValNumber</name>
         <value>0x998aa</value>
         <object_component_ref idref="oc-20e"/>
      </symbol>
      <symbol id="sm-8f6">
         <name>_initializeMotor</name>
         <value>0x996c7</value>
         <object_component_ref idref="oc-20e"/>
      </symbol>
      <symbol id="sm-8f8">
         <name>_deactiveMotor</name>
         <value>0x997da</value>
         <object_component_ref idref="oc-20e"/>
      </symbol>
      <symbol id="sm-8fa">
         <name>_sendAMKData</name>
         <value>0x99959</value>
         <object_component_ref idref="oc-20e"/>
      </symbol>
      <symbol id="sm-8fc">
         <name>_set_SetPoint</name>
         <value>0x9974a</value>
         <object_component_ref idref="oc-20e"/>
      </symbol>
      <symbol id="sm-8fe">
         <name>_stopAMK</name>
         <value>0x99a12</value>
         <object_component_ref idref="oc-20e"/>
      </symbol>
      <symbol id="sm-900">
         <name>_throttleAMK</name>
         <value>0x99a21</value>
         <object_component_ref idref="oc-20e"/>
      </symbol>
      <symbol id="sm-902">
         <name>_sendAMKDataMotor</name>
         <value>0x998e2</value>
         <object_component_ref idref="oc-20e"/>
      </symbol>
      <symbol id="sm-904">
         <name>_brakeAMK</name>
         <value>0x99a18</value>
         <object_component_ref idref="oc-20e"/>
      </symbol>
      <symbol id="sm-906">
         <name>_getMotorIndex</name>
         <value>0x99888</value>
         <object_component_ref idref="oc-20e"/>
      </symbol>
      <symbol id="sm-917">
         <name>_PIController</name>
         <value>0x9b9d8</value>
         <object_component_ref idref="oc-236"/>
      </symbol>
      <symbol id="sm-919">
         <name>_powerControl</name>
         <value>0x9b962</value>
         <object_component_ref idref="oc-236"/>
      </symbol>
      <symbol id="sm-942">
         <name>_timerSetup</name>
         <value>0x9bd13</value>
         <object_component_ref idref="oc-269"/>
      </symbol>
      <symbol id="sm-944">
         <name>_cpu_timer2_isr</name>
         <value>0x9b54d</value>
         <object_component_ref idref="oc-16a"/>
      </symbol>
      <symbol id="sm-946">
         <name>_cpu_timer1_isr</name>
         <value>0x9b43e</value>
         <object_component_ref idref="oc-16a"/>
      </symbol>
      <symbol id="sm-948">
         <name>_cpu_timer0_isr</name>
         <value>0x9b3fa</value>
         <object_component_ref idref="oc-16a"/>
      </symbol>
      <symbol id="sm-94a">
         <name>_h</name>
         <value>0xacf8</value>
         <object_component_ref idref="oc-169"/>
      </symbol>
      <symbol id="sm-983">
         <name>_regBrake</name>
         <value>0x98d89</value>
         <object_component_ref idref="oc-21b"/>
      </symbol>
      <symbol id="sm-985">
         <name>_speedCalculatorTV</name>
         <value>0x98a8a</value>
         <object_component_ref idref="oc-21b"/>
      </symbol>
      <symbol id="sm-987">
         <name>_readRPMVelocity</name>
         <value>0x98877</value>
         <object_component_ref idref="oc-21b"/>
      </symbol>
      <symbol id="sm-989">
         <name>_onePedalDriving</name>
         <value>0x98ef7</value>
         <object_component_ref idref="oc-21b"/>
      </symbol>
      <symbol id="sm-98b">
         <name>_saturationsAndConversions</name>
         <value>0x989d4</value>
         <object_component_ref idref="oc-21b"/>
      </symbol>
      <symbol id="sm-98d">
         <name>_performancePack</name>
         <value>0x98899</value>
         <object_component_ref idref="oc-21b"/>
      </symbol>
      <symbol id="sm-98f">
         <name>_readVelocity</name>
         <value>0x98862</value>
         <object_component_ref idref="oc-21b"/>
      </symbol>
      <symbol id="sm-991">
         <name>_torqueRepartition</name>
         <value>0x98d3b</value>
         <object_component_ref idref="oc-21b"/>
      </symbol>
      <symbol id="sm-993">
         <name>_torqueVectoring</name>
         <value>0x98ce9</value>
         <object_component_ref idref="oc-21b"/>
      </symbol>
      <symbol id="sm-995">
         <name>_FzCalculatorTV</name>
         <value>0x98bbe</value>
         <object_component_ref idref="oc-21b"/>
      </symbol>
      <symbol id="sm-9d6">
         <name>_uint32_to_float</name>
         <value>0x9a34e</value>
         <object_component_ref idref="oc-233"/>
      </symbol>
      <symbol id="sm-9d8">
         <name>_float2Bytes</name>
         <value>0x9a595</value>
         <object_component_ref idref="oc-233"/>
      </symbol>
      <symbol id="sm-9da">
         <name>_convertBMSvoltage</name>
         <value>0x9a2b6</value>
         <object_component_ref idref="oc-233"/>
      </symbol>
      <symbol id="sm-9dc">
         <name>_debugLight</name>
         <value>0x9a34a</value>
         <object_component_ref idref="oc-233"/>
      </symbol>
      <symbol id="sm-9de">
         <name>_torqueSetpointToNM</name>
         <value>0x9a3a8</value>
         <object_component_ref idref="oc-233"/>
      </symbol>
      <symbol id="sm-9e0">
         <name>_saturateUnsigned</name>
         <value>0x9a2ff</value>
         <object_component_ref idref="oc-233"/>
      </symbol>
      <symbol id="sm-9e2">
         <name>_saturateFloat</name>
         <value>0x9a310</value>
         <object_component_ref idref="oc-233"/>
      </symbol>
      <symbol id="sm-9e4">
         <name>_NMtoTorqueSetpoint</name>
         <value>0x9a3b8</value>
         <object_component_ref idref="oc-233"/>
      </symbol>
      <symbol id="sm-9e6">
         <name>_convert_temp_lv</name>
         <value>0x9a355</value>
         <object_component_ref idref="oc-233"/>
      </symbol>
      <symbol id="sm-9e8">
         <name>_saturateInt</name>
         <value>0x9a331</value>
         <object_component_ref idref="oc-233"/>
      </symbol>
      <symbol id="sm-9ea">
         <name>_send_calibration</name>
         <value>0x9a541</value>
         <object_component_ref idref="oc-233"/>
      </symbol>
      <symbol id="sm-9ec">
         <name>_convertBMStemp</name>
         <value>0x9a2c8</value>
         <object_component_ref idref="oc-233"/>
      </symbol>
      <symbol id="sm-9ee">
         <name>_ConvertTempToKelvin</name>
         <value>0x9a380</value>
         <object_component_ref idref="oc-233"/>
      </symbol>
      <symbol id="sm-9f0">
         <name>_changeRange</name>
         <value>0x9a2d7</value>
         <object_component_ref idref="oc-233"/>
      </symbol>
      <symbol id="sm-9f2">
         <name>_imu_calibration_2</name>
         <value>0x9a415</value>
         <object_component_ref idref="oc-233"/>
      </symbol>
      <symbol id="sm-9f4">
         <name>_imu_calibration_1</name>
         <value>0x9a3cc</value>
         <object_component_ref idref="oc-233"/>
      </symbol>
      <symbol id="sm-a19">
         <name>_fmax</name>
         <value>0x9b3c1</value>
         <object_component_ref idref="oc-24a"/>
      </symbol>
      <symbol id="sm-a1b">
         <name>_fmaxf</name>
         <value>0x9b3c1</value>
         <object_component_ref idref="oc-24a"/>
      </symbol>
      <symbol id="sm-a1c">
         <name>_fmaxl</name>
         <value>0x9b324</value>
         <object_component_ref idref="oc-24a"/>
      </symbol>
      <symbol id="sm-a1e">
         <name>_fminf</name>
         <value>0x9b2eb</value>
         <object_component_ref idref="oc-24a"/>
      </symbol>
      <symbol id="sm-a1f">
         <name>_fminl</name>
         <value>0x9b24e</value>
         <object_component_ref idref="oc-24a"/>
      </symbol>
      <symbol id="sm-a21">
         <name>_fmin</name>
         <value>0x9b2eb</value>
         <object_component_ref idref="oc-24a"/>
      </symbol>
      <symbol id="sm-a48">
         <name>_logf</name>
         <value>0x9b588</value>
         <object_component_ref idref="oc-252"/>
      </symbol>
      <symbol id="sm-a4a">
         <name>_log</name>
         <value>0x9b588</value>
         <object_component_ref idref="oc-252"/>
      </symbol>
      <symbol id="sm-aa2">
         <name>_powf</name>
         <value>0x99f4d</value>
         <object_component_ref idref="oc-263"/>
      </symbol>
      <symbol id="sm-aa4">
         <name>_pow</name>
         <value>0x99f4d</value>
         <object_component_ref idref="oc-263"/>
      </symbol>
      <symbol id="sm-ab4">
         <name>_sqrtf</name>
         <value>0x9be12</value>
         <object_component_ref idref="oc-264"/>
      </symbol>
      <symbol id="sm-ab6">
         <name>_sqrt</name>
         <value>0x9be12</value>
         <object_component_ref idref="oc-264"/>
      </symbol>
      <symbol id="sm-ac4">
         <name>_cos</name>
         <value>0x9bba0</value>
         <object_component_ref idref="oc-25f"/>
      </symbol>
      <symbol id="sm-ac5">
         <name>_cosf</name>
         <value>0x9bba0</value>
         <object_component_ref idref="oc-25f"/>
      </symbol>
      <symbol id="sm-ade">
         <name>_scalbn</name>
         <value>0x9bc65</value>
         <object_component_ref idref="oc-272"/>
      </symbol>
      <symbol id="sm-adf">
         <name>_ldexp</name>
         <value>0x9bc65</value>
         <object_component_ref idref="oc-272"/>
      </symbol>
      <symbol id="sm-ae0">
         <name>_scalbnf</name>
         <value>0x9bc65</value>
         <object_component_ref idref="oc-272"/>
      </symbol>
      <symbol id="sm-ae2">
         <name>_ldexpf</name>
         <value>0x9bc65</value>
         <object_component_ref idref="oc-272"/>
      </symbol>
      <symbol id="sm-af1">
         <name>_tanf</name>
         <value>0x9bc03</value>
         <object_component_ref idref="oc-260"/>
      </symbol>
      <symbol id="sm-af3">
         <name>_tan</name>
         <value>0x9bc03</value>
         <object_component_ref idref="oc-260"/>
      </symbol>
      <symbol id="sm-b1c">
         <name>_c_int00</name>
         <value>0x9bcbd</value>
         <object_component_ref idref="oc-81"/>
      </symbol>
      <symbol id="sm-b1d">
         <name>__stack</name>
         <value>0x400</value>
         <object_component_ref idref="oc-1ae"/>
      </symbol>
      <symbol id="sm-b2d">
         <name>FD$$CMP</name>
         <value>0x9bd97</value>
         <object_component_ref idref="oc-1b4"/>
      </symbol>
      <symbol id="sm-b3e">
         <name>FS$$DIV</name>
         <value>0x9ba16</value>
         <object_component_ref idref="oc-1b9"/>
      </symbol>
      <symbol id="sm-b4a">
         <name>LL$$AND</name>
         <value>0x9bee0</value>
         <object_component_ref idref="oc-1be"/>
      </symbol>
      <symbol id="sm-b4b">
         <name>LL$$OR</name>
         <value>0x9bee8</value>
         <object_component_ref idref="oc-1be"/>
      </symbol>
      <symbol id="sm-b4c">
         <name>LL$$XOR</name>
         <value>0x9bef0</value>
         <object_component_ref idref="oc-1be"/>
      </symbol>
      <symbol id="sm-b5a">
         <name>ULL$$CMP</name>
         <value>0x9beb7</value>
         <object_component_ref idref="oc-1c3"/>
      </symbol>
      <symbol id="sm-b5b">
         <name>LL$$CMP</name>
         <value>0x9bea5</value>
         <object_component_ref idref="oc-1c3"/>
      </symbol>
      <symbol id="sm-b69">
         <name>I$$MOD</name>
         <value>0x9be94</value>
         <object_component_ref idref="oc-1c8"/>
      </symbol>
      <symbol id="sm-b6a">
         <name>I$$DIV</name>
         <value>0x9be83</value>
         <object_component_ref idref="oc-1c8"/>
      </symbol>
      <symbol id="sm-b79">
         <name>_copy_in</name>
         <value>0x9be5f</value>
         <object_component_ref idref="oc-207"/>
      </symbol>
      <symbol id="sm-b8b">
         <name>_memcpy</name>
         <value>0x9bec3</value>
         <object_component_ref idref="oc-21f"/>
      </symbol>
      <symbol id="sm-b98">
         <name>__system_pre_init</name>
         <value>0x9bf3b</value>
         <object_component_ref idref="oc-206"/>
      </symbol>
      <symbol id="sm-ba6">
         <name>__system_post_cinit</name>
         <value>0x9bf3d</value>
         <object_component_ref idref="oc-208"/>
      </symbol>
      <symbol id="sm-bbb">
         <name>C$$EXIT</name>
         <value>0x9bdc1</value>
         <object_component_ref idref="oc-20a"/>
      </symbol>
      <symbol id="sm-bbc">
         <name>_exit</name>
         <value>0x9bdc3</value>
         <object_component_ref idref="oc-20a"/>
      </symbol>
      <symbol id="sm-bbe">
         <name>___TI_cleanup_ptr</name>
         <value>0xace0</value>
         <object_component_ref idref="oc-1e3"/>
      </symbol>
      <symbol id="sm-bbf">
         <name>___TI_enable_exit_profile_output</name>
         <value>0xacde</value>
         <object_component_ref idref="oc-1e3"/>
      </symbol>
      <symbol id="sm-bc0">
         <name>_abort</name>
         <value>0x9bdc1</value>
         <object_component_ref idref="oc-20a"/>
      </symbol>
      <symbol id="sm-bc2">
         <name>___TI_dtors_ptr</name>
         <value>0xace2</value>
         <object_component_ref idref="oc-1e3"/>
      </symbol>
      <symbol id="sm-bd6">
         <name>__unlock</name>
         <value>0xa9fe</value>
         <object_component_ref idref="oc-276"/>
      </symbol>
      <symbol id="sm-bd7">
         <name>__lock</name>
         <value>0xa93e</value>
         <object_component_ref idref="oc-221"/>
      </symbol>
      <symbol id="sm-bd8">
         <name>__register_lock</name>
         <value>0x9bf2e</value>
         <object_component_ref idref="oc-26a"/>
      </symbol>
      <symbol id="sm-bda">
         <name>__nop</name>
         <value>0x9bf32</value>
         <object_component_ref idref="oc-26a"/>
      </symbol>
      <symbol id="sm-bdc">
         <name>__register_unlock</name>
         <value>0x9bf2a</value>
         <object_component_ref idref="oc-26a"/>
      </symbol>
      <symbol id="sm-bec">
         <name>__args_main</name>
         <value>0x9bef8</value>
         <object_component_ref idref="oc-209"/>
      </symbol>
      <symbol id="sm-c00">
         <name>_errno</name>
         <value>0xacf7</value>
         <object_component_ref idref="oc-1f9"/>
      </symbol>
      <symbol id="sm-c0c">
         <name>_copysignf</name>
         <value>0x9bf0a</value>
         <object_component_ref idref="oc-277"/>
      </symbol>
      <symbol id="sm-c0e">
         <name>_copysign</name>
         <value>0x9bf0a</value>
         <object_component_ref idref="oc-277"/>
      </symbol>
   </symbol_table>
   <title>Link successful</title>
</link_info>
